2025-03-11 08:57:08 - INFO - ==== Bắt đầu phiên chạy test ====
2025-03-11 08:57:09 - DEBUG - Looking for locale `en_US` in provider `faker.providers.address`.
2025-03-11 08:57:09 - DEBUG - Provider `faker.providers.address` has been localized to `en_US`.
2025-03-11 08:57:09 - DEBUG - Looking for locale `en_US` in provider `faker.providers.automotive`.
2025-03-11 08:57:09 - DEBUG - Provider `faker.providers.automotive` has been localized to `en_US`.
2025-03-11 08:57:09 - DEBUG - Looking for locale `en_US` in provider `faker.providers.bank`.
2025-03-11 08:57:09 - DEBUG - Specified locale `en_US` is not available for provider `faker.providers.bank`. Locale reset to `en_GB` for this provider.
2025-03-11 08:57:09 - DEBUG - Looking for locale `en_US` in provider `faker.providers.barcode`.
2025-03-11 08:57:09 - DEBUG - Provider `faker.providers.barcode` has been localized to `en_US`.
2025-03-11 08:57:09 - DEBUG - Looking for locale `en_US` in provider `faker.providers.color`.
2025-03-11 08:57:09 - DEBUG - Provider `faker.providers.color` has been localized to `en_US`.
2025-03-11 08:57:09 - DEBUG - Looking for locale `en_US` in provider `faker.providers.company`.
2025-03-11 08:57:09 - DEBUG - Provider `faker.providers.company` has been localized to `en_US`.
2025-03-11 08:57:09 - DEBUG - Looking for locale `en_US` in provider `faker.providers.credit_card`.
2025-03-11 08:57:09 - DEBUG - Provider `faker.providers.credit_card` has been localized to `en_US`.
2025-03-11 08:57:09 - DEBUG - Looking for locale `en_US` in provider `faker.providers.currency`.
2025-03-11 08:57:09 - DEBUG - Provider `faker.providers.currency` has been localized to `en_US`.
2025-03-11 08:57:09 - DEBUG - Looking for locale `en_US` in provider `faker.providers.date_time`.
2025-03-11 08:57:09 - DEBUG - Provider `faker.providers.date_time` has been localized to `en_US`.
2025-03-11 08:57:09 - DEBUG - Provider `faker.providers.emoji` does not feature localization. Specified locale `en_US` is not utilized for this provider.
2025-03-11 08:57:09 - DEBUG - Provider `faker.providers.file` does not feature localization. Specified locale `en_US` is not utilized for this provider.
2025-03-11 08:57:09 - DEBUG - Looking for locale `en_US` in provider `faker.providers.geo`.
2025-03-11 08:57:09 - DEBUG - Provider `faker.providers.geo` has been localized to `en_US`.
2025-03-11 08:57:09 - DEBUG - Looking for locale `en_US` in provider `faker.providers.internet`.
2025-03-11 08:57:09 - DEBUG - Provider `faker.providers.internet` has been localized to `en_US`.
2025-03-11 08:57:09 - DEBUG - Looking for locale `en_US` in provider `faker.providers.isbn`.
2025-03-11 08:57:09 - DEBUG - Provider `faker.providers.isbn` has been localized to `en_US`.
2025-03-11 08:57:09 - DEBUG - Looking for locale `en_US` in provider `faker.providers.job`.
2025-03-11 08:57:09 - DEBUG - Provider `faker.providers.job` has been localized to `en_US`.
2025-03-11 08:57:09 - DEBUG - Looking for locale `en_US` in provider `faker.providers.lorem`.
2025-03-11 08:57:09 - DEBUG - Provider `faker.providers.lorem` has been localized to `en_US`.
2025-03-11 08:57:09 - DEBUG - Looking for locale `en_US` in provider `faker.providers.misc`.
2025-03-11 08:57:09 - DEBUG - Provider `faker.providers.misc` has been localized to `en_US`.
2025-03-11 08:57:09 - DEBUG - Looking for locale `en_US` in provider `faker.providers.passport`.
2025-03-11 08:57:09 - DEBUG - Provider `faker.providers.passport` has been localized to `en_US`.
2025-03-11 08:57:09 - DEBUG - Looking for locale `en_US` in provider `faker.providers.person`.
2025-03-11 08:57:09 - DEBUG - Provider `faker.providers.person` has been localized to `en_US`.
2025-03-11 08:57:09 - DEBUG - Looking for locale `en_US` in provider `faker.providers.phone_number`.
2025-03-11 08:57:09 - DEBUG - Provider `faker.providers.phone_number` has been localized to `en_US`.
2025-03-11 08:57:09 - DEBUG - Provider `faker.providers.profile` does not feature localization. Specified locale `en_US` is not utilized for this provider.
2025-03-11 08:57:09 - DEBUG - Provider `faker.providers.python` does not feature localization. Specified locale `en_US` is not utilized for this provider.
2025-03-11 08:57:09 - DEBUG - Provider `faker.providers.sbn` does not feature localization. Specified locale `en_US` is not utilized for this provider.
2025-03-11 08:57:09 - DEBUG - Looking for locale `en_US` in provider `faker.providers.ssn`.
2025-03-11 08:57:09 - DEBUG - Provider `faker.providers.ssn` has been localized to `en_US`.
2025-03-11 08:57:09 - DEBUG - Provider `faker.providers.user_agent` does not feature localization. Specified locale `en_US` is not utilized for this provider.
2025-03-11 08:57:09 - INFO - ====== WebDriver manager ======
2025-03-11 08:57:11 - INFO - Get LATEST chromedriver version for google-chrome
2025-03-11 08:57:11 - DEBUG - Starting new HTTPS connection (1): googlechromelabs.github.io:443
2025-03-11 08:57:11 - DEBUG - https://googlechromelabs.github.io:443 "GET /chrome-for-testing/latest-patch-versions-per-build.json HTTP/1.1" 200 10077
2025-03-11 08:57:11 - INFO - Get LATEST chromedriver version for google-chrome
2025-03-11 08:57:11 - DEBUG - Starting new HTTPS connection (1): googlechromelabs.github.io:443
2025-03-11 08:57:12 - DEBUG - https://googlechromelabs.github.io:443 "GET /chrome-for-testing/latest-patch-versions-per-build.json HTTP/1.1" 200 10077
2025-03-11 08:57:12 - INFO - Driver [C:\Users\Duy khanh\.wdm\drivers\chromedriver\win64\134.0.6998.88\chromedriver-win32/chromedriver.exe] found in cache
2025-03-11 08:57:12 - DEBUG - Skipping Selenium Manager; path to chrome driver specified in Service class: C:\Users\Duy khanh\.wdm\drivers\chromedriver\win64\134.0.6998.88\chromedriver-win32/chromedriver.exe
2025-03-11 08:57:12 - DEBUG - Started executable: `C:\Users\Duy khanh\.wdm\drivers\chromedriver\win64\134.0.6998.88\chromedriver-win32/chromedriver.exe` in a child process with pid: 17740 using 0 to output -3
2025-03-11 08:57:12 - DEBUG - POST http://localhost:52296/session {'capabilities': {'firstMatch': [{}], 'alwaysMatch': {'browserName': 'chrome', 'pageLoadStrategy': <PageLoadStrategy.normal: 'normal'>, 'goog:chromeOptions': {'extensions': [], 'args': ['--start-maximized']}}}}
2025-03-11 08:57:12 - DEBUG - Starting new HTTP connection (1): localhost:52296
2025-03-11 08:57:13 - DEBUG - http://localhost:52296 "POST /session HTTP/1.1" 200 884
2025-03-11 08:57:13 - DEBUG - Remote response: status=200 | data={"value":{"capabilities":{"acceptInsecureCerts":false,"browserName":"chrome","browserVersion":"134.0.6998.36","chrome":{"chromedriverVersion":"134.0.6998.88 (7e3d5c978c6d3a6eda25692cfac7f893a2b20dd0-refs/branch-heads/6998@{#1898})","userDataDir":"C:\\Users\\DUYKHA~1\\AppData\\Local\\Temp\\scoped_dir17740_214149481"},"fedcm:accounts":true,"goog:chromeOptions":{"debuggerAddress":"localhost:52299"},"networkConnectionEnabled":false,"pageLoadStrategy":"normal","platformName":"windows","proxy":{},"setWindowRect":true,"strictFileInteractability":false,"timeouts":{"implicit":0,"pageLoad":300000,"script":30000},"unhandledPromptBehavior":"dismiss and notify","webauthn:extension:credBlob":true,"webauthn:extension:largeBlob":true,"webauthn:extension:minPinLength":true,"webauthn:extension:prf":true,"webauthn:virtualAuthenticators":true},"sessionId":"a45fb3423b483f1396ae29c08742bf6c"}} | headers=HTTPHeaderDict({'Content-Length': '884', 'Content-Type': 'application/json; charset=utf-8', 'cache-control': 'no-cache'})
2025-03-11 08:57:13 - DEBUG - Finished Request
2025-03-11 08:57:13 - INFO - Mở trang login: https://mpire-cms-demo.mpire.asia/cms/login
2025-03-11 08:57:13 - DEBUG - POST http://localhost:52296/session/a45fb3423b483f1396ae29c08742bf6c/url {'url': 'https://mpire-cms-demo.mpire.asia/cms/login'}
2025-03-11 08:57:16 - DEBUG - http://localhost:52296 "POST /session/a45fb3423b483f1396ae29c08742bf6c/url HTTP/1.1" 200 14
2025-03-11 08:57:16 - DEBUG - Remote response: status=200 | data={"value":null} | headers=HTTPHeaderDict({'Content-Length': '14', 'Content-Type': 'application/json; charset=utf-8', 'cache-control': 'no-cache'})
2025-03-11 08:57:16 - DEBUG - Finished Request
2025-03-11 08:57:16 - INFO - Nhập username
2025-03-11 08:57:16 - DEBUG - POST http://localhost:52296/session/a45fb3423b483f1396ae29c08742bf6c/element {'using': 'xpath', 'value': "//input[@id='inputName']"}
2025-03-11 08:57:16 - DEBUG - http://localhost:52296 "POST /session/a45fb3423b483f1396ae29c08742bf6c/element HTTP/1.1" 200 125
2025-03-11 08:57:16 - DEBUG - Remote response: status=200 | data={"value":{"element-6066-11e4-a52e-4f735466cecf":"f.557D406FC3B6C056450BA9450A8CFFE7.d.07D79946585BCC8345ABE2B13571C14B.e.5"}} | headers=HTTPHeaderDict({'Content-Length': '125', 'Content-Type': 'application/json; charset=utf-8', 'cache-control': 'no-cache'})
2025-03-11 08:57:16 - DEBUG - Finished Request
2025-03-11 08:57:16 - DEBUG - POST http://localhost:52296/session/a45fb3423b483f1396ae29c08742bf6c/execute/sync {'script': '/* isDisplayed */return (function(){return (function(){var g=this||self;\nfunction aa(a){var b=typeof...', 'args': [{'element-6066-11e4-a52e-4f735466cecf': 'f.557D406FC3B6C056450BA9450A8CFFE7.d.07D79946585BCC8345ABE2B13571C14B.e.5'}]}
2025-03-11 08:57:16 - DEBUG - http://localhost:52296 "POST /session/a45fb3423b483f1396ae29c08742bf6c/execute/sync HTTP/1.1" 200 14
2025-03-11 08:57:16 - DEBUG - Remote response: status=200 | data={"value":true} | headers=HTTPHeaderDict({'Content-Length': '14', 'Content-Type': 'application/json; charset=utf-8', 'cache-control': 'no-cache'})
2025-03-11 08:57:16 - DEBUG - Finished Request
2025-03-11 08:57:16 - DEBUG - POST http://localhost:52296/session/a45fb3423b483f1396ae29c08742bf6c/element/f.557D406FC3B6C056450BA9450A8CFFE7.d.07D79946585BCC8345ABE2B13571C14B.e.5/clear {}
2025-03-11 08:57:16 - DEBUG - http://localhost:52296 "POST /session/a45fb3423b483f1396ae29c08742bf6c/element/f.557D406FC3B6C056450BA9450A8CFFE7.d.07D79946585BCC8345ABE2B13571C14B.e.5/clear HTTP/1.1" 200 14
2025-03-11 08:57:16 - DEBUG - Remote response: status=200 | data={"value":null} | headers=HTTPHeaderDict({'Content-Length': '14', 'Content-Type': 'application/json; charset=utf-8', 'cache-control': 'no-cache'})
2025-03-11 08:57:16 - DEBUG - Finished Request
2025-03-11 08:57:16 - DEBUG - POST http://localhost:52296/session/a45fb3423b483f1396ae29c08742bf6c/element/f.557D406FC3B6C056450BA9450A8CFFE7.d.07D79946585BCC8345ABE2B13571C14B.e.5/value {'text': 'admin', 'value': ['a', 'd', 'm', 'i', 'n']}
2025-03-11 08:57:16 - DEBUG - http://localhost:52296 "POST /session/a45fb3423b483f1396ae29c08742bf6c/element/f.557D406FC3B6C056450BA9450A8CFFE7.d.07D79946585BCC8345ABE2B13571C14B.e.5/value HTTP/1.1" 200 14
2025-03-11 08:57:16 - DEBUG - Remote response: status=200 | data={"value":null} | headers=HTTPHeaderDict({'Content-Length': '14', 'Content-Type': 'application/json; charset=utf-8', 'cache-control': 'no-cache'})
2025-03-11 08:57:16 - DEBUG - Finished Request
2025-03-11 08:57:16 - INFO - Nhập password
2025-03-11 08:57:16 - DEBUG - POST http://localhost:52296/session/a45fb3423b483f1396ae29c08742bf6c/element {'using': 'xpath', 'value': "//input[@id='inputPassword']"}
2025-03-11 08:57:16 - DEBUG - http://localhost:52296 "POST /session/a45fb3423b483f1396ae29c08742bf6c/element HTTP/1.1" 200 125
2025-03-11 08:57:16 - DEBUG - Remote response: status=200 | data={"value":{"element-6066-11e4-a52e-4f735466cecf":"f.557D406FC3B6C056450BA9450A8CFFE7.d.07D79946585BCC8345ABE2B13571C14B.e.6"}} | headers=HTTPHeaderDict({'Content-Length': '125', 'Content-Type': 'application/json; charset=utf-8', 'cache-control': 'no-cache'})
2025-03-11 08:57:16 - DEBUG - Finished Request
2025-03-11 08:57:16 - DEBUG - POST http://localhost:52296/session/a45fb3423b483f1396ae29c08742bf6c/execute/sync {'script': '/* isDisplayed */return (function(){return (function(){var g=this||self;\nfunction aa(a){var b=typeof...', 'args': [{'element-6066-11e4-a52e-4f735466cecf': 'f.557D406FC3B6C056450BA9450A8CFFE7.d.07D79946585BCC8345ABE2B13571C14B.e.6'}]}
2025-03-11 08:57:16 - DEBUG - http://localhost:52296 "POST /session/a45fb3423b483f1396ae29c08742bf6c/execute/sync HTTP/1.1" 200 14
2025-03-11 08:57:16 - DEBUG - Remote response: status=200 | data={"value":true} | headers=HTTPHeaderDict({'Content-Length': '14', 'Content-Type': 'application/json; charset=utf-8', 'cache-control': 'no-cache'})
2025-03-11 08:57:16 - DEBUG - Finished Request
2025-03-11 08:57:16 - DEBUG - POST http://localhost:52296/session/a45fb3423b483f1396ae29c08742bf6c/element/f.557D406FC3B6C056450BA9450A8CFFE7.d.07D79946585BCC8345ABE2B13571C14B.e.6/clear {}
2025-03-11 08:57:16 - DEBUG - http://localhost:52296 "POST /session/a45fb3423b483f1396ae29c08742bf6c/element/f.557D406FC3B6C056450BA9450A8CFFE7.d.07D79946585BCC8345ABE2B13571C14B.e.6/clear HTTP/1.1" 200 14
2025-03-11 08:57:16 - DEBUG - Remote response: status=200 | data={"value":null} | headers=HTTPHeaderDict({'Content-Length': '14', 'Content-Type': 'application/json; charset=utf-8', 'cache-control': 'no-cache'})
2025-03-11 08:57:16 - DEBUG - Finished Request
2025-03-11 08:57:16 - DEBUG - POST http://localhost:52296/session/a45fb3423b483f1396ae29c08742bf6c/element/f.557D406FC3B6C056450BA9450A8CFFE7.d.07D79946585BCC8345ABE2B13571C14B.e.6/value {'text': 'Mpire4dmin', 'value': ['M', 'p', 'i', 'r', 'e', '4', 'd', 'm', 'i', 'n']}
2025-03-11 08:57:16 - DEBUG - http://localhost:52296 "POST /session/a45fb3423b483f1396ae29c08742bf6c/element/f.557D406FC3B6C056450BA9450A8CFFE7.d.07D79946585BCC8345ABE2B13571C14B.e.6/value HTTP/1.1" 200 14
2025-03-11 08:57:16 - DEBUG - Remote response: status=200 | data={"value":null} | headers=HTTPHeaderDict({'Content-Length': '14', 'Content-Type': 'application/json; charset=utf-8', 'cache-control': 'no-cache'})
2025-03-11 08:57:16 - DEBUG - Finished Request
2025-03-11 08:57:16 - INFO - Nhấn nút đăng nhập
2025-03-11 08:57:16 - DEBUG - POST http://localhost:52296/session/a45fb3423b483f1396ae29c08742bf6c/element {'using': 'xpath', 'value': "//button[contains(@type,'submit')]"}
2025-03-11 08:57:16 - DEBUG - http://localhost:52296 "POST /session/a45fb3423b483f1396ae29c08742bf6c/element HTTP/1.1" 200 126
2025-03-11 08:57:16 - DEBUG - Remote response: status=200 | data={"value":{"element-6066-11e4-a52e-4f735466cecf":"f.557D406FC3B6C056450BA9450A8CFFE7.d.07D79946585BCC8345ABE2B13571C14B.e.10"}} | headers=HTTPHeaderDict({'Content-Length': '126', 'Content-Type': 'application/json; charset=utf-8', 'cache-control': 'no-cache'})
2025-03-11 08:57:16 - DEBUG - Finished Request
2025-03-11 08:57:16 - DEBUG - POST http://localhost:52296/session/a45fb3423b483f1396ae29c08742bf6c/execute/sync {'script': '/* isDisplayed */return (function(){return (function(){var g=this||self;\nfunction aa(a){var b=typeof...', 'args': [{'element-6066-11e4-a52e-4f735466cecf': 'f.557D406FC3B6C056450BA9450A8CFFE7.d.07D79946585BCC8345ABE2B13571C14B.e.10'}]}
2025-03-11 08:57:16 - DEBUG - http://localhost:52296 "POST /session/a45fb3423b483f1396ae29c08742bf6c/execute/sync HTTP/1.1" 200 14
2025-03-11 08:57:16 - DEBUG - Remote response: status=200 | data={"value":true} | headers=HTTPHeaderDict({'Content-Length': '14', 'Content-Type': 'application/json; charset=utf-8', 'cache-control': 'no-cache'})
2025-03-11 08:57:16 - DEBUG - Finished Request
2025-03-11 08:57:16 - DEBUG - GET http://localhost:52296/session/a45fb3423b483f1396ae29c08742bf6c/element/f.557D406FC3B6C056450BA9450A8CFFE7.d.07D79946585BCC8345ABE2B13571C14B.e.10/enabled {}
2025-03-11 08:57:16 - DEBUG - http://localhost:52296 "GET /session/a45fb3423b483f1396ae29c08742bf6c/element/f.557D406FC3B6C056450BA9450A8CFFE7.d.07D79946585BCC8345ABE2B13571C14B.e.10/enabled HTTP/1.1" 200 14
2025-03-11 08:57:16 - DEBUG - Remote response: status=200 | data={"value":true} | headers=HTTPHeaderDict({'Content-Length': '14', 'Content-Type': 'application/json; charset=utf-8', 'cache-control': 'no-cache'})
2025-03-11 08:57:16 - DEBUG - Finished Request
2025-03-11 08:57:16 - DEBUG - POST http://localhost:52296/session/a45fb3423b483f1396ae29c08742bf6c/element/f.557D406FC3B6C056450BA9450A8CFFE7.d.07D79946585BCC8345ABE2B13571C14B.e.10/click {}
2025-03-11 08:57:17 - DEBUG - http://localhost:52296 "POST /session/a45fb3423b483f1396ae29c08742bf6c/element/f.557D406FC3B6C056450BA9450A8CFFE7.d.07D79946585BCC8345ABE2B13571C14B.e.10/click HTTP/1.1" 200 14
2025-03-11 08:57:17 - DEBUG - Remote response: status=200 | data={"value":null} | headers=HTTPHeaderDict({'Content-Length': '14', 'Content-Type': 'application/json; charset=utf-8', 'cache-control': 'no-cache'})
2025-03-11 08:57:17 - DEBUG - Finished Request
2025-03-11 08:57:17 - DEBUG - GET http://localhost:52296/session/a45fb3423b483f1396ae29c08742bf6c/url {}
2025-03-11 08:57:17 - DEBUG - http://localhost:52296 "GET /session/a45fb3423b483f1396ae29c08742bf6c/url HTTP/1.1" 200 63
2025-03-11 08:57:17 - DEBUG - Remote response: status=200 | data={"value":"https://mpire-cms-demo.mpire.asia/cms/login/success"} | headers=HTTPHeaderDict({'Content-Length': '63', 'Content-Type': 'application/json; charset=utf-8', 'cache-control': 'no-cache'})
2025-03-11 08:57:17 - DEBUG - Finished Request
2025-03-11 08:57:17 - DEBUG - GET http://localhost:52296/session/a45fb3423b483f1396ae29c08742bf6c/url {}
2025-03-11 08:57:17 - DEBUG - http://localhost:52296 "GET /session/a45fb3423b483f1396ae29c08742bf6c/url HTTP/1.1" 200 63
2025-03-11 08:57:18 - DEBUG - Remote response: status=200 | data={"value":"https://mpire-cms-demo.mpire.asia/cms/login/success"} | headers=HTTPHeaderDict({'Content-Length': '63', 'Content-Type': 'application/json; charset=utf-8', 'cache-control': 'no-cache'})
2025-03-11 08:57:18 - DEBUG - Finished Request
2025-03-11 08:57:18 - DEBUG - GET http://localhost:52296/session/a45fb3423b483f1396ae29c08742bf6c/url {}
2025-03-11 08:57:18 - DEBUG - http://localhost:52296 "GET /session/a45fb3423b483f1396ae29c08742bf6c/url HTTP/1.1" 200 63
2025-03-11 08:57:18 - DEBUG - Remote response: status=200 | data={"value":"https://mpire-cms-demo.mpire.asia/cms/login/success"} | headers=HTTPHeaderDict({'Content-Length': '63', 'Content-Type': 'application/json; charset=utf-8', 'cache-control': 'no-cache'})
2025-03-11 08:57:18 - DEBUG - Finished Request
2025-03-11 08:57:19 - DEBUG - GET http://localhost:52296/session/a45fb3423b483f1396ae29c08742bf6c/url {}
2025-03-11 08:57:19 - DEBUG - http://localhost:52296 "GET /session/a45fb3423b483f1396ae29c08742bf6c/url HTTP/1.1" 200 63
2025-03-11 08:57:19 - DEBUG - Remote response: status=200 | data={"value":"https://mpire-cms-demo.mpire.asia/cms/login/success"} | headers=HTTPHeaderDict({'Content-Length': '63', 'Content-Type': 'application/json; charset=utf-8', 'cache-control': 'no-cache'})
2025-03-11 08:57:19 - DEBUG - Finished Request
2025-03-11 08:57:19 - DEBUG - GET http://localhost:52296/session/a45fb3423b483f1396ae29c08742bf6c/url {}
2025-03-11 08:57:19 - DEBUG - http://localhost:52296 "GET /session/a45fb3423b483f1396ae29c08742bf6c/url HTTP/1.1" 200 63
2025-03-11 08:57:19 - DEBUG - Remote response: status=200 | data={"value":"https://mpire-cms-demo.mpire.asia/cms/login/success"} | headers=HTTPHeaderDict({'Content-Length': '63', 'Content-Type': 'application/json; charset=utf-8', 'cache-control': 'no-cache'})
2025-03-11 08:57:19 - DEBUG - Finished Request
2025-03-11 08:57:20 - DEBUG - GET http://localhost:52296/session/a45fb3423b483f1396ae29c08742bf6c/url {}
2025-03-11 08:57:20 - DEBUG - http://localhost:52296 "GET /session/a45fb3423b483f1396ae29c08742bf6c/url HTTP/1.1" 200 63
2025-03-11 08:57:20 - DEBUG - Remote response: status=200 | data={"value":"https://mpire-cms-demo.mpire.asia/cms/login/success"} | headers=HTTPHeaderDict({'Content-Length': '63', 'Content-Type': 'application/json; charset=utf-8', 'cache-control': 'no-cache'})
2025-03-11 08:57:20 - DEBUG - Finished Request
2025-03-11 08:57:20 - DEBUG - GET http://localhost:52296/session/a45fb3423b483f1396ae29c08742bf6c/url {}
2025-03-11 08:57:22 - DEBUG - http://localhost:52296 "GET /session/a45fb3423b483f1396ae29c08742bf6c/url HTTP/1.1" 200 59
2025-03-11 08:57:22 - DEBUG - Remote response: status=200 | data={"value":"https://mpire-cms-demo.mpire.asia/cms/dashboard"} | headers=HTTPHeaderDict({'Content-Length': '59', 'Content-Type': 'application/json; charset=utf-8', 'cache-control': 'no-cache'})
2025-03-11 08:57:22 - DEBUG - Finished Request
2025-03-11 08:57:22 - INFO - Đăng nhập thành công!
2025-03-11 08:57:22 - DEBUG - POST http://localhost:52296/session/a45fb3423b483f1396ae29c08742bf6c/element {'using': 'xpath', 'value': "//*[@id='left-menu']/ul/li[1]/a"}
2025-03-11 08:57:22 - DEBUG - http://localhost:52296 "POST /session/a45fb3423b483f1396ae29c08742bf6c/element HTTP/1.1" 200 126
2025-03-11 08:57:22 - DEBUG - Remote response: status=200 | data={"value":{"element-6066-11e4-a52e-4f735466cecf":"f.557D406FC3B6C056450BA9450A8CFFE7.d.6E65254C7C1078BB6A6BA5D00CB6F25E.e.52"}} | headers=HTTPHeaderDict({'Content-Length': '126', 'Content-Type': 'application/json; charset=utf-8', 'cache-control': 'no-cache'})
2025-03-11 08:57:22 - DEBUG - Finished Request
2025-03-11 08:57:22 - DEBUG - POST http://localhost:52296/session/a45fb3423b483f1396ae29c08742bf6c/execute/sync {'script': '/* isDisplayed */return (function(){return (function(){var g=this||self;\nfunction aa(a){var b=typeof...', 'args': [{'element-6066-11e4-a52e-4f735466cecf': 'f.557D406FC3B6C056450BA9450A8CFFE7.d.6E65254C7C1078BB6A6BA5D00CB6F25E.e.52'}]}
2025-03-11 08:57:22 - DEBUG - http://localhost:52296 "POST /session/a45fb3423b483f1396ae29c08742bf6c/execute/sync HTTP/1.1" 200 14
2025-03-11 08:57:22 - DEBUG - Remote response: status=200 | data={"value":true} | headers=HTTPHeaderDict({'Content-Length': '14', 'Content-Type': 'application/json; charset=utf-8', 'cache-control': 'no-cache'})
2025-03-11 08:57:22 - DEBUG - Finished Request
2025-03-11 08:57:22 - DEBUG - GET http://localhost:52296/session/a45fb3423b483f1396ae29c08742bf6c/element/f.557D406FC3B6C056450BA9450A8CFFE7.d.6E65254C7C1078BB6A6BA5D00CB6F25E.e.52/enabled {}
2025-03-11 08:57:22 - DEBUG - http://localhost:52296 "GET /session/a45fb3423b483f1396ae29c08742bf6c/element/f.557D406FC3B6C056450BA9450A8CFFE7.d.6E65254C7C1078BB6A6BA5D00CB6F25E.e.52/enabled HTTP/1.1" 200 14
2025-03-11 08:57:22 - DEBUG - Remote response: status=200 | data={"value":true} | headers=HTTPHeaderDict({'Content-Length': '14', 'Content-Type': 'application/json; charset=utf-8', 'cache-control': 'no-cache'})
2025-03-11 08:57:22 - DEBUG - Finished Request
2025-03-11 08:57:22 - DEBUG - POST http://localhost:52296/session/a45fb3423b483f1396ae29c08742bf6c/element/f.557D406FC3B6C056450BA9450A8CFFE7.d.6E65254C7C1078BB6A6BA5D00CB6F25E.e.52/click {}
2025-03-11 08:57:22 - DEBUG - http://localhost:52296 "POST /session/a45fb3423b483f1396ae29c08742bf6c/element/f.557D406FC3B6C056450BA9450A8CFFE7.d.6E65254C7C1078BB6A6BA5D00CB6F25E.e.52/click HTTP/1.1" 200 14
2025-03-11 08:57:22 - DEBUG - Remote response: status=200 | data={"value":null} | headers=HTTPHeaderDict({'Content-Length': '14', 'Content-Type': 'application/json; charset=utf-8', 'cache-control': 'no-cache'})
2025-03-11 08:57:22 - DEBUG - Finished Request
2025-03-11 08:57:22 - INFO - Đã nhấn menu Nội dung.
2025-03-11 08:57:22 - DEBUG - POST http://localhost:52296/session/a45fb3423b483f1396ae29c08742bf6c/element {'using': 'xpath', 'value': "//*[@id='left-menu']/ul/li[1]/ul/li[10]/a"}
2025-03-11 08:57:22 - DEBUG - http://localhost:52296 "POST /session/a45fb3423b483f1396ae29c08742bf6c/element HTTP/1.1" 200 126
2025-03-11 08:57:22 - DEBUG - Remote response: status=200 | data={"value":{"element-6066-11e4-a52e-4f735466cecf":"f.557D406FC3B6C056450BA9450A8CFFE7.d.6E65254C7C1078BB6A6BA5D00CB6F25E.e.67"}} | headers=HTTPHeaderDict({'Content-Length': '126', 'Content-Type': 'application/json; charset=utf-8', 'cache-control': 'no-cache'})
2025-03-11 08:57:22 - DEBUG - Finished Request
2025-03-11 08:57:22 - DEBUG - POST http://localhost:52296/session/a45fb3423b483f1396ae29c08742bf6c/execute/sync {'script': '/* isDisplayed */return (function(){return (function(){var g=this||self;\nfunction aa(a){var b=typeof...', 'args': [{'element-6066-11e4-a52e-4f735466cecf': 'f.557D406FC3B6C056450BA9450A8CFFE7.d.6E65254C7C1078BB6A6BA5D00CB6F25E.e.67'}]}
2025-03-11 08:57:22 - DEBUG - http://localhost:52296 "POST /session/a45fb3423b483f1396ae29c08742bf6c/execute/sync HTTP/1.1" 200 14
2025-03-11 08:57:22 - DEBUG - Remote response: status=200 | data={"value":true} | headers=HTTPHeaderDict({'Content-Length': '14', 'Content-Type': 'application/json; charset=utf-8', 'cache-control': 'no-cache'})
2025-03-11 08:57:22 - DEBUG - Finished Request
2025-03-11 08:57:22 - DEBUG - GET http://localhost:52296/session/a45fb3423b483f1396ae29c08742bf6c/element/f.557D406FC3B6C056450BA9450A8CFFE7.d.6E65254C7C1078BB6A6BA5D00CB6F25E.e.67/enabled {}
2025-03-11 08:57:22 - DEBUG - http://localhost:52296 "GET /session/a45fb3423b483f1396ae29c08742bf6c/element/f.557D406FC3B6C056450BA9450A8CFFE7.d.6E65254C7C1078BB6A6BA5D00CB6F25E.e.67/enabled HTTP/1.1" 200 14
2025-03-11 08:57:22 - DEBUG - Remote response: status=200 | data={"value":true} | headers=HTTPHeaderDict({'Content-Length': '14', 'Content-Type': 'application/json; charset=utf-8', 'cache-control': 'no-cache'})
2025-03-11 08:57:22 - DEBUG - Finished Request
2025-03-11 08:57:22 - DEBUG - POST http://localhost:52296/session/a45fb3423b483f1396ae29c08742bf6c/element/f.557D406FC3B6C056450BA9450A8CFFE7.d.6E65254C7C1078BB6A6BA5D00CB6F25E.e.67/click {}
2025-03-11 08:57:23 - DEBUG - http://localhost:52296 "POST /session/a45fb3423b483f1396ae29c08742bf6c/element/f.557D406FC3B6C056450BA9450A8CFFE7.d.6E65254C7C1078BB6A6BA5D00CB6F25E.e.67/click HTTP/1.1" 200 14
2025-03-11 08:57:23 - DEBUG - Remote response: status=200 | data={"value":null} | headers=HTTPHeaderDict({'Content-Length': '14', 'Content-Type': 'application/json; charset=utf-8', 'cache-control': 'no-cache'})
2025-03-11 08:57:23 - DEBUG - Finished Request
2025-03-11 08:57:23 - INFO - Đã nhấn menu Page V2.
2025-03-11 08:57:23 - DEBUG - GET http://localhost:52296/session/a45fb3423b483f1396ae29c08742bf6c/url {}
2025-03-11 08:57:23 - DEBUG - http://localhost:52296 "GET /session/a45fb3423b483f1396ae29c08742bf6c/url HTTP/1.1" 200 63
2025-03-11 08:57:23 - DEBUG - Remote response: status=200 | data={"value":"https://mpire-cms-demo.mpire.asia/cms/admin-page-v2"} | headers=HTTPHeaderDict({'Content-Length': '63', 'Content-Type': 'application/json; charset=utf-8', 'cache-control': 'no-cache'})
2025-03-11 08:57:23 - DEBUG - Finished Request
2025-03-11 08:57:23 - DEBUG - GET http://localhost:52296/session/a45fb3423b483f1396ae29c08742bf6c/url {}
2025-03-11 08:57:23 - DEBUG - http://localhost:52296 "GET /session/a45fb3423b483f1396ae29c08742bf6c/url HTTP/1.1" 200 70
2025-03-11 08:57:23 - DEBUG - Remote response: status=200 | data={"value":"https://mpire-cms-demo.mpire.asia/cms/admin-page-v2?page=1"} | headers=HTTPHeaderDict({'Content-Length': '70', 'Content-Type': 'application/json; charset=utf-8', 'cache-control': 'no-cache'})
2025-03-11 08:57:23 - DEBUG - Finished Request
2025-03-11 08:57:23 - INFO - Chuyển hướng thành công đến trang tạo mới Page V2.
2025-03-11 08:57:23 - DEBUG - POST http://localhost:52296/session/a45fb3423b483f1396ae29c08742bf6c/element {'using': 'xpath', 'value': "//*[@id='app-container']/main/div/div[2]/div[2]/div/a"}
2025-03-11 08:57:24 - DEBUG - http://localhost:52296 "POST /session/a45fb3423b483f1396ae29c08742bf6c/element HTTP/1.1" 200 127
2025-03-11 08:57:24 - DEBUG - Remote response: status=200 | data={"value":{"element-6066-11e4-a52e-4f735466cecf":"f.557D406FC3B6C056450BA9450A8CFFE7.d.B907EDA3C5443A27711E5FF9D403D215.e.168"}} | headers=HTTPHeaderDict({'Content-Length': '127', 'Content-Type': 'application/json; charset=utf-8', 'cache-control': 'no-cache'})
2025-03-11 08:57:24 - DEBUG - Finished Request
2025-03-11 08:57:24 - DEBUG - POST http://localhost:52296/session/a45fb3423b483f1396ae29c08742bf6c/execute/sync {'script': '/* isDisplayed */return (function(){return (function(){var g=this||self;\nfunction aa(a){var b=typeof...', 'args': [{'element-6066-11e4-a52e-4f735466cecf': 'f.557D406FC3B6C056450BA9450A8CFFE7.d.B907EDA3C5443A27711E5FF9D403D215.e.168'}]}
2025-03-11 08:57:24 - DEBUG - http://localhost:52296 "POST /session/a45fb3423b483f1396ae29c08742bf6c/execute/sync HTTP/1.1" 200 14
2025-03-11 08:57:24 - DEBUG - Remote response: status=200 | data={"value":true} | headers=HTTPHeaderDict({'Content-Length': '14', 'Content-Type': 'application/json; charset=utf-8', 'cache-control': 'no-cache'})
2025-03-11 08:57:24 - DEBUG - Finished Request
2025-03-11 08:57:24 - DEBUG - GET http://localhost:52296/session/a45fb3423b483f1396ae29c08742bf6c/element/f.557D406FC3B6C056450BA9450A8CFFE7.d.B907EDA3C5443A27711E5FF9D403D215.e.168/enabled {}
2025-03-11 08:57:24 - DEBUG - http://localhost:52296 "GET /session/a45fb3423b483f1396ae29c08742bf6c/element/f.557D406FC3B6C056450BA9450A8CFFE7.d.B907EDA3C5443A27711E5FF9D403D215.e.168/enabled HTTP/1.1" 200 14
2025-03-11 08:57:24 - DEBUG - Remote response: status=200 | data={"value":true} | headers=HTTPHeaderDict({'Content-Length': '14', 'Content-Type': 'application/json; charset=utf-8', 'cache-control': 'no-cache'})
2025-03-11 08:57:24 - DEBUG - Finished Request
2025-03-11 08:57:24 - DEBUG - POST http://localhost:52296/session/a45fb3423b483f1396ae29c08742bf6c/execute/sync {'script': 'arguments[0].click();', 'args': [{'element-6066-11e4-a52e-4f735466cecf': 'f.557D406FC3B6C056450BA9450A8CFFE7.d.B907EDA3C5443A27711E5FF9D403D215.e.168'}]}
2025-03-11 08:57:25 - DEBUG - http://localhost:52296 "POST /session/a45fb3423b483f1396ae29c08742bf6c/execute/sync HTTP/1.1" 200 14
2025-03-11 08:57:25 - DEBUG - Remote response: status=200 | data={"value":null} | headers=HTTPHeaderDict({'Content-Length': '14', 'Content-Type': 'application/json; charset=utf-8', 'cache-control': 'no-cache'})
2025-03-11 08:57:25 - DEBUG - Finished Request
2025-03-11 08:57:25 - INFO - Đã nhấn nút Tạo mới.
2025-03-11 08:57:25 - DEBUG - GET http://localhost:52296/session/a45fb3423b483f1396ae29c08742bf6c/url {}
2025-03-11 08:57:25 - DEBUG - http://localhost:52296 "GET /session/a45fb3423b483f1396ae29c08742bf6c/url HTTP/1.1" 200 70
2025-03-11 08:57:25 - DEBUG - Remote response: status=200 | data={"value":"https://mpire-cms-demo.mpire.asia/cms/admin-page-v2/create"} | headers=HTTPHeaderDict({'Content-Length': '70', 'Content-Type': 'application/json; charset=utf-8', 'cache-control': 'no-cache'})
2025-03-11 08:57:25 - DEBUG - Finished Request
2025-03-11 08:57:25 - DEBUG - GET http://localhost:52296/session/a45fb3423b483f1396ae29c08742bf6c/url {}
2025-03-11 08:57:25 - DEBUG - http://localhost:52296 "GET /session/a45fb3423b483f1396ae29c08742bf6c/url HTTP/1.1" 200 70
2025-03-11 08:57:25 - DEBUG - Remote response: status=200 | data={"value":"https://mpire-cms-demo.mpire.asia/cms/admin-page-v2/create"} | headers=HTTPHeaderDict({'Content-Length': '70', 'Content-Type': 'application/json; charset=utf-8', 'cache-control': 'no-cache'})
2025-03-11 08:57:25 - DEBUG - Finished Request
2025-03-11 08:57:25 - INFO - Chuyển hướng thành công đến https://mpire-cms-demo.mpire.asia/cms/admin-page-v2/create
2025-03-11 08:57:25 - DEBUG - POST http://localhost:52296/session/a45fb3423b483f1396ae29c08742bf6c/element {'using': 'xpath', 'value': "//*[@id='app-container']/main/div/div[2]/div[2]/div/a"}
2025-03-11 08:57:25 - DEBUG - http://localhost:52296 "POST /session/a45fb3423b483f1396ae29c08742bf6c/element HTTP/1.1" 404 961
2025-03-11 08:57:25 - DEBUG - Remote response: status=404 | data={"value":{"error":"no such element","message":"no such element: Unable to locate element: {\"method\":\"xpath\",\"selector\":\"//*[@id='app-container']/main/div/div[2]/div[2]/div/a\"}\n  (Session info: chrome=134.0.6998.36)","stacktrace":"\tGetHandleVerifier [0x0044B5A3+24387]\n\t(No symbol) [0x003D5904]\n\t(No symbol) [0x002B0753]\n\t(No symbol) [0x002F8BA9]\n\t(No symbol) [0x002F8EFB]\n\t(No symbol) [0x003419C2]\n\t(No symbol) [0x0031D894]\n\t(No symbol) [0x0033F138]\n\t(No symbol) [0x0031D646]\n\t(No symbol) [0x002EC59F]\n\t(No symbol) [0x002ED8E4]\n\tGetHandleVerifier [0x0074D883+3179043]\n\tGetHandleVerifier [0x00766CF9+3282585]\n\tGetHandleVerifier [0x0076167C+3260444]\n\tGetHandleVerifier [0x004E4330+650448]\n\t(No symbol) [0x003DED0D]\n\t(No symbol) [0x003DBAF8]\n\t(No symbol) [0x003DBC99]\n\t(No symbol) [0x003CE530]\n\tBaseThreadInitThunk [0x75E57BA9+25]\n\tRtlInitializeExceptionChain [0x7747C28B+107]\n\tRtlClearBits [0x7747C20F+191]\n"}} | headers=HTTPHeaderDict({'Content-Length': '961', 'Content-Type': 'application/json; charset=utf-8', 'cache-control': 'no-cache'})
2025-03-11 08:57:25 - DEBUG - Finished Request
2025-03-11 08:57:26 - DEBUG - POST http://localhost:52296/session/a45fb3423b483f1396ae29c08742bf6c/element {'using': 'xpath', 'value': "//*[@id='app-container']/main/div/div[2]/div[2]/div/a"}
2025-03-11 08:57:26 - DEBUG - http://localhost:52296 "POST /session/a45fb3423b483f1396ae29c08742bf6c/element HTTP/1.1" 404 961
2025-03-11 08:57:26 - DEBUG - Remote response: status=404 | data={"value":{"error":"no such element","message":"no such element: Unable to locate element: {\"method\":\"xpath\",\"selector\":\"//*[@id='app-container']/main/div/div[2]/div[2]/div/a\"}\n  (Session info: chrome=134.0.6998.36)","stacktrace":"\tGetHandleVerifier [0x0044B5A3+24387]\n\t(No symbol) [0x003D5904]\n\t(No symbol) [0x002B0753]\n\t(No symbol) [0x002F8BA9]\n\t(No symbol) [0x002F8EFB]\n\t(No symbol) [0x003419C2]\n\t(No symbol) [0x0031D894]\n\t(No symbol) [0x0033F138]\n\t(No symbol) [0x0031D646]\n\t(No symbol) [0x002EC59F]\n\t(No symbol) [0x002ED8E4]\n\tGetHandleVerifier [0x0074D883+3179043]\n\tGetHandleVerifier [0x00766CF9+3282585]\n\tGetHandleVerifier [0x0076167C+3260444]\n\tGetHandleVerifier [0x004E4330+650448]\n\t(No symbol) [0x003DED0D]\n\t(No symbol) [0x003DBAF8]\n\t(No symbol) [0x003DBC99]\n\t(No symbol) [0x003CE530]\n\tBaseThreadInitThunk [0x75E57BA9+25]\n\tRtlInitializeExceptionChain [0x7747C28B+107]\n\tRtlClearBits [0x7747C20F+191]\n"}} | headers=HTTPHeaderDict({'Content-Length': '961', 'Content-Type': 'application/json; charset=utf-8', 'cache-control': 'no-cache'})
2025-03-11 08:57:26 - DEBUG - Finished Request
2025-03-11 08:57:26 - DEBUG - POST http://localhost:52296/session/a45fb3423b483f1396ae29c08742bf6c/element {'using': 'xpath', 'value': "//*[@id='app-container']/main/div/div[2]/div[2]/div/a"}
2025-03-11 08:57:26 - DEBUG - http://localhost:52296 "POST /session/a45fb3423b483f1396ae29c08742bf6c/element HTTP/1.1" 404 961
2025-03-11 08:57:26 - DEBUG - Remote response: status=404 | data={"value":{"error":"no such element","message":"no such element: Unable to locate element: {\"method\":\"xpath\",\"selector\":\"//*[@id='app-container']/main/div/div[2]/div[2]/div/a\"}\n  (Session info: chrome=134.0.6998.36)","stacktrace":"\tGetHandleVerifier [0x0044B5A3+24387]\n\t(No symbol) [0x003D5904]\n\t(No symbol) [0x002B0753]\n\t(No symbol) [0x002F8BA9]\n\t(No symbol) [0x002F8EFB]\n\t(No symbol) [0x003419C2]\n\t(No symbol) [0x0031D894]\n\t(No symbol) [0x0033F138]\n\t(No symbol) [0x0031D646]\n\t(No symbol) [0x002EC59F]\n\t(No symbol) [0x002ED8E4]\n\tGetHandleVerifier [0x0074D883+3179043]\n\tGetHandleVerifier [0x00766CF9+3282585]\n\tGetHandleVerifier [0x0076167C+3260444]\n\tGetHandleVerifier [0x004E4330+650448]\n\t(No symbol) [0x003DED0D]\n\t(No symbol) [0x003DBAF8]\n\t(No symbol) [0x003DBC99]\n\t(No symbol) [0x003CE530]\n\tBaseThreadInitThunk [0x75E57BA9+25]\n\tRtlInitializeExceptionChain [0x7747C28B+107]\n\tRtlClearBits [0x7747C20F+191]\n"}} | headers=HTTPHeaderDict({'Content-Length': '961', 'Content-Type': 'application/json; charset=utf-8', 'cache-control': 'no-cache'})
2025-03-11 08:57:26 - DEBUG - Finished Request
2025-03-11 08:57:27 - DEBUG - POST http://localhost:52296/session/a45fb3423b483f1396ae29c08742bf6c/element {'using': 'xpath', 'value': "//*[@id='app-container']/main/div/div[2]/div[2]/div/a"}
2025-03-11 08:57:27 - DEBUG - http://localhost:52296 "POST /session/a45fb3423b483f1396ae29c08742bf6c/element HTTP/1.1" 404 961
2025-03-11 08:57:27 - DEBUG - Remote response: status=404 | data={"value":{"error":"no such element","message":"no such element: Unable to locate element: {\"method\":\"xpath\",\"selector\":\"//*[@id='app-container']/main/div/div[2]/div[2]/div/a\"}\n  (Session info: chrome=134.0.6998.36)","stacktrace":"\tGetHandleVerifier [0x0044B5A3+24387]\n\t(No symbol) [0x003D5904]\n\t(No symbol) [0x002B0753]\n\t(No symbol) [0x002F8BA9]\n\t(No symbol) [0x002F8EFB]\n\t(No symbol) [0x003419C2]\n\t(No symbol) [0x0031D894]\n\t(No symbol) [0x0033F138]\n\t(No symbol) [0x0031D646]\n\t(No symbol) [0x002EC59F]\n\t(No symbol) [0x002ED8E4]\n\tGetHandleVerifier [0x0074D883+3179043]\n\tGetHandleVerifier [0x00766CF9+3282585]\n\tGetHandleVerifier [0x0076167C+3260444]\n\tGetHandleVerifier [0x004E4330+650448]\n\t(No symbol) [0x003DED0D]\n\t(No symbol) [0x003DBAF8]\n\t(No symbol) [0x003DBC99]\n\t(No symbol) [0x003CE530]\n\tBaseThreadInitThunk [0x75E57BA9+25]\n\tRtlInitializeExceptionChain [0x7747C28B+107]\n\tRtlClearBits [0x7747C20F+191]\n"}} | headers=HTTPHeaderDict({'Content-Length': '961', 'Content-Type': 'application/json; charset=utf-8', 'cache-control': 'no-cache'})
2025-03-11 08:57:27 - DEBUG - Finished Request
2025-03-11 08:57:27 - DEBUG - POST http://localhost:52296/session/a45fb3423b483f1396ae29c08742bf6c/element {'using': 'xpath', 'value': "//*[@id='app-container']/main/div/div[2]/div[2]/div/a"}
2025-03-11 08:57:27 - DEBUG - http://localhost:52296 "POST /session/a45fb3423b483f1396ae29c08742bf6c/element HTTP/1.1" 404 961
2025-03-11 08:57:27 - DEBUG - Remote response: status=404 | data={"value":{"error":"no such element","message":"no such element: Unable to locate element: {\"method\":\"xpath\",\"selector\":\"//*[@id='app-container']/main/div/div[2]/div[2]/div/a\"}\n  (Session info: chrome=134.0.6998.36)","stacktrace":"\tGetHandleVerifier [0x0044B5A3+24387]\n\t(No symbol) [0x003D5904]\n\t(No symbol) [0x002B0753]\n\t(No symbol) [0x002F8BA9]\n\t(No symbol) [0x002F8EFB]\n\t(No symbol) [0x003419C2]\n\t(No symbol) [0x0031D894]\n\t(No symbol) [0x0033F138]\n\t(No symbol) [0x0031D646]\n\t(No symbol) [0x002EC59F]\n\t(No symbol) [0x002ED8E4]\n\tGetHandleVerifier [0x0074D883+3179043]\n\tGetHandleVerifier [0x00766CF9+3282585]\n\tGetHandleVerifier [0x0076167C+3260444]\n\tGetHandleVerifier [0x004E4330+650448]\n\t(No symbol) [0x003DED0D]\n\t(No symbol) [0x003DBAF8]\n\t(No symbol) [0x003DBC99]\n\t(No symbol) [0x003CE530]\n\tBaseThreadInitThunk [0x75E57BA9+25]\n\tRtlInitializeExceptionChain [0x7747C28B+107]\n\tRtlClearBits [0x7747C20F+191]\n"}} | headers=HTTPHeaderDict({'Content-Length': '961', 'Content-Type': 'application/json; charset=utf-8', 'cache-control': 'no-cache'})
2025-03-11 08:57:27 - DEBUG - Finished Request
2025-03-11 08:57:28 - DEBUG - POST http://localhost:52296/session/a45fb3423b483f1396ae29c08742bf6c/element {'using': 'xpath', 'value': "//*[@id='app-container']/main/div/div[2]/div[2]/div/a"}
2025-03-11 08:57:28 - DEBUG - http://localhost:52296 "POST /session/a45fb3423b483f1396ae29c08742bf6c/element HTTP/1.1" 404 961
2025-03-11 08:57:28 - DEBUG - Remote response: status=404 | data={"value":{"error":"no such element","message":"no such element: Unable to locate element: {\"method\":\"xpath\",\"selector\":\"//*[@id='app-container']/main/div/div[2]/div[2]/div/a\"}\n  (Session info: chrome=134.0.6998.36)","stacktrace":"\tGetHandleVerifier [0x0044B5A3+24387]\n\t(No symbol) [0x003D5904]\n\t(No symbol) [0x002B0753]\n\t(No symbol) [0x002F8BA9]\n\t(No symbol) [0x002F8EFB]\n\t(No symbol) [0x003419C2]\n\t(No symbol) [0x0031D894]\n\t(No symbol) [0x0033F138]\n\t(No symbol) [0x0031D646]\n\t(No symbol) [0x002EC59F]\n\t(No symbol) [0x002ED8E4]\n\tGetHandleVerifier [0x0074D883+3179043]\n\tGetHandleVerifier [0x00766CF9+3282585]\n\tGetHandleVerifier [0x0076167C+3260444]\n\tGetHandleVerifier [0x004E4330+650448]\n\t(No symbol) [0x003DED0D]\n\t(No symbol) [0x003DBAF8]\n\t(No symbol) [0x003DBC99]\n\t(No symbol) [0x003CE530]\n\tBaseThreadInitThunk [0x75E57BA9+25]\n\tRtlInitializeExceptionChain [0x7747C28B+107]\n\tRtlClearBits [0x7747C20F+191]\n"}} | headers=HTTPHeaderDict({'Content-Length': '961', 'Content-Type': 'application/json; charset=utf-8', 'cache-control': 'no-cache'})
2025-03-11 08:57:28 - DEBUG - Finished Request
2025-03-11 08:57:28 - DEBUG - POST http://localhost:52296/session/a45fb3423b483f1396ae29c08742bf6c/element {'using': 'xpath', 'value': "//*[@id='app-container']/main/div/div[2]/div[2]/div/a"}
2025-03-11 08:57:28 - DEBUG - http://localhost:52296 "POST /session/a45fb3423b483f1396ae29c08742bf6c/element HTTP/1.1" 404 961
2025-03-11 08:57:28 - DEBUG - Remote response: status=404 | data={"value":{"error":"no such element","message":"no such element: Unable to locate element: {\"method\":\"xpath\",\"selector\":\"//*[@id='app-container']/main/div/div[2]/div[2]/div/a\"}\n  (Session info: chrome=134.0.6998.36)","stacktrace":"\tGetHandleVerifier [0x0044B5A3+24387]\n\t(No symbol) [0x003D5904]\n\t(No symbol) [0x002B0753]\n\t(No symbol) [0x002F8BA9]\n\t(No symbol) [0x002F8EFB]\n\t(No symbol) [0x003419C2]\n\t(No symbol) [0x0031D894]\n\t(No symbol) [0x0033F138]\n\t(No symbol) [0x0031D646]\n\t(No symbol) [0x002EC59F]\n\t(No symbol) [0x002ED8E4]\n\tGetHandleVerifier [0x0074D883+3179043]\n\tGetHandleVerifier [0x00766CF9+3282585]\n\tGetHandleVerifier [0x0076167C+3260444]\n\tGetHandleVerifier [0x004E4330+650448]\n\t(No symbol) [0x003DED0D]\n\t(No symbol) [0x003DBAF8]\n\t(No symbol) [0x003DBC99]\n\t(No symbol) [0x003CE530]\n\tBaseThreadInitThunk [0x75E57BA9+25]\n\tRtlInitializeExceptionChain [0x7747C28B+107]\n\tRtlClearBits [0x7747C20F+191]\n"}} | headers=HTTPHeaderDict({'Content-Length': '961', 'Content-Type': 'application/json; charset=utf-8', 'cache-control': 'no-cache'})
2025-03-11 08:57:28 - DEBUG - Finished Request
2025-03-11 08:57:28 - ERROR - Lỗi khi nhấn nút Tạo mới hoặc chuyển hướng: Message: 
Stacktrace:
	GetHandleVerifier [0x0044B5A3+24387]
	(No symbol) [0x003D5904]
	(No symbol) [0x002B0753]
	(No symbol) [0x002F8BA9]
	(No symbol) [0x002F8EFB]
	(No symbol) [0x003419C2]
	(No symbol) [0x0031D894]
	(No symbol) [0x0033F138]
	(No symbol) [0x0031D646]
	(No symbol) [0x002EC59F]
	(No symbol) [0x002ED8E4]
	GetHandleVerifier [0x0074D883+3179043]
	GetHandleVerifier [0x00766CF9+3282585]
	GetHandleVerifier [0x0076167C+3260444]
	GetHandleVerifier [0x004E4330+650448]
	(No symbol) [0x003DED0D]
	(No symbol) [0x003DBAF8]
	(No symbol) [0x003DBC99]
	(No symbol) [0x003CE530]
	BaseThreadInitThunk [0x75E57BA9+25]
	RtlInitializeExceptionChain [0x7747C28B+107]
	RtlClearBits [0x7747C20F+191]
Traceback (most recent call last):
  File "E:\basecms\pages\pagev2.py", line 54, in click_create_new_button
    create_new_button = self.wait.until(EC.element_to_be_clickable(self.create_new_button))
  File "C:\Users\Duy khanh\AppData\Local\Programs\Python\Python313\Lib\site-packages\selenium\webdriver\support\wait.py", line 146, in until
    raise TimeoutException(message, screen, stacktrace)
selenium.common.exceptions.TimeoutException: Message: 
Stacktrace:
	GetHandleVerifier [0x0044B5A3+24387]
	(No symbol) [0x003D5904]
	(No symbol) [0x002B0753]
	(No symbol) [0x002F8BA9]
	(No symbol) [0x002F8EFB]
	(No symbol) [0x003419C2]
	(No symbol) [0x0031D894]
	(No symbol) [0x0033F138]
	(No symbol) [0x0031D646]
	(No symbol) [0x002EC59F]
	(No symbol) [0x002ED8E4]
	GetHandleVerifier [0x0074D883+3179043]
	GetHandleVerifier [0x00766CF9+3282585]
	GetHandleVerifier [0x0076167C+3260444]
	GetHandleVerifier [0x004E4330+650448]
	(No symbol) [0x003DED0D]
	(No symbol) [0x003DBAF8]
	(No symbol) [0x003DBC99]
	(No symbol) [0x003CE530]
	BaseThreadInitThunk [0x75E57BA9+25]
	RtlInitializeExceptionChain [0x7747C28B+107]
	RtlClearBits [0x7747C20F+191]

2025-03-11 08:57:28 - DEBUG - POST http://localhost:52296/session/a45fb3423b483f1396ae29c08742bf6c/element {'using': 'css selector', 'value': '[id="root_content_title-vi"]'}
2025-03-11 08:57:28 - DEBUG - http://localhost:52296 "POST /session/a45fb3423b483f1396ae29c08742bf6c/element HTTP/1.1" 200 127
2025-03-11 08:57:28 - DEBUG - Remote response: status=200 | data={"value":{"element-6066-11e4-a52e-4f735466cecf":"f.557D406FC3B6C056450BA9450A8CFFE7.d.256376F690B1A68B37D1A3E28CAB81E9.e.257"}} | headers=HTTPHeaderDict({'Content-Length': '127', 'Content-Type': 'application/json; charset=utf-8', 'cache-control': 'no-cache'})
2025-03-11 08:57:28 - DEBUG - Finished Request
2025-03-11 08:57:28 - DEBUG - POST http://localhost:52296/session/a45fb3423b483f1396ae29c08742bf6c/execute/sync {'script': '/* isDisplayed */return (function(){return (function(){var g=this||self;\nfunction aa(a){var b=typeof...', 'args': [{'element-6066-11e4-a52e-4f735466cecf': 'f.557D406FC3B6C056450BA9450A8CFFE7.d.256376F690B1A68B37D1A3E28CAB81E9.e.257'}]}
2025-03-11 08:57:28 - DEBUG - http://localhost:52296 "POST /session/a45fb3423b483f1396ae29c08742bf6c/execute/sync HTTP/1.1" 200 14
2025-03-11 08:57:28 - DEBUG - Remote response: status=200 | data={"value":true} | headers=HTTPHeaderDict({'Content-Length': '14', 'Content-Type': 'application/json; charset=utf-8', 'cache-control': 'no-cache'})
2025-03-11 08:57:28 - DEBUG - Finished Request
2025-03-11 08:57:28 - DEBUG - POST http://localhost:52296/session/a45fb3423b483f1396ae29c08742bf6c/element/f.557D406FC3B6C056450BA9450A8CFFE7.d.256376F690B1A68B37D1A3E28CAB81E9.e.257/clear {}
2025-03-11 08:57:28 - DEBUG - http://localhost:52296 "POST /session/a45fb3423b483f1396ae29c08742bf6c/element/f.557D406FC3B6C056450BA9450A8CFFE7.d.256376F690B1A68B37D1A3E28CAB81E9.e.257/clear HTTP/1.1" 200 14
2025-03-11 08:57:28 - DEBUG - Remote response: status=200 | data={"value":null} | headers=HTTPHeaderDict({'Content-Length': '14', 'Content-Type': 'application/json; charset=utf-8', 'cache-control': 'no-cache'})
2025-03-11 08:57:28 - DEBUG - Finished Request
2025-03-11 08:57:28 - DEBUG - POST http://localhost:52296/session/a45fb3423b483f1396ae29c08742bf6c/element/f.557D406FC3B6C056450BA9450A8CFFE7.d.256376F690B1A68B37D1A3E28CAB81E9.e.257/value {'text': '', 'value': []}
2025-03-11 08:57:28 - DEBUG - http://localhost:52296 "POST /session/a45fb3423b483f1396ae29c08742bf6c/element/f.557D406FC3B6C056450BA9450A8CFFE7.d.256376F690B1A68B37D1A3E28CAB81E9.e.257/value HTTP/1.1" 200 14
2025-03-11 08:57:28 - DEBUG - Remote response: status=200 | data={"value":null} | headers=HTTPHeaderDict({'Content-Length': '14', 'Content-Type': 'application/json; charset=utf-8', 'cache-control': 'no-cache'})
2025-03-11 08:57:28 - DEBUG - Finished Request
2025-03-11 08:57:28 - INFO - Đã nhập tiêu đề trang: 
2025-03-11 08:57:28 - DEBUG - POST http://localhost:52296/session/a45fb3423b483f1396ae29c08742bf6c/element {'using': 'xpath', 'value': '//*[@id="sticky-header"]/div[2]/div/div/div/button[1]'}
2025-03-11 08:57:28 - DEBUG - http://localhost:52296 "POST /session/a45fb3423b483f1396ae29c08742bf6c/element HTTP/1.1" 200 127
2025-03-11 08:57:28 - DEBUG - Remote response: status=200 | data={"value":{"element-6066-11e4-a52e-4f735466cecf":"f.557D406FC3B6C056450BA9450A8CFFE7.d.256376F690B1A68B37D1A3E28CAB81E9.e.276"}} | headers=HTTPHeaderDict({'Content-Length': '127', 'Content-Type': 'application/json; charset=utf-8', 'cache-control': 'no-cache'})
2025-03-11 08:57:28 - DEBUG - Finished Request
2025-03-11 08:57:28 - DEBUG - POST http://localhost:52296/session/a45fb3423b483f1396ae29c08742bf6c/execute/sync {'script': '/* isDisplayed */return (function(){return (function(){var g=this||self;\nfunction aa(a){var b=typeof...', 'args': [{'element-6066-11e4-a52e-4f735466cecf': 'f.557D406FC3B6C056450BA9450A8CFFE7.d.256376F690B1A68B37D1A3E28CAB81E9.e.276'}]}
2025-03-11 08:57:28 - DEBUG - http://localhost:52296 "POST /session/a45fb3423b483f1396ae29c08742bf6c/execute/sync HTTP/1.1" 200 14
2025-03-11 08:57:28 - DEBUG - Remote response: status=200 | data={"value":true} | headers=HTTPHeaderDict({'Content-Length': '14', 'Content-Type': 'application/json; charset=utf-8', 'cache-control': 'no-cache'})
2025-03-11 08:57:28 - DEBUG - Finished Request
2025-03-11 08:57:28 - DEBUG - GET http://localhost:52296/session/a45fb3423b483f1396ae29c08742bf6c/element/f.557D406FC3B6C056450BA9450A8CFFE7.d.256376F690B1A68B37D1A3E28CAB81E9.e.276/enabled {}
2025-03-11 08:57:28 - DEBUG - http://localhost:52296 "GET /session/a45fb3423b483f1396ae29c08742bf6c/element/f.557D406FC3B6C056450BA9450A8CFFE7.d.256376F690B1A68B37D1A3E28CAB81E9.e.276/enabled HTTP/1.1" 200 14
2025-03-11 08:57:28 - DEBUG - Remote response: status=200 | data={"value":true} | headers=HTTPHeaderDict({'Content-Length': '14', 'Content-Type': 'application/json; charset=utf-8', 'cache-control': 'no-cache'})
2025-03-11 08:57:28 - DEBUG - Finished Request
2025-03-11 08:57:28 - DEBUG - POST http://localhost:52296/session/a45fb3423b483f1396ae29c08742bf6c/execute/sync {'script': '/* isDisplayed */return (function(){return (function(){var g=this||self;\nfunction aa(a){var b=typeof...', 'args': [{'element-6066-11e4-a52e-4f735466cecf': 'f.557D406FC3B6C056450BA9450A8CFFE7.d.256376F690B1A68B37D1A3E28CAB81E9.e.276'}]}
2025-03-11 08:57:28 - DEBUG - http://localhost:52296 "POST /session/a45fb3423b483f1396ae29c08742bf6c/execute/sync HTTP/1.1" 200 14
2025-03-11 08:57:28 - DEBUG - Remote response: status=200 | data={"value":true} | headers=HTTPHeaderDict({'Content-Length': '14', 'Content-Type': 'application/json; charset=utf-8', 'cache-control': 'no-cache'})
2025-03-11 08:57:28 - DEBUG - Finished Request
2025-03-11 08:57:28 - DEBUG - GET http://localhost:52296/session/a45fb3423b483f1396ae29c08742bf6c/element/f.557D406FC3B6C056450BA9450A8CFFE7.d.256376F690B1A68B37D1A3E28CAB81E9.e.276/enabled {}
2025-03-11 08:57:28 - DEBUG - http://localhost:52296 "GET /session/a45fb3423b483f1396ae29c08742bf6c/element/f.557D406FC3B6C056450BA9450A8CFFE7.d.256376F690B1A68B37D1A3E28CAB81E9.e.276/enabled HTTP/1.1" 200 14
2025-03-11 08:57:28 - DEBUG - Remote response: status=200 | data={"value":true} | headers=HTTPHeaderDict({'Content-Length': '14', 'Content-Type': 'application/json; charset=utf-8', 'cache-control': 'no-cache'})
2025-03-11 08:57:28 - DEBUG - Finished Request
2025-03-11 08:57:28 - INFO - Trạng thái nút Lưu: Hiển thị: True, Kích hoạt: True
2025-03-11 08:57:28 - DEBUG - POST http://localhost:52296/session/a45fb3423b483f1396ae29c08742bf6c/execute/sync {'script': 'arguments[0].click();', 'args': [{'element-6066-11e4-a52e-4f735466cecf': 'f.557D406FC3B6C056450BA9450A8CFFE7.d.256376F690B1A68B37D1A3E28CAB81E9.e.276'}]}
2025-03-11 08:57:28 - DEBUG - http://localhost:52296 "POST /session/a45fb3423b483f1396ae29c08742bf6c/execute/sync HTTP/1.1" 200 14
2025-03-11 08:57:28 - DEBUG - Remote response: status=200 | data={"value":null} | headers=HTTPHeaderDict({'Content-Length': '14', 'Content-Type': 'application/json; charset=utf-8', 'cache-control': 'no-cache'})
2025-03-11 08:57:28 - DEBUG - Finished Request
2025-03-11 08:57:28 - INFO - Đã nhấn nút Lưu.
2025-03-11 08:57:28 - DEBUG - POST http://localhost:52296/session/a45fb3423b483f1396ae29c08742bf6c/element {'using': 'xpath', 'value': "//*[@id='root_content_title__error-0']"}
2025-03-11 08:57:29 - DEBUG - http://localhost:52296 "POST /session/a45fb3423b483f1396ae29c08742bf6c/element HTTP/1.1" 200 127
2025-03-11 08:57:29 - DEBUG - Remote response: status=200 | data={"value":{"element-6066-11e4-a52e-4f735466cecf":"f.557D406FC3B6C056450BA9450A8CFFE7.d.256376F690B1A68B37D1A3E28CAB81E9.e.289"}} | headers=HTTPHeaderDict({'Content-Length': '127', 'Content-Type': 'application/json; charset=utf-8', 'cache-control': 'no-cache'})
2025-03-11 08:57:29 - DEBUG - Finished Request
2025-03-11 08:57:29 - DEBUG - POST http://localhost:52296/session/a45fb3423b483f1396ae29c08742bf6c/execute/sync {'script': '/* isDisplayed */return (function(){return (function(){var g=this||self;\nfunction aa(a){var b=typeof...', 'args': [{'element-6066-11e4-a52e-4f735466cecf': 'f.557D406FC3B6C056450BA9450A8CFFE7.d.256376F690B1A68B37D1A3E28CAB81E9.e.289'}]}
2025-03-11 08:57:29 - DEBUG - http://localhost:52296 "POST /session/a45fb3423b483f1396ae29c08742bf6c/execute/sync HTTP/1.1" 200 14
2025-03-11 08:57:29 - DEBUG - Remote response: status=200 | data={"value":true} | headers=HTTPHeaderDict({'Content-Length': '14', 'Content-Type': 'application/json; charset=utf-8', 'cache-control': 'no-cache'})
2025-03-11 08:57:29 - DEBUG - Finished Request
2025-03-11 08:57:29 - DEBUG - GET http://localhost:52296/session/a45fb3423b483f1396ae29c08742bf6c/element/f.557D406FC3B6C056450BA9450A8CFFE7.d.256376F690B1A68B37D1A3E28CAB81E9.e.289/text {}
2025-03-11 08:57:29 - DEBUG - http://localhost:52296 "GET /session/a45fb3423b483f1396ae29c08742bf6c/element/f.557D406FC3B6C056450BA9450A8CFFE7.d.256376F690B1A68B37D1A3E28CAB81E9.e.289/text HTTP/1.1" 200 46
2025-03-11 08:57:29 - DEBUG - Remote response: status=200 | data={"value":"Vui lòng nhập tiêu đề trang"} | headers=HTTPHeaderDict({'Content-Length': '46', 'Content-Type': 'application/json; charset=utf-8', 'cache-control': 'no-cache'})
2025-03-11 08:57:29 - DEBUG - Finished Request
2025-03-11 08:57:29 - DEBUG - GET http://localhost:52296/session/a45fb3423b483f1396ae29c08742bf6c/screenshot {}
2025-03-11 08:57:29 - DEBUG - http://localhost:52296 "GET /session/a45fb3423b483f1396ae29c08742bf6c/screenshot HTTP/1.1" 200 100420
2025-03-11 08:57:29 - DEBUG - Remote response: status=200 | data={"value":"iVBORw0KGgoAAAANSUhEUgAAB4AAAANPCAIAAAC0MVXjAAAAAXNSR0IArs4c6QAAIABJREFUeJzs3XtYlHd+N/7P954Tx0EBASNMICRZNCsjpo9JQ+JKjBEbt30amlqS3z4Gt3GTPlfLr2mC2V/WbZ/VtpHY7MX26q4xrcS6CWt3sU8Ts2KMwmpMV3cTGEyAjUHIgGZADjIc5/j9/XEf5p5hgAFnOPl+XdutzNyH733P2O2++eR9M9ODhQQAkfG7U/855TaMsVlZCwAAAAAAAAAAQMStOXNG/aMwdysBWPw455zzKbeZreUAAAAAAAAAAADMKgTQABGHDBoAAAAAAAAAAG5NCKABZsOUo9DIoAEAAAAAAAAAYPFBAA0we5BBAwAAAAAAAADALQUBNEAEjc+UkTIDAAAAAAAAAMCtAwE0QGRNK4NGPA0AAAAAAAAAAIsJAmiAiEMGDQAAAAAAAAAAtyYE0ACzAV0cAAAAAAAAAABwC0IADRBB6pQZiTMAAAAAAAAAANxqEEADRNYkGfREkTSiagAAAAAAAAAAWBwQQANE3AwyaAAAAAAAAAAAgEUAATTAfIRgGgAAAAAAAAAAFgEE0AARpOTIGIIGAAAAAAAAAIBbEAJogMgKJYOefEcAAAAAAAAAAIAFCgE0wOxBpgwAAAAAAAAAALcUBNAAERc0d57uQDQAAAAAAAAAAMCCgwAaIILG929MK2tGMA0AAAAAAAAAAAsaAmiAyAoxREbWDAAAAAAAAAAAiw8CaIBZcpPT0AAAAAAAAAAAAAsOAmiAiEPQDAAAAAAAAAAAtyYE0AARFBA9I4kGAAAAAAAAAIBbCgJogNkwURKtfj1oPI3MGgAAAAAAAAAAFi4E0ACRhQQZAAAAAAAAAABuWQigAQAAAAAAAAAAACAiEEADzCoMRAMAAAAAAAAAwK0DATRABIlxs/rfAQAAAAAAAAAAbh0IoAHmRujPIQQAAAAAAAAAAFigtHO9gEAC59EutnzQk+Dwxjl4vIMbnVzvIT3nAueMiAvkEmhUx5xaNqxj/dHC9WihP4oNaQWnZq5XDxABnHPG2FyvAgAAAAAAAAAAYNrmRQDNiGs8LHXIu2SUJ4x5Exw8yk1aL9cS13m4zksC5wIRY8SIGOcGL2ldnLtZgoMvG6M77IJL4DeiNNejWXe0pl8vODTMi7wOAAAAAAAAAAAAYE7NcQBtcFO8w7tkhBvHeOKoN9ZJsS4e5eZMjJsZZ0SMOBFnxBiRmCoz4lovI/IyIubmAvMS0TKHN3VEsBs8Q1pmi9XYojV2HXMLyKFhjqnnl8U/Y6IZAAAAAAAAAABuEXMTQDMijZfHOClp2Jtq96YMe5eOcEYkxsWMOGOMEVcSZ1LGn4mT9AdSJ3iMKMbNY93u20aJBPpqVGON03wVo+k1aOx65mYMxbowtxA6AwAAAAAAAADALWgOAmiBk85D8Q6e2etNv+FNGOOMuJQvSwE0I+KMiVPPUnSs5NGMiDFGnMuPUGSMcYGIlA04Tx/xZIy4+w3CZaO2aYm+Xy84BeZB+gcAAAAAAAAAAAAwi+YggI51clOv587r3hgX13Jx3plIzJg5l2No7gudxSSa+TJo4lJgTcQZ+XJqpgxKM86Ilri8a/uddw+5LEsNTUZdv16Y/YsFAAAAAAAAAAAAuGXNagCt8VKq3Xt7nzd10Bvr4hovCWKlhq95QxUiSztxTqrpZjmtlrNpktJnpZdDlURriGu8tNTJ1/Y5lrg8n8frO6OFUQ1iaAAAAAAAAAAAAIDZMEsBNCPSunlGvzejny8b9sa4vIyYOKdMRIwTiemzut9ZNRwtMBKkLg5pGpq4rxXa9welxIP5kmiB8ySnRzdIRrc3waX91Kh3aBgn9HHA3EMxNAAAAAAAAAAALG6zEUALnPRunjbgveu6N3HYq+PK8LI02kxSw4Zvill6y+9FCkiWmV8xtPqYyhF8Py5xeWI9nji31ymw1ljdqIZ5kfsBAAAAAAAAAAAARFLE+ygYkd7Nkwe5+aonaURKn4nElmexvpkxJk46i4XOnDEizgVGgq/WmZM6X5Y6oLmqqUN6dqF8EGJEgriLPDKt5zzd4X6kZ9Q06o7xeJXHGwJEDuf4mgXTUbWzcGdVx2SbWN/aWVhYuO/87C0KIsZa9Wxhof/HKX6+hc9WWed0ZQAAAAAAAAAQaRGfgNa6edqA13zVE+8UqzbETJkxEssHuKAUbijzzlzKo0mqJ1AeRSgNOwsCI859ZR3EBd/sMwnyMwz9BqUZEZHWS0kuzx90j5xOjm6J041pMAUNi5W16tmdh9vHv16wu2ZX/lwsaLpMTx2sydxX+OH5XfkRW29H1c5nDgcJQBfMTVI5v69wT23wt+b6cqxv7T3cTqZvHTz4lEl57fw5KxFRu7WDyDTp7gAAAAAAAACwoEU2gNa7uanPm93jjXVy5uUCY4HPGyQSp0QFXxTMlXhaadtQPYRQTKt96bNqG/mw0imU7ZVBac6IGKdEt+eBG2NaogajwY0IGhYnU/GBmmIiKZmkBZiodlTt3FNbsHtXBE+RUXxwgd+kBaCjau8RKxXsFtPn8/sK97RtP3igOP8h0+F2K2WaMoLtJMbp/pk1AAAAAAAAACxIkQ2gl9u5qc+bOMy10oCzb4pZyYiVEg1pupmph52VGWfmy6zFYWfuNxOtHErd/hxQEk1yL4fgpRUO9+pBx5jAPo3XR/QOAMAM+dJhCEH+rpoaMayXZqHnTXqb/72aYnkdVmubNPWc/9TBmqcm2uX8hxMMcwMAAAAAAADAghOpAJpxindwU78naYTruK+sOeChgsTU0bDfUwdJ9VxB9VCzQIyI+9Jnps6px53F74DEGBezbL2XZ465nAL7KkpzQ6vxYA4abhXWqmd31j60u+DcnsPtUjeD9a2dO49IRRSq1FLc8uD2zp1StUPm9oMHin0dCr69TNt3F9TuqS1442DxJOOsNP4gvjdU5z2/r/CwSXWouRhODnKX1Bfh67ToqNr5TG3BG9utz4y/EP8rpILdu2nP3I1ZB1R0BKxT/R0gMm0P/lH6ou3v0V5p+4LdNbvyfQf3r/vwP6xy6uJ85Vj+X6qAhVqP7Cw8QgW7a3aZpLIU8SbWiiu0+l+S71DB1ul3IlVBjXzEICsBAAAAAAAAgHCIyEMIGZHBze+47l02yKPdvqRYampmREwZiObSVDJx1fME5Y0ZZ9LrXB5n5qpgWoyhOZOaPeQ/K9GzL6TmytkZk8LrOI/39jHXmiFnlO+5iAC3BOuRw/RyTU2NGBWer+rcXiN6Yzsd2al+7p/1yM4PHxTf213QfnjvW1KYaH1r584j2bul3bZb9wRrUpa3LNzTuv0NccuD27N87xx+xnds65G9kz+TcGrd739/xzPfP9Fzc0fx8btLHVUfph+skVdbu0f9BMUJL0Sqm5DurenwRB3NgT79yY5ntu945icN4boUefTY7+p27pQ+TWvVs4X+MbH18DOTPv7x3F7f9rV7dj6703dltXuUHc/vKxyfPhfsrrmZuezaPb5TWdtb/d5rP7wz4JGG6nX6vr3+9ejqIwIAAAAAAABABEQkgNZ4ebyD39njiXVKs8xys7MSE0tPCxwXEHNpA859ZRpcTp+ZMtHMlZFnkn8U/Eo8pMFq9ay0r4KDmHjqpR7vfTdGk1xuLeeRuA8A81TBdtV8a/4uZWQ1I78gk1rbVSFewW75zfzib5ms585biYjOVx2x+t6h/F1vbJ8gUxS3VMZpTcW7fEOm6mNvz7TWnp0oxA5NyqM/OPSPv3/hu2HLoNV3KaN4lxKb5j9YQFbrBDfJdyEdVYdrTdtflq83o/jg7oLQTvz15w698TcP0K9/FMYM2lR8oEYhLkT6NM9XiWlswW75lwSZRES1R6om/KUCFRysqamRP3Rre/Zu1Y/S96ej6nAtiaPW6pOqAuoJ5O+St5X29ZsYzxQD/YPFGWR66mDgJbXXnlf9GkNamHy04Nc74VcXAAAAAAAAAMIjIhUcMU66vc+r93BBXaPBOclZsCAwfbTBPeYgj1fd7CxmyoJS9Ex+cbNvtJlz+VmDJIiF0NLGXK6HJkak0WkFreAdc/h1dKhKP7Reb4KHvtE/emZpzFVDZOuw4VbGOWdsHs3Zm9ID6hX86hlMD02yJRERdVhbqWB7KEUSk21pMoU/+Uve8nf/SH/33Z8sf+O5NTd7rMBr75BaIESqLHmCC7FarZkF+UE7SUKQ++dv/A09808/eob+KgzXMlEbhmqOuOBB6WMySY8HbLd2EAW9MtND+SYiyjBlE1nlSg3lR/m4YkRvKlgvHSP/wQKqrSVqtXbQjG+LdGqR/ycSZGNxYcqZg15vRvH2gpBn0wEAAAAAAABg+sI/AW1wU9KwN33AqxGDYCVKlhNkjVaIT0tc95dP5PzPbyTcnipNPXPuezIhk//MlCNw37+4OEwd+ATCgKcUGpbEp+avNf3RI5ooPRPE9mcul3jIs9JEBu7NGXWmO12xXm/YbwXA/Gd9a2dh4R7yn35dsHpO/N13//u+fwxLYqt2fl9h4TO1BW+op20jq/Ffn/mnj+j+MKXPdH6fr7LZ/wI6Om9u8HwCgf0YYZKdqeTP5/dJ6fO4S5pUhK4XAAAAAAAAACYS/gDaOOZdbvcmjHGN79mDXImJNVohIT3l7q0PrtnxzbxvfzOr4N645Ul+jxlUipsD82VVX4cqm6bx6TMjfXxMav7aO4ofu+PPHlv+8O/rjfFMEHydHqqpag3nCW7vnaOuFKc77LcCYN6znj9nNX3r4PSfi1f7obpJwa+RQiXDlB2wZWirsqonadsm3VbR/f73d3z3v+/7xx9sSZ7u+aZy/sNaUhWJhCywESLETPbTn+wIa/qsnFp6QqDfLc1/UIxulY/Jev6c+NQ+00zHlImITOsLTERESrOKteqIOGacfVPHVXRY/S4p5Lw7I12MsOXrlatCAAAAAAAAACBCwtw7IXBKHPamDnoZVxJhaeKYGGecohMTMh/+vXWl2+JvSzampxCRx+lqPX7OPTxKnDPGBbkuQxsdpdFpxIYNxph0QLFAw+v1jDjI6yFS9XJIp2MavTbJnHPX9j9OffBer9d7T0Kc5fuDA5YW99AQI7G7g/u6pBkj4neNOjr1WqtB75lHNQkAs8BkyiJrp9S1YH1r7+F2vwqO4MTWgj37HpTqec/v21M7QVtDfvG3TDv37DS9Iaa31qp95/NVNdBBd3mwgPYcqSrOLzbJS6KsyXaQpDz6g0OPhrDdDGSYMqm23Ur5JuVqpx64zS/enrnz8N9X5R8oNhFRR9XeI1ai7BBO9/XnDr3xXFgWHqB2T+H4sDW/eHtm7eH2wDcLvjX5xzQVudrCemRn4RHVYXeH8suODFMmUbu0b8Huml0TLiXoJU3G9NT2giN7amewJwAAAAAAAADMSJgnoPVubhwj4xiJjbfSwwbl5w0S41kb7zX/ry1Lbl/OBIGITA/lmUu+aVqfxwQmps8iRpRivvv2jesyC/OztuRnFj5w+5YHbi984PbN+RmbHlien6eLi/IVdAhiMTQxTlq9Ni4j7Z6/LklelysY9NroqCVfu+POp4uMd5l8bR7+BdMC0TKnd4XTvdTtCe/dAJj/8nftLqjdU1hYWFhYuJe2h1jBkb+rxrdb4YcPTvwkN9NTBw9+iw4/I265szY9f8pYM3/X7oL2wzulJX1vNgovpmAqfnk7HdkpX22IKzIVHzi4naQLKfz7ubwS01O+JyCavhXwNERT8YGABouC3QGP/puR/F01B7+l/rRN298I8bCm4penejag+qGOmdtDfsBj4DMzC3bPSqMKAAAAAAAAwC2MmR4sDOPhbu/z5nS7bxv0yo8T9D0eUGB0z58+svqpzem/v1ofF63s4hwc6Wr43fm/PdDbdMU9PMqIa3Ta6KSEb/zT80kr72BC4Ewy93hc9pHzz//jQMsV7nb7JqCJdDFRiblfu+f/fTr59+7RGeOZRiAi4tzZb//q/bPW/3iv58PfMiaPP3NxtpoLjBHx5hhDXUJMY6whjHcDwPJulfzLGKb8Qfn38T8G/HnyF+eRjqqdz9QWvDH9kopbyvl9hXtodxiiXQgj+QmcBfhkAAAAAAAAAMJjzZkz6h/DXMGROOIxOn3Vz3Kts/gmv+33cpatylKnz0Skj49JNd+d9xdPNL5e3fPpF+7hEY1em5C5fOldty+5K8gMHOfc63AZb79tpOMr18CgL32OjUq5z5z1p3+w7P412tgoccKaiIgxfWLCUvPKvt9Yes//xvcAQ7k/mogzomUu9+0OFwJoWBwaGxvLysoidPCampqAV6xna62ZBfkZVFgYzl9oqSUnJ//0pz8N7zGPHj1aWVkZ3mOKxt8ipUk6n+jcuXMPPTRl0UlEWN/aufOI9dYOW/16YMRCFSIqePCWvSEAAAAAAAAAkRXOAFrnoYQxHu1SPxtQbm0Wo17OSZ6J9tsxLib7sYcc/XZGdL2hRRdtWGa+WxcbFfQsjDGNQZdwp+nGZ5fdA4Ni+qyNNiz7H7mZRZtXbH5QFx8TZDeBMYEFPt6QEXHpx6Ue73KXK8rLx8bNXAMsOLm5uUEz0HA5v2+n9Ul53vn8vp1HrAW7i00TBK/z1rZt27Zt2xaxw1urnq0yHZCCXutbO/fUmra/kU9Ec5U+g6Tt8M7Cw36vhFZNDQAAAAAAAAAzEM4AOs7JY9yk83ISq5aJxEcIEieBEWOst7l98FpP/IoUcXvu9RInYowJTBttWPX//IHX6XTZB93Do0vuNLnHHM6BIU20QaPXjT/Xkq9ldSUlDH95lTESNMKSnKzsp7552yMP6Ixx8sE5U01fj17tcnb3irkzqSegGTFGAlEU9yZ4vIluzzV9mKfCARafjHTa84wvw7ulB2onZDJlqR90Z9o+DypKTE8drHlqjtcw3+DbCwAAAAAAABBR4Qxbk0a8Bo8U74pPHWQkJsxSKcfg1W5H/6CyvXvU4XV7NHqtNjqKiLTRUV/bVqg16D97o7q38XeOnv6lK7OSzV9bcue4Ig7GlnwtMypxCSMSNBp9Qtyqv9ye+uC9SvpMRF6HgxjTREmVGkOftw1/2SmVbxAxxpWHECoDz7FenuV0IoAGmBJyzFDk76qp2TXXi4BApuIDNcVzvQgAAAAAAACAW4cQwjahWjLm1XqlR/wRF/+HC0SC/NL1T7+wd3Yp22ujDVfP1V/+z1rXyJj4imFJ/O2P/r75L4v7Pv3ii/+o6Wlo8Yw5g54rNmO53hjHiGJXpK7Z/b+XrVutT5Bnn92ezndPD7S0ep0uZfsxW7erp58xsfGZMyJBXcfBiDEycG+q0xPGGwIAAAAAAAAAAABwKwtnAJ0wxvVS2wZXpp6VzFdgbKx3YOR6v2toRNyeCYJreKT746bLvzjldbuJSNBqYpcvS//G733tqcc0ep0uNjo6KUE5vtfl8rqkTFmfEB+bnppyvzmz6NEVm/INy5YyrYaInDfstg/Od31w3nVjUDDoiYg4d1zvHbvW5bYPSr3PTMmdOWOMST9yPefJbncYbwgAAAAAAAAAAADArSycdRPxDq7z+kotlCcQKoPG3O0evnZ9sLM7MSdT3EUfH+vos39+9KTRtDxl7Uq9MVbQaWNvW3bnE486+gZSf+/rUUlLxC2d9iH30Ihg0IuvCDrtsv+x2nhHRtK990SnJYvbOHr6+37T2P72f3nGxphW0Bj0YtP0iPWas6ePO51i77MYuktj2VJQzhmRgfNkNyagAQAAAAAAAAAAAMIjnBPQMW6u8Up/luaL5cf9yXPQNGi19X/RoewSm5pkMMb21Lc0/svR3kuXXcOjRMQ0mqjEhHt2/knaA2sE+QmEQ19eG/i8bayrR9k3Nf9e0x9tXLLqTvFHl32o7zeNX/7sna7T56NSkvXGePF17vEOtX7pHhxkjMSFMCZVVBMjxrkSkRs4T/ZgAhoAAAAAAAAAAAAgPMIZQOs9XENeMW5mSs2F2LnMxOFjPtp7Y8TWq+yScMeKpTm3u4ZHrB989Nm/VvdYfqe8FZW0RBsTpfw48PmXvQ0tw5025RVdQpz6qYPXP/pt25HqazW/YgJLXHuPYVmi+Dr3eAY+ueTq7VcWQ1yOxTkpk9rESMt5jJeH8YYAAAAAAAAAAAAA3MrCWcGh58Q4KVPP5MudiXHOGCeiwbarfS1XfLsYY6OTl+pjot2jo1drL+piorjXe9uDa8cf3H65beB3V/TxsePf4l7ee6He+vNf9l60MOJMEGJMK7TKll4+2nHNMzQsPhhRYIykGJqkmWjG5SSeR3ME0AAAAAAAAAAAAADhEc4AWlAmi4mIuOAbghbrOIiIXEPDI919joFBgzGOGGMaTdRSozHrtv6WK84b9mu/+o0gMIGx1N9fwwSmPrj98/Ybn31hvCPD43CK5c4iz8iY/XJb2+FjfRct7sEhjV4XsyIl+rYUbXQUEXmdztGvbGNXbd7RMXk9YsQsheNy/4YcmiOABgAAAAAAAAAAAAiTcAbQYtWG4PtRyp3Ff4kbcI/H0TcwcNm6LC+HaTREZEg0Jq7MGvi8jTgbudp1rfaCIJDeGGu80ySGyCK9MU6fEKeOnonIM+Ycauuw/ux4d91/O/sHGJE2yhB/x+36JUam1RKRZ3Rs5IrVPWDnbrfApPSZEfd/OqLfIgEAZk/jsYraDkrfUFpknuulAAAAAAAAAACEXzgDaC4wxomkQWMWEOzKsS+N9Q5ct3yelHu3RqMhoqilCYkrs758V+AeLyMaudrVcfK8MfO2qGWJ6gD6tk0PGO80Ge/OVGfQLvtgf0Pzlz971zs6Kp5OGxNtzLlD0EvbeEZGhz6/wl0uefCZlBltpvxZHHxmxIl5BaTQADBrbHUfdxhzt5UUpM31SgAAAAAAAAAAIiKcAfSInsW4uIZLFRzKlDHJT/xjRAKRe2jE/uVX3OsV9zIsNS7NyWKCuAsnInK7R7t6vS6X+uAZj20Yf0b3wOBo5zXP8LCSKeuMsYn3rdXIybV7YPDGxXo+NioGy76hbKYk45xxsbGaXIzsmnA+lREAYHI5W0o3IHwGAAAAAAAAgMUrnAG0S0PczcUaZUFqVRaf+EeC2LDMiIjGevquf/wZd3vEvfTxMcasdIMxztk3wL0eRqSNiUoy5+hioqc8Y9TylCW5OQIjIi5OXmujo2LvyBD0OnEDz9jYyBUrd7mJ+T0gUSnfEINyMZt2C6xfqwnjDQGYHyzHKuo6lJ+M5m0lSuZpq6s8ajFO2v8gdkT47RVZttrKo432iLZSWKor6uyzd0XiOY9V1HX4X5St9sTRRjtRxobSx2dyqZN/NI3HKmo7MgpKH8+d/CghfAemZ6rvm50mWJWtrvKohfwuR/oyKNBVAgAAAAAAALDQhDOAHtSxWBcxr6/ggriqbVnKeblnzDna3TvWN6Ax6AWdlmk0uriY+Iy0gZFR98goI66N0ifmfk0bO3UArYmJilqWpF+a4B4cJI9HFxsTfVtq1PIUptUQkXtoeOxql9PWRR63L3dmxKRVSUsiebVeRqMCJqBhURHzO2PutlKp5MFWV3n0aEXbNMLX3MdLcy3HKuo+atwwVZQZHmkFJaUr6yqPflJnMy+C6WBLdUVdp/xDZ11FZb907xuPHW20ZxSUZl+uqKs4RjPLoImM1Ha0emlgLCtm0yFJ21BSGuQfMJmRkL5vRuNAbWVdSsA3UMqmyeh7yVJdUdeZsaG0RL42y7GKuoqK1hnm9QAAAAAAAAAwF8KZtw5ECW4NExgJTJp3Vj/ij3yptNc9PNrXfMU1MiruqDHok81f08VGM+Jagz4qeWlcRpo4xex1uV32YUffDXFi2utyuwaHnH03uMdDREwQtPExcdkmjV7PiHRL4mNMt2ljY5ggEJF7wD7WedUzMkpeLyOulFD72p9VLdWMcSejHi0CaFhE5IhTVTGctqFkm9lot5yos03jQObHS0sfSJnOHjcpbUNJ6Zac2TtfBJmLSktLS0tLt5mNROkbSuXc1ULZpaWlj+eKG2RT4wyPn5CZZexstfi/aLnckZGecfOLn55Qv29ZWen2tmb/r5OtpY0yMozqV+o+6aSMAnXWbH58m9lIHa0zvVcAAAAAAAAAMPvCOQHdG8VuH6LABw+KITcjRiTI+a93zHH948+SVmUbEuKJSBttWHbvPbazv3H09BoS4ox3pGtiosQQ2TU4PHSlY+SqbdkDa/VLjGNdPUOtXzKNZmneKm1sDBFpYqKX5OaMXvnSNTpqSFwSm5murMfVPzDW+ZVfyqx68KD4WEJ1Ej0qCO1ydwfAwmer+7iDjOYHAseW03Lu3ZCTkqp+STWlG1Do4F+nEFCAoB6znbCjw3Ksom4gd0NWe53F7tuyy3dGXwGFrbbyaGOC/GNaWppcW3FXq9wmIR5t29q+o+N3929sMJoLstpqLQkTd1C0VFccDX7V/mPL41e4LfGTo/LVTPIIQXmol4go3RwwtJva+0lFRZ3qxqovIeRTEFFSTpbxaGsjmX2XaWm1mx+4t0++OvmYBVQnf16qEgx1BYflWEUd5ZoHGi1238etvoyJ2jOm933LuSvD8nGLjdJ8VRvNbQn3bkn8+GjA2PZAr41Ide3hHNcGAAAAAAAAgNkQzgC6O0bj0LjJV7jBxahXSaIVXpfbfqXTPTom/ijodfF3ZGijDIzIkJiwJCeLye0YY909106e7Th2Mu+VsiVfv/v6h7/58mfvLsu/N/7uTDGA1sZEL8nN6T75K/eNgajlqcav+4Ymndf7Rlq/ZIz5Z9A8SPrMiBE5BHZNiwAaFo2uPjtR+tLxyWVarn8W2ln3Se620qI0KXg9emyplLdKaa9Up2CrqzxaV1mbKoahYtQrx5Fi00LfRN0I9sa6voLS0lwpzDxaYTFKZxQPWpc6eSNI7uPbeis/8h3taGtBaWmRtEJld0t1RV2n0bytdEOaLzVNmOiYdouF5G1rK48erSQ5g5YaoqWnA45fYUceeKYkAAAgAElEQVTdicRtpaXSjo1HjyUFy2Qbj1XUdshlFIH9En5LFZslqkkV7od2CknaUiNZLltI+VgbWwcyH0ijj/w366irzdhQWmqW1lZxjIIfs6OxTbl46TcQykon2zHk7xsRpSQa7W0ttg1yAm1raU/ILqD+j9W75WQZLZbGoxXts9zWDQAAAAAAAADhFM7GiRsGYUxLXCDGiLj/4/4YE6RBY86Ie53O/kuX3UNyBYdOZ8xOj0pK0Oh1UYkJCXffodQzO3tvDHz2+Zitu/nVg5+88PdXDv3H0OdtA5Zmz6hD2jcmOmH1Sm2UnhHXJ8RH3eabs3P29I5caWdyDi5n4qoiDr/0Wbiu1V7RG8J4QwDmkq1/gMiYmDr1lkbzFnnA1nxXBtFAv42IyFb7SQdlrFVmb9M2rE0ne3uLjYjI8lGj3Zi7TQ4i0zZsMRup45PaCWo60uX+6LScLKP6jGk5mUay93VNdTEt7QnZSuipHI3MD+TKu9vqPukkY+4WKapM27Al1zjh8YiIMjbIsWZawRaz0W45byGl+eHeDb7LvjeD7G0tviszmpWTFKzNkKZ0AxcsjgMrl7mhZEOG6k2/pZL58YIM6qw75muWCOUUPua7MkjVwmG5PJC1cnxgazRvk389kPv4hnTq+HiCGpb0tb6HBtZ+0qFajLRj7THL+L1C/75JXwNVC4etpc2YPS6llm+a3XK0QnIM5RsAAAAAAItC/ZtlZftOds/Oid6sn2qr7pP7QtkMAGYonBPQboGuR2uWjXmTHF5iSvqsdEArkTTnbvfIVdvo9V7PmEMTZWAawbDUGLsidSA+xtHT11V3YaD5MiNGxIevdNh/d4U7XfaWVs0VLbnd3OMZutz25Zs/1y9NICLyejwjo277kH5pQvSKVH1yorgYz9Cws/u663qPEjeTFH8TIy5VgpBSVE0DArNptWMCm/QSARYjY8DUqr2vmyiN0gpKSguIAqokxFDX1j9AlJCk7kbIyTJaLH1dfoUJyhlCzCWD6qyrqDCatylPopvgaN19djKaVcFrWlICkT3IlkGOkpaTabQ0tlrIbPaVPIy/bFFCkCnfQF19djLm5qg2TE00ktgvYWtuC1gq5WZn1Hao6iZCOYVKbnZGbZ3UwmGr+8SetSWNKPD/lfM7ZmqikTrVM8g+qhtja2m3k9GsvgzzXRl1nQP9tqCfc+jScjKNlnaphcNy3pJwVynR+Dzc/HipmVQfRUdtRUVtBh5CCAAAAAAwf9UfKqtqySku35Gneu3NsqqmgNfmlZTNu4qvlp08acvbPCv/9GX9m2VVTUREtKq4/Okgd8W3gUrwO1h/qKyqRfxj4sMvvFSYEvStwH2ltxI3Pv+S6pK7T+7bf7p33Pa2k6+8drpv3EGkRSZtfGHXZtVZg61ftU13zSv7z/QFvS3q9Qe7A5N8hXyXOm4j1V0INP6AARsHPaPvLgW9wJDIt3TcRzDpWSbceAEIZwBNRNejNQPD7iQH90uf2bg/eL2e4ZEh61eOfnvM8mXEmKDTxd+RHpW4ZMx2/asPPiR5etozMurqH2CMvGNj5OCMiAnM0dXz1bunmFarHNAzOBibZYpKS9FESSPMjq7rjq+6+ZhDWQmpJrLlJyJy5dGI17XaL3Xo34BFJG1pAlHHBIlwaFQF0OkbSovMluqKOjGQ7e6brN0ivAKKp4MY6LeRrXcg8OUUJfINJjB297EE9FM3HquoHXdwFfv4m2zrH7dD2lK/gWy75WhFwBzxJAPbQU7hx5ydXld32UK5ZltzG2VumfKXAGlJCUSTXdS0VzrN71vayixjo5iAW1o7M7KLJt9a+q2ArbbyaGNHXbXFPMVXAgAAAAAA5kjejhe6Xtlfdag+T07u6g9VNSVufN4vyMt7unyehdF5O4rryw6fzJtWjDhD9fVKtNpUX095Id6KlqqysqrJcvw+S313oW/99ZYJcteQzqX6BKdnksD3JrVUlR2ioJdfX6+cscUS+h31EywZb6kqKzsZEOsH1Xt6/z4KPYPubqiXz9RX39C9ecrjyxuffq3s9HTD7vkhzAF0bxS7YRDcI6T3yBl0QN+F70mAbPAL69j1vpjly8R9E+68PXrZ0qEv2oeGhljAADUj4lJYTF7uHRsb7fwqIFY2pC3TpyQrKxnruOr4yuY7o9z7TKpxbCJinDOBeYmu6XRteAIhLCrm7PS6DnuwWdXGY/Iz/Sbb31Jd10ETTJtOnu3OhSCJ6uQpedA7Q0SNx+o6J3nUXoirWTpuNbZ+uzq5DfMYr/mujLraVgul9rdTVrD8OSDDDpLXT2TqXwBIS5je9y0tJ8toaWu2behu7UjPfnzc4aQmbv/257SCLeb2o5aJPjsAAAAAAJgHUgo355ypOlnTnVeYQlR/qKol8eEXFsDYZt6O2QnFu2tOthBRUmJib18ftUyWQPuiRmUetqXqzfq88UPT4tF66+ttm6VbbTt5skk5ywxMcKKpSFfnNzxcf2if7x/RTSl8qbxQWmHQwWo/8h2QB6KD3q7uk++3EFFiUmJfb9+4TN/3uU4ysk31h6T02feulKT3nTl0ck2wuWNpel3+aNQ3fwr1x8/0KQsO+LXBBGdRJfu9pw/V5E2dic8z4eyAJqIbeqE7RhjQC4wxVejMxb4LRuKrUvGF/YsvR6/7/hbEZa6ISkrwPbeQczky5sTl5xkyYkwqkmaMi0UfYrt01PIUQ2qScrQx61XnV11K+7Nq2JmLT0cUVG/ZNcI1rbYLTyCExcV8VwbZLR8F1uba6j7uIMrIniJgFQNT9dispbVT/qM47npZNRhra2mz31zVRrAlhJySipm4qlZ4yozVr3ja1tJup/Rss7SXMVH1f8ktl2cQtacmGpW+bFFXn1wHkrYyy0gdrerPxVZXeZMFx7nZGdTRWtvSRlk5wf8DT6r29q3GONGWirScTKO6XVqcQa6oCNYBPe3vW1pOptHe3lJ3uSPjriAB9wRHI5p0eh0AAAAAAOaBvB3FOX1nDp20UXfNyZakjTvGhWVBqpltJ18pe+Wkrf5QmeSVmpA7on07Ba+W7q55RX770PimZ9W7E51UfYJXTk72jJ4pdddb+ogo0bxj8yqSJnanlrJ51wsbxdCrqT7IDr1ESUTUd7pGelM1Yzt9SYmJRNR08uauVJG346YndvPMORO+Z6uv7yWixLztm3NICqmnSYqwiXKKfUvN2/H8xkTyu6vBpOSZE6d3NmleO2fz9rxEEpPrUHbL21FeLN6FPkv9LPSnh1eYA2gi6jUIthgNY9yvgkPKjomRlBcT4/ZW65gqgO652Dj85TUprVZvLEXMxDhnXHVAIoFIEB94yOjGf//2xkcfe0bHxKONdVx1fmVTBq6V9FnVyMGVHy3RUa0Yf4bFJ/fxbbnGjtqKSt+zAaUy3YyCKcdv05YaSf3wPUt1nSqINT+Qa1Q9N89Wd8JiVz+xcEbEZFZ+kqF4zNB33rA2neyNJ+qUvRvtAVGyv466ailHtVQftdiN5nyz0hztC7Ibj9V1TnSESVezxWy0W07Id97v7qVtWJtOHbWV8kMAbXUnLHaj+YGbmbkmc3Y6dTRaKHOiVNluUe5NbWWd34MWJ76MgrUZ1FGnXmmj3Zj7QPAvzzS/b2krs4x2i6Vzgt+FSA889MvlLdVHLfaMDejfAAAAAACY5/J2FK/qO334lUNnaOP20MPHvtOv1eeVl5eXl5fLEfaUumteKavq3vi8uNsLG8ePRTVVHaId0rtJLVWBDxusP27bLO5c/vxGOrM/MKK2nXylrKr74RekbYpTTr8WLMYOkZKWrkmRQtVQc14l6OzuDrJ9yuZHxaOJ6asYcydufHRGQ92pm3c8nEjUd/rwtB8UmbImT1xlS9XNh/UKX0A8flpcitqT8vLS8vLETP/96S776lWxbXmV/+HT8vLE0L+re+IDSuPMlJSXF1oiIlWjrMrLk44/ecCtJl0g9V69GtoO80eYKziIqM+gscby7EF3vMfLuNykwXzlG9I4M5Hjeu9YV49raISIus/+5lrN2WHrVZJHlUn6X1wQ/7e6yoNLTxEk31vc2dXdc6pOGxu9vPh/esecTlu3e8AuVW0o+8q7M2LikojYoMA+00d16vRhvxUAcy6toKR0ZV3l0aMVSopnNG8rnTp5JCJzUSlVV9TJBcDG3G3bEk8clXp7Ka2gpDTpWEVtRUUtkVjUUHLTsWDahpKCvopaabUZBdvMHx8NOmw70YJTayuPSgs2mgvMbbVtE25tNJuprqKijsi/ECP38VI6pqyBjOZt2xJPHLWID2ac3rVsI+XOG3M3mO11yrX4LzX0movJpCYaqZOyVk60ygxzZpvyYYb6JSDz46WpdaqVTl5OMr3vW9rSBCJ7evZEV24uKjU3qr5j4o0qRfoMAAAAALAA5BVuPPna6b5VxdMq38gplssY8rZufH9/CPW49cfP9OUUl8tnSdn89ObATXwj2CmbH805XTWuouFp+Y9peXlJp+u7uol8J62vOd23qri80DcXW2wpq5px0bAvLSVKy8upammZXgvwxPLEo7XU11Pe8vr6XqKkvLzlNLOoPKVwx0bL/tNi28Oa6eyZtvml50l+wl7f6dfKTt/Mo/N6T+8vO6385Pt6+CgT5XkpRCnmnKqmlum0YRARkW2SfHliTVVlZVXyD4kh/6JFagDPMecRUZ458fSZ8bUhi1D4A+gxDeuOFq7Ea1ffcGmkkFcqXCb5z+LctXfMMfrV9RtNl1399is//b83Glvc9iGp8VnahvvPL5MgH2j8u9zpHG75vOu/SJcQb0hLcfX2kcsltXko48/ijqo2ajfjl6Ki23W6ISH8w+AA84L8ALeQ3st9vFQVL5qLAtK+ktKCCTeegPlxv2MEnjGtYNJj5gYsPeBogbv7/dh4zEIJQcsa5OvaEPy+jLuuktINNpuNKC1wtePW4yfwWs2TXfiEr098Cv91TnEniZYGP6N6lUHPNdkXKNgFhP59m+K7QaF+xwAAAAAAYL7pPnn4dF9SYmLTtB5ml7hi+TTPY+vuppzNkx8/NWWqZNDvuXn+fQrd3V2U4z9HnGfOqXq/2y+lDpVc/mvOSyFxoLWqpSnw4YEzJR2txVLf3VXfJ51lxqPaYljf0nfm0MnUaUajaZtfKt+sVDwT9Z1+7VDKxD3PIQpeFV1//LQ8UU6+FH6amX5aSgrRzBtLppOwyx3Z0ih3ypq8xDOnp6gCXxQikroO6ISmJbobBuZhqqlnIoG4IIfIYv3F4Bftne/Wtr31ju3MR64Bu69tg7gyNE3iADXjSpqsFHRIr8g1Hd6R0ZGm313915/2vl/n6r6ueuYhZwFZNhPTZ+rWas/FxF7Xhj+IB4BZZaurrFCXP1iO1XbQxNO10z1gWhpqhwEAAAAAAELSXXPodG9O8a6Xdjyc2FI1876KWdBd80pZWRUVyw0eSSHsM2NS+S/1ndkv9klXNRGF2gI8ddWD0ulxyNLny2RnLG9H8Soi6jtddXom4Wza5pfKy4vFyoiZ9DITiY8ELC9/4eFEsdNj/DdJqrOgvtOvSXdU+nl6LckrVgTt15b6UpRfGPhbVVwuXWDf6ddCLBuR5rWlhpKysjIpow+tClx8sOT4qpCFICIBtEPDrkVrmpbohnQCIxIYY4wJ4hMFGSelGJp4z68bWt881vnLOvJ4xZhYjpiZ/NxCub6Dy88eJOlHX1RNvmcMekdHhz5t6jp6bPRKu3IWgTFBnURLFdJ8QKP5bXTMZwbDIMafARa6tA0lBRn2xqMVkrqB3G031WuRtqGktLTk5lqtAQAAAAAAbjm2k4fO9IltCSmFm3Oo5WTojxOcrrSUlBmHmyQFgokPvzDxdG5KSmpgOFhvaQlhqjoIOS0dr6++YfJb5JvRDh6GivLycoiI+vp6p1FJPIm8p4snfvZfcN01rwR7kOP0Z9tVUgp3iL8YGPfLDKnOIohQn+wnnUFq0KaWKt9DLOsPSenwZFG+fItC68uWE+0ggj5b0m9fZaJcqu9YWCI1+esSWGOC7rZRd7zba/B6lccGMl+mzBmR1+kSiATGSS5+VtJkkfIoQuK+Emel00P1VEOmHm32jo4yzn3z0eQ3PU2cM2JjgtCq15+IjR1F+gywOKCuYQIT1X0AAAAAAACEW/fJw6f7VhW/JHc57yiuL6s6dHLNTFuAp5C39eGT+6teOblcPH73yTfr854Ovc4iJSWV+mxXxTqN7ppDp3sDKjjEMuuqV2pWvCRWOtQfqmpK3Pi8XwLYXfPKftvm8qcnjwXltHRVsWrL7pP79p/unaCFw78BWdz3pcmaJaQWjily6mkQP76JcvPg+s7sLzvj/9LNpuEpm7dvrH/tdB+1VL1Zn6fcPXmi3K+dQwpqp9nCIVZ7NwW55znFk3915Vsk9mVPekapATygskP65cIELRx+TdNERJP+vmT+ilT26mVk12kalhra4zQeDZOSYnGoWSzQYIwxYl4vcY8SHDMmtm0oo8rSyLPy3EL5LSLVn+XxZy6/xcnrVRqfGSPinLg8+0zEGLkZNUZFnYyN69HqPBG6BQAAAAAAAAAAt5L6N/ef7k3cWOj3kL/iVX2nX4tUEUdK4UsvPExyA8P++rTpBa95TxfnNEl1CIdoc5AKjrTNLz2/keTSjLIqKi4PSCS76y19Uw6lyuW/AeOrKXnmRCKi3tPHp7hBOcXl5VNl3HILx833b/iOuEOu0QhJypq8gAQ/8eEXynfddMN12uYdDycSETVVyRPW3Sffl+6oX26blpeXRETUd2aqO+ov7+ny8uc3+i0+aeML5SF0V8u3qO/M/km/5ROUqEhz69Ty/lQz1EkbXygvnzzjnreY6cHCyB09xsPvsTvX3nCYRt1MzoLFvmYlMialFdo/UBaUVFqp7GC+qg1fNUfANr4SD2kb8tV0SBsT8WaD4YO4uP+Ojh1lbKqLAJg5y7tVjDEi8Tcu0h+Ufx//Y8CfJ38RAAAAAAAAAOZa/aGy+rybfsgewGKy5ozfGHxkH743omFXYnQGL4/18CS3h3l96TNxriTIUvqsHlL2JcvEGGPEfbUbUmDtnz4zVcpMRKpUWqnmEIe9OSObVnc+NvaSIRrpMwAAAAAAAAAAzJytu3sBPhQOYDZFNoAmol6D8Kmg9xI93DsS7TsfFxgJjJEysEwkT4mqxpk5Dwyj1WUd4i6q3FldEi13SvviaSLyCmyYCb+Mi7sYFXNdo4n0tQMAAAAAAAAAwGKWtvmlp+d6DQDzW8QDaCIa1AqNCXqHhuX3jy53eLRiO7McEwvy1DMxuVVDbHzmvsYMea7ZL2smv2INcUSaSY8o9MXTvmYPD2OdGv0HcTEfRccOIH0GAAAAAAAAAAAAiLDZCKA9jEY0wu/idGMadq/d8bVhZ5TXK08o+zqdpQSZOGNM7m4m+Uci4oL/jLM6fWaMGDFfoYe8r1w2TaMa4VND1IfRsc0Gw4BGgwcPAgAAAAAAAAAAAETabATQRORlNKQVvojVMyKHhrJGXMvcHoGTUpThi5vVDyH0n2UmX/osRcyCX9wc0PssJdRexq5rNJeion4THdOkNwwKwuxcMgAAAAAAAAAAAMAtbpYCaJFDoMuxOruW3dAJXx92Jjk90V4uSI3PbHyVs5IpE5faOURM9QRCIs6IM2JEnPyLob2MhjTCNZ2uWW84Hx3zpV7nJjx1EAAAAAAAAAAAAGCWzGoATUQOgVmjdV0G7VcG7Tq7wzTmjPNyHRdDZK6OoYlLgTJjRFzs3+C+IWjOGTFinHExvFbPSnMi5hbIrhF+p9f/V7zxS53eyRA9AwAAAAAAAAAAAMyq2Q6gRU6BWmL1V6J1JofLPOQwDzuNbo/AGMmjzaTq4iAiQSx4FluexbcEJrVtMGkbpUiaGDkZuxRtuBAVcynK0C9oPEifAQAAAAAAAAAAAGbd3ATQnJiTkVPD2qJ0N7Sa5hjDnaPOdJd7hdOd4PYwsUyDc4GY2Lzh99RB3x/k0JkRI3IxGhI0X+m0jdFRV7W6Ho2mR6MZFASkzwAAAAAAAAAAAABzYm4CaMWoIIzqhes6zXWdZpnbk+JyJ7s8Sz2eBI83zus2eng05+IS5dJnX/rsZeQU2AjT3NBobmg11zWaPq2mS6u9otf1abSeub0wAAAAAAAAAAAAgFveHAfQIhdjVw3aqwathuuNHm+Ky7PM5U70eBI9XqPHY+BePScN44KXExEXmIeRl5hDYMMaZhc0Nq3WptN2abQDWgGPGQQAAAAAAAAAAACYJ+ZFAK3wMNav1fRrNb+L1ouvaDmP9vKlHnc05wInInIzdkMjjAnCqMAQNwMAAAAAAAAAAADMW/MrgB7Pzdighg1q9HO9EAAAAAAAAAAAAACYHmGuFwAAAAAAAAAAAAAAixMCaAAAAAAAAAAAAACICATQAAAAAAAAAAAAABARCKABAAAAAAAAAAAAICIQQAMAAAAAAAAAAABARCCABgAAAAAAAAAAAICIQAANAAAAAAAAAAAAABGBABoAAAAAAAAAAAAAIgIBNAAAAAAAAAAAAABEBAJoAAAAAAAAAAAAAIgIBNAAAAAAAAAAAAAAEBEIoAEAAAAAAAAAAAAgIhBAAwAAAAAAAAAAAEBEIIAGAAAAAAAAAAAAgIhAAA0AAAAAAAAAAAAAEYEAGgAAAAAAAAAAAAAiAgE0AAAAAAAAAAAAAEQEAmgAAAAAAAAAAAAAiAgE0AAAAAAAAAAAAAAQEQigAQAAAAAAAAAAACAiEEADAAAAAAAAAAAAQEQggAYAAAAAAAAAAACAiEAADQAAAAAAAAAAAAARgQAaAAAAAAAAAAAAACICATQAAAAAAAAAAAAARAQCaAAAAAAAAAAAAACICG3m/3lR/fPoPx+au8UALHiDO5+a6yUAAAAAAAAAAADMF5iABgAAAAAAAAAAAICIQAANAAAAAAAAAAAAABGBABoAAAAAAAAAAAAAIkI71wsAAAAAAAAAAAiDX9psv7h27VO73en1zvVa5oBeEL5uNP7Jbbf9QVraRNvc4rcIYBEI5W/6fIMAGgAAAAAAAAAWvNe++OLfrda5XsVccnq9n9y48cmNGy1DQ8/feef4DXCLABaBKf+mz0Oo4AAAAAAAAACAhe2XNhuiVcW/W62/tNkCXsQtAlhkgv5Nn58QQAMAAAAAAADAwvaLa9fmegnzy/gbglsEsPgslL/XCKABAAAAAAAAYGH71G6f6yXML+NvCG4RwOKzUP5eI4AGAAAAAAAAgIUNj9QLMP6G4BYBLD4L5e81AmgAAAAAAAAAAAAAiAgE0AAAAAAAAAAAAAAQEQigAQAAAAAAAAAAACAiEEADAAAAAAAAAAAAQEQggAYAAAAAAAAAAACAiEAADQAAAAAAAAAAAAARgQAaAGDxsZ964b6VK1c+tOusfa6XAgAAAAAAAAC3MgTQAACLjb12zw/es5Pp2df/Yb0x2Aath4vXrFx539Nvd87+4gAAAAAAAADgVqKd6wUAQER0/lvRpv1NoW279fXmV9dHekEwa+xn93z/eI9mVdlPSldpgm5x4e0fNjiIHBeqT1mfLDHN+goBAAAAAADmyuqHmtPjiIaqT5z73tytYu/6LUWxRMOdK89emrtVzBnp8l295R9crJzrxUyb9BVy/br5g5L2uV7MAoEJaACAxcRxdv/Lx3uSt/5zZckdE21z35N/vcZAlFzw5CakzwAAAAAAcEu5dG5l5xBRXNH61bN63sx1F7dsad6ypXn9alr9UFEstXaeuDXTZ+nye3sHdUnPrcua69VM1+rj6XE03Ptrl+7+O9eVzPVqFgpMQAMsTunFlef+yKl+pfPI08UHW4k2vXru+/f7bauPn+3VBdPV9PZ/HHi32v7ov7+JmdwZc5zd8/LPe5L/8PXdBUG7NyTZ26sats/isgAAAAAAbjF7128p0i/M6c7Zkbnu4sqk7s4TW+ckgL10rjz6kbKk9OOrL83WAlYfX5kUP9y50hp9cWV6M3WuPHFudk48/2RVpsaRq7f64kVa90hZUnZlZtsCmiMuWZeaTa5fWy+W0LqLK5OeW5dVebFtrhe1ACCABlikYozJMX4vjBkNRERkMCYnJ8/RoibTVLnnx6eIVj061wtZ0Azr955r3jv+9Ya/v6/4p/ai15v3omwFAAAAACDislbo53oJ81y8IZ6oe+7OX3nxg0qikswsollJD1dTw4kTW4mIaF07UWZWCdEt+8uJs1+ckBLnix9UUlZJ5lwvaFq6W1dKifPFde3iVwimhgAaAGDxS05LJ2pqbuuk9elzvRYAAAAAgIUgc93FlUnxRK3Bp3SzKh/JuV8X0OG7+viW9Gzpz0PVJ3zjzyXrHilL0gX0Di/sGtzgd0AlWE+ufB+IiAZ7W1Q3Vrp1g70t65R50ik+gsB9A++ktIAgu0t3noiGOytDmr2VLzYI9QVOcE8y111MT4pPTy9S7dYa31Z5SbXByqSAfzR5qqsOfVXTv7fj1hPCYiS+eystZPzXu62y3fc3ZYq/X2oh9mXLn3vAqYP/dQt+H4LdMVlle5v6+zNuSSF+KLccdEADACx+Do+DiO64DekzAAAAAEDEDfa2rJzTB9zNe0PVJ06Mj/Zm6lJ1r4uISGdcr5ql3bs0TjxXQ2BouXqNkpDGLgnyD5DOD9npWy7ORT/y3vVbmsel4SHJXHdxi3/6PJHVS+Tf01D20pCbuGPTmx+ZTudypAqmF8b3Z77BBDQA+HFYL1T/11vv/teF5qt2BxEZjNn3bnryf5c9uXaCTmGPo/X82wd+/PbZlk67g4jIsCR7zaaiHX/+5HqTIYQTdlY+vqm8WfmxqXzzynLxjyvLTh0rERPTs7tWfucdoj98vXnfevsnld/bfeDUFTtp1uw+WfXkCnEZ9qZT1W//vPpXn7b22ImIjKlr7ivaUbZzU3rgKs6+uPI7x4m2/rj51cw5BZUAACAASURBVAKyf/L2nvKfnP20x+4hMiav2fDcrpefXDPBtdo/ebv8X94+9XGr3UGkMSZ/ff1zZbufXGuXLuEPX2/eF0LDhbWyaHN5E60qO1ldssLe8PM9+w6cbeiyk8aYfV9R6d+WbpLum6OzpuJ7P65uuGx3EBmWrNlUumv3E2uMmqAHdfR8evytg7/4xYWGHjuRwbhm87PP/XnRfXcYDRpyNFfu+bdWSi76Zr580/+taNP+JvUdBgAAAAAAWKAqu+3PJSXFk26ZLzeVUsLB3s6A3wSUrEvNJiKXa1Cni6e4NauJph6rbSv5oE3ePcgwe4imnCOWN5AmcOONy0qobeLp+PCsSq1k3SNSgqyeFF790PGpd119XI6tVZeZVbl+2bgtsypT44ho0OWK1+nEDHfCNcsjxtLQsc64PpNCG1onIoqPQMH0VN+f8H8oiwMCaADwafjhQ8UHe/xecthbP6re89Hxd1+qrtqeHbhD1/EXt714vMt/jxutF35efuHnFWv+4s3X/3KiLHeG7LUvPvYXx6UlepwODxER9Rz/ziMvnnX4b9nVcOrHf3Wquuj1d/auD74Ie8MPS4oPNqle6Gl4Z0/xR/Wvv/dq4C6enuO7/vjF91Q3x2PvsRzf89Spd1969Rszuxh3a+X/Kir/RF63x976UeVf/cHZkn+vLlvrOLvrse+84zud40bD8f9TfLy67PjPSrIDMmh7Q8VzTx/4RHX9DnvDO+XfeUdK8kljXPXY7qrvPrnGvxYcAAAAAABgMWi//tmdSffrxHHaS+SbsXV91h0wZ5213qgjokF76/tROUWxql3mkUsNw+nZsUQ6w7j/Eh5Rq4vEgpSAnopL57ZOtacUywaG7G0lZ8fNuWcuu0dHRK7PvuhatjI9O7TfAXyvf6goNo78fscwOdegSxev091vWk3tYfx8F8T3Zz5CBQcA+NhtPaRJvm/73uoPLjQ0Nzc3N1x4Z++mZCJyNLy6p9o/aCZrZdHGF493ERmyn/yH6lPiHp82nPv53ifvMhA5Gn5cXPJvrVOdM73kWHNzc3Pzj8X/RFtVdrJZMn44d/TdPS8dT3jiR8c/FreoLjEREdHI9R4HGe7aWvb68QviWx+fe3PnKiKiruqX/7kh+MW+t+c7B7vX/8Xrxy80NDc3N1w4/qMnskmMs//2VECaffb/k9Ln7CfkmyNdKTW88lcVn0/rNoscv/rB0+VXN+3++Tnp9D8sytYQeVorv3vg+L+VfOednmz5ShvqqncXJhMRfVq+55j/bwhGzu75w+IDnzhIk6xcS3Nzw4UPqvf+WbY4Sp382KuV+55cs2QGiwQAAAAAAJj/2s7aXaSqRCiJNhARuexnA6ZflfSzu+17/UNERLGplbP1ELzs9C3NW8R/PTRpdYNc8uByTPnfqMNJbsZo7ZpuKbkUy5Krt3qqMLYkxRgvfTSXGoaJiLJTpy7WkAtVXNcHQ13TZ190thJRbPrxEEo+VB/NlmZfk/s4c/r9WdDCPwG99p4cYuwmD+L1ehtbPvd6eZgWBQChWfVs1XdLVUmlwXhX0Y9+0rnpiQOdngvvnu0peiJZfqun+vvlTR6i5K0/evfVTcouGkPy14t2v7PpG7se+847PU0/3FO99c2i1DAt78zxXxf+6L0fbBo30Gxc/w+n3v5jVdlGTPJ9f135att9L56innfebXh5zZpxBzv73tmtPzr1qnwwgzF70w/e/tHIpr96z041bx1/eVORcq2fVLz8Tg8RrXrhePW35f8kEq/0P7+x6q8f+94p+/QvpvXCbze9+tGrW43y6Qv3vu2x3/fCKbIeeHE/Jf/h62//QJrDNqSuenL/69ebig5Y6cJ7v+p5wre0hh++/HYXkWZV6X++/exdyg0wGFesKvrb42vSi7bub+p558U9hWdfLQilEQUAAAAAAGDhkVs4xHFaZUz1ekCQqko/iehGa3pcNunuScmi9nAVUt+U7PQtzao5rOkHwTdFSu1nIm5Z8Mfujef/0YhzzZMUa8SmN29R3ZHhrun0aVza2rmkOT0uO/2hvZfOhb7bJOb592c+C3MAfYdpRcX3d312+WZ/QyMwMugNf/MP/9TTfyNMSwOAqa3fXhrk1a9v2rriwIGrdOFSEz0hdxw3v3XgAhEZt/5g76Ygo7XG9S/v2vTei6c8F94+3ln07TD1DHvWPPfi+PSZyFRUagqyhk2bN9GpU2RvqL9Ka1aMe39t6a7Agxk3PbnV+N7bdrpQ30RF0rU6Th15u4eIVpZVfHvc70E1yUUvl/7i1J7gU9aTSv/Os1v9z28s/JOtu04d9xBpNn3/b/1bQDSrNhWmHzjYSb9VLW3k1KGqHiJa9dcVqvTZJ/vbFWXvbSpvth//z1N7C7YigQYAAAAAgMVJ3cKRGa2MqfpvJFVMyMG01HQxVdVy2EzZAa0yB8XBlaOOMgo1SPY3dN1F2aHsujr9fvVHc2kaGe507p7sUuevU3Pu18UVrV9dPY2DSx3c41c/t9+fBS2cAfSypKWr777rht1+8GfVRNR8+cqowxHCfsH9Xemz2x7b/C8/PRrGFQLAjBiNRqKrRKq/0K3nTnUSkXHrUxPN1Ro3PfownTpFTecu9Hw7PTn4RtN01zfum84wtSFGXpsnyLurHl0fZFU5effR26eIHL5dLvzqFBHRfcXfDJ6jp65/dCU1NAd9bxLG9fmrAl/T3LHqbjreTPTwo+vH9TVn372SqJM8qo/hwvunPER035N/NFHEn77psVXlzU105tcXaGsIT0gEAAAAAIBQtF115pCOSB9dQiRlT5nRKURE1D0aGKXJ0Z5hRSaRNMKZtUJPRETO0cUZXQ06BinO/8GAlB0lFjWMb5aQEsz4qDjfa/GGeAq9daHtrD37/iQd6aP3+o2pqsgVE/FJOc1bcnyvT/PRdpEzk4x1aiHfW+kjm0GvsfzXYao7KTdp6O5fuaV5pWo5E2W48kMIZ6qt5ItlF1cmxcemF93EUSTz/vszn4WzA/pPtzxaVLhxidG488+Kdv5ZUW7O3TdztKb/n717j4uyTP84fnFyFHAUOYgcPICxgqIoJpqJZqJpWJZ00jYj3bTcVduSatNOWrtq/czKstZCXbM06CSJiplS5llBVNRAVAZFBlQGQUcEfn8M4shxgBlmwM/71cud53Q/1zPA1H65ve4/T/b08+3Xy79fL393V2fjlQmgDtpL6bs3Jqz5aM6c12c8MSJsSEjYwirpalZ6uohISF//aocQEVEE9QkQEdForhqrMj/f2lZg0GpUhxMTfope+Pqc2ZPDw0aEBD1f21K9Pp2rC23tlZUD9TPpqSUiovT1NU6KfoNXbal8mypl6OfpN6hOnhQR8ezrX/NQXj4+IiIlqelZDa8VAAAAQCXpV4tFROycx9/oMDu/s3NbEZHLSVUTswJtgYiI3cDON84unwoq6Rdb6Apmp67kiNzS4bfrgJEOUm1nDJGMrGsit3TU7Rbd0VGqzZFrEJ2jKRARO+XIGvpv3Eg/q7Lr6dbN4Adrdgx+b0+pjxTrzvRKDb3ZODlywIg62yiXN0QWu4H+I/R6IgfGjdDv73yjt3VVdspQE3VSPrXn07xio4x0u37/GIcxZ0AvXb02YcfOd178x7Q5tfZSN0yZiG8X72cfH9/W0T734qWZby00Ro0AaqNJXDLj9WW7zxtwqk51OWllqUdPihinB4dNDXfTpse+PnPeT+kN/zsXdas1LzYvpbKatiRVVTcNHAAAAEDt9NvyFuQdG7CnfHZz9J7z40d7+Vbp21uQp6qmc8KpPZs7jx7vUKWnrQGLtlk6/Scqzlu4paJtcUpsXscoZzuxc44aPTrq5gWXN++pptnCnDN5I/2d21aZG1uPPsjlXTjs2tbQf6M8/bxlUm236BE9Bto1UReFmr6XTM3g9zYjcotjefeJW79R01V13SPlt4VtRkQ521We3Vycd/OcikUO9Sd6dx2wx9+5rSk7KUfvSQ8d0WNgw5qL3GT+759mzZgzoI3u4JHUaXPmf7Ti69atWpm7FqDl0/w6+/6py3afF0XnkPDn5364eEXcb7/9tjspNTUhqqZ5zlc0dWe+/gE+Rq9VX0l69JPhc35K19ooA8IioxZ8+Nm3Cb/9tjvpcGrqJ+HGu41We914gxmXRmPAGohtlVV6egAAAABohJTw+PjYwlt2pavia0oV5yTG+6su37KrUOW/pUlXmWti0Xu2+Kfm3dI/ozhvYU2tjU/tGRB/bNctc1WLd6XWqyVFRqLmxvVV5k1HDuhYnn7eMuX8xiV6M9lboHq8tynh8fELK08Zrm5SfxXRe7b4x6sqNVfRm4d+Y9p1pdFuTLtu6+xlhNms1cuITMszqI9LzW7r7x9jMHIPaH9fn9aKVv16+Te+B7SIlJaWikhZmZSVGa9KANVLWvJKXK6I1+MrYt8IqXNGrYu7l4hKjqani1TpZFwuNfWoiIiXq6vRi9WT+928hYdFbELm/rJiQn06RBvKRvc/6enpItVH6bkqM3W3cHX3FDkqWQdTcyWghgnaqjMnxRQdRAAAAICW7dSeAQZ0fpiTGF+PleJSfvNv7vOdb8qI3GLAfFXD3sb6jVmz6D1bagr0azpUyyX1vUWN9df5JtTvXapvVbXW1sDRapISHl/Tt3hNBVS7vxHfCdX+lNX0Dle/v5qnaMD3TyPexhbIcntAi4iTUtmvl3/3rt5GKrBRpj4x/o9vV+z5fvXSt141dy2ot27enoP69TZ3FZbtzMEkjYh4hY+vkj6XZFUNWAPuClWKSNaa2N01DKiJW79RRCRkyMC623Q0wtF9u0VEhkeMr5I+556v868JGcAzJNRTRCRufVz1E41313TA5BT9BwaJiOxe82NNT5qbuPmoiMiwoUFNWhoAAAAAwMJ0HbBn9OjUW/oym8f80NGpo0fX2VraQgUOSR09Wr9NNupkzAB66eq185f+N1udO23O/Glz5u9Obuzv9YIDA5bNe23m0xOMVGCjDB804EJ+Qdb5nJ53+I4Zdre5y0E99OvlvyBq5qJXXoj62yRz12L5VCp15V3pKxauqRqwhkRO8xcRzZqXZidcqjqOJvGdBQklIi7jn7nfsJm35f2dDWonUV3h6sqFaxIXLE1q0FiVBIQ96CUikrBg3q9VitMkzn6pmreniXQc/9wDShE5unhm9Mlqjqd/MXXeARHxmvZ0qBnKAwAAAAAAtz2L7gG9deeeAQ89OeOtBVZWZq5kzvQp3bw9dx1M/u8334nIpIfHmrkgGKxfL/9XpkZa21hv371/9LC7yaBr1LlviIuISNzrU6N352pLRES053eveSk8fLHGy7PqBV6R70UF2Ijkxs0YFj7v+6MqXTvoEm3u4dh5D4RO/SlXxCX87ahQA1sPB/QNERFRrfk8Nr1IpEST9HOiIROYAwaGioikLpz2ekK6rgatJn3jwifun5pkb5y1DwMmzx3vIiK5cc/fP/WjxJt3SVwy9YGpcfZhYXcY5T4NoAh9bVG4i0jJ0YUPDLlZm2g1WUdj3wof/95REQl4adnMmrp4AwAAAABuE6f2DIiPt4TO43MS4/3j69Xg25Kk/OYfH6+3FCHqZswe0C1YRmbWgIee1L3esO33McPu7h8YsC/lqLnrQh0q0uf3l6/aeeDQa9Mnjx52t4gs/O9Kc5dmgYKmvR2+/vm43NzEhU8PWVix28Zl/Ecf+X70xMKqbY59IqO/0kydtCxJm77mX+PXVDqq8I38cE1UaJ3dpG9wCX/mkQ92f5urSZgTnjBHRMQ/KuH+uuftujwQFbUmceFhSf92Rvi3evfvFxX79NHwGcbowmEfOn/lfPWkOYm5uYmfTE38RP/2YYtWzVQ/l5BghNs0iDJ0UcwieWx23PkqtYmIuIS+9NGiyb5mKg4AAAAAANzujBlAz57y1CP3jxSRPd+vFpFn//V2UuqJxgxYUlIqIqVlZUZchHDqE+MnPTzW1ta26MrVhZ+v2LDtd93+pW+9emfvnpV2Vujm7al7KJ2MzKzHZrxc6Zz+gQFvznzOzdmp2qM1nay/8/r16yu/W//Z17GVTq62trUfLujm7ZmTd/HNJZ9WROENe7oxw+6OevZp+zatK/ZUGraZqpQ+i8g7S78QETLomijvWbRl08glby2J3Z+u0YoolL7B42e+MTOsszr6oxou6TPz693jE1cv+/LH7aknczUlIqJQ3hEU9uAz054M9apf72dF6Bs/f+Y6Y+Hq3ekaEYUyKNi3tQGXiY1v5De7+347b8GyxKTzGhFRdgwKnfby3EeClImz61VBbXzGf7YlJOHzhV/G7r55l78+N/PJUC+Fysy/Pe4YvuiXsGkJy5asiNt9rHwmurKjr/99kVFTwgNcTNqCGwAAAAAAoDbGDKAXLV/14y/b3nnxH4/83TihT9jdA8PuHigiB44cM8qA+uzbtJ708NiqaWwl1SbF3bw9//h2RbVhcWPY2tpOfvShsfcOa3z4a+DTVQTZlXY62rdxc+7QmALMrmr6rHM7Z9Bek2NTJ9dxjqJzWNQXYVFVLo38LrXGNQoUXqGT54fWNbJBbJSh/1gR+o9qjoQuSE1dUNuFQY8v+vrxKvvvWZSauqjqYNXurfuowivsHx+GVVNeed/qAD+fmkvU0zkytsa3s9a3uvrHERERG4XvfTM/vG+mQQUY9s0AAAAAAADQeLd1D+hu3p5zpk+p/ZzZf5ukS5/3Hjoy4KEnBzz05E9btunC4rH3DusfGNDIGnTNPQY89OSbS5YVXbkqIm7OTpERDzZyWAOfbulbr+rS55y8i8+//q6ukudff/d8bl7jCzCjmtJnnXeWfrHlj130g4bRnE/alSUi4tPZOC2nAQAAAAAAWgyLDqBNKr+gQEQG9u1TS4g89Ynx3p066mLi6W/8W7dz/tLlew8d0SXF94XeZax6Nmz7feHnK3QZdBdPj0ZG24Y83Zhhd/e8w7dqw419KUcfm/GyIbOnLVPt6bMOGbQBcuNeGuLfa8icXzXmrsTSHV0TnSQiEjKwr7lLAQAAAAAAsDDGDKDfmvXc6v97t4tnpz3fr97z/ephIcGNHNAUPaAr7E4+nJN3sfbpxq4dnGxtbUUk5fif+vsPHTtx/fp1Eenk5mrEkjZs+1039bjxHTAMebp+PXvo+j7vOpjc3Ns96/v7k4/Vnj7r6DLoUaF3TXxwTBNW13yc3/zVz7lSkhu7PC7X3LVYMs3ueVFfqERE+cAz4S7mrgYAAAAAAMDCGLMH9BsffPrVjz83lx7QV69q1/+ybdLDY/sG/GXqE+OrPce4+XJTasDTzZk+5YERwyo29x46UjHpu3mZt/S/hUVXcvIu1HnmO0u/2PL7ngxVVpPU1dx0HDnx/k+TNsr4KcSqImein37xYN/xEWFDArycXJT2IlpN7pnUzWvmLfwmXSsiLuGLXgtlsT8AAAAAAIBKjBlAG93WnXteWfjhwKDAyEeM0BO5qs++jh0+aEA3b8+x9w7LVqurnnAup5qdzUXLfrpaZGTWI1DenZxiylqaNZfw934Lf8/cVViMgsMJyw4nLKv2WMfwRWsXhSqbvCYAAAAAAACLd/v2gNZZ+d36oitX3Zydevfwq3pUfeGirtVG4F/u0N/fu4efra3t9evXDx07YcRiKlpOn8/N02/BrEuKW9nZ6o6KSP/AAAd7exEpLCqqpXtGvZ5u/tLl+mshArjJc8LCFXOn3R/i66msmOasaO/le9f4qM8SkrYtCu9o3voAAACA210r69s936ik6hvCWwS0PM3l59qYVc6Y9MSc6X9zd3VZNn/Osvlz7gru08gBTdoDWmfDtt+37NhV09HPvo7NPHdeRLp5ey5961XdzjnTp9zZu6eIXMgv2H841ViVTH1i/KSHx1bbclqXFNva2g4fNEC3577Qu9ycnaqeWUntT7f/cOqF/ALd0639cIGxHgRogWwUviETZr63Im7L7qTUckk7E+K+mB8Z6kXnDQAAAMDsein5O4m3qPqG8BYBLU9z+bk2ZguOb+I2nc46N+Wxhz7/JlbKyg4ePd7IAfv37rls/py2jvYFl4uMVGM15i9dHviXO7p5e1Z7dOV366Oefdq+Tes7e/fc8/3qiv1FV65+snpt49fu6+btqT+srvny/KXL9fdUNNOodHJO3sWNiX/UPn4tT7cv5egnq9fqnq5qGQAAAAAANBcRHh4HLl0ydxUWJMLDo+oe3iKghan6k26ZjDkDOifvQmr6yavaawcOpx44cqzx85Yzzqg+/yY2ftvvIrJs3mt7vl+t++f/XnvRSCWX07WqqPbQhm2/D5swZe+hI/o79x46MmzCFP0uGUaRk3fx+dffrXbpv8dmvPzTlm36ezIys8Kn/MOQBLy+T6cbvJmuQAgAAAAAuA2NcXd/qnNnc1dhKZ7q3HmMu3ulnbxFQAtT7U+6ZbIK/eUX/e0rH33ZmOH8unV+58V/PPL32Y0uTB4ZMzK4V4+KRQinvja/8WMCplbw7ET9zZ2DBllZWYmIlZVVxYuKP6tuVnpd+04AAAAAgL4N2dkxZ88e1miulZaauxYzaGVt3UupjPDwqCWTus3fIqAFMOQn3eyCtm7V3zRmC46nHg4fcVeIrge0iHy6em3ysdo6FNepCXpAG27MsLujnn1aRBZ+vsLoc58BAAAAAEAjjXF3t+RExhLwFgFoesYMoHfsS8rXXC7vAS1y5mx2Iwdsmh7QAAAAAAAAAABTMGYAnX5GZWNjresBbZQBM86oPl/7XUD3bnf372eUARtjw7bfmfgMAAAAAAAAAIYz5iKERnepoODA4dS0U5n0vwUAAAAAAACAZoce0AAAAAAAAAAAk7DcHtBWej2gNZrLxisTAAAAAAAAANAULLcHdFCA358Zp5OPnRCRvcmHjVEgAAAAAAAAAKDpGDOA1mmvdPzb4w83chAnpfKOrl2mv/HvnLwLRqoLAAAAAAAAANCkjLwIYebZ8+t+3tz4cS7m5z//xrukzwAAAAAAAADQfBl5BvQVrfa/a7837pgAAAAAAAAAgObIyDOgAQAAAAAAAADQIYAGAAAAAAAAAJgEATQAAAAAAAAAwCQIoAEAAAAAAAAAJkEADQAAAAAAAAAwCQJoAAAAAAAAAIBJEEADAAAAAAAAAEyCABoAAAAAAAAAYBIE0AAAAAAAAAAAkyCABgAAAAAAAACYBAE0AAAAAAAAAMAkCKABAAAAAAAAACZBAA0AAAAAAAAAMAkCaAAAAAAAAACASRBAAwAAAAAAAABMggAaAAAAAAAAAGASBNAAAAAAAAAAAJMggAYAAAAAAAAAmAQBNAAAAAAAAADAJAigAQAAAAAAAAAmQQANAAAAAAAAADAJAmgAAAAAAAAAgEkQQAMAAAAAAAAATIIAGgAAAAAAAABgErbmLgBAM1ZWVmbuEgAAAAAAACyOlZWVuUuwFLZpUW+auwag5VCau4AGIEQGAAAAAAAwrsbkLS0svGYGNHB7IW4GAAAAAACwZFXTm2YdSRNAAy0foTMAAAAAAEDzpZ/tNLswmgAaaLHInQEAAAAAAFqYisCnuSTR1uYuAIBJkD4DAAAAAAC0YM0l/GEGNNDSNJdPHwAAAAAAADSGLgWy8KnQBNBAC2GU3JnwGgAAAAAAoOk1JkS28KYcBNBAs9eY1JjEGQAAAAAAwOwqRTQNi5Itc0I0ATTQvNU3QSZxBgAAAAAAsHCNyaPLysosKoMmgAaaMQPTZEJnAAAAAACA5ks/2zEkXLaoDJoAGmiuDImVmR8NAAAAAABg+QzPiw3ss2E5GTQBNNAs1ZkU606wsbGxtbW1trZuqroAAAAAAABgQqWlpdevXy8pKakzhraQDJpYCmh+DEyf7ezsWrVqRfoMAAAAAADQYlhbW7dq1crOzs7wjMi8SKaAZqb2D46ysjL9uc9NWBcAAAAAAACaiK2trY2NjX4WVBOzZ9AE0EBzYvgHCukzAAAAAABAC6Yf/lhyBk0ADTQb9fooofMGAAAAAABAC1Yp/LHYDJqICmgeLPZDBAAAAAAAAJbAMuMjAmig2av08VFn6x8AAAAAAAC0AFVTIAsMhQiggWagls8Oy/+UAQAAAAAAgOkYng6ZJTgigAYsHekzAAAAAAAAamHJGTQBNNBckT4DAAAAAABAx2KTIgJooAWynI8YAAAAAAAAmEiziIAIoAGLVtPnSC2/1GoWHz0AAAAAAABovFpCIQNjJVMjgAaaH9JnAAAAAAAA6DQgg25KBNCA5arvZ4QlfKYAAAAAAACgiVlyiEQADTQzhvwiiyQaAAAAAACgxTMkFzJ7TEQADTRj1f4NC7N/rAAAAAAAAKBpVJsIWVQ6RAANWKh6TW0mfQYAAAAAALg91ZkLmfcv0BNAA81VLR8TxNAAAAAAAAAtXrNIhwiggWbPMqc/l1hSMc1XfnGxprjY3FUAAAAAAACLZpnpkI6tuQsAUI3GfFhYyAeNjZWVuUtoCdrZ2Zm7BAAAAAAAYLnKysqsGhrCNOZawzED2vgG39lv/4bYtZ8sNnchaGlq7yVvIbkzAAAAAAAAml7tYZEZgyMLnQH967pVfj5dK+0sLi5eunLNomVfmKWkiDGj3nnlBRF57T+LBwYHeXdyf+z5F8xSCaCv0scHMTQAAAAAAMBtpdJE5qaZ12w4Cw2g73n0Kd2LtZ8s7t6184w33tmx90DTl6ELndcn/PrSvAWPhN+3PuHX8+rc9+ZGaYuLX/sPE5xhQcweQ5eJWNAHW0vHuw0AAAAAACw/etax0ADaAlXMdzbXFGzc5gzJlM04/Tn98uXujo7muvvtJu3y5Tt4twEAAAAAwA2GRM/miqebWQD967pVuhd+Pl1/37P/sedfmD1t8vRJE+zs7EQkO0ddMVdad2ZObt7dA4JF5HJR0Wv/WRyzYZPucv2r9h067OXeMe3UmUotNd6b+/ITD94vn6DUBwAAIABJREFUIk88eP8TD97/9Y8/f78x4cO3XtOdOfjOfrrXbi7Oum4h+nevqLamQ0Bj1L6wqVli6A///HOQs/MDHh4Ots3sU6V5Kbx+/aezZ/dcuLA4KMjctQAAAAAAAPOrNlau2GkJc6KbX1Tk59P16x9/rujRMfjOfi/NWxizYZMuEZ4/e1bFIT+frjm5eZ79Q3WHpj89URdA69LnmA2bX5q3QBcTu7u5pp06U+lGL81bsGt/UkULDt29Kp1z94BgXTG6Zh0zIv9akTLXcghoYUrKynbm5iZkZ7995Ii5a7ktuLdube4SAAAAAAAADGJt7gLqLTtH/f3GhIrNcZOn62LlHXsPpJ06o3R0qIiJs3PUH0b/T3fo1517PNzdIsaMEpExw4dmZGbpMmURmbPog+wcdcOKOXHylG6cmA2bkg6ndu/aueLutRwCalffKcxmX3jQxsrq8vXr5q3htpJ99aq5SwAAAAAAAJbIAmOl5jcDWnO5sNJU4opOF7rQuZYzdbOYlY4Ov+7cY5RicnLzGnAIMAWzx9AAAAAAAACFhYUZGRmlpaX1usra2rpbt24ODg4mq6vls4RuG9VqfgG0Pl0zjYzMLM/+oSKy9pPF3bt2NndRgDnpYmjCaAAAAAAA0PS+//77L774oqSkpAHX2traTp06NTw83AR1tVi60Nlio2ed5h1A9+/dK+/ipTmLPqjvhcGBPSted3J1dXTktytofkiZAQAAAACA5cjLy/v8888bfPn169c/+eST0NBQpVJp1LpqtHr16q+++sooQ02cOPHJJ580ylDGYjmpdPPrAa0v81y2o6NDJ1dX3WzokL6967xE1w/az6fre3Nf1u2Z/vRER3v7ak8+p1Zfvlzo3cnd2IUD9aOfNZM7AwAAAAAAC3Tu3LlGjlBWVnbmzBkjlYNyZo+VmvcM6JfmLQgO7Lnk7deWvP1ado46OfW4l3tHQ64SkScevP+JB+8XkR83/6KsYQa0Lq1+4sH7s/Ylfv3jz/qLHwIAAAAAAACoUN++z6YbpL4mTpxo4Jk7d+48efKkg4PDuHHjdHuMNYe6BbPyCB5i7hrMbPCd/T5867W0U2cee/4Fc9eCZk8571X9zZ2DBun+soOVlVXFi4o/q27qXtf+y6iKo5XaPetvlpWVtWvXzgTPVyP/+PimvB1SR482dwkAAAAAANzi0KFDL7/8soj4+PjUdznBwsLCkydPisiCBQt69667yYFRVLTgiDc41nj//fe3bNni5ua2cuVK3Z7Ro0ebsQVHfn6+IYlTpeip0iBG79QRtHWr/qaFzoDO2pdoopF1yxXquyu4r6Ojw75Dh016X53AEWMvXMo36S3Q3DX+r0LQowMAAAAAAJjR1KlT6xsiV4TXqK/G93o2dbdoCw2gq8bERvTe3Je9O7nr5jtHjBk1ZcIjZ7NzFi37wtT3BUyn0mxoAAAAAAAAmEhxcfGhQ4fMXcUtdCGy5Sw8qM9CA2iTOq/OjRgzsmKy84mTp+559ClzFwUAAAAAAAC0QMXFxRs2bDh9+vSFCxdEpEOHDl27dh0zZoytbXNNJi9evMh8bcM11y9zYyxa9oVuvjMAAAAAAAAA09m3b9/SpUuzs7Mr7f/hhx/+8Y9/9O3b10x1oencjgE0AAAAAAAAAFNbs2bN//73P93r4ODgsLAwEdm4cWNSUtK5c+f+9a9/TZ06ddy4ceYus96cnJxeeeUV3WumQtfJ2twFAAAAAAAAAGhpvv3224r0ecSIEW+++aaNjY2Njc28efNCQ8uXYfvss89++ukns5bZEHZ2dr1vMHctzQAzoAEAAAAAAAAY04ULF1avXq17bWVlNW3atKVLl27cuFFExo0b9+yzzyYmli/PtmLFiiFDhpi1WJgWM6ABAAAAAAAAGNPx48evXbume21vb+/g4HDixAnd5uHDh52dne3t7XWbV65cOXbsmPkqbYji4uJDN5i7lmaAGdAAAAAAAAAAjGnQoEEBAQFHjx4VkcLCwtOnT0+cOPHf//63lZXVpEmTMjIyioqKdGf27t170KBBzSvJvXjxIq2fDccMaAAAAAAAAABG9uKLLzo7O+teL168uE+fPitXrly9enWPHj0WL16s2+/u7v7Pf/7TrGXC5JgBDQAAAAAAAMDIPDw8Pv744zfffPP48ePHjx+fOnVqSEhIaWnp7t27L168KCK9evWaO3euUqk0d6X15uTk9Morr+heMxW6TgTQAAAAAAAAAIyvffv2ixcv3rRp04oVK/Ly8jZs2KDb7+zsHBkZOXz4cCsrK3PX2BB2dna9e/c2dxXNBgE0AAAAAAAAAJOwsrK67777Ro0adeHChQsXLujSZycnp2YaPaMBCKABNF9togaHRiqtVVn7wg6p9Q+M7zd8fke79Mx94YfzDB2s64A9/s6Sd2zAngyTFNvsJP+weKumz+NPDe9U97nntqz6JkXTLijimXvc9fdf+GPtyr2abiOeGtdT0dA6UmIWb9f0iXhmuLsBJwMAAAAALJGVlZWzs3NFS2hLs3r1agPPPHnypG5ZRcMvAQE0AEvQLXpEj4F2oi1QTfs9ZVelgzVEw6GB/Sc4Xl7zZ/HY7oGfXdg6VXXzkJIFVuuSHPPx1kyv4S+M61OxqzR7a3RM8mVlj/sjRne3r8dYpzavP6Ycfn+X/fGbt/o9Ndzz5hFtida4ZQMAAAAALJa1dfn/G9eltPVScUnFIE3pq6++qtf5hYWF9b3kdkYADcCCKNp6RPmnPZx6pe5T3QKjPBQHT+yYl3HlaLvh8/8yIFK1J/rGweh9W6NrvxyVFSV/932yxsZ7eD3T59IT6zdkd3/oqT6e0v3KDys3bvePHNrpxn8tdBry1AtDTFQwAAAAAMCyeHh46F589tlnDRvBysrK09PTgBPRnBBAA7AYxdpcG4W/d9DM0zuXFNV1ck5K+KYU3cvY/Vtjm6C8Fu3c1pitmSXt+kRE9KlP+iwi1n5jn/fTvXToM+75PnWdDwAAAABooTp06DB16tTPP/+8rKysAZfb2to+++yzTk5OJiitek8++eSTTz7ZZLe7bRFAA7Acl2OyiiO920f28YvdeUJlwAUwisLkH2KSNe3oswwAAAAAaJxx48bde++9p06dqm8GbW1t3a1bNwcHB5OVBrMhgAZgQTSHj8V16De+fed53TIjM2ppxNEm3L/nNA9n31bWIiJlpQVFeTHH9i3MuXE8cEiql2JX6pbIUzWNoJzQO/A5N6WLnYhIQeH5L8/ecjhywIgoZ21s/G9zbu7rFj2ix8BrKv9E3czrwLjRXm55xyadVy7q7q6rpOCK+suD+5bl37zGq1OPuXd4hdjbKaxESrRJWcdUzn3CHS7fOrJZZW1fu00l3kMfqz59Lsk5sCHuj9P5xSK29p16Dh073Ff/PwfyT+xI2HH0nEZ7vVTEVtGuU0Do6MHdK86oYyXD7K1fxCS3G/rCaPvE+B3JWZrrpWLr4NR1wJixQZV/4339/MG4DbsyLpWItY1Dx4DhY4feuEt1qxRWvW+pJm3H1sSUc/naEhGxdXDqM2piaJeGvmkAAAAAgBq0bds2MDDQ3FXAgrBQFwCLop5zLFtVZjfQNzCyxlYQbSLvHLSoq6uvVdGu7LNxWWcTNcWtHFwj+w6Z72bgXdpEDhgw11PZtlSTmHU2LkutsnWd6evUtgH1tvFa6e8q+dlxWWcTC4rbtnGdGdRnYMVRt8BlvbuF2ovqwvm4rLMJl4p9vQPD2jTgNiaTtf3LmJR8ZWDEw4HV/Zb5es6Or9bul+53DQ4d2rebouhccvwPe262Rzn366ovfz6Yed2158DBoUMHB/vYX806uD76h+TC+tRQqt76zeZj0mXAkMGhdwW6ysW0X7+JSb6lCcv13F2r1h2U7gNDhw4O7qwoPJey/sd99bhJafbW6FXr96muuwXcNXRw6NCBPTuU5F+uT5EAAAAAAKBBmAENwMLkJM876/SZp/NzPbtF782o5oSugc+5KLSFqhmJKYk39nl1G/BdD+fxdwQsyzlad++OroHPOdvdOoJy7uBBE5T1LratvWLXsR03Jmu7fjisf5i9c6Sn7MoSEef5Pbx8rYv1TiivU1Hv+5jIucTvVdftAyIm3Vw28FZF5/IDH59cfjT4L4qvlu/KOXYof8DAdiJybnt8ksbWe+gzERXhdd/QrO1fxqQkbjnR50E/Q6vIOp5zz6Rng8p/4RB8Z9f45euPJW4/1md0jxunFJ7T9Il4ZrhuIYp+f1Gs+fKP88eTL/W/q71Bdzj2s259xUk3O1z3629oeQAAAAAAoBGYAQ3A4iQeOhJXJG1dfKO7VnN0ZientqLdffJm+iwiqoyUzYUiSudpBowf6aasMoJm3tmLBQ2otUg992arEPXmAq2IdatWIiJi7xHkIKI5q3eCqDJStte5vmLT6dDJ3UYuH9+dUmNNnYL1smmHwO6uIsVa3dkZySfyxanP8FunTnsODfaU66eOHza8ija+IUF6092tu9zV00mun8vM0q+j7/CbyyDbB3V3FSm5WkuPFn2lKYdPltj63Fvv9RUBAAAAAECjEUADsEDq2annVWI30Kf/+CrHXO2speRKlXnOV9KvFosoPA3o6uvb2q6aERqyQq8UXNHoDxN3rVjEztVRRETc2riJqIrO33qfK9oG3cg0FHc8/FAfZUnmtm/Wp1abQds7u95yfutWIpqLulbbmstaaePq3aHyNW4dlFJ6MUdtcBUdOnW7dUc7RweRovzcm3scOtxah0IhormQIwY5f0FTKh060e8ZAAAAAAAzIIAGYJFyDszLviIK11nBXiYZv7REY5JxqyixoAnP1bB2H/74UG+borTNMVuzqh62tWmCf0tUfwsbRWu9Ohpdhk0ri2l8AgAAAADA7YQAGoCFSjyYlqgVF7fuH7a+Zb+6uFRs2gRUzqXb+La2k7IrqafrHllTImJn39fl1r12Nq0qn3jrfGp7R1e7+jxAmYiIq4P3rXudlZb2uesQGPFQYDvRJH9fv8UDlY4KuaLOvFB5f84Fjdi6erhWf1U18i+cu3VHxjm1iNK5Yz2Kyc+/pY5zeXq/X2ijsBFRZ56ox3AAAAAAAMBILC0IAYAKqqkn1LnSJqyjvVZv7xK1RiuKEJ/AUL2dXt0CRzqItiBvjQHjrtFcFmkz0KfbzRDb3uNDz/b6U2RTi6+L2HnpdX4I/Yuzb73KP52XXiKKdh6L3G7u8+/RI7RNvUZpEp5DHxvmZVus2vrN5jSDM+hu/r4OcjF5a8otV2Rt358ltl19e9R8YWWa9H1pJTc3C/f9cVwrzr49DFtgUETp0EZErcoovbGj9HRSml4A3b53j45y/eSu6qZ4AwAAAAAA07I1dwEAUDPVvi87jYhyaeMicnOFwLSkJR0GRzl7fTai/a48TW6JKB2dQ9opFNfyFh48Vrk1dLWjpqh2ufUY6Nzju6Guuy5qtTYKf2dnt2tXCuRmNrwrMy/dzcvXvV/CQHVSUYnS0TnEsVRVLPVpCJK+5KzHMm/H8L7DffPy0q+J0tE5pG2x6qr4tjbg6qbl0GdcRN6qb5JPrP9G8Xik3sKDtegyfGwf1TfJ2z//b3qf3l3a2UnhuaOH0y5qHQMfv9+vHvdW2qp//vIr/749XGykULX/wOlCUfa5d2CV5tI11hH0F+WxpBM/fKENDvZyKNb8mZxS4ugqhRW/trAPeXBoZvT25Jj/ZnYP6NXJXqQo51j69T5Pje1ZjzIBAAAAAEADMAMagEWL3pu+61qlfVei9+yYd+aSSuwHunuEe3qEtrVW5Z2et3NPtKH9ljMidx6Ny9dKG+cwT49wN6VcynjpzK0X56ZMSz2bfk28nDqGe3qEtLq8Jum0Iem2vl2Hf5uRoU6/bufv6hHu6dFXoU1I3ZdUYsCV5tBpeMRYf6VoUmK+SzFwGnSn4U9NGhnQSc4l/7EjcfuO/RklboHDJxmYX1do1/eph/sqMvcmbt+ReEAlTr7Dn3xquGd9Kr8nYmwfd4erp/dv35G453TrARMn9ry147NDYMRTo4M9FYUnDyZu35H426HM666dO9WnSAAAAAAA0CBWHsFDzF0D0HIo572qv7lz0CArKysRsbKyqnhR8WfVTUOUlZXpv6jpz3bt2hn1yergHx/flLdrztosGjos3P5ybPxvcxoxSuro0UasyXyyt34Rk9xu6AsRgeauBAAAAACA5ic/P79SvlRLAFX1de07Gyxo61b9TWZAA2i+nBcNHZ06alCUueuoB/tuvm1EtFd2mbuQlig9/pOPF69L0RpwKgAAAAAAaBoE0ACaMW1JqQFnWY42kb08/K0kNz87ztyltFS2djbmLgEAAAAAANzEIoQAmq+8Ob9vakwjC1OL7D/8Ocfi9Msa1TURG4W/k5Ovwlp79fyX++vbTRqG8B39/N/NXQMAAAAAALgFATQAmEpq4eX8dk7+Lo5BViIi2mJt6nnVl8dOMP0ZAAAAAADcJgigAcBUdqXuCUs1dxEWzX345L8PN3cRAAAAAADAdOgBjZYmKKBHUEAPA0/28+nayc3VxBUBAAAAAAAAt6nmGkBHjBl1PHHj2k8W6++cPW3yqZ2/vDf3ZQMHGXxnv/0bYn9dt6oBR2Gx/h755MoPFjz+wP11nvnPZyN/WL702YmPNkldAAAAAAAAwG3HcltwrP1k8d0Dgis2T5w8dc+jT1VsxmzY1K2z11MR4yLGjIrZsMno9/36x5+9O7mnnTrz2PMvGHFwNIGFny7/z6svvfr3Z0Xkm59+rum0fz4b+bcnHvlt7/73P4tu2gIBAAAAAACA24VFz4DOzlE/+twsz/6hM19/x8PdrdJ850XLvjh6Im360xP193QddO9L8xYYOP6OvQeCx4zXz7V1t3j0uVn3DBogIrr0WTfb2vCJ1TCvEydPvfLv99JPZ77692drmgddkT7/881/Xy4qavIaAQAAAAAAgNuC5c6A1hezYdMj4fe5uThX2m/06cm/7Nj1+VdrRSR4zHjjjoympMuga5oHTfoMAAAAAAAANA2LngGtr1L6/Ou6VVn7EnX/VMxNnj1t8vHEjbOnTa507a/rVum3ctY1d177yeKKFxWHnnjwft2Yp3b+ohvnvbkvL3n7NUd7e90h5kE3FzXNgyZ9BgAAAAAAAJpM8wig35v7soe729IVX+k2Z0+bfFqV5dk/1LN/6Nc//hwxZmTV0Fnf/pQjHu5uEWNG6TYfui/M0dHh27iNlU7ThdS6YWM2bJ4+acLsaZNfmrdg5uvvXC4q+vrHnz37hxre3wNmVzWDJn0GAAAAAAAAmpJFB9Dubq7rPv0ga1/iEw/en3Q4tWKxwUXLvnj6n6/qXu/an6QtLu7o6lLLOLv2J4nIwOAg3WZwYM+z2TmVli6cPW2ySwenioz7+40JeRcv9e/dyzRPhiain0G///rLpM8AAAAAAABAU7LoALpiEULP/qFuLs77N8QOvrOf7tDsaZNP7fwla1+irj9G7ePEbNiUdDg1OLCnbkVBlw5OG7Zur3ROR1eXDu3bLXn7NV0LjnWffuDu5mqyJ0PTqcigI+6/j/QZAAAAAAAAaErNYxFCEdmwdfuUCY/cFdx3x94Dv65b1c3bc+nKNYuWfRExZtQ7r9S9FOG+Q4efihgXMWbUwOCga9eu/bH/YNVzsnPUM954Z8feA6Z5ApjNiZOnpr/2Vq8efjv3HSR9RsuQkXnO3CUAAAAAAIDKunl3MncJFqfZBNAVIsaM8nB3i9mwedGyLwy/6o/9Bx9/YMzA4KDgwJ5pp85UTZnPq3MdHR10AbexS4b5nctRn8tRm7uKlix19GhzlwAAAAAAJnHy5EkfHx9zVwEAzZVFt+DQN2b40MuXC//Yf/CcWn35cqF3J3fd/ulPT6yzBYeI7Nh74Nede+4ZNEBZ3fKDuoT68uXCxx8YU9Hl44cvlurWLax0RwAAAAAAAACAISw6gK5YhDBrX6KIBI8Zv2PvgR17D3zz04aQvr11+0+rsgxsqrBrf5Kjo4PmcmGl5Qd1duw9MOONd0Sk4o5a7TXdmbrw+u4BwVn7Et+b+7IJHhQAAAAAAAAAWiArj+Ah5q4BaDmU817V39w5aJCVlZWIWFlZVbyo+LPqpiHKysr0X9T0Z7t27Yz6ZAAAAABwm6IFBwCLlZ+fXylfqiWAqvq69p0NFrR1q/6mhfaA1k15tkBbfvtj0guvmLsKAAAAAAAAALBE33p7629aaADt2T/U3CUAAAAAAAAAABrFontAAwAAAAAAAACaLwJoAAAAAAAAAIBJEEADAAAAAAAAAEyCABoAAAAAAAAAYBIE0AAAAAAAAAAAkyCABgAAAAAAAACYBAE0AAAAAAAAAMAkCKABAAAAAAAAACZBAA0AAAAAAAAAMAkCaAAAAAAAAACASRBAAwAAAAAAAABMggAaAAAAAAAAAGASBNAAAAAAAAAAAJMggAYAAAAAAAAAmAQBNAAAAAAAAADAJAigAQAAAAAAAAAmQQANAAAAAAAAADAJAmgAAAAAAAAAgEkQQAMAAAAAAAAATIIAGgAAAAAAAABgEgTQAAAAAAAAAACTIIAGAAAAADTWua2rFi/+IfnG5rGf/7t4yarEc3VdlvzD4sWrttZ5WotSmrRvk//GbWvUtZ6Vk/xw/KYZxy41WVlV5R79LSh+07wM7a27tYm7NvnHb5r95xVzFdYybIsK8PEL8IlKNODc3HVPBfj4Bfg8HJ1W0gSl1Uh7OuH9OUs2ZZto+MRZfgE+fgGztppofABmY2vuAgAAAAAAppUc8/HWzMo72/WJeGa4u2luqL1+zTQDWz518sP7zqbWcDDcb/Qi32JNaXXHStWxvx+YV1Tq4xq40l/7dlJ2QPfB8+9wNEGJl9Zs2znvivLDewaHta569PySXw4sk47f3duvbWk1YWdB+oHXitzj+srspH1xnkPC7RtaRXJyWVKS1aRJDb3ekqmWPzjy3Zq+CUR6Rm1eP8XL8OHSlk99Za//i0tGbvznoheih66f4mOcMutN9b8ZM5emihxVbv8u0ttMRQBojgigAQAAAOB24NRjaICb3raio5PJ7qXo9dDfeplsdIvW1iOqe5sC3eur6oUqjYub7zPK8oNeLiKiCB0wqnI4WaqO/i15l3PQ7rsVCbv2PXHkjq9HjmprqhLbj3RtM++MZv0ZbZifovLB7Ky4a+LV0dNfRHoNS6r0VSxKfzv9yjNBIb5ussh92/i9RwcODXC5ee3RGcfyBvYcMsG1rhKOHSsJDxcR66NHrRYsMNaDtUyHl0xeqH5g2c/Th7f9qyI9bNrTr/gl/Ce0yhfO6LJ3L/942bozoV+sqsiaXbv3dZHUgn5jh5I+A6gXAmgAAAAAuB04ePTr28fcRbR8rV0H3nEjf1Vf+VSl8WrvF+Zb11XWrpFDR0SKiEj4XSPCTVyji6972JmMBPVprV/lBDo164JK2sz16Vj9lfa+i0aWP4xv0PCkSkcL8xOuFPc1oIDS3bvLX3zzjU0LDKC9pvx4dEr56/LZ0PWd9XxTr5nbT8zUvVQOX7j7hBHrrNXR2HfX7Rb/UL1dimFvJp58s6kKANCC0AMaAAAAAIDbSetuY5UimvMJVysdOB2TWyxtnEe2b6pKnEw3DR8AYCkIoAEAAADgtla+fmCpJm1rzOcffbx48ceLP161/ojmlpOK1ft//qr86EerYnarMreuqmX9wEprEkpeyvpVX360RHf5lyu3q249vSTnwPovPy4/+s3W9EKTPKilUCVt9Y/fecvac0WqNTu3DdgY7x8fH7R52+zDqoKKQ+k7/eO3RquLVSf2PLE53j8+3n/TlhmHz9+6MmBpQWbK7G2bguLj/ePjw7YfSCw4MTs+3n9neg0lKEJdlSKXY9Nv/SqfPr++VMLc/VxuubX+fS4l7NsWvqm8jMh9J3LL+1mnz46P9z9xSUS7cF+8f3y8/9bkSl9j1Cg74Y1HQ/z9Anz8Q0ZOX5N265dWs3/NrEdDg/wDfPwCfAJDRkYu2nRa74zT0WP9Anz8xi8/WXBg+cyR/QN8/AL8wyLf31VwyygXk/4XNSEoMMDHLyDovpnLkwp0SyCOXV7tVylxll+Az7Q4EZHURUP1FgastHBi5vLxPn4BPg9Gp11MWj49PMg/wMev79DIJTs11Y2qR3s64d3IcF09PoEhEVFxlXrUqxPmR4T09fEL8Okf/tyakzcfeGuU7o7651d6looitadvvrFjo+JuXb9Rmxm/aOJ9IeUFvJmgPql7J6O21VE7gIagBQcAAAAAQPvnd2tzrvkGD/a1Lb54bO/RtM0xCY7PhHUREZHS7K2rYpIvKzp07xvcyV4Ksw/v/+GHUhsRB4PGvrBr5ep9F+y7BA/xcpCS/JNHj1y4KFLRjuB6zo6v1l506nPXYAcpytx3MCM5/gfHZyYOaPDyds1NUfrs30/ESZtIL9++ClFfVC3MTNl1peS3O7tUnHI07bdPrzjO6ub7jGi3n1HFZh6Y3Wr4hzf6ZxSk7x5z4lKBov3Mrs5etqWq3LMzdqprbyGt6O41IePomlxVrlQ0cS7ddf5igSjHdq2hv3CpOnr7voVX7cI7dZvpYK0tOL/gfPqQ367/NjTARVyf6V4yUnN2Rs71cK/OI1uL2DnV2QgaIiKZ0RPv2X1A6eXmdC3zYkFawvyRUa6pS8J0X4O05eNHLkwVEVG6eLeV/OzctB3Rz923fcrq2H8F63+ZCn586f53U7Wu7i7KwlzN6d1LI59utzF2iu47SJM4K3zaT2oRUSg9XRW5Ce8+oerpV0tNCjdPL+8ideZFrdi0dXVv11rErZam05q4F8IXHdG6eLu21WQXZO74bOLTta1SmLZu2sQ5iWoRsWnr6tlOm6s68ENi+sLwivNVKyJDdiUpPV2VRSqN5uSmN8NnOR38dHQ9214fXxJxX2rajTf2yA/xk4UVAAAgAElEQVRRE1spE+eH3nhjJ+i9sdoja2aGH/KvZklOAEZCAA0AAAAAtwPV1sUfb7256TX8hXF6LaHV52ToMxMCdYlycMfrn39/4tihE2Fd/ETk3LbNyRob7+ETI/qUh8LB/VJiordnVr5F9XKST1wote81Zmyop4iI9OsfWqw/F7HoXH7g45OHdrIWEQn+i+Kr5btyjh3KHzCwXeMfuhnQJianxZUpPxwyOKz83e0ekrQt/FxGrKbL+PLVC7VxVz3ihvXxtRYRCfO002zPSDiXnusX4CIiV9PfTruU29ojbmj5CXKHX2jStvBz2ppvKmLtHeZ0bE1ezuZLARN0DTdKM2LzSqW9e1gNOZzqUMrCq4qZwcOmuelu4zf0zx33pmV+eiZgbmel/x1K//Q8ySkNcPcLI3s23P505f8lpoa7iGgPLBwbsVwl8XGb/h32gL3I/vkTF6aKuIz695oPxnspRESrWhc14ZX4k8tfWfZgwsyeN0dRHZGZm5OmdleIXEyYFTbzJ03q/2JSp7zoLyI7/2/2T2oR1/BP4xaOchIRbWZsVMSrlRfC1BPyr183/2trlM+0OPGbFvNjjVFyuaxUeTEudaqPQkQTHxU6M05z+Ot1hyNfrHYd0tQlk+ckqkV6Tl3z1awgpY1IScGBD2L050wfSFd+kHjwAXcRbdK74ROWn5ZNcQna0eH1S6BT1b5Ld68PayuiTVs6YeSSVPW62E3/Cn3AXiR7zSsLU0Wk54txMVN9FCJyMen9yROW1mt8APVBCw4AAAAAuB049Rg6OPTmP31vDZXsewwKvDmfuWvXTrZy/YouwcxOzdBIh97D++hNSXYIHNzD0BnK7draixRlpqqu39hja2ejf0Kn4PL0WTdyd1eRYm1RAx6xObqaEXOp1MulW9jNt9Pa18PZV67s0ut9Ee4V6FvxFtl7DLUXKSnO121m5cSVWk/w0TtBrH17e9W1kqH1QHentnJlveqSblublh0n1hM8utVw/tnYXK209Yh0u3mbtr6uQ6X04AV1DZfAAMHT3g7XzUFX9IsY311ERJWjFhHZtnaNWkRGzy1Pn0VE4fXoq9P6icjpnzce1h/Fa/rbU7vrTnIKG3efiEjmed3XJfHHtQUiMmrOvFHlDbcV3uPn/j3YeI/gOfU/uhhXRDk6/D4bEVFl5lR/7oGYNZkiErbwqxeDlLqPAZu2/V6MHKZ3Tr/pcx9w11Ua9GiEj4iISl3DeDULi1oQpvtrAIru48J7ys03NjM+9oCIdLlZtjgFvRg1QVnfWwAwGDOgAQAAAOB24ODRr2+fGo92cPPU31Q62IsUXDgn0knUFzSi8PfqUOkKa0P/76Si390hJ9bvTvnho1Sld8/+gwcHdLplKqO98y0TZhWtW4mcv5gj0snAGzRrBVqViCon2T8+udKRVgVqEd1bowhorz97TOnaSuRSUZaIr4iq4IqIfd+Ot04vs7aROnX2mngib1luZq60dxFtoloj1s5ju9Q0Te2KqlikOCMoPqPKEc2NOuvv4sUGXthieHvdfO98/ANE0so3VGnHRUQGDe57y4+L+8B7/OTAiUoJb9t2ei1XfLv6i9yY4Hw6/UiJiITc019/GBdvb5H9RnoEpVIvuvXp7nfz5lWoDuwrEJFBQwfWkvZ6ubtUvO5+R4DIyYZU5aC8+cCevr4iR25spaemiogydGhP/fM7eXrrnQPAuAigAQAAAAB1sLWtZwNWfdbud034W/C5g1t/TUlL2fpNyo5uwyaOuzmf2tbmtv+ruUGuvs9UaTjStp3hMzKtFa0acFuPkR2OLjuvXq+WyLYZ6zXi1bFLUK0XuCg9XndrU3mvfb3TZ+uQEF0TFuvHH6/vtbcbpX3t3bwNHaa1YQ3bm4aRHqpR2tk34jMNQD0RQAMAAAAAamFjay2FOSqtuOsHNlevaUXqkeAoOvUdPaGvaNLXfxuftm1zcuC4Prd97iwiorBrJ6Kycgy7w6OBI9iIyJWj5yRMfw771eJaO0CX8/d29T9/dn2WeqxddoLYTfPoWPO5tkpryS1ThN7hZ4TcrkcPm7i4sqQkq0mTGj9YC+Xl7SuSKjv3JUl4yM3dmoP7T4iIl7ebYcPY66Yn79p/SB4YWLE3df9B41dsAFc3L5FU2ZSQqA0Pa/g3UmpqusiNJkInjxyt39XKtm1FCjL3HVSLf8UvT7RHk5j+DJhO8/4X/q/rVh1P3BgxZpS5CwEAAACAlsrXu6PI+aOJWXr7NPv+OG5IwikiIvpLDip9+3exl9LCQk1tV9xGlB5hbUSVm5HQ0KbXXq7tvaT4q9MnCm7uK046rEow5GLXLhFtJPVCxqe5V6RNx4nutZzqHeZkLQVno3NKax1Rm37ZsLr79CF9rt2w8HCliGbN7FkJN762WtW6uUu2iYj/E49Wu8RfVa5D7wsWkYL/LVxyoLzfScGB9+csPW3Y5SeSDhrzR1Uxany4UkTi5z235mT5J0hJwYH3o7cZOICvf08Rkbi1seXviTp2yX9P1K+IfmFjlSKyf9nrsaryGrLjZs036CcGQMNY7gzotZ8svnvAza74J06euufRp/RPmD1tskLR6ljayUfC74vZsKnaQWZPmzx90gQ7Ozvd5uWiotf+s7imkwEAAACg5So8e+Dgdf0dik69erobMAlRETw0MHldyuGYL/MCe9/R3ub6pdPJRzQdOtlLVt0Xi8i5376KyVD27NWlnZ1IoWr/kSLp2LtP+wY/SAvTfkKAR8z+szMSt4a7e4x0sBYpVeWr1xe2/3BooJchA7j3nOuknnoxfcw2zXOeSlfRHsw6u16hDJVLiQbcfaRLm3mZeWtEgry9XWo703pgr+7hv59Ysj9ht6vHhHYKEVEXqBMu2EWOGBCqO0Vp7y+XYk/tGXi9vbrgeli/gFrqL501q+zYMevp063GjjXkKW9DiuFzP3h01zPrcn+aHvKT0sW7reRn52pKRFxD/7M40tuAEURExOWvL0V+/GS0+vBnESErlJ6ukqvSKMMfCE39qfbvD1//nhJ3pCRh1uCQ911k2Nzdbw035kNtezPc/99tvV3a5eeqNNrwL1807PouY/86cNEru2TTqyFBS7zaadWZJWEPhEodz1LJwGn/Co19JTF306sj/f/t4m2vzcwu6DkuvPsPcWkGXA2gASx6BnR2jvrR52Z59g+d+fo7Hu5uaz9ZXHFo8J39Hhod9n18wv9ifuzetXMtk6C1xcUfLF/p2T/Us3/o2eycV//+7OA7+zXVEwAAAACAhbh4bPuORP1/dh2/YOClnYY+8+TQ7k6iTtmVuH3HntPSY3TEYBdD5zN18PRSlp5L/mNH4vYdiclqpf/wSY/3t6SGtObm1ufrO30j25RuP5cxIy19RvrpNZdtx3bxNih9FhFRhA4M/dq7vdc19by09Bknz6c6dvs+xM3ABtIu3d3DREQcJ3av63cC9r6LBgXOba84kquakZY+Iy3j00vF/p5d+lac4Bq4qLOjlzZvdlr6p0XWrWseqWzt2rLYWDlypPTddw0r8/bUdtj8hO1LIgf5tVVocjOzcjUOPoMi562PW/aoT32GCZ6d8PWcB3q1FdFqsvPdQmfHxC0cV3lR0Sq6RC6eH9ZdKaItyMxtp6zzfEPpPZS2IDNLJU5BD7w5weCYxuXRj9f8K8xHaSOabFW+5/hPDXmWqoN8lvBpZIi3QkSTm6P1/euSzTHT/ekJDZiOlUfwEHPXUL21nyzu3rXzjDfe2bH3gG7TzcW50iRoncF39uvk6lrtvObZ0yZPmfDI8jXfLlr2hW7zqYhxb/3fx0yChoko572qv7lz0CArKysRsbKyqnhR8WfVTUOUlZXpv6jpz3btqixiAgAAABjPuS1ffpNi2+fJp4bXewk6mF7pidmb0uOceqQO7GbuUqpR9ssvpU8/LSJWgwZZr1tn7nLqdvLkSR+feoW+Fk61/OGR7x6WnlGb108x+DcdLVviXJ8psSLhX55YOMzctQD1kp+fXylfqiWAqvq69p0N9ueff+pvWm4LjkrcXJz1NyPGjHrnlRcc7e1FpLi4eOnKNYYM0tHVpVUru4pN/S4fv+/Z/9jzL+ji7A/fei3t1Bk3F2c/n666idgVOfiv61aJSE5unu7CSj099Dt+VPQM0Q2oyj7v5d7R3c316x9/fmneAqO+NwAAAADQxC7+mVUktr4epM+WKfPSdpGBbZ0NOLX+1CkP71O5dhn0WUADG6lY3Xuv9SeflGVkWE+caOziYIDsxI2HRUR6+pE+l9u5dbOISC9/X3NXArRIFt2Co8J7c1/2cHdbuuIr3ebsaZPfmxuVdDhV11gjZsPmWVMmvTf35doHiRgzamzYPesTftXlxRFjRikUrXQjfLB8ZUjf3voj3D0geH/KEV33D0dHhxmRf604pEulPfuHPvrcrMuXC6c/PbGiqikTHlm6co3ukNLRQZdW6/Tx/8s3P23w7B9K+gwAAACguStM3p58QWy7+vYwdyWoRqk6+mRegbQJ9zSwD4cZWI0daz1jhjibJiKHvsTPXok/qa1YCvRi0vvPzz8gIq4THh1s3srMRbXu39E71RXLqGozY2fOWlMgIoMeH2twc20A9WDRM6Dd3VzXffqB7vXve/ZXTDQeM3xoRmaWbsKyiLw0b0FwYM/gwJ7VDqKws5s1ZdKsKZN0c5m/31i+sGnMhk0VA/6x/+DjD4zx7nRzxd8TJ0/pkuKYDZseCb+ve9fOg+/sp5sEnZ2j/jD6fyKyY++BX3fuGRt2T8SYUTEbNo0ZPjTpcKqu14f+oXNqtYhkZGbpDgEAAABAM3Mk/vP92k5eXh7tbUSKco4dP3a+SBx8R4/wM3dlEBH1msQju1opBzo7uopoC/Nicy7tKrEO7dJzvIlWenQN/G50oGmGhglcT183c8k6m7au7u1al+RnZheIiNj4/PX9mf1szF2bmWh2LZoYvUjh5OVmL/m5Ko32/9m797CoznPh/w+CwSMHOUQ5OIBEMRFBQRNLkACxKrGm7tDEKkGQ9Pemia+KrUnTEIxImp2aLeq21v02eKBojSU1NQZJIkyA0LgVVNQUEBUGFA+ACghKRPn9sYZhGAYYcMYZ8Pu5cnGtw7Oe516Ty7WYm2fdSwghHGauW/tSt2/iBNBXJp2A1qh9UZD+2fI1HwghrEYMl39/VL1lwekfgmdMV+WI1TXfvfunXXuk5O/H7729e/N61ap6HQ8hxLnyCtVR12pqu4qq/lZj51ECpk21GjF8vIfbpfz2d6/eamrSpUMAAAAAMGmjRjuKE5U/XDzXIoQQFpZWrj4hMwOfdBzc86EwPKsnbcy/uFb9xxtXm4UQZoPGDXVIHO/10pgRxg4MpuHJl37/84t/zS6qvHRRCGFp6/JUUNTv31k01dbYgRmNw3O/ipZv++KH8xcrbwhhPtJh/JMvvrnuN3NdeA8hYCAmnYBWl56V/dqiX/zEb8q/Ck70uZP9Gd8Ez5juP3mSqgC0VJFZKtP84EFqre8cME3nt7kCAAAAgAkaM+XnkVOMHQS6Yuk7OfBvxg4Cpmv006/9cc9rxo7ClFh6zlu9e95qY4cBPEL6Rw1odXnHjtffatQouOHn/ZTWicldCZg21dNt7HdHC/RVkVlrVAAAAAAAAADwKOs3CeiwkKBbtxql6c/pWdnurs6fbk2Sdn383tvurs7pWdk9drJgziw7W5v8U2ekfLGjvfJ1B8ujXx3t+KAvby44/cN4DzfVmwxXvx6zc8OHD9gnAAAAAAAAAPRfJl2CQ/0lhGcvlPuFvSQtSxWc31yySCq4fKup6bfr/qh6o6AG9ZcQqrf8087dH/wuVuoh/9SZK9eqHzBaaTL1L1984ZcvviCN9e5/Jj1gnwAAAAAAAADQf5k5+QUaOwZg4LBa94766vczZpiZmQkhzMzMVAuqn51XddHa2qq+0NVPa2trvZ4ZAAAAADyiLly44OHhYewoAECLuro6jfxSNwmozsvdb+yz0tJS9VUTnQEtTUzu3su/Xrl57bv1txqDX47Upb2JiPvjxh37/mHsKAAAAAAAAADA4Ew0Ae3sP1OXZvW3GnvVHgAAAAAAAADw0JhoAlpHwS9HGjsEAAAAAAAAAIB2g4wdAAAAAAAAAABgYCIBDQAAAAAAAAAwCBLQAAAAAAAAAACD6N81oAEAAAAA0K+Jhw4ZOwToQdHcucYOAQAgmAENAAAAAAAAADAUZkAD0IOyysvGDgEAAAAA2nX/JcXddcxDjAUAHmkkoAHoAb+9AQAAYMAo4pdbAAD0hxIcAAAAAAAAAACDIAENAAAAAAAAADAIEtAAAAAAAAAAAIMgAQ0AAAAAAAAAMAgS0AAAAAAAAAAAgyABDQAAAAAAAAAwCBLQAAAAAAAAAACDIAENAAAAAAAAADAIEtAAAAAAAAAAAIMgAQ0AAAAAAAAAMAgS0AAAAAAAAAAAgyABDQAAAAAAAAAwCBLQAAAAAAAAAACDIAENAAAAAAAAADAIEtAAAAAAAAAAAIMgAQ0AAAAAAAAAMAgS0AAAAAAAAAAAgyABDQAAAAAAAAAwCBLQAAAAAAAAAACDIAENAAAAAAAAADAIEtAAAAAAAAAAAIMgAQ0AAAAAAAAAMAgS0AAAAAAAAAAAgyABDQAAAAAAAAAwCBLQAAAAAAAAAACD6JcJ6I/fe7skJyM8bLZRDgcAAAAAAAAA6MLC2AF06dOtSc9O91Otnr1QHvxypFEjAgAAAAAAAAD0gknPgL5yrfrlX6909p+5Iv4Dp9GOn25NMnZEAAAAAAAAAABdmXQCWiUt/auTZ4oc7e2MHQgAAAAAAAAAQFf9IwEthOgm+xweNrskJ+NSfs6l/Jzy7zNXvx6jvvfTrUnSrkv5OfJ9KRrHrn49pvz7zIL0zwKmTTVY7AAAAAAAAADwKOofCeiP33vbabTjn3bu7rxr9esxH7/31skzRc7+M539Z6alf73ytSUfv/e2tFe+L8V30sQV8R9IdTzqGhrUjw0Pm/3aol/874lTfmEv5R07/rDOBgAAAAAAAAAeCab7EkIhxGhHh31/3igtf3e0IC39q85twkKCyiovvfJGrLT623Uf+Xk/5ef9lJSbdhrt+Mmev0sHpqV/pd6Dm6vzrxa/XHXlmupYAA+itbVVWmhobGpqutN8t+X+/fvGDgoAAADAo27QoEGWgy2GDRsycvgwaYuZmZmxgwKAR4hJJ6CvXKtevuYDaW6yfF9KQfpnqlVJwLSpViOGy78/qn5UwekfgmdMD5g29XEH+1u3Gv9VcKJzz5aDB0vZ5+CXIx/KqQAD35MZGcYOAQAAAAB6VjR3rrFDAIBHSP8owSGESM/KHjFi+E/8puixT6sRwyn9DAAAAAAAAAAG0m8S0FrlHTtef6tRKrih4uf9VP2txrxjx69W13SVs26+e/fjbduFEJvXvksOGgAAAAAAAAAMod8koMNCgrTW00jPynZ3df50a5K0+vF7b7u7OqdnZQsh1m9Lrrpy7bVFvwgPmy29cvDz5D+pDrxxs275mg/IQQN60dDYZOwQAAAAAEAnfH8BgIfJpGtAq7+E8OyFcr+wlzq3Wb8tWQjx5pJFl/JzhBC3mpp+u+6PqpcNBr8cKd+Xsinh3U0J7woh/vbPL9WPzTt2/MMt/++D38Xu3rz+T7v2SF0B6IPGpjvGDgEAAAAAdNLYdEf1QkIAgKGZOfkFGjsGYOCwWveO+ur3M2ZIr1c2MzNTLai/c1ljVRetra3qC139tLa21uuZ9UBx6eqcU8d1aAgAAAAARpYxearM+XHd21+4cMHDw8OQEQFAH9XV1Wnkl7pJQHVe7n5jn5WWlqqvmugMaGk688O0PD7xs/SvH/KgwIBx//59Y4cAAAAAADrh+wsAPEwmmoB29p9p7BAAAAAAAAAAAA+k37yEEAAAAAAAAADQv5joDGgAAAAAAIBHQW5icHymxrbQBHmcXt/ZpUhdGlUeredOAUAXJKABAAAAAACMJjBOLo8zdo64IjVqSXkMCWoABkAJDgAAAAAAAACAQZCABgAAAAAAMDW5icFKUSkKIaQp0sGJuW3bE3OlLVKT1ArVUVGpFapjVdu19xy8NFUhbViSrBCZ8cpuhVrPqi0A0EckoAEAAAAAAExKbmJwvEiQy+VyuTzBc8caVR45Mz47SC6XyxNCM+ODg9eI96UVRXKKKk2sSF4itZHLEzyTl3TKH+dmq3oOLUv+a64QgXHyXTEyEZogl8vjAqViIIef2ymXy+XynTEX4klBA3gQ1IAGAAAAAADQm5s3b9bU1LS0tKhv9PLy6kUXudmZ7jE7lfWYA1+NTl7zrSIiUgghQhOkMs2BQaEiU8REjG1b2aFQiECZEELIYnbFqQ6NcY/Kzo0LVC/tHBgX17YUFCqSy9qOU6nIPVwWGrNd2iiLiA4N1uyig+Li4l6cGjBwWVhY2Nvb29jYGDsQk0MCGgAAAAAAQG9qampcXFyGDBnS5x4UZedEWWZUcHL7ptAKIcaqtxk7VibruEUbmcxDlHfqPnVpVHJZW4vozsOXK0RmfHBm+xZ3t05Z6na9y60DA9edO3cuXrxIArozEtAAAAAAAAB609LS8iDZZyGEzN1ThMbI4zQmHSt635NCcUGIoA5bUpdGlUfL5YFCqvSR3PkgmZvMPWbt9oiuMs4AtBoyZIjGow+QUAMaAAAAAADAlAQGhWb2ufJyez1oRcqaZBHzaoc8dkV5mcxNmVrOzc7U1sHYwOdF8pqUPuS7AUALZkADAAAAAACYlMC4XTFRS4KDlauymF07I3qst6FqPDY7ODheCCFEaIJcYyJz4KvRyVFLpInPoaGhbZvHRsSEBscHZ4rQBHlcYMT2hPLgqOAdyp2hCZ1mYwOAzsyc/LiEAHpjte4d9dXvZ8wwMzMTQpiZmakWVD87r+qitbVVfaGrn9bW1no9sx6UVV4OO3PyYY4IAAAAAH2TPsnX3XWM7u0vXLjg4eGhe/vi4mLjlUXOTQxOdutFthqAPj38f/51dXUa+aVuElCdl7vf2GelpaXqq5TgAAAAAAAAAAAYBAloAAAAAAAAAIBBUAMaAAAAAABgYAiMk1NqFYBpYQY0AAAAAAAAAMAgSEADAAAAAAAAAAyCBDQAAAAAAACAfqmgoKCgoMDYUaA7JKABAAAAAAAAAAZBAhrAQDL0rYDZRXPnfjPZQWPHS1NDiubOPjjJrheduU0/Onfu0enueo5Rn7wP6hShXeKzs4tmByY69txj9PTni+YGJuopPgAAAAAA8IgjAQ3ANLnveH5u0dy5J5/1fqbzzi5SwzO9/ReNuLWntNbayft/XDrssnqEr3YzvZ+cN/LekbP5cdeMHQoAAAAAAHjEPMIpGQD9geVIp7cmDtWpqaP3W06WJ84eX3fu6EfVYuaE6dFqO3fkZ0089NW8M7UGi9RUOU59z9nyRHFedNltY4cCAAAAAAAeORbGDgAAuna3ucbccqKr7wrF95uaemp87fS8r05Li58VZH32EMLrF64dn5Vh7BgAAAAAAMCjihnQAEzZrbRLt5rNbaJ9xrvo0BoAAAAAAAAmhRnQAExa/Znig6OmvmQzdp17ZbdFJIbOm/jU60524x4bJIQQrfcbmmrTivP/qKp67B1Y5GJ5pOhwdHlXPVgtmuz9a0cr+8FCCNHQeHV7VYfd0dOff8uu+bNDuXHt29x3PO/1zI8XJ+ZIM6+9D851cawtXnLVar3naCmShtvV20/kb6trP8ZljNd7T7g8PWywpZkQ95pPXiq+aOczb/itjj1rjW2E/eBBQghx/27RpX//x5n2+CbKfNRGrE3799G2E+9LhEIIMczprUnjw0cNHWkmxP275y+Xvn5KcbHrTx8AAABAv5ET579KbMpPDOhf41amLl5waO7+3RGu+g4MgIGRgAZg4qrjiq88PdXpmXHe0VeP7tBeiGNo9LQZb9lbiru3jlypr7knrEbYPW3tED0l0OpErm5v3hsaPX36W3aDm5vrcy7dqheDx9k7rBgnhBANvY13qMuuiZbXaq4c/FFYWTnMHOmwwtfnZHbhEWmvo/e2yS7jzO6ev3616M49yyFWz7h6T2ztvkeHxJlTXxo+qC02YTXCzmOIZdcj2kU/OfXIteM5fYtQCCEG+/p7uwyqz6m60Ww+7BlHm3HOXutvX/tlKVWkAQAAAP3JifNfpaVe3oTlB3ZHOhkjID3Ii/dfkd6+2q/PBYC+kIAGYPKuFa6rsv0fZ7tfP+W+41iZlgZu3r+2t2xuvLg857Qq6+riPv0fXnYvPfHktmv/7nnqrpv3r+0Gd+zB6r2AGYuseh3syGGWR9rf+Oew+Tn/WcPsop3FkUtCCLtEL5dxg+6qNVDGadl1hy/5eb80fFBDbfF/HC3TeiJaRhxqs9hZ5FzqQ4QSSxdxcfm3yo/C5YkZBz1tfB1lorS41x8HAAAAgK7MTMzPTxQmOrc3L85/hdiQnziz94eGbcpPCBDK85of59anTgBDunnz5vnz5+3s7Nzc3LpqU15eXltbO27cOBsbm4cb3QBEDWgA/UDOqR8ONomR9uN2aLs1rBhjO1I0/++F0+pzfi+Wnf66UQgru9d16D/a0apTD/Xrqm70evqzEKKp+r32UiHVXzc0CzHosceEEEIMc/IdLkR9lVoDcbHsdHZ371d0n2drKZqrP+oi+9x5xD11t4UY9NjgPkWodPdEZftHcbG0tuieEObd9AgAAAAAnbhGvBEmysqrdGgKPFTV1dVCiNra2vPnz7e2aj6V3Nraev78+draWqmNkWIcUEhAA+gXqlcXXb0oBj/j4f9Sp30OgweJe7c7zXO+ff7OXSEsnWU99z5uyGAtPfRQGUO7htv16t0c/PGuEIMdRgghhHAc6ijExaarHce53dzdQCMcBovm2/Wf6TzikZZ7Qgx2GNmnCJVaaq6qr969c1+Ix4ZGd+Xb3LwAACAASURBVBMmAAAAAP2pSlns3yZONTekMnWx/+LUnNS2fXF5Uh0P9VX1lpVVqYvadsbndTFUnur49h5y4vz9V2QIkbGqQwB58aqWi1MrdTqPsnNd7dI2rnLouLxK1Tmqnb6Ww+O6Oiuge/b29tLCzZs3S0tL79+/r9p1//790tLSmzdvSqt2dnZGinFAIQENoJ+4dnzdldvC0mGln4tB+r9/r94g/XZyr7sJz1r9eO+uYULpyr3mXscIAAAAQD+qUhbPz5h7ID8/Pz8/f//KslXqSdiSjdvE+vz8/PwDK8dnrPD399/mdUC12iHLXLJxwWrxkdTLpjnpK7TmoKtSDnntz1c2CstYsSi1SlkbZNMcIeZsyM/PVxbQyIv3XyE2KZtucN+4oOccdFXK6o1i5XptNaC1j6uUseJt6RzzDyyfkLGqc5a5KnXRioywTfkP/z2KGChsbW09PDzMzMyEEA0NDWfPnr13754QoqWlpaSkpKGhQQhhZmZG/Q19IQENoN/IOXEup1nYO3puHtJhe/Xd+8J86JOaeemh44YMFq23ixQ991x/T4jBw6bYd9w62PwxzYYd51MPG+HQq7oUrUII4TBco66bnVV3V+K7P7aKkSPs5vVmHAAAAAD9Vt7WzWLlRxHKrK1rxBthIuOwKgc7oW2XU8TrczRX0w+p52rnbFAVlQ5I3KC5V+IUmagqPB3w/BxxtljbW3eEqEzdmj5nU0JbvnfmGyvHlxySd1FbI32FNHl5/uaSOa9HaH0FYbfjqk5KOEW+MUdkHOowCboqddH8jWLlgQSSz3gg6jnoxsbG4uLixsbGkpKSpqYmKfvs6elJ9llfSED3LDxsdklORkH6ZwHTpho7FuARd/H/nK2uEUNnPT6sWW3rpur6ZmH5tIe3+pstXNy9fzpcNDfU7tGh3z31t4QY+oyHe3sSe5jTZmcb9XcDFt1tEWKwyygH1ZaZE+zG9Sp8Re35e8LS2mm9Y/u2iV5eM4d2d0x23X1hafe6t0M3jQAAAAAMEJVlZaJk44L2+hQr0rtp7e7e5XsLJ3i5qzf0miDKyrTNWW4v97Eqo8txyopLRMaK9qDmbzzbdVBhbROl8w94beuy+kfX43ZzUuLQ2/M3ipUH9mjPawO9YmNjM27cOCkHfefOneLi4jt37gghBg0a9MQTT1hZWRk7wIHDwtgB9N3q12PeXLIoLf3r3677qM89vLboF5/s+fv6bcnd9JaW/tXl6ur1cW/9xG9K3rHj+ogdQF9dzN8+5vm37IfaC9H+hsBzJzeNCnjLzuV/nrc5Ultfc09YjbB72trS8sfaP54o7vLdfeq9nr54xNHrGTuvfwQ5HLnR3GxuOdHOzvHH2w2iPTd8pLL2vKPLuNFTv3mm+mTTPasRdk+PuH/xruhNQZDzm6qctrmOmDclZFxt7fkfhdUIu6dH3r14R4wb0tUhtzcVnvWd4fWMi/9R29ojN5ubhbm9lY3LnbJZ+dqnJgAAAADo5+ZsekjFJfLi/FdkjF95IH+3k1R/eVXXbcf3Ie3rFPH6nI2rDuUlBHQ8nd6M20GJEBOk6dIkoKEX1tbWnp6e58+fV5WBNjc39/T0HDFiRE+HohdMdwb0p1uTLuXnqP8n35dilBi2/mHN5rXvWg4e/K+CEw85AACd7Th2/siPGttu7ziat67i5kUx7JnRTvOcnWaOHHSxVrHu+6M7dK1lXBb9/b8P1jWLoXaznJ3mOVqJm2W/reh4cM3p14uqzv8oXGwfn+fs9PRjt/acVOiS3VZ35Ezu8rLq8y2DJzo4zXN2mmLZ/E1R/sl73R7TVBadrxab8+NTLO9eqHtIBasBAAAAPFSu7u6aRSf0oEp+qGT83BCNmcU5hzLEnE26pJXdvSacPZSl04sHdaD7uJomzP1o96awjBW8fhD6Y2VlNX78eGketLm5uZeXF9lnvTPpGdBXrlUvX/OBNOk4YNrUzWvfLf8+80+79qzfliyEWL8tWVroA/m+lPEebtLyyteWPO5g/9t1H2n09vF7bzva273865Xr497aeyC9z2MB6JOy6MNdzfAti87svOv2nh++3/ND1/2dzp14utsBmxSr/6VZLnp6eYfVixWF8yoKO2zqEOTpeYc6jdFp3Jzi/Jxi9Q1D17trHqSpTktsuo2o8TH2HOGOo4d3aLbo5v8FAAAAAP0KmBsmVqyKm9s2CboqJS4ruL1iss5KNi6Ic5c6qUxdvblkwvL1mglfd68J4lBZpQhwFULkxa3KEGJO+77x4lB5lZjpJIQQriFzx2/c+HZqSFvWOC8+TiT0OE27KnVbhgjbpNmsu3F7FpCQv0n4r/AXD2ueOAa+4cOH+/j43Lhxw9bW1tzc3NjhDEAmnYBWl3fsuF/YS/J9KQvnh/2r4MQDlsIIfjlSowRHd80S/zjGgeqrQL9gtz5o+rwhN3d89f0fjR2Kroa5jxsqRPPtI8YOBAAAAIApaEuwtlVGDtuUH9mHbias3OC11d9/hbSy/MDuyE4Tjl0j1i8/NH+B/0YhhJizacOcjPZSGFL1jPn+m8WcDfmJM50i9hwQi+bPl9pKHXY1cvoK/7a61ROWH8jv3bg6CUg4sPLc/BX+GXM25CfO1OEAoCfm5ub29vbGjmLA6jcJaEl6VvZri34h1WLWSB+rT2r+2z+/7Kow9Kdbk56d7ieEuHv37rffH1Vt1+gtPGz2z2YF//LFF1QTsaVmqjIg0ljfHS3YvOOvm9e+O9rRQVp95Y1Yw38MALrUfO++sUPolaHRk5wmmomauisHjR0KAAAAAONwjdidH6G+ISAhPz+hp2YzE/PzRZerQgh3zW47t3SK3K2e3e7UYaLaulPEHq3ddaA9ct3H1TyLgPb1DqevUzAATITp1oDWqqziohDicQfNv0isfj1GcfGSs/9MZ/+Zf/vnl+FhP139ekznwz/dmuQ7aeKK+A+c/Wf+dt0fZ/hPsRw8uHOz8LDZH/wu9otv5FKH9bcaN699N2DaVGnveA+3gtM/SAM9O91v3583yr8/Kq0+PWWy1nEBPCy1cd99NdGEpz9H+4ccfS7wb/4+6yf7rJ8y/WDIzLfsBjffubq9oLfVpAEAAAAAAPoBU0xAB0ybWpD+2bPT/UY7Ouz788ZL+Tmfbk2Sdl2urr51q7HzIeu3JUetekdaPlJwsvnu3c5J6vCw2b6TJn7xjTwt/SshRFr6V5/s+Xvz3bude/vFvDlVV66p5lCnZ2WPGDH8J35TpNWzF8qlXfszvrlyrVp9tfbGTf/Jk/T6YQAYUIoab9WZD5to7zTP2WneaDuXQXeLrp6P+9/jncouAwAAAAAADASmWIJDKvf86dYkT7exqpcQSsY4OIwYMVzrUatfj3lzyaLB2mY0S9zHuvz4490jBSd7DMDR3m68h9ul/PaXzt7VlqeWXKup7bFDAJAcKTo6q8jYQQAAAAAAADwsppiA7kZXSWT5vhR3V+c/7dqzfluyVEDjAQeimjMAAAAAAOiXOhWVBgAjMsUSHF0JmDZ14fywf589J9XQUAkPm+002jEt/Wvp/YHdGDl82DN+vqrVxx3stdaAvlZT6+k2VlX0GQAAAAAAAADQB/0mAb369Zjdm9fX32rsPDFZKgztOma0tPpm1OIRw4Z17mH9tuSyyks/mxUcHjZbSlv/bFaw1rHyT52xs7VZHv2qtBoeNvvz5D/p+4QAAAAAAAAAPBA/Pz8/Pz9jR4HumHQJDuklhNLy3bt3pQobnZvlHTu+90D6m0sWSVWbv8nJcxrtqLXD4Jcj5ftSNiW8uynh3VtNTV98I9eag5ZGUXUoDa3vkwMAAAAAAACAAc7MyS/Q2DEAA4fVunfUV7+fMcPMzEwIYWZmplpQ/ey8qovW1lb1ha5+Wltb6/XMelBWeTnsTM9v+AQAAAAAo0uf5OvuOkb39hcuXPDw8NC9fXFxsZeXV59CA9C/Pfx//nV1dRr5pW4SUJ2Xu9/YZ6WlpeqrJjoDWpp63A1n/5kB06ZuXvvuufKKV96I7bH9QzYxOKy+4ZaxowAAAAAAAAAAYzLRBLSz/0yDtgcAAAAAAAAAGJqJJqB1kXfsuF/YS8aOAgAAAAAAAACg3SBjBwAAAAAAAAAAGJhIQAMAAAAAAAAADIIENAAAAAAAAADAIEhAAwAAAAAA6I2FhcWdO3eMHQWAh+3OnTsWFv34fXuGw4cCAAAAAACgN/b29hcvXmxpaTF2IAAeKgsLC3t7e2NHYYpIQAMAAAAAAOiNjY2NjY2NsaMAAFNBCQ4AAAAAAAAAgEGQgAYAAAAAAAAAGAQJaAAAAAAAAACAQZCABgAAAAAAAAAYBAloAAAAAAAAAIBBkIAGAAAAAAAAABiEhbEDADBAFM2da+wQAAAAAKBnZZWXjR0CADxCmAENAAAAAAAAADAIEtAAAAAAAAAAAIMgAQ0AAAAAAAAAMAgS0AAAAAAAAAAAgyABDQAAAAAAAAAwCBLQAAAAAAAAAACDIAENAAAAAAAAADAIEtAAAAAAAAAAAIMgAQ0AAAAAAAAAMAgS0AAAAAAAAAAAgyABDQAAAAAAAAAwCBLQAAAAAAAAAACDIAENAAAAAAAAADAIEtAAAAAAAAAAAIMgAQ0AAAAAAAAAMAgS0AAAAAAAAAAAgyABDQAAAAAAAAAwCBLQAAAAAAAAAACDIAENAAAAAAAAADAIEtAAAAAAAAAAAIMw3QT0p1uTLuXnqP4r/z5z9esxqr3yfSklORnhYbM7HxgwbWpB+meqA7tqBgAAAAAAAAAwKNNNQAshrlyrfvnXK539Zzr7z3SbEbp+W7K0ffXrMU6jHYUQz/j5ahzy8Xtv7/vzxvpbjdJRzv4zv/hGvinh3Y/fe9sYZwAAAAA8EEVKVHBwcFSKQojcxMRcY4cDAAAA9I5JJ6C74j95UtWVayfPFAXPmB4wbapqe3jY7J/NCv7uaEHwy5Gqjb9d99Hf/vlleNhP1SdQAwAAAP1ChXh+p1weUxEVHBwvggKNHQ4AAADQO/0vAR0wbaqn29iC0z/8/WDGY4899hO/Kapdv5g3Rwjx94MZGofsz/im9sZN/8mTHnqwAAam3MTgYOagAQAeisDICJkQgXFyuVweR/4ZAAAA/U3/S0AvmDNrxIjhRwpOpqV/VXP9RlhIkGqXo71d1ZVraelfaRySd+x4/a1GT7ex6tOlAQwcFalRwZqiUhSiIjUqOCq1QtVOkbo0OHhpquKBBkrMFSIwTp4gklMrHrhDPVr/pPjC2DEAQP+jSF3a8f6h698XFalLDfjHyNxEqeaG2jp/+gQAAED/ZNIJ6NGODvv+vFF6l2BB+mdS+tjP+ylVlrng9A9Oox11ecfgtZrahxIyAGMYG7FTLpfL5fKEUOEeIy3vjJSJsRE75TsjxipbKVLWlEfL5e+LNb3/Bi/V3wxekqwQmfFLUxVCBMatFe9HlUfL5dHlUdo61MwdGM4Xi4XZYuE1RYh0YfakOPcwxgSAgSQ0Qd5mZ8yF+O4yvRWpbdd8WcR2+c6xycq19u0GUJEalR0klyeIeFLQAAAA6H8sjB1Ad65cq16+5oO8Y8dVW8LDZtuPsk1J+1xaPVJw8mezgp/x8+0861mDo71d/a1G9a4APHKeWxs3VggRsTNSoRBC1ptDZZE75ZFCVKRGLSmP2R4hE8rUgxBCiDi5rNcd6tPPdovWdGH2ghBCtP7bWFEAwIAgi9gulyUGJ6e8Ghip7bquKFeoXe9lkTuDcnOFCNTYrm+Ba+NkQog4+VhFhRBjdTgCAAAAMBkmPQO6s1/MmzPKxnrla0ukadGbEt4dMWyY6lWE12pqtU6IDpg21WrEcCZBA4+e3MT2EhyK3PfbCnWkVMhUu9snKas31uhEWdWjY60N1fbgqG81sg6K1KXB8ZlCsSMqWOozNzF4aWpqourZ7vZjVRU8FClRwYm57YO1B9b+eHhibhdBnisSkxaJSSeY/gwADy4wKFTxba5Cy20iODj+XExkoFC7kMfHxwe3b89NDI5KzVUVhlKbsKy6vi9NzU2J0jrHWvm0TbBGcSdF6vtRbTv+WjG2rTepn96VDQEAmCi1rwe9rgmlD4rUpd2Ol5sYrPoaolnnEAB61p8S0NLrB787WuDsP1P139/++aWdrY30KkLp9YPSqwjVLZgzy87WJv/UGSMFDsDoFKlLow4/t1P1eLXOv83lJgbHC+Wj2WvFjmSFlu0JnjvWdPwNTBaxXZ4QKmTRO+WqGiBlyeVBbe+Pys1WHRtalvxXVTCZ8dlBys0KZZ/qkcuDsuMztYaZkCz27xZ/mCIS0vv8GQHAoyc3MTgquUxkxnf8pi9zk5WVa/tmLYvZtTNirHQTOBezq61qh7uQRa9tq/ikSN4h1iq3ZyrvN+o3jfdF8g4tBZoUKVFR3z6vvNxHlyerLvcVueWq+5d7ZrIqIV6WnCyNsytGlkltDgDo36Q3zUr3lLbCUAZ+72zb6210kJu4w629tmHHOocAoAuTLsGh4Sd+U0aMGK6RR96f8U3wjOn+kycJIdLSv3rGz/eXL77w6dakV96IlRp8ujXp2el+f/vnl+u3JRspcAC9c+Of/7y6cWPLjRsa2yedPNnHHityD5eFxmyXpinLIqJDg7Nz4wJ1+I0uNzvTPWansqEs4v2Yw0vKO20PfDU6ec23igitD2uruMe8qhowMC6ubSkoVCSXKUSgTAghQhOUv2YGvhrjHlWuEEKoRy4C4xJCM7VdylL+LYQQnrvFz7oL4Yyvb8+nDAAGY2Fr+/jKlbYvvmig/q9fv3nlSnVLS4vG9smTJ3ZxRGCcfKfb0qjy6N59y8/NzpRFq757S3eHv+ZGSn3IYt5vq9QUHZq8Q6EQgRXZmbLotpvG2Ii10YejNNPbitxvFaHREVou92Mj4iKVAwU+J0uuqFDWfHKPWSvdd8ZGxIQmt99KtDl1qqgXpwcApsfCwmL0aIdRo2yMHcgjKVcEbY8wWr1BAANCf0pAh4UE3brV+K+CE+ob844dP1de4TtpYnjY7LT0r3677qMjBSc/+F3spfwc40UK4IFc3bhRtmXL0Kee0luPinKFyIwPVps97O6mED0nGxRl54RHUOdfthRl50RZZlSwWi44tKI3VaAVqUujksuUK7LobiN3d9PX9IK+Z/ABQB9u//CDYtkywyWgr1ypdnNzGTZs6IN21Hbt7eLxYoXigvBUvzmMlXmK8m6602yvRUV5mcytiya5icHtz7+E9hS8Nl2n4AGgf2hqul1efvERS0ArUpdGlT8Xc25HssI9Zuf2CJESFdX2DE1ogvSn09zE4GS3hOcPx0tParZtVr95uMckPHc4viKmw99a2/bGB2eK0AR53NiOx7Q98SM9oKN10F1MggbQC6abgFZNYVYJfjlSl5Zp6V9pvJPw061Jv3zxhV+++MLZC+VddQLAdLTcuKHP7LP0MLV7zNpOf7fvsXCZzN1TfKton1SmKFeotofG9PWpOEXq0qjyaLm8rYhoD09nlJW357YrFOeEcOvTqABgdEOfeqrz0y161NLSoofss1Ck7sgMjZbLurxNyGQe4rD6jOMKxTkhgrrt9Jxa+4qKziU4xrq5K8oVqhcMKhQXlMu5icHJY3fK5TJlFoCamwAeScOGDe38gMujIPNbobwHCEVqxfM75REyZVI49dVA6duNInmH1EaRujQqPjFIHheoKv0UKJXaWKLQ/PtlYJx8l1vUkvK2rzQKqRxgglweJ+Wh308N3B4hE4pc7YMCQO+YaALaQPOXL125aohuAZi6sYHPi6g1KYE7O1bJGDtWpvg2VxEpkwmRmxifKWQxGgfK3GRlyX/NjYgLVKYklHPPAoNC45W/3fWe+jS33OxMIbqZAR0YFCrik1NeDYyUCSFyU5IVvZhnDQDordzE4PjM0ATpb4Rd3SYCg0Lj49ekPidN/lKkvp8sVBU2tJAFPidL3tFWo6MiNTmz80RmmcxDJKu+2Of+NblMyJ7TmD2tyP1WITwMefYAAD25efNmTU2NRtLcy8urt/20V2cSsog45aLsuedlO1STVPpW+knbWKpygJExsiVS/10N2oPi4uLenikwMFhYWNjb29vYPFKPa+jERBPQzv4zjR0CgIFEFrE9oTw4KniHcl16fEwWuTbm2yipkkZogrbyymMjdu4SUUuCg4UQQhaTECOLlx6yDozbFdO2vcNDaiqBkTHJS6KCd8hidu2M6Ljn1ejkqCXSxOfQ0B4eppYGUkauPUgAwINRK9Iki9kll7ddz7u8TQTGyRMSg5VXciGL3rmz29cAyCJ3JlQEKwdxj0mIlsV3SgRIXSqLO7UPJouIDm07UhYayt8gAaB/qKmpcXFxGTJkiD471bUkky6ln/Q+aAd9SLUDA8OdO3cuXrxIArozE01AA0BfBMbJA7taD4yTy+M0D5BFbJe3Z4fl2qavjY3YqdYkQq59ew8Hju0QmCxyp7y9GlBc+8aOgWnppyI1SngGUW0NAPSm442g+73ql3KtdxWN+5Damnrz3MRk2Vgtl/KOXbYd2nFrXA/jAABMQktLi/6zzzvclOU4KlKjlnTz7gGhQ+kngwwKYMiQIY9mvaAeDTJ2AAAAHSlS309WhAaRZQCAfiw3MT5T9vxzzGUGAPSCouyc8JApSzJ9e7jbjLIs8DmZYsdfc6U1qfSTwQcFgO4wAxoATJkidWlUclnbmtp7rQEA/UaH55e1VG0CAKB7ssgY3Usy6VL6SYyNUPYYmiCP035b6tWgANANMyc/chmA3lite0d99fsZM8zMzIQQZmZmqgXVz86rumhtbVVf6OqntbW1Xs+sB2WVl91dx+irtzO+vpNOntRXbwAA02HQK/ypU0WTJ080UOcAAOPS70W+t99fLly44OHRi/fAFhcXm04d5NzE4OSxPbyuAIC+PPx//nV1dRr5pW4SUJ2Xu9/YZ6WlpeqrlOAAAAAAAAAweRWpUcFRqZ2nM3eD0k8ATAAlOAAAAAAAAExejy9Cl1D6CYCJIQENAAAAAAAwUATGyeVxxg4CANpRggMAAAAAAAAAYBAkoAH0ex4eHr16JQgAAAAAAAAeDhLQAAAAAAAAAPqlgoKCgoICY0eB7pCABgAAAAAAAAAYBAloAAAAAAAAAIBBkIAGAAAA+qvCtC1JSVu2Z10R4kpW8ueFxo4HAAAA0EACGgAAAOinTpeKoNjYZX7X05KS0gqtx/kYOyAAAABAAwloAAPblazkLUlppztsK/w8KWlLml4miRV+npT0eaEQ4nL2duUENADAo+VyVoryXvAwXMlKVr/deIeHewshfMKXxcYuiw33fkhRAAAAADqzMHYAAKAfSUlbNLZY+4QvDenc8EpWvghZ6F2Qnn3ZJ2iMvoYfE7Q0dlRa0tdZEyPt8rZkVVr5LIwM0VvvAAADOZ2WlF3ZYUuvL+BjQiJDrm8pyLriEzJa7/Hp4nJWyt7Cemuf8KVGCgAAAADoBgloAANEbOwycTl7+16FW8fEQUjMMvUs9OWsr8vdfxoyZrSw3pJXGBTex2eVr2QlpxXWK1eyklJqF0aGjPEOj3XISt5S4B4eG16dlvR5YezPtXV/Oi0pW4Qs6+vQAAA9c1W/Jhd+nrR3S6FrUPeziQvTtpQ+0X6UT3h4bfLXWZcjQ8YIcTl7e7qYG6O/v3F2r/DzvdenxMY6ZCWnpRVycwEAAIDJoQQHgEfLmJBIaYKYT/iyAMc+V8wYHRKzLDZ2WWyIixAuIbGqlPfokJhlS0NGC+EdHjtO8CooAOh3fH4eu9DbujK7l5WaRofE/HSitHjtRp1hQtOqUIyLDfeWbkAPcF8DAJiqnDh//8Wpldp35sX7+8fn6dBLVeoi/8UpVfoODgB0wgxoAAPblazktHL39qeSC9O2ZCl/e7PyWRgp5Y0vZ6XsvT6lfbKbtpnUKmo9uIRolvhQe5TbynthTOeDP0/KuiiEEFlbkrKkOXdShEFuZdmF9cpZeNLD1NIRao9UK8/F73qaMgAr74VqM+zUjrLyCZGVZ3V5CgCA7owJ8nM9nVV6Wvh4C3E6LenEKLXLqfIuYOW9UDnXuMMzMUJI95efj5FaiqCFo060XZxdQtSfjLmcvX3vaSlVbe0T5FaWrX636kCjZYd9p0uzsrOyslX9K8Ms/DwpS4QstC1oO9CVJ28AwDRVpi5ecGju/t0RrtJ6Veqi+RvPTlip3JIXt6psZfteAOiXSEADeIRIuYDYWG+hfMg6RfQyRVuYtiWrznthbNCYtoyAEC5tO5W1NWJ9lC33JouFGo9g+/w81kdLCY66whNi4bJYZdPTedenKIO8nL19b1qaXXvjusK00pBlseHK4Q5lTZCyFZezUvYWWoXERvq0RVInrB7gowKAR5rjKCtRdv2yENpvEe0FOk6nJWVXugbFxqgu2qeFz0/b7yyV2YdGhcfGjpby1Flpp33C21tahSxb2nbLyKoX1lrH6rbl5azzoxYuCx/Ttis527H9vnMxK912YeyyMdI9IuvzQh+thaEAACYkL37+xrNzNuUnBgghhKhK2Vq2fH2iSWafq1IWz8+Ye2BPhJOxIwH64ObNm+fPn7ezs3Nzc+uqTXl5eW1t7bhx42xsbB5udAMQJTgAPDIuZxdUuoSopjn7PONjVV9e1JunlS9nF1Ra+YS1fbcfE7Q0xKV9Z9aJStf2otI+Ad7W9Yqiy7r17DpFLQ/uHa4KcswENytRX6sWZPsQ3gE+VnVlJZeFEOJ0XmG9a4gqs+AdvtBbeyIDAKBS+HlSUnalEJVZW5KStiQlfa6qujHGTqe/4V3OOlFp5b2w/aIdNLf9yiyEEMLKe65yUvPoEH8XUXleGqIw73Sd+i0jPNyniwG7bzkm5Oeq24fPEy6i/sa19p3tN6wxIVNcxcVSCkMBgGmrSlm8Ir09+yyEEMHrd0eS4AX0r7q6WghRW1t7/vz51tZWjb2tZRi13AAAIABJREFUra3nz5+vra2V2hgpxgGFGdAAHhnXbtSJi1lJW7LUtvUuS3vtRp2VbGIXM6avXa8XldlJSdlq23Sdg2w9yqHjBrVSHh2D7NRSCCHE5ev1wsWPiW0A0CtdPJUihLhcWy+EbY8dXLteb+0+Qf22MGaizLrwxjXV1GnrUdpuGldq64Srf3cvOdS9pXrVJrWHcoQQVnZUYQKAfiQnbv5msXK/Wva5MnW1luocyp1zNuQnzlQuV6Usnr+5RNrcIX/dSV68/4p0IYQQ41d2mLycE+e/KkO53HGXWudiwvIDuyOd1CIpme+/UbMroD+wt7evr6+XpkKXlpZ6enoOGqScpHv//v1z5841NDRIq3Z2dkaNdIAgAQ3gUdKxaLLeqdVr7jspleCqLOVxJSs5rVxP4QEAdNQ5s2ySTqclZVdatRWGKvw8KUuHgwAAJkge57+5+1rPeXH+KzLCNuXvCRBCiJy4ONWe9BWrlx/Iz1fmhVfEz81P0J6CLtk8/9CG/PwEZW+rU0Kk6dVVKYvnbxYr9+dLo+fF+8/3L25LZOdtPfdGfn6AUJarnh/nlp840yliT34IJTjQn9na2np4eJSVlbW2tjY0NJw9e/aJJ54wNzdvaWkpLS1tamoSQpiZmXl4eFB/Qy8owQHgkeFo211NjLrr7Xuu3ajrqpOOPVyubX/tlOOojo9d99GVorJ6a5/w3r8qquOz1d2cAgCge4WfZ1W6+LX/QbH+enthiyu1apfXzlf+y0WKOitbRx0GqSw9rbZWfb2+9y0Lz1cKlxBD/mEVAPBQlGzcnCHC3ujmTYNVKVszxq88oMosz0xUTX8W41euV5bpcIp4fY5IP5TXVS9hm9qOCnhj+YSSjKwqIYTI27q5ZM6G9tx3QMKmOSLjUI5yLVE1qGvI3PGirLzqwU4WMBVSDtrMzEwI0djYWFxc3NjYWFJSoso+e3p6kn3WFxLQAB4ZYya4WdUXpmerMgWFacpyn2MmyqzrT+cpE7in07Iuau/B5xkf9R4uZx9qf+pZ2cmhLFW95tNpaae19eIwSqOscwej7axF3fVq5QhZXxd2nZJQO7UgP1dRmaWqXtr1KQAAulWYtiUpq95nYXtV/SdcRWW+8sqvcVkeEzLFtf70XtXV/nL2ocJ6V/8eM8JSPejstLardmFae9mlXrR0tLUW9bXKexJXfgDovyas3LByQvqKxSld5nbLzpVMmBOifa6xp7uOc5AneLpr2VpZVibmzJ2pvilgbph6ojkvzl/SXgAEGBhsbGzGjRsn5aDv3LlTXFx8584dIcSgQYOeeOIJKytdi2qiR5TgAPDoGB0SEy6S0/YmKTMF1j7hS6WlMUFzfRR7s7YkZQkhXEIWetfvVfTcg5X3whCXvarnnccELV0otu9NS1KmCax8FkZq78TfJSkrLalQuHaqOiqE8AkPKk1S1pK29gnyscrWpQSHT/gykbalrcJ1N6cAANBUqbz+CyGEcA2Kje1Qc1m6LEtXfmuf8BDXNLVCF97hsSItSfUCACufhctCdJmQ7PPzWPF5Utu4riHhPnVdFFzqpuWYoLk+KXv3bikUQgiXkBCXSkpwAEA/5R6xe79YvGD+YnHApN46KBWAnrMhP3+msgj1IWOHBOiXtbW1p6fn+fPn79+/L20xNzf39PQcMWKEsUMbUEhAAxhAxgQtjdXYNDokZpnGaojWQ0MiY9V2+Gj202UPseoZ5DFBS2ODeo7T5+dqR2lEKKUz1HMf3l21HBMSqR6mT/iy9l4vZxf0HAcAQOOSq0ubZT7d7W3X4bKsefHXWL2Sld/1+JoHtt8LNG9ePl0cotNpAgCMyjVi94Zi/1VSkWXNne6eE0oysqoiDVBw2dXdXWw8lJMY0D5o3qF04b7BSYiqrIySCcsPdI4HGEisrKzGjx9fUlLS2tpqbm7u5eU1ZMgQYwc10FCCAwAGoMtFijor2UTKggJAv3C5pLzeym3ig77GFgDQv81MPLB8QsYq/7gczT1OkW/MObtxfnxbeeecuM5t+irgjeUTMlYtTm2r8ZQXvyJj/Mo3ZgohnNw9Rcm5Mml7Vcpq9RIcTm7u4mxxmb6iAIxq+PDhPj4+MpnM29ub7LMhkIAGgIGgMC0lq7249ed7dSpCCgAwksLPt6u/M2Dv6TrXKTrV7gAADGhOkbs3hYmMVf6d6kEHJOZvmpO+QlmNeZWYq79ZyU6Ruw8sFxsXKPteITbl71FOtQ5IaB90tXhj5Xi1w2a+sXJ8xgp/f/9FqbyXEAOAubm5vb29ubm5sQMZmMyc/AKNHQMwcFite0d99fsZM6Ri9mZmZqoF1c/Oq7pobW1VX+jqp7W1tV7PrAdllZfdXfX2vfmMr++kkyd1b+/h4SGEuHDhgr4C6I8uZ6XsVXsxltbq0gBgdL29wvfKqVNFkydPNFDnenY5e/ve03WqVdeg2HBKZABAd/R7ke/t95cLFy5IXzp0VFxc7OXl1afQAPRaQUGBEMLPz8/YgQij/POvq6vTyC91k4DqvNz9xj4rLS1VX6UGNIB+7xFPPUs0yoACAEyaju8MAADAJOTF+a8QG7QUpwYAXVCCAwAAAAAAAABgEMyABgAAAAAAQFcCEvPzjR0DgH6MGdAAAAAAAAAAAIMw3QT0p1uTLuXnfLo1qfOu8LDZJTkZBemfBUybaozQAAAAAAAAAAA9M90EtBDiVlOTq/OYzlnmZ/x8RwwbZqSgAAAAAAAAAJgEPz8/Pz8/Y0eB7ph0AloI4eTosGDOLPUtAdOmBs+YfvZCufGCAgAAAAAAAAD0zKQT0LduNRYWlfh5P6W+8Sd+Ux577DHFxUvqG6WiHJfycy7l56iX5pDvS5HvS5GqeVzKzynJyQgPmy3t+nRrknxfiqqH1a/HlORkrH495qGcGQAAAAAAAAAMfCadgBZCHDz8rf0oW/W8cFhI0L/Pnqu5cVO1JTxs9ge/i/3iG7mz/0xn/5n1txo3r31XlYMe7+EmhHD2n/nyr1feutX4ZtRiY5wHAAAAAAAAADxyTD0B/e/SczXXb/hPniSthofNthox/O8HM9Tb/GLenKor13677iNpNT0re8SI4T/xmyKtXrlWvXnHX4UQeceOy78/6jTaUTUJGgAAAAAAAABgOBbGDqBn6VnZkeE/Dw+bnZb+1S/mzam/1ZiW/tUzfr6qBo72duM93C7l56i23L17V7Vcf6sx79jxhx41AAAAAAAAADzq+kECev225LCQoGf8fC9XV7s6j9l/6JvObb47WvDKG7HGiA6A/lnY2t7+4YehTz2lQ1sAQL9x+4cfLGxtDde/hYVFU9PtYcOGGm4IAIBRNDXdtrDoB+kLAIBW/eMKnp6VvWDurGFDhzQ3/7h+W7LG3ms1tZ5uYwOmTe3tTGerEcNVRz3uYG85eLBeowbQR4+vXKlYtqzlxg1jBwIA0CcLW9vHV640XP+jRzuUl19saWkx3BAAAKOwsLAYPdrB2FEAAPqofySg/1VwYsHcWTOfnrbr7/s7780/debpKZOXR78qpZLDw2ZHvDT/5zFvdt+ndNSCObPyjh0PD5v9s1nBBgsfQO/Yvvii7YsvGjsKAEA/M2qUzahRNsaOAgAAAEAH/SMBnXfs+L/yTwTPmP6vghOd90pzot9cskgqA3337t0/7drTY5/rtyX7T570yxdf+OWLL9xqavriGzk5aAAAAAAA8IAsLCzu3LkzZMgQYwcC4KG6c+cO9YK0MnPyCzR2DMDAYbXuHfXV72fMMDMzE0KYmZmpFlQ/O6/qorW1VX2hq5/W1tZ6PbMelFVedncd8zBHBAAAAIC+6e33lwsXLnh4eOje/ubNmzU1NVSFAh41FhYW9vb2NjYP9Zm8uro6jfxSNwmozsvdb+yz0tJS9VUTzcpLc5mN4o9//mRTcoqxRgcAAAAAAP2ajY3NQ85AAYApM9EEtLP/TGOHAAAAAAAAAAB4IIOMHQAAAAAAAAAAYGAiAQ0AAAAAAAAAMAgS0AAAAAAAAAAAgyABDQAAAAAAAAAwCBLQAAAAAAAAAACDIAEN4JFwc9fCM6+k3DRqDFfifM/Efdddi3vNjTeb7xlq/OY7NQ0tD95NZUqR70JFpRD3yhSLfIv+u9hgAQMAAAAAgH6PBDQA03Piwx98Ay+c6Ljx3nfn/HyLthZ3e2TNla1brlzteYR7ZfvPPu979lDDA0aqT/fKFK++UP7KC2XZDx5Vc80/tlz8d7PaloarHy0sW7zgXHLZA+Sgm+/U1DTW1AvRfL+mprHJSfY/H5qn/uVKQ8PVjxac8Xu6+L9PNT1w6AAAAAAAYCAhAQ3A9ExZMMyp4fbXp9S33fvuyzv3Jg9/yau7A5sKG5I/qT9S0+MI5u4Lxv1l1f33f1VRqYd49aHhatKa5rC/eKVtMP/7m2UnmnU4pIOO06vLGnZ8Upde0t77wfdv3PuN7Kv9NlffKTvY8+fThWMXn3++LPqTe6KsMfr5so+OiZFzx//rfbOPFtRURjr/a++w428qPjqqNQfd8+xvAAAAAAAwEFkYOwAA6MzLep5z49++rH57skPbpupvDokp79g+3u1xw0KfKDip4xjm7pFe/xv5oJHqzcjHf5sinZz7lpQH7s3L/YsOn8PIef/lNU8IIYb9fu/ovnf7rOfJk6Iypehn6cO+2CtzFUIIYT7SKfGwkxBCCNsduQ8WNgAAAAAAGGiYAQ3AFI0KnWvekN6gqsLRlNlwSDz2s9CRQgjx3Tlf33PZbbsqU4raVzvu6lrLuf2liwLP+PqeeTqw+A+Z9W1ljG/uWnjmlU+q9v2mKND3jK/vmV9tqWmvh9FQs+s3RU/7nvF9umhVyqWkhVqn9F6J8z3zzv6rH0f+ILWMO1SvXiP5XrX2XQ2nFKsWnPHzPeP79A+RH1a1VRG5uWvhmfANFR8vlHYVrfr0eue50ZUpRb6+NQeFOLjsjFSdWVxSvOJbtOuSqknjd1vO/uzpM76+ZwIXnsuqudd+oNReCCFE9jtn1FfVo7753QXp4wpceO7rMo292jvvLjzpU/rk4ornVVvqsz4sfk7qZEHprvZSHt19ng2nFKteOOPre+bpF0p37b/wik7/6wEAAAAAwMNEAhqASZqwYNiE9ioczXnpzfdCh8+x10/nlSnnXll7b8Z/uRw+7L57lXnWbyrXfNdeOKJky40Tz47ef9g9bc1jxZ9U/1VZdbrp0PtXkgotfr/f/fCXo+eW1ad2XY360H/eGLbM+cvDLn95RRx852pWc0+7ai6uirzVsGB0Zq7nt3ut7dOvv7bluuqQcylNlqtcvjrs8pc3zU99eHndd5opaNfIiSdP2s8TYt6WSSfbJiaraf5ubfmyz81e2+t++LDLhmdbVi9UnNBs0517xRWvLmsSrzikH3b/dNXgE7nqKeaeO+8qvEN/aXj8V6PWr7KyE/dOfFi56rvH1v7DMzfXZUNgS1LkpW96/NAaLq2JbDjlZZt22P3LLcMVKU0lAgAAAAAAmBoS0ABMk/Oolya3HvyyWgghmmu/zhSzwuyH6afr6j1/aZn8jvP/nW5jbz/cc4HHhkhxcEu1auav02uPf7jA1t5+uOcCqyBx70RRoxBC1Fz/R6bZy3/weNF9uL297aw1tnO7HiDkffc3ptvY29tMe2XYBPHj8ZIedw15+b8eT4y0txk5xMbd5cVnReWlH1WHeC57/P9Kh0TKfhPaenB/Te/e9FdTvWu/aIvcZtoyq5/WNH3Rm3LMp/Y3VU62Slr2uJP9cKfpsrcjzfXSecj7Hr9/xWnWdNthosUm1HbbFucg5yEjR0qfTEtVjXpLLR9azeHGrJHDPvwvZ0/74fbuTvG/GdKLUwIAAAAAAA8JNaABmKiRQS9Y/GFLw4l3HCZ815glLP/zWUv9dHyp6XiD+U+nj2xbN5883VKk3L0ghDQ5d6RVhytjfcNdIYQovnNcDP4PH/PO/XU2bKR6qK0N9T3tsredLBRrFlw5ViaUs4vV0tvmj5m1LVpO8jEX6S21QvQiF19857hoPfb/Fe1T2zZP98NF/Q+FrU7PDtNeffsBOlf7KCzdJz527A9lv8tquamc+Gwepr1l+4dWfOpHMX34U704EQAAAAAA8PCRgAZgqh4PHTHtw7qvTzXXpDeLufYheso/m6B7pxSLf9P8wv+TbZo+0lKI7HfOrNBv/8Jyw8knQvTap147b/jHb67890iblJwx7pbm4pLilRd6N8kbAAAAAACYKkpwADBZ9g7/Edp68G+VX2eavbTAoePc41bNV93pznnY1JH3vjuqerngvVNHm4XXYI/uj/IaMlXcPVHY92G7UXWyucZrWPh0aaLvPY0x7v3Y2rbYXFx4Tzhb2PWqd/fHnhQ/HjnaReTNoqWH462e8jGrOtp0VevO7jvXVePxoyJogYu7pbkQQvwodOnOa/Jj4mjzDw82MAAAAAAAMDAS0ABMl2VQmGXToTvfjBw6a7pa/tlryDTR/MknNTU1jVVHFR+l9Db76bDoVxanPrz030dv1tQ0nsssW5Mi5i1z6PTuvo7sHV4Obd33+wv/LGusqbnxzdobh/p0SlrZOVuYF9/avP9GTc3NYynn/3BICHFfdVbn9lbvkkLdX/FRptl/LNBaC9t85EhRePRqTUOz5sfhbP9/5gop8qbmO1VHyxY9XbyvRgghXH0t/3/27j0u6jrv//97mAEGZgTkpJwEydwLTU3RzqjgqSVT+0Zt25onvH6XHX6mV6vtllmZtVdaq3kr19/vEjXX7dKiKzPXtUxQWKtdtVJLNkkOAoJyxhkdYAa+f3xgHBgOA8zMZwYe95s3+pze78/rQ7c0nr7n9RmUr0s7Kn0fft7cySONf8g36mzdynevXLb+hnc+ua3lCSGEV3iE+Nu7+SdL9BX5l9f957WfhTA2dHCdpeBk7Yxr13//XMnPFfqK/Mvr3jZ0MwAAAAAAAMiAABqAC/O9T5MkxKDkQZMsjwaHrf+D+sb7ZdOn5//qDw2TH+txb46oBSP2vaz8+rni6dPzf/OKcdLbUa/e121TZe8Zb4S/MM74xkP50x8o+9tw77t7etfO+U6L2PmfXv/6r5Lp04vXnfF+aoFSnK03v7lwRIJ3ybslD0zPT/kv49jfhz3fcS/swEf/XVWzu3z6v1+xWqrsO+UPUX9Mbt7+WP49d/780KuN970d9XCwEEKIsUPfW+r59xeKp0/PX/q+x8MLOulw/W/D/vyur9hXnjw9/1d/bJy7wNumyW0tTwgR+B/vBz4s9MseyJ+1oE71jN8MYfrxX/XdfNe8w9d/4jf2X9Up0/MfeEYfneDVzfUAAAAAAEAGivD4BLlrAPoPv9d+b7n79d13KxQKIYRCoTBvmL9a79qiubnZcqOzr/7+/nZ9sm7kF5UOjwpz5h1lYTIJZUtGW1/yn3dWB7x729r7HHrHmvcfKz6UHLlvQYBDb+OmTMKkFC3/Qq7/7cI9v/d49/sRjv0XAgAAgP6gpz+/5OXlxcZ207MPAGRRW1vbLl/qIoCy3u76YK/l5uZa7rICGgBscv3gMzlL/1j2c4W+oqL60xdqMoJ9H7Rr2FnxyYX4O3Mzulv4ixbXSv4zIXfT36srKvQV+SUvv90Q/Ct/Oy5LBwAAAAAA9qCSuwAAcA++v/zDkMpXKhZPr7gmRMBY9R/3Ro+36w0GJ2hTSzxG97ihyEA1aOir7xnXvVwyK1+YvBVj5wX+5fchnfQQAQAAAAAAciGABgDbKAeFLHw7ZKHj5g8Of+qZdscCFu4NcNwd3ZwyYGz0Hz+RuwoAAAAAANAVWnAAAAAAAAAAAByCABoAAAAAAAAA4BAE0AAAAAAAAAAAhyCABgAAAAAAAAA4BAE0AAAAAAAAAMAhCKABAAAAAAAAAA5BAA0AAAAAAAAAcAgCaAAAAAAAAACAQxBAAwAAAAAAAAAcggAaAAAAAAAAAOAQBNAAAAAAAAAAAIcggAYAAAAAAAAAOAQBdMfeeun5n7IOpyTPkrsQAAAAAADQz2WvT0xMXLTnUrtj7Y50NnJ9dq9vfGnPopvDs9dLm5f2rN9d2OspAaAd1w2g923dVHIqa9/WTdanUpJn/ZR1+PShj++dNEGO0gAAAAAAAOwperhI293zJDlhTeb7MWlL9vQ0MC7cvSgxMTFxYVqhOLq2ZXjCE8PSEhMTExcWTFkQ3eNKAKATrhtACyF0169HRYRZp8x3xd+u9fW1ZQZHL2Tet3UTOTgAAAAAAOirqdOnHV3bm8XMw+bveiWhp4OiF+zKzMzMfD81Wkxbt2N+tOXBzDU9ng4AOufSAbQQIjw05KH7Z1geuXfShMS777iQVyBfUQAAAAAAAPaVsGZdpxF0y4LlxMTE9dnZ6xMXtbTIyF4vHVy4aJG0ijl7faLlauiOG3S0jkpcZLlw+uYtbo7JXp+4aE/2nkXtDlvOsWRP9u5FfekCAqDfc+kAWqfTn8n5KX7MaMuD98SP9/LyKiwusTwoNeUoOZVVcirLvCQ588Pdv577gNbX9511L5rXQUudPaRf7fp7ZH64Wzr+U9bh4MEBlqesR907acLpQx/fd0f80NCQD/+02fKm5ivfeul5B3+HAAAAAABAf9FJBF24e9GiY9OlxcmZU46vPdp6Ivu4WCcdXTctP+3P2UIkTJmW/2X2JfP5o9GLn2i7nDl7feLa1lGvip1prRF0YfalllvsWhx9dKc5mi5M2ylezczMzNyVOry1Nss5XhFpO2kYDaArKrkL6MbBL48tX/LEqmWpG7elSUeSk6acv/BzRXWN+ZqU5Fmv/27lZ0cyf/vam1IEvOXVF5e//Hriowveeun5B2ckvvhfm9IPfS5d6e3tFTFxshBi1bLUpxc+/tZLz5tH+Wk1jz654sTJb6VT9Y2N5vk7HBWf/PC+rZtGxAxb/vLrJ05+K50tLC5JfHSB1P0jJXnmlfIKc+UAAAAAAKDfO3s2x/rg2LFxtoxNWLNuWmLangUJ84eZjxVmHyuctrilS4YUUqe1bq9pHTdlmkjLLxQJCU8sTlu0O3v+mgQpf57+fttuztnHjw5P3dWSSUfPfyX1y4UFLdtrWq6Mnjo9emfBJSGihRAiOvUV6dbR8xdPS9tZWCgSLh0/Gr24dY5h819d/OWiLl+W2OE3BOivbPyPfUBx9QD6fO7PFVXVE8feJu2mJM/y02re2/WXu+JvN1/zyOz7L5ddlXJkIcShjONLH3/knvjxUihsKf3Q51ISLYT46vR3j81JjgobKgXH4UNDt3/wkTRk47a0ISHBD85I7HqUNcus+ZvT3z84I3FISLD9vhkAAAAAAMAN9CGBSnhicdqiV/Yk7DAHx5cK8qNjOn4pYOGeJYvS8lt2oheLlvh44fHsNQkJ2cePTkvNHNZ2QP7PInZKx5Nlr0+8ubh6WucVFhbmiRGdzNEh8jgMHPx1S4dcPYCWAuUFKfNSkmelH/r8kdn31+n06Yc+twygQ4ODRsbGlJzKMh9pbF28bE1aLm1+h+HPBZeEEENCgnU6/Venv+vRqA5JS6Q9PT17/qAAAAAAAGCgi17wauqxRS/vTh1x81hhQaEQLVFyYWGetF24Z8migsWZmQlCSo9b1sQNS5g+PO149hpx/Oi0KWvaTz58hDhWWCgSoi0mbhm/M2ZXZma0EOLSnkULu3nz1s/5N+e4dIkWHAC64tI9oCUbt6VVVFXfFX/7vZMmREWEHco4bn3N3/95OmLiZPOvmLunddj4Yt/WTe+se/GzI5kREyc/+uSKsqvlthRg+6jMD3c/vfDx997/IGLi5GfXvq67fr2HzwoAAAAAAAa46PmvpIqdaa2rkROmTBM3mzJn/7l1ybPlyujs40cthi+ednTnorS81Hbtn4UQIjomWuoWLYQQhXt2tgwrzP9ZxEZLkxUe+7LLRDk6YWp04c7WOS7tSTva1dUA4AYBtLQI+p6J43/z0IP19Q3WyfLVisoRMcOkdwB24d5JE0bEDPv7P0+bm3VYChoccE/8ePOuuclG16MspSTPCh8amn7oC5o+AwAAAACA3hs2/9XFN3tcJKzZlSrSFiUmJiYmJh6fsq6lPUbCE4tF2sKWo216ZiRMmZZfKKYmdNAmY9j8Xe+n/rxWGvWyWJwqXRO9IHXa0dajl0Z03V8jesGudearXxGpi3vQjgPAAOQGLTikzssP/XLG5Dsnvf/RJ9ZnT5394c7xY5cvfkLq4JySPGv+w3PmpT4thLhSXiGEGD4sUghx4uS3dTp9aHCQNGr54ieGhoZIzTQ+OXwk8e47HpuT/NXp76SXEN45fqz0EsIuRgkhikrLbr8tLiwkRAhRWl6u0+nNyfXTi35jbtkBAAAAAADQmYQ1me0WK0cv2JW54Obe/B2Z81u2C/csaWnB3Paadt02oqdP7SQXHjZ/l3kyIeZnmkvIvDnFmo7qstizvDp7fVr0sLatpgHAgnusgD5x8tuvTn1XX1/fYZvmjdvS3nv/gzvHjy05lVVyKuutl1abXz+4cVva5bKrK5Yu/CnrcEryrPd2/SV8aKh0mVrtbW6mceLkt8tffl0I8eGfNpecynpsTvKhzJsdpTsbJSXXOp3+nXUvnj70sRBi74FD5jIKi0towQEAAAAAAOyocPfLafnTplj31rCQvX7t0Wmp852TCWevX3u087AbAIRQhMd3+ZsWgJ7we+33lrtf3323QqEQQigUCvOG+av1ri2am5stNzr76u/vb9cn60Z+UenwqDBn3hEAAAAAeqenP7/k5eXFxsbafv3Zszljx8b1qrSOFe5etGinuS3ztHWZazqNcrLXJ649Koan7tox34GRsHSXFtGp7+9yUtgNuDy7/+ffrdra2nb5UhcBlPV21wd7LTc313LXRVtwlJzKsuEq97DhT9vfSdstdxUAAAAAAMAttW210aW2jTQcxTl3AdBfuGgAHTFxstwlAAAAAAAAAAC2srMOAAAgAElEQVT6xD16QAMAAAAAAAAA3A4BNAAAAAAAAADAIQigAQAAAAAAAAAOQQANAAAAAAAAAHAIAmgAAAAAAAAAgEMQQAMAAAAAAACA+OijTz766BPLI9nZX+3e/UFDQ4N8Rbk9AmgAAAAAAAAAEMXFJcXFJZZHysquVFZWXblSLl9Rbk8ldwEAAAAAAAAAIJuvv/7HN9+cNO9u2vRuuwvS0z8RQoweHTdz5jSnV+f2WAENAAAAAAAAYOCyTJ+78OOPOUVFJTZciDYIoAEAAAAAAFxWWUbauzsyyuQuoxNn9m/atDujVO4yALgwWnAAAAAAAAC4gNLjO/aeqzXv+o15LHVKmKwVdW/cvMcqd+89cS4pZYzcpQC9t3LlM3KX0J8RQAMAAAAAAMjsTPq7GUWRSSufGddyoCwj7ZurQrh6AC1EWNLMcWnp6WfGpIyz4WrAJVk3fe5MSspDUVERDi6nvyGABgAAAAAAkFNpxu6M2jGPrbRc7zw0KXWenDX1wNCkVFaPAugUATQAAAAAAICMzp04UxeV1E23jTPp72YUCWHdmuPM/k0ZxS3blqdKj+/YWxjz2Piqvcelcf7jUpYkDe14ZjHlscDv9p6pE0IIEZm0ct7N1cwWjUH8x02JyT9eMNw8z7n0TS2T3xx1Zv+mDGE5Q2nG7r350W7QTgQD3gMP3C+E+OtfD0vbHh4e2dknampq77prUmRkZGbm8crKKrlrdEsE0AAAAAAAAPI5c7FIRCZ12b+i9kx6btIzK1NaMt+/ZfxCioBLM3bvPSPGPfZMUpiQouS9m6otwt+6M3svJq18JqUlF/4iI25BUocxcNHxvwWmrFw5VIiyjLT0jPRz46SezqXHd+w955f0zJJxLfNn1An/1kGlGRcDH3smpfXWGWnHQ1OnhI27JSrjeO4ZMa6liLKc/Dr/4b8gfYbrGzlyhBDir3+9uf3dd2dqamojIyOjoiJ8fHzkLtBdechdAAAAAAAAwMDmNzi06wuiprR2WB5z7zi/2vyfSoV56fTNTHlcypQoUZx7xmJcUmsYPe6ucX51BTllnRQw5pcti5qHJk2MFEUXpTnOnDhXe/PWYlxKyji/m4PCkubdvPWtkaKu+mprhUW551pOlP5UUBcZ39HKa8DVfPTRJx999InldnFxiRAiM/O4eRu9wApoAAAAAAAAWdVVd/2+Qf/AkA6OllbVicj4Nkunx9wadfx0ZZkQUuDrF9hNsH3zBh3dvayyVkRNHNPFuNKM3a2NO4QQkdI/wuKi/fdePCPGjBOiNKewNmo8ryeEW7CMmC236bzRRwTQAAAAAAAA8gkd7C8KK0u7TKBd0bn0TceL/FrfnXhm/6aM1jNhv4jxS889I8aNK8vJF+OSu4qwAddBD2gHoQUHAAAAAACAfMJ+EeNXd+bEORsubTcw0K9tww0hzuUWCb8ge/a7uNlMQwghyqvMy52l1tUdv1pwaNLEyKLcc6L0pwIRHedmwToGrpEjR0itn6XtESNitVqtEIIe0H1EAA0AAAAAACCjoUmpU6KKjm9KO15682BZRtr+M12Nau22nLE7o3XYmfTjRX5j7rVbwwupH/Tx9NY6zqQfLzKfDB3sL+oqW259Lj2juM3QcbdEFV3MyCkUvH4Q7oMe0A5CCw4AAAAAAAB5jUlZOeZM+rt7N91cbuw/LiWpu2FhSQseE7v37n23JSKOmrIy1a79LsbNWyn2b8p4V2qvEZWUMq42vaDl3lN+Oc5868ikpMiiDMuRY26NOp5xJjJpJa8fhBsYMSL255/zbOkBHRUV4fTq3J4iPD5B7hqA/sPvtd9b7n59990KhUIIoVAozBvmr9a7tmhubrbc6Oyrv7+/XZ+sG/lFpcOj+FttAAAAAG6gpz+/5OXlxcbG2n792bM5Y8fG9ao011eWkZZeMDxlSVL3sfKZ9HczxJSVKTSAhnsoKup+gXO36bPz//Ovra1tly91EUBZb3d9sNdyc3Mtd1kBDQBu5nxJ3Uf/KMwr1128oqu93jhiiPbWML/JvwiZPZ6/hgUAAAAGpnPpm46LpGdS7NZ8oxOlPxXU+cXE2bKo+VxukYhKIn2G22Bps+MQQAOAO/k6tyJ1+z/qG03mI2eLas4W1Xz8z0s11xvm3ztc1uoAwB0V7lmyKE2k7toxP1ruUgAAcDln9u+ovKt1vfO59L3naqOmJNmwfLw047sivzGPOToQB+AOCKABwG28c/hfW7640NnZlz8+dyzn6valdzq3KABwd9Hzd+wSS17OvjQ/epjctQAA0EtjUlY6Zq1x6GCRkb7J/DLEKBtaapQe37H3XK2ITFo5hUaNAAigAcBt7P2msIv0WZJ5/srKPd9umj/BWUUBgIu5tGfRwoLUzDUWLznJXp+YFvP+rvnDRPb6xLVincXJ7PWJa49OW7drWFqamL6rx+lz4Z4liwoWt7lZaw1fTn9/13zibABAPxA2ZcnKKQ4fAqBfI4AG7KnupT+02f/ygGyloH85mVf18sc3X4c9xF/9x99MuGtEsBBid3b+q5/cPHXg2+LbowMWJvTgHSkAMEAkrMnMvLlXuGdJWsz7mbuOLfrz8F2ZC2ybooOA28qw+bsy5/e5WAAAAKCf8JC7AADoSMbq2JGjbv5anSV3QUJkrI6du7NIppsfPnvZaGoy7/7qzmHBg7zfOfyvdw7/6/5x4X956h7Li//3ZLEcNQKAm0l4Zdf8YSJ6wa4pIlvuWgAAAIB+iwAagKuKW3X8wvk86deGyT0bW7jzwZGrjzmqMhkUlOssd//3VPHaj89t+eLC/54qvlp3I3iQt+XZvKs6qwkAAKJw96LE9a1Zc/afFy1MTExMTExcVBgtLWjOXp+4aE/2nkXS4ZuXtspen7gwrVAcXdvmZPb6lusX7bkkbs5zyWmPBQAAALg0WnAAgBv4+UqbTLm46npx1fWlU2/5/ZzRhkbTqg++szx7vcFYVHk9KsjX6WUCgCs4ujbxaNsj0antLmnpBp2ZIG2/sidhx/xoIYQoTNspdmVmRovCPUsWrV0/pU2zjYQ1me/HWLTgKBRCHF17fF1m5hppypvzAAAAAGjBCmgAbqR4+1zrphxZK8ydOqQWGRmrY2ds/FEcXCJd1nY1dNH2h1vGZqyOnbtz++pRsSNHrchoPdUyVderp4u3zx21IqP1vquzLAp7eHuhxY1aC5Pmb1vtw9szLAvr8NFuqtI3WB9MHDVECPGbrV8dOnO53ama6x1cDwADw7R1mZbWTbO6Ivv40ejFT7REywlPpIovs1sWLEenviIlyNHzF08TeYWFVmOtbtYSUScsSI3OL2DdMwAAANAOK6ABuIvi7XNnfvrgF3mfRkrbKzLOb04SIuOg2HY+L0nKdpe9nbF4c9KGvCNxD87Iee7ChqlCiMKLnU6Zs/GHZ8/nbRBSXjzls9nHL3wcJW2vzuq678eBZQd3XDi/WWStGLksdn/cC0fO50WLY6tHLXkva+mGyUIUf37BYrZ3dj6XtDhKZK0Yuay12uLtc2f+KGZ39WgW/i3M79uCqnY1PLnzpEqpqNJ1kDUPD9H06JsLAANJYWGeKDy6KHHnzUPTCoUYJmdNAAAAQH81gFZA3ztpwulDH2d+uNs5t1u1LLXg66NvvfR8tyXt27rJOSUBbiZn4xTLFcSFRz7Nmf3c0kghhBCRS5+dfeBwlhBCJG1ozWonz5snLub15P17caueaxlb/PlnOXOeXRwlhBAiaumzc/Yf7LqF9JxtG6a23lTMe3ZptBBCTL1/tvjpYpFU4YbW2WbMHp2Tc1EIkXHwwM07Ri7dsmq0tNnZo1m4dajWuobnkuPefGx8oNar3fERQwZp1Z49+D4AwMASHR3bfpm0ZacNAAAAAHbkoiugMz/cPTI2pt3BxsbG997/YOO2NJmKAuBccauOf9qS4QohREbOj+LgkpEHLS6IKxKTo0Tx9rkz38hpOTZ6de9ulvdDjjiwbNQBi9lvKxRTbWjkecvIuNEitoMTGatjl5mrnS2EKMq7KH4xO8r6youdPdpNk2KD933T/oPdY4cFjI0KCNJ6t1sEPfnfQrqvGwAGsIQp09a2b/AMAAAAwCFcNIBOfHSBtLFv66YRMcOWv/z6iZPf9nSSlORZr/9u5WdHMn/72ptCiBMnv41PftgBxXZs47Y0snLAnm6JGx0Xt9UykhYtzSt+eFZqaiGOrR71di9nj70tLu62LR8vtderozJWx74Td/zChighROHOB2e0BuQ/XbyZLF/M+VHa6PjR2nhoYuS3BVUffFVgefD/ff9UgK9Xbtk1y4PjYwJfnHubnR4DAPqphDW7Fi9alJjYsjs8dZeNLw8cNj91WuLaxKNi2rrMNfTsAAAAALrnogE0ALQXPWOumPnU9hmftbSqkOT9kBN32y3Sdtb+/UJYr4COvuUWsXF/xoapSUIU7nxqQ46YZz175KwHxZTlO2d1mQLbznKxc9GRgz+KW1p6cWzY+HbG4s1SD+h3Dkorozt5tPZeSxlbUK77KrfCfKS46npx1fV2l6Uvv88eTwAA7mnY/F2Z7Q4lrMlsWegcveDmyegFuzIXdHql9Z7l4cw1Ldvzd1jc7OatOxkJAAAADEjuF0Dv27rpvjvipe3/+fSv0urmdl07/ufTvwohfj33Aenrr+c+8D+f/vWTw0e2vPrizwWXfvXUynsnTdjy6ovFZVcihw4ZGhoiDfnm9Pev/26l1te33cztbnohr8C8QPutl55/cEbiZ0cyU5Jnenp6Wg5ctSx16eOPbP/gI2kdtOUMf//n6V89tdKJ3zOgf4hc+um2H0bOjN3Qsj9n2/nNSZOfW/3OlBmj3hBCiNlzzMly9OLn5o1aMvKgmLctb8Pkzdtmx0rtNeJW7Vgdt+RCB7NHLf14x4VRU0ZubNmft63rlxB2LWrps3NGLovdL4QQo+fNHt1a1WfbcloqEXEvbFs1ellO54/WwbR/fvKenVl56/f/0OFN50yI3DR/Qq9rBgDYSfb6xLU/L961a4G9PlYDAHA/Z8/m2HAVAAwIbhZASx05Hn1yxYmT365alvr0wseFEL997c19Wzf5aTXScem9f7997U0pUDa34Lh3UvtcZlzcL6Sm0vu2bvr13AdSkmeadx+ckfjN6e/TD30uRdvhQ0OfXft6+qHPpeT69KGPzV1BtL6+iXff8Zvlq06c/LbdQLOU5Fne3l4REydLwfTTCx9/66XnLQNuAO0lbcjrIIGdvPnC+c1tD0Ut/ThvqXlvg3lr6obzeea9pA15F8w7i/M6uUWbIV2VFLn00/OWBXzWwTVtS+2wkozVb8TF3dL5o3Vo8eTYwRqvtGMX88t1NxpM0sGYEM0D4yL+M/nfbJgAAOBoCWsy2y/DBgAMKGPHxsldAgC4EHcKoFOSZ40aOWJ3+n4p+d24LS05aUr8mNFCiNDgoDqdXjpue7D7j+/OSsuTPzp4+Pbb4r7/Icdy967429MPfb5qWWr40NDtH3wkZconTn6798ChpY8/ck/8eOl2jY2New8ckrYtB1reKP3Q5+YjX53+7rE5yVFhQx3wHQLgRrJWLDs4evXyXnT8mBcfOS8+UghRWKGvud4QG6odpPZ0RIkAAAAAAAB95CF3AT0wfFjkII3viqULS05lSb/MPTcOZRwfHhVR8PXRVctSez1/UWmZ9cEhIcE6nf6r09+Zj3x1+judTj8kJFjarW9szL9U3O3kKcmzfso6XHIq68M/bZaafgAYeLJWjBwV2/Jr2cXVX3Td9Llb0cGaccMGkz4DAAAAAACX5U4roIUQ1/TXX/3ju+3WF0uroTduS3vrpedXLF349MLHpU4aMtXYAakBtNQeWmriIXdFAGRha58NAAAAAACA/sGdVkDnXyr28vK8K/72zi747WtvPvrkisrqmoljb7PXTa+UV2i1mnvix5uP3BM/XqvVXCmvsHGGeydNGBEz7O//PE3TZwAAAAAAAAADijsF0OmHPr9cdvXBGYkpybOkI7v++Aep58b+tPfMB81Ky8t1On0fuy1v3JZ2uezq0scfkea/d9KEx+YkXy67avsK6xMnv63T6UODg6Td5YufoAUHAAAAAAAAgIHAnQJoIUTiowsul119Z92LUg/o6MgIKQj2HzRIOvjhnzb/XHDpV0+tlJLfzK//ed8d8SWnst566Xm73FSaP/HRBT2a4b1dfwkfGirVrFZ7l10t73UxAAAAAAAAAOAuFOHxCXLXAPRbP355QKFQCCEUCoV5w/zVetcWzc3NlhudffX393fMM3Usv6h0eFSYM+8IAAAAAL3T059f8vLyYmNjHVkRAPRSbW1tu3ypiwDKervrg72Wm5trueuiLyEsOZUldwlO9eFnf1v56h/krgIAAAAAAAAA7MlFA+iIiZPlLgEAAAAAAAAA0Cdu1gMaAAAAAAAAAOAuXHQFNAAAAOAcer1er9fX19c3NDQYjUbz6xacRqFQqFQqLy8vb29vjUaj0WicXAAAAADgOATQAAAAGIiMRmNVVVVtba3JZJK3kubm5sbGxsbGRr1eX1VVpVQq/f39AwMDVSr+Xx0AAABuj/+pBQAAwIBTUVFRUVEhdxUdM5lMVVVVVVVVwcHBwcHBcpcDAAAA9AkBNACXZjA0GgwN7Q4GBNz8bHJNjb53Z5ubRW1tm7MKhfD3N59trq293vaswt/ft+9nm5qa6+p6cNbDQ+HnZ5ezTXV1N9qe9fDz85G2Taama9fanFUqPQYNkvms0dik07U5q1J5aLXmsyadztD2rFKrVTv6bGOjSa9vc9bTU6nR2OWsUa+vb3tWpdF423K2ocF4/Xqbs15eKl9fh5+trzfeuNHF2cYbN9r89+vt7enj4+Xos9a/b6jVnmq1jWcbDIbGnpz1Uqs9bTl740ZDfX2bsz4+Xt7eTjhbX19v7Ozs9ev1DQ1tzvr6ent5qex+VqVSenurPD1d4v88DQZDWVmZwWCw4VqZVVRU6HS6oUOHqtVquWsBAAAAeomXEAJwaQqF3BUAAPrMaDQ5va9yx65du1ZYWOgW6bPEYDAUFhZeu3ZN7kIAAACAXlKExyfIXQPQb/345QGFQiEtcTVvmL9a79rC/GYkaaOzr/7+/o55po7lF5UOjwpzxMzNzWTQAODempubTaYmlUopdyHi2rVrJSUlclfRSxEREYMGDZK7CgDoJ3r680teXl5sbKwjKwKAXqqtrW2XL3URQFlvd32w13Jzcy13XeKDkABgSaczKJUearWXQkH6DABuT6FQuEL6bDAYLl++3OEppVLp5+en0WjUarX03j+j0WgwGPR6fV1dneyvKJRcvnw5OjqaXhwAAABwOwTQAFyO0WgyGk1qtacQxM8AAPsoKytr7qgPSEhISFBQULuDKpVKq9VqtdohQ4ZUVlaWl5c7q8xONTc3l5WVxcTEyF0IAAAA0DP0gAbgouz76Q8AgOx0OkO7N3w6TUVFhXXfZ29v75iYGOv0uZ2goKCYmBhvb29HFmgTg8FQUVEhdxUAAABAzxBAAwAAwBmkD7jIcV+jdW7r7e0dFRVlY0cLtVodFRXlChl0RUWF0WiUuwoAAACgBwigAQAA0J9VVVVZHwwLC5PaPdtIpVKFhTnkdbs91eHjAAAAAC6LABoAAAD9mfRmcEshISG9eJufWq0OCQmxX129ZP04AAAAgCsjgAbgcrRatVbb41wAAABrer3eZGrT90OpVHbb97kzQUFBSqXSTqX1kslk0uv18tYAAAAA2I4AGoDLUamUKpXMP94DAPoH66zWz8+vLxP2cbhdEEADAADAjfSg8133nlok/XPIRwftOS3gPq6U8256AAA6JsunW+rr69sd0Wg0fZlQo9FUV1f3rai+sn4oAAAAwGXZNYAGAAAAOiHLp1saGhraHelF92c7DrcL64cCAAAAXBYtOAC4HJ3OoNMZ5K4CANAfGI3GdkdUqj6twOjjcLuwfigAAADAZcn/P9AA0I7RaLLhKgAAutfc3Cx3CfbXLx8KAAAA/RUroAEAAOAMsnzARaFQOPmOTtAvHwoAAAD9FQE0AAAAnMFoNDn/My7WHTP62L/CFdpfuEIbEAAAAMBGBNAAAADot7y8vNodMRj6tAq7j8PtwvqhAAAAAJdFAA0AAIB+y9vbu90RvV7flwn7ONwurB8KAAAAcFkE0ABcjlar1mrVclcBAOgPNBpNuyN1dXV9mbCPw+3C+qEAAAAAl0UADcDlqFRKlUopdxUAgP5Ao9EolW3+TDGZTJWVlb2brbKy0mRydhvrdpRKJQE0AAAA3AgBNAAAAJxBrg+4+Pv7tztSXl7ei1bOBoOhvLzcfnX1kvXjAAAAAK6MABoAAADOINcHXAIDA60PlpaWGo1G2ycxGo2lpaV2rauXOnwcAAAAwGURQANwOTqdQafr8cI0AAA6pFKpgoOD2x2sr68vKiqycR20wWAoKiqqr693TIE9EBwcrFKp5K4CAABHKN4+d1Ts3J1FctcBwO4IoAG4HKPRZDTK3GETANCfBAcHq9Xtu3/U19cXFBR02w+6srKyoKDAFdJntVptnaQDAFxS8fa5o2JHWvxandXm7GopZs1a0X3emrVi5MPbC1t2jq1uN5V7Kd4+d9SKjM7ORi799IsXRM5F59YEwAkIoAEAAOAM8n7AZejQoQqFwvp4eXl5bm7ulStXdDqduSmH0WjU6XRXrlzJzc11hb7PQgiFQjF06FC5qwAA9MCcbefzLki/vnjhp2WxI1cfazkTufT+nCkjR8WOfOe2LYujpGOFOx+8eUGnpm44f3zkOw9uL+51VcdWj+rLcIc6tnrmGyLuFrnLAGB3fIIPAAAAziDvp1vUanV4eHhJSYn1KZPJVF1dXV1dLUddtgoPD7dexA0AcBORSz89P2L1qLe3L5+6NFIIIZI25F3Y0Lu5opZ+vLXQRRPkPpq64Xye3DUAcARWQAMAAGBAGDRoUERERIfroF2ZQqGIiIgYNGiQ3IUAAPpk6v2zf/zsSEvnDXNrDqkFR8bq2BkbfxQHl7Rv1tFWxmpp1JQZM1tXMUtNLVonXJ1l0f3jZuOOVsXb545asl/8uGGmdLZo+8Oxq3dun2u+2KqwdvO3mfNmm5EVGW36hLS7Y9sJLe9iHtJ2eMZqOkED/QwBNAAAAAaKQYMGRUdHu9FSYrVaHR0dTfoMAG4la8XImW/kiAPL2nZ/viVudE7ORSFExkHR0p1j25ycjW9nCJG0Ie/IqtFi9o4L5/M2TO5s3mOHxQ6pp8e22T9u2GLu13Fg2cF50mz7l8WOfFZsOZ934fyOeTlvvNcuy45c+un5HfPE6NVf5F34eGm0EEKI/QfFlvMtu9aFtZn//I55OW8sNwfTMz998Aupx8i8w8sOdFBvm2t2PNjFbAD6OQJoAC5Hq1VrtW4TDQAA3ItarY6JiXGLt/kFBwfHxMS4UVwOABBCCDF584UvXohr7QFtHSgnbdic1HLlvHniYp6t/TSmbtgwtWWG2XPExZ9blwzP2SYdnzxvnhDznpWS5an3zxY/Xew+3m29vovCWucXU59e1ZKhFx75NGf2c1I7ESGmbtg2x3rmjC1viFVbzdcsbel23cFsAPo7N+gBnb7tndjoKMsjVysqX3pry8kz5+QrSgghtv3hlTtuHyttG43GnR9+8qc//4+8JQH9g0qllLsEAEA/FxwcHBAQUFVVVVtbazLJ2ZzamlKp9Pf3DwwMVKnc4P/VAQC2upjzY5z0hr3i7XNnvpHTcnj0aptnKNz54IyNP7bsxN1mdf6WkXGjRWwfSrS5sJvP0qmivIviF7OjurwGwADhliugQ4OD/vjy72YnTZWxhrUrnjanz0IIlUq1+NGHnnzi1zKWBAAA4Mpc7QMuKpUqNDT01ltvjYqKCgwM1Gg0np6esnSIVigUnp6eGo0mMDAwKirq1ltvDQ0NJX0GgP6lePs7B+c8uzhKFG+fO/OHZ8+3NKaYZ/MEhTsfnJHz3IXWFhmOqLBHhVkuXi68aL2QOSr2FpuWYAMYANzm/2vNq56ldccaH58JY0cfzDhmw1BH+ef3Z5f9/hUhxJNP/Hrxow+pVKpxo34hYz0AAACuzGU/4KLRaDQajdxVAAD6sawVI5cdmLctL0kIkfdDTtxtLYuHs/bvF8LGFdCWi44zDh4QwnoFdN/0pLCk2XPEsre3L5+6NFIIcey9jT+KuLnW1yxb9tT2GZ9J12zfecvSGZ1MF3tbXM6nR4qXLo0UImvFsoMiLs5ujwXABbhNAG125vxPE24bpVKpwoeEmJNf6ZT+xo033/1vcyq9dsXT82ZNk/pjfHXqu3smjlepVPs/P7pu83tCiNlJU59/5t81Pj6dNdAwX5BXWJSy7FnLoNk8ieTU2R/mzkwKDQ4KHjzYud8MoH/S6QzSQjm5CwEAAACAXjqwbFTrq/niXjhyfnNLq+XJz61+Z8qMUW8IIcTsOeaFxtGLn5s3asnIg2Leto7fQ5i0/IV3Zk4ZuVEIIebN7vUK6KlPr3p7xszYDXEvHPl4VpsznRTWscmbj6x6cMbM2A1CCDFn27Y5+9/p4JoL21aMbLlGzNuW1+lskUu3rPq0ZbbZO7bNPmA9GQB3pgiPT7DbZE8tkv455KODdpuztQd0uxXQQoj9nx8VQkgRs5k5gzanz+1I2XG75LqzDFq6l3nOdrvmy8z3ahdMYwC6Ul5hufvjlwekT/IqFArzhvmr9a4tmpubLTc6++rv72/XJ+tGflHp8Kgwe81WU6MXQgQEsBgNAAAAgP319OeXvLy82Ni+9Fbu71rag2yQs1MqMFDV1ta2y5e6CKCst7s+2Gu5ubmWu27TAzo0OOj/+69Xv/3b/0rp89WKyr9lZq3b/N6EX/4f6dd/f/CR0WiUWnNMGjfmnvjbpcv+43cvT/jl/8krbNN3aNq9d6lUKsuzHTbQOHP+J6PR6O3pGRURNjnlaMgAACAASURBVGncmJjICCHElasVHabPeYVFpM8AAACd0ekM0mdcAADAsdWjYldnyV2FXRRvX77xx3mzSZ8BdMb9WnBYNl+2bKNhaUhQkEbjK4QoKC45eeacEOLoiW+GRYRJS54njRuj1fiaQ23zKOsGGubeGuNG/aKopFSj8TUajUdPfGO+QFqdLaXPUpsOAAAAdMhoNMldAgAArmLqhvOdt6RwfcXb5858I6d1r7O2IQAghDsF0OYWHOYjk8aNeWbxbzQ+PlL3DCGEuatGVESYt6dnZ1OZ4+l2tBrfSePGWN7i5JlzBcUlocFBMZER994xQePjc7Wi8tTZH6S7v/bb5aHBQR327gAAAAAAAOinIpd+en6p3EUAcBduE0Bbk3Jkc/67dsXT5p7ORSWl9Y2NKpUqJjJCypSlnhvS2SuVlXr9dSlNbhdqW5PeeajR+I4fHWe5pDr1sYdDg4Os+0EDAAAAAAAAACRuHEBLVCrVvz/+yL8//ojlwYMZx2bPmHrH7WPbNdmQnDxz7qvT38+bNc3ybGdRsrkLh7TU+sz5n6Tlz1I/aI2Pz7pVy9etWi5dTCMOwC60WrXcJQAAAAAAAMAO3OYlhNYOZhz74JODRqNRio/3f35U2pYs+/0r5hcPXq2o/GD/Xy3Prtv8nvTSwm7vInXhkLYvlZTSagNwApVKqVIp5a4CAAAAAAAAfaUIj0+w22RPLZL+OeSjg3ab0062/eGVO24fS79mONqV8grL3R+/PKBQKIQQCoXCvGH+ar1ri+bmZsuNzr76+/vb9cm6kV9UOjwqzJl3BAC4HeklhPwVIwBAdj39+SUvLy82NtaRFQFAL9XW1rbLl7oIoKy3uz7Ya7m5uZa7bt+CozNrVzwtrXQWQjz5xK8n3DZKCFFVUyu9QhAAAABORvQMAAAADED9NoAWQsybNW3erGnmXaPR+OkXGV2/chCAK9DpDHSCBgAAAAAA6Af6cwBt6WpF5UtvbSF9BtyC9BltAAAAAAAAuLt+G0Cv2/ye1H8DAAAAroAPuAAAAAADUL8NoAEAAOBS+IALAAAAMAB5yF0AAAAAAAAAAKB/IoAGAAAAAAAAADgELTgAuBzagwIAAAAAAPQPBNAAXI5KpZS7BAAAAAAAANgBATQAAACcgQ+4AAAAAAMQATQAAACcgQ+4AADQNb1er9frr1+/3tjYaDKZ5CpDqVR6enr6+vpqNBqNRiNXGQD6DQJoAC5HpzOwUA4AAADAAGE0GquqqmpqaoQQTU1NcpcjTCaTyWQyGAxSSQEBAYGBgSoVCRKAXuK3DwAux2iU7a/6AQAAAMCZKioqKioqFApFU1OTQqGQu5w2mpqampubq6urq6qqgoODg4OD5a4IgFsigAYAAIAz8AEXAAAsGQyGy5cvG41GIURzc7Orpc8ShULR3NwshKiqqqqrqwsPD1er+aMcQM94yF0AAAAABgSj0cRnXAAAkFy7dq2goKChocEVem7YoqmpqaGhoaCg4Nq1a3LXAsDNEEADAAAAAAA4z7Vr1y5fvix3Fb10+fJlMmgAPWLXFhxbd0n/vGLPSQEAAAAAAPoJg8FQUlLS9TVKpdLPz0+j0ajVauntf0aj0WAw6PX6uro6k0nOTxQ1NzeXlJTExMTQiwOAjegBDcDl0B4UAAAAQH/V7drnkJCQoKCgdgdVKpVWq9VqtUOGDKmsrCwvL3dkjd27fPlybGysvDUAcBe04ADgclQqpUqllLsKAAAAALCziooK6a2DHfL29o6JibFOn9sJCgqKiYnx9vZ2QIG2MhqNFRUVMhYAwI0QQAMAAMAZtFo1n3EBAAxkUmjb2VsHvb29o6KibOxroVaro6KiZMygm5qaug7TAcCMABoAAADOwAdcAAADXFVVlUKh6OxsWFiY1O7ZRiqVKiwszE6l9YZCoaiqqpKxAADuggAagMvR6Qw6nUHuKgAAAADAnmpqajpb/hwSEtKLd/qp1eqQkBB7lNYbTU1NNTU1ct0dgBshgAbgcoxGk9Eo52udAQAAAMC+9Hq9tGrY+pRSqey273NngoKClEp5PmAkPYv0XADQBQJoAAAAOAMfcAEADGR6vb6z5c9+fn59mbmPw/uiqamJABpAtwigAQAA4Ax8wAUAMJBdv369s1MajaYvM/dxeB918VwAICGABgAAAAAAcKzGxsbOTvWi+7Mdh/dRF88FABICaAAAAAAAAMcymTr9GJBKperLzH0c3kddPBcASOT8TQoAOqTVyvkX+AAAAAAAALAXVkADcDkqlVKlkuc9zgAAAADgZEajUcbhAOBoBNAAAABwBq1WzWdcAAADllLZ6SIbg8HQl5n7OLyPunguAJAQQAMAAMAZ+IALAGAg8/T07OyUXq/vy8x9HN5HXTwXAEgIoAG4HJ3OoNPJ+Xf4AAAAAGBfvr6+nZ2qq6vry8x9HN5HXTwXAEgIoAG4HKPRZDTyJmUAAAAA/YdGo/Hw6DiEMZlMlZWVvZu2srLSZJLtpycPDw+NRiPX3QG4CwJoAAAAOAMfcAEADGRSUNvc3Nzh2fLy8l60cjYYDOXl5faorjekZyGABtAtAmgAAAA4Ax9wAQAMcAEBAZ0tghZClJaWGo1G22czGo2lpaV2Kq03PDw8AgICZCwAgLvo5wF0SvKsn7IOnz708b2TJvR07FsvPf9T1uGU5FnWE+7busmuZXYl88PdvasfAAAAAAC4jsDAwM5WQAsh6uvri4qKbFwHbTAYioqK6uvr7VpgzzQ3NwcGBspYAAB34eoB9FsvPV9yKsv8q6fJb/qhz5c890J9Y+M98ePtUs/Ti37z/Q85v3pqpV1mAwAAAAAAA4RKpQoODu5iEXR9fX1BQUG3/aArKysLCgrkTZ89PDyCg4NVKpWMNQBwF64bQN87acLpQx+nJM/cvP39iImTIyZOfvTJFSNihvV0OfD6VSu8PT2/Ov1d30tatSzV29try84/932qzkhPbZmzJz66ID754RMnv3XcTQFXo9WqtVq13FUAAAAAgJ3ZEtqWl5fn5uZeuXJFp9OZm3IYjUadTnflypXc3FwZ+z6bSWG63FUAcA+u+1dVyxc/odVqfvvahvRDn0tHTpz8dvnLr2959cX1q1YkPrrAxnlsv7Jb+ZeKV63fQBYMOJpKpZS7BAAAAABwiPDw8IKCgq6vMZlM1dXV1dXVziqqx8LDw+UuAYDbcNEV0CnJs26/Le77H3LM6bPkxMlvM7/+Z/jQUKk1876tmzI/3G0+u2pZ6k9Zh1ctS5V2923dZN27w7zEOPPD3dKpbpdUm5tBpx/6XEqf923d1OEo85wlp7Leeul587P8lHW4w3tZNhg5fejjLete/MuWjUNDQ+67I95cc+aHuy2fsd0Q82zSs0ul9q5dCQAAgEPxARcAAIQQarU6IiJCoVDIXUgvKRSKiIgItZo/0wHYykUD6OHDIoUQp87+YH3qSnmFt6fnXfG3dz1DSvIsb28vqXfH5u3v3zl+rDkRFkLcd0f86XM/Rkyc/Oza17VazfLFT3Qx1TenvxdCmO9476QJI2KG/Vxwqd1S6H1bN/lpNY8+uSJi4uT/+fSv5jJe/93Kz45kSpXU6fRbXn1RSo33bd1kbjDy6JMrisuu7Pvsb79Zvqrsavnf/3k6YuJk607TlkOk2Xa8/Yb5NYnenp4Pzkh88b82SQXcOX6sOYsHAACQnUql5DMuAAAIIQYNGuS+K4jDw8MHDRokdxUA3ImLBtBdyL9UXN/Y2O1l6Yc+n5f6tLT91envKqtrosKGms9eyCv47WtvSpd9/0POiJhhXSyClq6JHzNa2r0nfryXl9dHBw+3uyw0OKhOp5dS6d++9qY0/yOz779cdlXaFkIcyjiu1WruiR8vLfFOP/TFxm1p0sruuUue6rq5R7shQoj3dv3FMhkXQnx2JFNaM/7J4SOV1TUTx97W7TcKcEE6nUGns+nVzwAAAADgjgYNGhQTE+Pl5dXFOwldioeHh5eXV0xMDOkzgJ5yj9/mLEmLo6+UV3R7pbn3xYd/2jw0NMTy1NWKbl4p286psz8EBw6W1hpPHHtbRVV1u94gUrg8PCqi4OujluuOQ4ODRsbGmJtmrFi60NvTU3qKhoZGaW21jayHpB/6/HLZVXOwXt/YaMu3BXB9RqPJaDTJXQUAAAAAOJBarY6NjQ0MDJT6WjQ3N8tdUQeam5ulbiGBgYGxsbF03gDQCy4aQOdfKpaiXutTQ0KCzRd0Yd/WTe+se1HqffHokyvKrvbpFbFfnf6uoaHhrvjb7500ISoi7FDGcetrNm5Li7l7WvqhL1YsXWgZQ0v9NMy/Yu6eZl7CDAAAMHDU1OhravRyVwEAgGsJDg4eMWLE4MGDlUqlq62G9vDwUCqVgwcPHjFiRHBwsNzlAHBXrvVbm5nU9eL22+LMDY4l906akHj3HZfLrpoXIPtpNebuGUNCgqX1xVKb5r//87S590UfSS8/jB8z+p748VIe3dmVv33tzUefXGFuf3G1orLD/h75l4q9vLrvZN31kJTkWeFDQ4tKy3r1TAAAAAAAQH4qlSo0NHTkyJERERGBgYFqtVqplPOtCUqlUq1WBwYGRkREjBw5MjQ0VKVSyVgPAHfnur+DbNn55y2vvvj671ZKebT5hX46nX7Nxs3SNafO/nDn+LEP3T/jxMlvU5JnPTgjUTp+4uS3dTp9aHCQtLt88RNDQ0N+LrjUl3q+Of194t13TLvv7qKS0g6bNe9Pe2/PxwfateaQKly++AlpSEryrPkPz5mX+nT6oc8fmX1/SvLMK+UVG7el3Ttpwuonl2740/Z2lVtqN0QI8fSi3+h0+k8OH+nLcwEAAAAAAFeg0Wg0Go3cVQCAnbnoCmgpRI5Pfvj7H3LeWfei1ED5nXUvan19La/ZuC3tH9+d/fXcB0pOZb3+u5WfHck0v5/wvV1/CR8aKg1Uq7372IJDyn/rdPrhwyKtXz8o8R80SCr1wz9t/rng0q+eWilV+N77H9w5fqxUyVsvrTaH1796auU/vju7YulCaYjBUC+dknpJl5zK2rd1U7tbWA4pOZUlhIhPfrjrVxcCAAAAAAAAgFwU4fEJctfQA9IiaK2vb2Nj43vvf+DkZsqZH+4WQiQ+usCZN4Vb+/HLA9LrGhQKhXnD/NV61xbmF1NIG5199ff3d8wzdSy/qHR4VJi9ZpPeQKhSyfmhMwCA3UkNoAMCWNgFAJBZT39+ycvLi42NdWRFANBLtbW17fKlLgIo6+2uD/Zabm6u5a6LtuCQlvdai5g4uV2Pi86utK+IiZOlhsufHcl02k3t4q9Hj/0/z6+VuwqgZ4ieAQAAAAAA+gcXDaAjJk62+5V99Mjs+80Nl512UwAAgH6Dtc8AAADAAOS6PaBdx6plqQVfH739trg/vPv/03AZAAAAAAAAAGzkoiugXcrGbWlObjYNDHA6nUEIodWq5S4EAAAAAAAAfUIADcDlSC8hBAAAAAAAgLujBQcAAACcoaZGX1Ojl7sKAAAAAE5FAA0AAAAAAAAAcAgCaAAAAAAAAACAQxBAAwAAAAAAAAAcgpcQAnA5Wq1a7hIAAAAAAABgBwTQAFyOSqWUuwQAAAAAAADYAQE0AAAAnCEgQCN3CQAAAACcjR7QAAAAAAAAAACHIIAG4HJ0OoNOZ5C7CgAAAAAAAPQVLTgAuByj0SR3CQAAAAAAALADVkADAADAGWpq9DU1ermrAAAAAOBUBNAAAAAAAAAAAIcggAYAAAAAAAAAOAQBNAAAAAAAAADAIXgJIQCXo9Wq5S4BAAAAAAAAdkAADcDlqFRKuUsAAAAAAACAHRBAAwAAwBkCAjRylwAAAADA2egBDQAAAAAAAABwCAJoAC5HpzPodAa5qwAAAAAAAEBf0YIDgMsxGk1ylwAAAAAAAAA7YAU0AAAAnKGmRl9To5e7CgAAAABOxQpoAAAcrqmp6cqVKzqdrqmpyZbrPTw8tFrtkCFDPDz4q2IAAAAAgBsjgAYAwOEqKirq6uq8vLxUKpv+5DUajXV1dSqVKiQkxPHVAQAAAADgKATQAAA4nJQ+Dx8+3PYheXl5tbW1BNAAAAAAALemUvlo5K4B6D+MN2htaQdarVruEgB7unHjhslk8vf379EorVZbXV1tMBjUav6LAAAAAAC4K1ZAA3A5KpVS7hKAnmlubq6tra2urm5oaOjsGq1W26M5NRpNdXV1YWFhh2e9vLwCAwN7GmoDAAAAAOBkBNAAAPRVSUmJXq8XQnh7eyuVHfwNikKh8PHx6dGcvr6+vr6+HZ4ymUz19fVlZWU6nS4iIqK3VQPOFhDAB+8AAACAAYcAGgCAPikvL9fr9RqNJiwsrMP0uXcUCkVUVFRnZ41GY2lpqU6nq6qqCgwMtNdNAQAAAACwLw+5CwCA9nQ6g05nkLsKwCbNzc3V1dWenp4RERF2TJ+7pVKpIiIiVCpVdXW1024KAAAAAEBPsQIagMsxGk1ylwDYqqGhobm5WaPRKBQK20c1NTXduHHjxo0bjY2NJpNJqVR6enr6+Pj4+Ph4eNj6d8MeHh4ajaa2ttZoNKpU/IEOAAAAAHBF/LwKAEDvNTc3S+uRbby+qampsrKyqqqqw7MKhSIwMDAwMLDDGNpkMhUWFppMpmHDhnl7ewshPD09peME0HALNTV6OkEDAAAAAw0/rwIA0Fc2Ln82Go2XLl1qbGz08PAYNGiQVqv18vLy9PRsbGxsaGjQ6XTXrl2rrKzU6XSRkZHWmbJOp2tsbBRC1NbWhoaG2n5fAAAAAADkQgANAIAzNDY2Xrp0yWg0BgYGBgUFWa5x9vLy8vLy0mq1oaGhFRUV1dXVRUVFw4YNa9dUWqvVqlSqpqYmf39/y+PSKmwAAAAAAFwQATQAAA5nMpmKi4uNRuOQIUMCAgI6u8zDwyM0NFSlUpWXlxcXFw8bNsxyjbNSqbzlllusR7EOGgAAAADgsmx90xEAOI1Wq9Zq1XJXAdhTeXl5Q0NDcHBwF+mzWWBg4ODBgw0GQ2VlZddXSmufWQENAAAAAHBZBNAAXI5KpVSplDZcCLiH+vr62tpaHx+foKAgG4eEhoZ6eXlVVVUZjcYuLpPWPrMCGgAAAADgsgigAQBwrNraWiFEcHBwj0YFBwc3Nzdfu3at2ytZAQ13ERCgCQjQyF0FAAAAAKcigAYAwLF0Op1KpfL19e3RKK1WK43t9kpWQAMAAAAAXBYBNACXo9MZdDqD3FUAdtPY2Ojj49PTUQqFwsfHp76+3jFFAQAAAADgDATQAFyO0WgyGk1yVwHYh8lkEkIolb1pa+7p6WkymbrosMFLCAEAAAAALo4AGgAAh+tdRiz11iBfRr9RU6OvqdHLXQUAAAAApyKABgDAgaS1z0ajsRdjjUajh4eHh0enf1hLCTU9oAEAAAAALosAGgAAx/L29r5x40YvBt64ccPLy8sBFQEAAAAA4CQE0AAAOJZGo2lqatLre9Z5QKfTNTU1abXabq+kRwcAAAAAwGURQANwOVqtWqtVy10FYDf+/v5CiIqKih6Nkq738/Pr9kpacAAAAAAAXBYBNACXo1IpVSql3FUAduPl5eXv728wGGpqamwcUllZWV9fP3jwYE9Pzy4uk9Y+swIaAAAAAOCyVHIXAABA/xcaGqrX669cueLt7e3j49P1xXq9vqKiwtPTMzg4uOsrWfsM9xIQoJG7BAAAAADOxgpoAAAczsPDIzw8XAhx6dKlysrKpqamDi8zmUxXr14tLi728PCIiIjw8LDpj2liaAAAAACAy2IFNACXo9MZpE7QchcC2JOPj090dHRJSUlFRUV1dXVAQMDgwYOVypZuM42NjdXV1bW1tU1NTZ6enhEREd7e3nKXDAAAAABAXxFAA3A5RqNJ7hIAh1Cr1cOHD6+srKyurq6srKysrGx3gYeHR3BwcGBgoI2LmukBDQAAAABwcQTQAAD0le0RsIeHR0hISFBQ0PXr1w0GQ2Njo8lkUiqVXl5earXax8fHxrYblmjBAXdRU6OnEzQAAAAw0DgvgF708JzB/n42Xny1suovnx5ycEUAAPSV1EOjsbGxR6M8PDy0Wq1Wq+3j3aX7mvt4AAAAAADgapwUQIcEDn51xZPfnf+pvqGh24u1vj63jRyR/rcvbbkYAAAZeXp6qlSqa9euhYaG9mLxcl+YTKZr165JBTjzvgAAAAAA2M5JP7JKnw5+dt2bhSWl3V489t9u/ey/tzilLgAA+io0NPTy5cuXL18OCwtz2mJko9FYWlra1NQUHh7unDsCAAAAANALDg+glzwy7+Xl/yFtZ+3d0e3169/973+cOefoqgC4Mq1WLXcJwP9t7+7jq6rvO4CfyL085KFkhijSmaYy7ECeQQR8QIUuOtlU7MAJdCIvZ6dTQayIxVmrtgNEmE99tdZSxWdXRn0YL6xPG0q0fUEgKM4FFNCpr2HWC+YGaALsj2PvskDCJTk3N5D3+8WLV865v/M7X85/fPK933MYCgoKioqKqqurN23a1KVLlzbIoPfu3btnz54w+87LM04XAACA9ivjAfSJJxz/VkXloiWPp7P4hulTex1fnOmSgHYuFjPQliNMjx49unTpsnPnztra2jAazqhOnToVFBQUFhbm5uZm+l4AAADQGhkMoKd968LCrxQMOaVvfm63UUMGNr84sfOLJf/8q/9JJDJXDwBkTkFBQUFBQbargHatsFDDPgAAdDiZCqC7dO78/eu/s+H9quSu3Xt+//uRzQbQXbt0Htz3Gy+8+u8ZKgYAAAAAgLaXqQA6JycIgmDOgvs2vF91yMWlf9zr3558OEOVAEecmprdJkEDAAAAHAUyPgMa4HDV1+/NdgkAAAAAROCYbBcAAECHkEgkE4lktqsAAADaVKY6oPfvD4Ig2LdvX4t3uPZv/nrv3i+7IHfv2fPjx5+NrLgOb/7sGZPGlyVrd82954FlK1/JdjlfCqv6bHv1zDsXrF67vsX7DOp7chAE69/7z3QW9yktqUnWfrr98xbfDgAAAABoSmY7oPcH+1t87WmD+o8cMnDS+LIZ0ybf/J0rIq2ro7tp3uJ7f/FE53j86ikTs13L/wmrKsjLHdXsKysP6Zopk5bMu33iBX92yJUzpk3+5YMLp0+6uDW3AwAAAACakqkAOnwJYadjOrV4hyk3fO+BpU91L8gPgqCurj7K4giChQ8vXbbylT6lJU8s/lG2a/nShLKx0ydeHATBhx9/0pp9Fjz0yOZtH9981bTmM+gZ0yZPn3jx6rXrFv38sdbcDgAAAABoSqYC6D8/+8xWjuC4cNzZSxfe9dzLr182Y0487mWJ0btp3uKvnXn+a+W/zXYhX1q28pV+ZRP6lU1o5VSQqi3bbrn7vuYz6DB9fnNNxawf3pOs3dWa25EJ+fld8/O7ZrsKAAAAAForIwH0OaNOvfuWG4IgOOaYluwfzo9eMGfmfY88OXveP0XbAT1r+tRNrz6/ddWKratWvLz0J0191KgvuOFHqT/zZ89ILRg9dNDbyx5rtGDTq8/Pmj61mRoa7tDQy0t/ctAKmzd/9owDb9rUvVKLv5Kfd9BbN3wCE8rGbly5rJnH0nDzphY3L7VVUw/tsDSfQUuf279YrFMs1vLvTwAAAADQTkQfQJ81Yugv5v/goad+2eIO6AvHjQmCYO7C++/+2aNBEOzbvz9DHdC9jiueUDY2dThsQL9obxSPx667/LK3lz02euig9K+aUDa213HFB62wLY0Y2L/1QXD6Ug8/Ho8NG9Cv9Rs2lUFLnwEgWwoL8woL89JYCAAAHD0iDqCHnPKnP/vRbYuXPB7O1T3cDuicIOeKv7royksvuXLOD5Yuf/HLEnNyIp8BXVdXn6zdlZfbbeTgAeGZCWVjB/f9Rni+mQuffmHl1848P/xz07zFBy6o2rIt/HTmnXeHW/UsLvr7b1+afm3fOn9cXm63ZO2uurr6hhW2sXg8NvGCssOKzlssfPhBEPxux84gCHqXnBjJfQ/MoKXPAAAAANCWomz4HTGo/5J5t/+28t3yisoRg/oHQdD/5N55ud0OeWHP4qJwisWxhd2TtbuumH3bW+s2pD7NXAd0EARjThs+euig1WvXjxw8IIx9O8fjkewcDjK+84Zr8nK7hYnq6rXrD3nV6KGDepecGATBuvfeP67o2D6lJUP7942knsMSPoeexUUXffOcdMpupdTDf2lV+YSysUWF3UcNGRjJfcMM+oc3XnvzVdNOHXDKeWNOlz4fEWpqdoeToLNdCAAAAACtEmWwu2Te7fl5uWcMH3LG8CHhmX+86fr0L7/3ttnVv0tccs2N7236oOH5/eFM6KiVV1SOGTEslXWGOW95ReWoIQObybsnjS+bNL4sjGjn3vNA86/LW7bylaunTOxTWlKQl9uzuEc6VY0aMrCosHtdXf2aDRuP71HUp7Sk9Ku9Zk2fuvDhpWn+u8K5H9ddflma6w/qi2Ttbyrf+cuxY8afe1bDXwY0JfVYWiZ8+J/89/blv35tzGnDexYXnX/2Gen/k5uXyqAnnDf212+US5+PCPX1e7NdAgAAAAARiDKAzs/LveO+n75Ttblll//0rlvn3vNAo/Q5CIKcnJwoqmts2yefVid29CwuGjagXzh2OVm7692qzaOGDMzE7dIUjkL+bHt1eUVlz+Ie4889Ky+3WyQzkQ/Xk8+t6Nv7631KS66eMvHBx57J3I1SM6/XvvPe6rXrN2/7qGdxUTj8uvl8P31VW7Zdd/u8U07uXV5RKX0GgGxJJJLhJOhsFwIAALSdKAPo+vr6jZs+eKuismWX19XVHfR8JmZAB0FQk6wNs87eJSeeM+rUvNxuVVu2bfn4k+avevqFlQcd/RyJ1Cjkzds+CgdQhA3U6U/wCMdb//jxZ1Ltw7OmT/27yRNbNsNkxetvlE6e2Ke05IJzzmx+ZcPHMqFsbDh4JM27pGZeyJ1B3wAABXZJREFUh63WazZsHDGwfzj8OqoAOgiCT7d//un2z6PaDQAAAABIR8QvITyyrNmwsa6uvqiw+9hRI8IO3Gj3nzV9aulXe4XDJdLJUsNRyEEQnD5s8NZVK7auWtGntCQIgnBOSLS1pWPhw0t/U/lOEATjTj8t/UD5sKRmXufldls098atq1Zcd/llYVyeleHXAAAAAECEOnQAXV5RWZ3YEY/HGnbgRqVh63Ga0XZTkWs8HsvKFI4gCO5/9KnPtldnbv9w5vVBPwqncKQORw8d9Payx7auWjF/9oywz3rjymWbXn1+1vSpBx4CAAAAAO1BlCM4YrHYvoO9MHDV00tKevVseGbc1KuqtmxLc9u9+/bF47Gn75038g9dwK+sfvuK2d9vfcGpicOpJuWGiedBNXzb3ptr1l02Y06jBX1KS7auWtHwzJtr1qUztSM1Crlqy7ZxU68KT44eOmjR3O+Gc0LSn8IRodVr1z/z4soWD/E4pHDmdaOxIfNnz5g0vqzRFI5UVB3G9Klu8TCab3TIkS4/v2u2SwAAAAAgAhGnigd9YeCUG2454bji1OGOnV+knz6n9px03eyIavx/wonD8Xgs8vkbQRB8tr165p0L0kyNw1HIjdqlUxF5z+Kii755TtsH0OEgjmED+p0+bHDkO6dmXlcndpQ3GB3+1roN4dsXx5w2PBW7l1dUTrygrGdxUfh8wjWd4/E1GzYeeMiRLhbrlO0SAAAAAIhATskZ50W11+bXnp86a26LQ9I1v3ri1kUP/uvrbzQ6f/qwwY8suONPzv2LKGqEzKrflWx4+O7Lz4W/QcnJyUn90PBXNY0O07H/D98zCH9o6u/u3Q8+2yRDPvzo06+feEJb3hEAAKBlDvf/Lx988MFJJ52UyYoAWmjHjh2N8qVmAqgDf27+ZItVVVU1POzQM6ABAAAAAMicKAPopmZAt1K3rl327d8X+bZAu1VTs7umZne2qwAAAACgtdpiBnRrDOp78sJbZj36Ly9Euy3QntXX7812CQAAAABEIMoO6Pr6+mjj57NHDn/2/gU/f3b5nfc/FOnGAAC0tUQimUgk01gIAAAcPSLugI7Q1IsuuH3m1bctenDp8hezXQsAAAAAAIetnQbQt1w9/cpJl8y8a8Hyl17Ldi0AAAAAALREuwugO8fji2/9btmZo6763h0vvVGe7XIAAAAAAGihdhRA7w+C/Lzcp++d169P72/feOuba9ZluyIgO/Lzu2a7BAAAAAAi0I4C6OJj/2jBzTNrkrWXXj+74t3/yHY5QNbEYp2yXQIAAAAAEYgygI7FYv9w7d/uqGn5y82rEzsmz5jz3uYPI6wKAID2oLAwL9slAAAAbS3KAPrWRQ8WFXZv8eVvVVQuf+m1Dz/+rwhLAgAAAAAgW6IMoB9d9nyEuwEdViKR1CgHAAAAcBQ4JtsFAAAAAABwdBJAAwDQFhKJZPgdFwAAoOMQQAMAAAAAkBECaAAAAAAAMkIADQAAAABARsSyXQBAY4WFedkuAQAAAIAI6ICGjMvJycl2CQAAAACQBTqgAQBoC77gAgAAHZAOaAAAAAAAMkIADbQ7iUQykUhmuwoAAAAAWksADQAAAABARgigAQBoC77gAgAAHZAAGgAAAACAjBBAQwbl5ORkuwQAAAAAyBoBNAAAAAAAGRHLdgHQcemPbkphYV62SwAAAAAgAjqgAQAAAADICB3QAAC0BV9wAQCADkgHNAAAAAAAGSGAhrZg3PNhSSSSiUQy21UAAAAA0FoCaMishtFz+LMwGgAAAIAOQgANAEBb8AUXAADogATQ0N7pmAYAAADgCCWAhuxIxcoHzugAAAAAgKODABoyqOHQZ+EyAAAAAB3N/wLlX+p0sdb4LAAAAABJRU5ErkJggg=="} | headers=HTTPHeaderDict({'Content-Length': '100420', 'Content-Type': 'application/json; charset=utf-8', 'cache-control': 'no-cache'})
2025-03-11 08:57:29 - DEBUG - Finished Request
2025-03-11 08:57:29 - INFO - Screenshot captured for test test_empty_page_title - PASSED
2025-03-11 08:57:29 - DEBUG - DELETE http://localhost:52296/session/a45fb3423b483f1396ae29c08742bf6c {}
2025-03-11 08:57:30 - DEBUG - http://localhost:52296 "DELETE /session/a45fb3423b483f1396ae29c08742bf6c HTTP/1.1" 200 14
2025-03-11 08:57:30 - DEBUG - Remote response: status=200 | data={"value":null} | headers=HTTPHeaderDict({'Content-Length': '14', 'Content-Type': 'application/json; charset=utf-8', 'cache-control': 'no-cache'})
2025-03-11 08:57:30 - DEBUG - Finished Request
2025-03-11 08:57:32 - INFO - ====== WebDriver manager ======
2025-03-11 08:57:34 - INFO - Get LATEST chromedriver version for google-chrome
2025-03-11 08:57:34 - DEBUG - Starting new HTTPS connection (1): googlechromelabs.github.io:443
2025-03-11 08:57:34 - DEBUG - https://googlechromelabs.github.io:443 "GET /chrome-for-testing/latest-patch-versions-per-build.json HTTP/1.1" 200 10077
2025-03-11 08:57:34 - INFO - Get LATEST chromedriver version for google-chrome
2025-03-11 08:57:34 - DEBUG - Starting new HTTPS connection (1): googlechromelabs.github.io:443
2025-03-11 08:57:34 - DEBUG - https://googlechromelabs.github.io:443 "GET /chrome-for-testing/latest-patch-versions-per-build.json HTTP/1.1" 200 10077
2025-03-11 08:57:34 - INFO - Driver [C:\Users\Duy khanh\.wdm\drivers\chromedriver\win64\134.0.6998.88\chromedriver-win32/chromedriver.exe] found in cache
2025-03-11 08:57:34 - DEBUG - Skipping Selenium Manager; path to chrome driver specified in Service class: C:\Users\Duy khanh\.wdm\drivers\chromedriver\win64\134.0.6998.88\chromedriver-win32/chromedriver.exe
2025-03-11 08:57:34 - DEBUG - Started executable: `C:\Users\Duy khanh\.wdm\drivers\chromedriver\win64\134.0.6998.88\chromedriver-win32/chromedriver.exe` in a child process with pid: 23048 using 0 to output -3
2025-03-11 08:57:35 - DEBUG - POST http://localhost:52365/session {'capabilities': {'firstMatch': [{}], 'alwaysMatch': {'browserName': 'chrome', 'pageLoadStrategy': <PageLoadStrategy.normal: 'normal'>, 'goog:chromeOptions': {'extensions': [], 'args': ['--start-maximized']}}}}
2025-03-11 08:57:35 - DEBUG - Starting new HTTP connection (1): localhost:52365
2025-03-11 08:57:36 - DEBUG - http://localhost:52365 "POST /session HTTP/1.1" 200 885
2025-03-11 08:57:36 - DEBUG - Remote response: status=200 | data={"value":{"capabilities":{"acceptInsecureCerts":false,"browserName":"chrome","browserVersion":"134.0.6998.36","chrome":{"chromedriverVersion":"134.0.6998.88 (7e3d5c978c6d3a6eda25692cfac7f893a2b20dd0-refs/branch-heads/6998@{#1898})","userDataDir":"C:\\Users\\DUYKHA~1\\AppData\\Local\\Temp\\scoped_dir23048_1224713705"},"fedcm:accounts":true,"goog:chromeOptions":{"debuggerAddress":"localhost:52368"},"networkConnectionEnabled":false,"pageLoadStrategy":"normal","platformName":"windows","proxy":{},"setWindowRect":true,"strictFileInteractability":false,"timeouts":{"implicit":0,"pageLoad":300000,"script":30000},"unhandledPromptBehavior":"dismiss and notify","webauthn:extension:credBlob":true,"webauthn:extension:largeBlob":true,"webauthn:extension:minPinLength":true,"webauthn:extension:prf":true,"webauthn:virtualAuthenticators":true},"sessionId":"b08eb785cd66a5d6aca2e7441ce0331e"}} | headers=HTTPHeaderDict({'Content-Length': '885', 'Content-Type': 'application/json; charset=utf-8', 'cache-control': 'no-cache'})
2025-03-11 08:57:36 - DEBUG - Finished Request
2025-03-11 08:57:36 - INFO - Mở trang login: https://mpire-cms-demo.mpire.asia/cms/login
2025-03-11 08:57:36 - DEBUG - POST http://localhost:52365/session/b08eb785cd66a5d6aca2e7441ce0331e/url {'url': 'https://mpire-cms-demo.mpire.asia/cms/login'}
2025-03-11 08:57:38 - DEBUG - http://localhost:52365 "POST /session/b08eb785cd66a5d6aca2e7441ce0331e/url HTTP/1.1" 200 14
2025-03-11 08:57:38 - DEBUG - Remote response: status=200 | data={"value":null} | headers=HTTPHeaderDict({'Content-Length': '14', 'Content-Type': 'application/json; charset=utf-8', 'cache-control': 'no-cache'})
2025-03-11 08:57:38 - DEBUG - Finished Request
2025-03-11 08:57:38 - INFO - Nhập username
2025-03-11 08:57:38 - DEBUG - POST http://localhost:52365/session/b08eb785cd66a5d6aca2e7441ce0331e/element {'using': 'xpath', 'value': "//input[@id='inputName']"}
2025-03-11 08:57:38 - DEBUG - http://localhost:52365 "POST /session/b08eb785cd66a5d6aca2e7441ce0331e/element HTTP/1.1" 200 125
2025-03-11 08:57:38 - DEBUG - Remote response: status=200 | data={"value":{"element-6066-11e4-a52e-4f735466cecf":"f.A4E91DF4DA03A9DDEE9987D163405082.d.9272ED67F8EDC79B55A3C48AA03B8C7D.e.3"}} | headers=HTTPHeaderDict({'Content-Length': '125', 'Content-Type': 'application/json; charset=utf-8', 'cache-control': 'no-cache'})
2025-03-11 08:57:38 - DEBUG - Finished Request
2025-03-11 08:57:38 - DEBUG - POST http://localhost:52365/session/b08eb785cd66a5d6aca2e7441ce0331e/execute/sync {'script': '/* isDisplayed */return (function(){return (function(){var g=this||self;\nfunction aa(a){var b=typeof...', 'args': [{'element-6066-11e4-a52e-4f735466cecf': 'f.A4E91DF4DA03A9DDEE9987D163405082.d.9272ED67F8EDC79B55A3C48AA03B8C7D.e.3'}]}
2025-03-11 08:57:38 - DEBUG - http://localhost:52365 "POST /session/b08eb785cd66a5d6aca2e7441ce0331e/execute/sync HTTP/1.1" 200 14
2025-03-11 08:57:38 - DEBUG - Remote response: status=200 | data={"value":true} | headers=HTTPHeaderDict({'Content-Length': '14', 'Content-Type': 'application/json; charset=utf-8', 'cache-control': 'no-cache'})
2025-03-11 08:57:38 - DEBUG - Finished Request
2025-03-11 08:57:38 - DEBUG - POST http://localhost:52365/session/b08eb785cd66a5d6aca2e7441ce0331e/element/f.A4E91DF4DA03A9DDEE9987D163405082.d.9272ED67F8EDC79B55A3C48AA03B8C7D.e.3/clear {}
2025-03-11 08:57:38 - DEBUG - http://localhost:52365 "POST /session/b08eb785cd66a5d6aca2e7441ce0331e/element/f.A4E91DF4DA03A9DDEE9987D163405082.d.9272ED67F8EDC79B55A3C48AA03B8C7D.e.3/clear HTTP/1.1" 200 14
2025-03-11 08:57:38 - DEBUG - Remote response: status=200 | data={"value":null} | headers=HTTPHeaderDict({'Content-Length': '14', 'Content-Type': 'application/json; charset=utf-8', 'cache-control': 'no-cache'})
2025-03-11 08:57:38 - DEBUG - Finished Request
2025-03-11 08:57:38 - DEBUG - POST http://localhost:52365/session/b08eb785cd66a5d6aca2e7441ce0331e/element/f.A4E91DF4DA03A9DDEE9987D163405082.d.9272ED67F8EDC79B55A3C48AA03B8C7D.e.3/value {'text': 'admin', 'value': ['a', 'd', 'm', 'i', 'n']}
2025-03-11 08:57:39 - DEBUG - http://localhost:52365 "POST /session/b08eb785cd66a5d6aca2e7441ce0331e/element/f.A4E91DF4DA03A9DDEE9987D163405082.d.9272ED67F8EDC79B55A3C48AA03B8C7D.e.3/value HTTP/1.1" 200 14
2025-03-11 08:57:39 - DEBUG - Remote response: status=200 | data={"value":null} | headers=HTTPHeaderDict({'Content-Length': '14', 'Content-Type': 'application/json; charset=utf-8', 'cache-control': 'no-cache'})
2025-03-11 08:57:39 - DEBUG - Finished Request
2025-03-11 08:57:39 - INFO - Nhập password
2025-03-11 08:57:39 - DEBUG - POST http://localhost:52365/session/b08eb785cd66a5d6aca2e7441ce0331e/element {'using': 'xpath', 'value': "//input[@id='inputPassword']"}
2025-03-11 08:57:39 - DEBUG - http://localhost:52365 "POST /session/b08eb785cd66a5d6aca2e7441ce0331e/element HTTP/1.1" 200 125
2025-03-11 08:57:39 - DEBUG - Remote response: status=200 | data={"value":{"element-6066-11e4-a52e-4f735466cecf":"f.A4E91DF4DA03A9DDEE9987D163405082.d.9272ED67F8EDC79B55A3C48AA03B8C7D.e.4"}} | headers=HTTPHeaderDict({'Content-Length': '125', 'Content-Type': 'application/json; charset=utf-8', 'cache-control': 'no-cache'})
2025-03-11 08:57:39 - DEBUG - Finished Request
2025-03-11 08:57:39 - DEBUG - POST http://localhost:52365/session/b08eb785cd66a5d6aca2e7441ce0331e/execute/sync {'script': '/* isDisplayed */return (function(){return (function(){var g=this||self;\nfunction aa(a){var b=typeof...', 'args': [{'element-6066-11e4-a52e-4f735466cecf': 'f.A4E91DF4DA03A9DDEE9987D163405082.d.9272ED67F8EDC79B55A3C48AA03B8C7D.e.4'}]}
2025-03-11 08:57:39 - DEBUG - http://localhost:52365 "POST /session/b08eb785cd66a5d6aca2e7441ce0331e/execute/sync HTTP/1.1" 200 14
2025-03-11 08:57:39 - DEBUG - Remote response: status=200 | data={"value":true} | headers=HTTPHeaderDict({'Content-Length': '14', 'Content-Type': 'application/json; charset=utf-8', 'cache-control': 'no-cache'})
2025-03-11 08:57:39 - DEBUG - Finished Request
2025-03-11 08:57:39 - DEBUG - POST http://localhost:52365/session/b08eb785cd66a5d6aca2e7441ce0331e/element/f.A4E91DF4DA03A9DDEE9987D163405082.d.9272ED67F8EDC79B55A3C48AA03B8C7D.e.4/clear {}
2025-03-11 08:57:39 - DEBUG - http://localhost:52365 "POST /session/b08eb785cd66a5d6aca2e7441ce0331e/element/f.A4E91DF4DA03A9DDEE9987D163405082.d.9272ED67F8EDC79B55A3C48AA03B8C7D.e.4/clear HTTP/1.1" 200 14
2025-03-11 08:57:39 - DEBUG - Remote response: status=200 | data={"value":null} | headers=HTTPHeaderDict({'Content-Length': '14', 'Content-Type': 'application/json; charset=utf-8', 'cache-control': 'no-cache'})
2025-03-11 08:57:39 - DEBUG - Finished Request
2025-03-11 08:57:39 - DEBUG - POST http://localhost:52365/session/b08eb785cd66a5d6aca2e7441ce0331e/element/f.A4E91DF4DA03A9DDEE9987D163405082.d.9272ED67F8EDC79B55A3C48AA03B8C7D.e.4/value {'text': 'Mpire4dmin', 'value': ['M', 'p', 'i', 'r', 'e', '4', 'd', 'm', 'i', 'n']}
2025-03-11 08:57:39 - DEBUG - http://localhost:52365 "POST /session/b08eb785cd66a5d6aca2e7441ce0331e/element/f.A4E91DF4DA03A9DDEE9987D163405082.d.9272ED67F8EDC79B55A3C48AA03B8C7D.e.4/value HTTP/1.1" 200 14
2025-03-11 08:57:39 - DEBUG - Remote response: status=200 | data={"value":null} | headers=HTTPHeaderDict({'Content-Length': '14', 'Content-Type': 'application/json; charset=utf-8', 'cache-control': 'no-cache'})
2025-03-11 08:57:39 - DEBUG - Finished Request
2025-03-11 08:57:39 - INFO - Nhấn nút đăng nhập
2025-03-11 08:57:39 - DEBUG - POST http://localhost:52365/session/b08eb785cd66a5d6aca2e7441ce0331e/element {'using': 'xpath', 'value': "//button[contains(@type,'submit')]"}
2025-03-11 08:57:39 - DEBUG - http://localhost:52365 "POST /session/b08eb785cd66a5d6aca2e7441ce0331e/element HTTP/1.1" 200 125
2025-03-11 08:57:39 - DEBUG - Remote response: status=200 | data={"value":{"element-6066-11e4-a52e-4f735466cecf":"f.A4E91DF4DA03A9DDEE9987D163405082.d.9272ED67F8EDC79B55A3C48AA03B8C7D.e.8"}} | headers=HTTPHeaderDict({'Content-Length': '125', 'Content-Type': 'application/json; charset=utf-8', 'cache-control': 'no-cache'})
2025-03-11 08:57:39 - DEBUG - Finished Request
2025-03-11 08:57:39 - DEBUG - POST http://localhost:52365/session/b08eb785cd66a5d6aca2e7441ce0331e/execute/sync {'script': '/* isDisplayed */return (function(){return (function(){var g=this||self;\nfunction aa(a){var b=typeof...', 'args': [{'element-6066-11e4-a52e-4f735466cecf': 'f.A4E91DF4DA03A9DDEE9987D163405082.d.9272ED67F8EDC79B55A3C48AA03B8C7D.e.8'}]}
2025-03-11 08:57:39 - DEBUG - http://localhost:52365 "POST /session/b08eb785cd66a5d6aca2e7441ce0331e/execute/sync HTTP/1.1" 200 14
2025-03-11 08:57:39 - DEBUG - Remote response: status=200 | data={"value":true} | headers=HTTPHeaderDict({'Content-Length': '14', 'Content-Type': 'application/json; charset=utf-8', 'cache-control': 'no-cache'})
2025-03-11 08:57:39 - DEBUG - Finished Request
2025-03-11 08:57:39 - DEBUG - GET http://localhost:52365/session/b08eb785cd66a5d6aca2e7441ce0331e/element/f.A4E91DF4DA03A9DDEE9987D163405082.d.9272ED67F8EDC79B55A3C48AA03B8C7D.e.8/enabled {}
2025-03-11 08:57:39 - DEBUG - http://localhost:52365 "GET /session/b08eb785cd66a5d6aca2e7441ce0331e/element/f.A4E91DF4DA03A9DDEE9987D163405082.d.9272ED67F8EDC79B55A3C48AA03B8C7D.e.8/enabled HTTP/1.1" 200 14
2025-03-11 08:57:39 - DEBUG - Remote response: status=200 | data={"value":true} | headers=HTTPHeaderDict({'Content-Length': '14', 'Content-Type': 'application/json; charset=utf-8', 'cache-control': 'no-cache'})
2025-03-11 08:57:39 - DEBUG - Finished Request
2025-03-11 08:57:39 - DEBUG - POST http://localhost:52365/session/b08eb785cd66a5d6aca2e7441ce0331e/element/f.A4E91DF4DA03A9DDEE9987D163405082.d.9272ED67F8EDC79B55A3C48AA03B8C7D.e.8/click {}
2025-03-11 08:57:39 - DEBUG - http://localhost:52365 "POST /session/b08eb785cd66a5d6aca2e7441ce0331e/element/f.A4E91DF4DA03A9DDEE9987D163405082.d.9272ED67F8EDC79B55A3C48AA03B8C7D.e.8/click HTTP/1.1" 200 14
2025-03-11 08:57:39 - DEBUG - Remote response: status=200 | data={"value":null} | headers=HTTPHeaderDict({'Content-Length': '14', 'Content-Type': 'application/json; charset=utf-8', 'cache-control': 'no-cache'})
2025-03-11 08:57:39 - DEBUG - Finished Request
2025-03-11 08:57:39 - DEBUG - GET http://localhost:52365/session/b08eb785cd66a5d6aca2e7441ce0331e/url {}
2025-03-11 08:57:39 - DEBUG - http://localhost:52365 "GET /session/b08eb785cd66a5d6aca2e7441ce0331e/url HTTP/1.1" 200 63
2025-03-11 08:57:39 - DEBUG - Remote response: status=200 | data={"value":"https://mpire-cms-demo.mpire.asia/cms/login/success"} | headers=HTTPHeaderDict({'Content-Length': '63', 'Content-Type': 'application/json; charset=utf-8', 'cache-control': 'no-cache'})
2025-03-11 08:57:39 - DEBUG - Finished Request
2025-03-11 08:57:40 - DEBUG - GET http://localhost:52365/session/b08eb785cd66a5d6aca2e7441ce0331e/url {}
2025-03-11 08:57:40 - DEBUG - http://localhost:52365 "GET /session/b08eb785cd66a5d6aca2e7441ce0331e/url HTTP/1.1" 200 63
2025-03-11 08:57:40 - DEBUG - Remote response: status=200 | data={"value":"https://mpire-cms-demo.mpire.asia/cms/login/success"} | headers=HTTPHeaderDict({'Content-Length': '63', 'Content-Type': 'application/json; charset=utf-8', 'cache-control': 'no-cache'})
2025-03-11 08:57:40 - DEBUG - Finished Request
2025-03-11 08:57:40 - DEBUG - GET http://localhost:52365/session/b08eb785cd66a5d6aca2e7441ce0331e/url {}
2025-03-11 08:57:40 - DEBUG - http://localhost:52365 "GET /session/b08eb785cd66a5d6aca2e7441ce0331e/url HTTP/1.1" 200 63
2025-03-11 08:57:40 - DEBUG - Remote response: status=200 | data={"value":"https://mpire-cms-demo.mpire.asia/cms/login/success"} | headers=HTTPHeaderDict({'Content-Length': '63', 'Content-Type': 'application/json; charset=utf-8', 'cache-control': 'no-cache'})
2025-03-11 08:57:40 - DEBUG - Finished Request
2025-03-11 08:57:41 - DEBUG - GET http://localhost:52365/session/b08eb785cd66a5d6aca2e7441ce0331e/url {}
2025-03-11 08:57:41 - DEBUG - http://localhost:52365 "GET /session/b08eb785cd66a5d6aca2e7441ce0331e/url HTTP/1.1" 200 63
2025-03-11 08:57:41 - DEBUG - Remote response: status=200 | data={"value":"https://mpire-cms-demo.mpire.asia/cms/login/success"} | headers=HTTPHeaderDict({'Content-Length': '63', 'Content-Type': 'application/json; charset=utf-8', 'cache-control': 'no-cache'})
2025-03-11 08:57:41 - DEBUG - Finished Request
2025-03-11 08:57:41 - DEBUG - GET http://localhost:52365/session/b08eb785cd66a5d6aca2e7441ce0331e/url {}
2025-03-11 08:57:41 - DEBUG - http://localhost:52365 "GET /session/b08eb785cd66a5d6aca2e7441ce0331e/url HTTP/1.1" 200 63
2025-03-11 08:57:41 - DEBUG - Remote response: status=200 | data={"value":"https://mpire-cms-demo.mpire.asia/cms/login/success"} | headers=HTTPHeaderDict({'Content-Length': '63', 'Content-Type': 'application/json; charset=utf-8', 'cache-control': 'no-cache'})
2025-03-11 08:57:41 - DEBUG - Finished Request
2025-03-11 08:57:42 - DEBUG - GET http://localhost:52365/session/b08eb785cd66a5d6aca2e7441ce0331e/url {}
2025-03-11 08:57:42 - DEBUG - http://localhost:52365 "GET /session/b08eb785cd66a5d6aca2e7441ce0331e/url HTTP/1.1" 200 63
2025-03-11 08:57:42 - DEBUG - Remote response: status=200 | data={"value":"https://mpire-cms-demo.mpire.asia/cms/login/success"} | headers=HTTPHeaderDict({'Content-Length': '63', 'Content-Type': 'application/json; charset=utf-8', 'cache-control': 'no-cache'})
2025-03-11 08:57:42 - DEBUG - Finished Request
2025-03-11 08:57:42 - DEBUG - GET http://localhost:52365/session/b08eb785cd66a5d6aca2e7441ce0331e/url {}
2025-03-11 08:57:44 - DEBUG - http://localhost:52365 "GET /session/b08eb785cd66a5d6aca2e7441ce0331e/url HTTP/1.1" 200 59
2025-03-11 08:57:44 - DEBUG - Remote response: status=200 | data={"value":"https://mpire-cms-demo.mpire.asia/cms/dashboard"} | headers=HTTPHeaderDict({'Content-Length': '59', 'Content-Type': 'application/json; charset=utf-8', 'cache-control': 'no-cache'})
2025-03-11 08:57:44 - DEBUG - Finished Request
2025-03-11 08:57:44 - INFO - Đăng nhập thành công!
2025-03-11 08:57:44 - DEBUG - POST http://localhost:52365/session/b08eb785cd66a5d6aca2e7441ce0331e/element {'using': 'xpath', 'value': "//*[@id='left-menu']/ul/li[1]/a"}
2025-03-11 08:57:44 - DEBUG - http://localhost:52365 "POST /session/b08eb785cd66a5d6aca2e7441ce0331e/element HTTP/1.1" 200 126
2025-03-11 08:57:44 - DEBUG - Remote response: status=200 | data={"value":{"element-6066-11e4-a52e-4f735466cecf":"f.A4E91DF4DA03A9DDEE9987D163405082.d.A803D159CE5883C429FE5AF47067A1EA.e.44"}} | headers=HTTPHeaderDict({'Content-Length': '126', 'Content-Type': 'application/json; charset=utf-8', 'cache-control': 'no-cache'})
2025-03-11 08:57:44 - DEBUG - Finished Request
2025-03-11 08:57:44 - DEBUG - POST http://localhost:52365/session/b08eb785cd66a5d6aca2e7441ce0331e/execute/sync {'script': '/* isDisplayed */return (function(){return (function(){var g=this||self;\nfunction aa(a){var b=typeof...', 'args': [{'element-6066-11e4-a52e-4f735466cecf': 'f.A4E91DF4DA03A9DDEE9987D163405082.d.A803D159CE5883C429FE5AF47067A1EA.e.44'}]}
2025-03-11 08:57:44 - DEBUG - http://localhost:52365 "POST /session/b08eb785cd66a5d6aca2e7441ce0331e/execute/sync HTTP/1.1" 200 14
2025-03-11 08:57:44 - DEBUG - Remote response: status=200 | data={"value":true} | headers=HTTPHeaderDict({'Content-Length': '14', 'Content-Type': 'application/json; charset=utf-8', 'cache-control': 'no-cache'})
2025-03-11 08:57:44 - DEBUG - Finished Request
2025-03-11 08:57:44 - DEBUG - GET http://localhost:52365/session/b08eb785cd66a5d6aca2e7441ce0331e/element/f.A4E91DF4DA03A9DDEE9987D163405082.d.A803D159CE5883C429FE5AF47067A1EA.e.44/enabled {}
2025-03-11 08:57:44 - DEBUG - http://localhost:52365 "GET /session/b08eb785cd66a5d6aca2e7441ce0331e/element/f.A4E91DF4DA03A9DDEE9987D163405082.d.A803D159CE5883C429FE5AF47067A1EA.e.44/enabled HTTP/1.1" 200 14
2025-03-11 08:57:44 - DEBUG - Remote response: status=200 | data={"value":true} | headers=HTTPHeaderDict({'Content-Length': '14', 'Content-Type': 'application/json; charset=utf-8', 'cache-control': 'no-cache'})
2025-03-11 08:57:44 - DEBUG - Finished Request
2025-03-11 08:57:44 - DEBUG - POST http://localhost:52365/session/b08eb785cd66a5d6aca2e7441ce0331e/element/f.A4E91DF4DA03A9DDEE9987D163405082.d.A803D159CE5883C429FE5AF47067A1EA.e.44/click {}
2025-03-11 08:57:44 - DEBUG - http://localhost:52365 "POST /session/b08eb785cd66a5d6aca2e7441ce0331e/element/f.A4E91DF4DA03A9DDEE9987D163405082.d.A803D159CE5883C429FE5AF47067A1EA.e.44/click HTTP/1.1" 200 14
2025-03-11 08:57:44 - DEBUG - Remote response: status=200 | data={"value":null} | headers=HTTPHeaderDict({'Content-Length': '14', 'Content-Type': 'application/json; charset=utf-8', 'cache-control': 'no-cache'})
2025-03-11 08:57:44 - DEBUG - Finished Request
2025-03-11 08:57:44 - INFO - Đã nhấn menu Nội dung.
2025-03-11 08:57:44 - DEBUG - POST http://localhost:52365/session/b08eb785cd66a5d6aca2e7441ce0331e/element {'using': 'xpath', 'value': "//*[@id='left-menu']/ul/li[1]/ul/li[10]/a"}
2025-03-11 08:57:44 - DEBUG - http://localhost:52365 "POST /session/b08eb785cd66a5d6aca2e7441ce0331e/element HTTP/1.1" 200 126
2025-03-11 08:57:44 - DEBUG - Remote response: status=200 | data={"value":{"element-6066-11e4-a52e-4f735466cecf":"f.A4E91DF4DA03A9DDEE9987D163405082.d.A803D159CE5883C429FE5AF47067A1EA.e.59"}} | headers=HTTPHeaderDict({'Content-Length': '126', 'Content-Type': 'application/json; charset=utf-8', 'cache-control': 'no-cache'})
2025-03-11 08:57:44 - DEBUG - Finished Request
2025-03-11 08:57:44 - DEBUG - POST http://localhost:52365/session/b08eb785cd66a5d6aca2e7441ce0331e/execute/sync {'script': '/* isDisplayed */return (function(){return (function(){var g=this||self;\nfunction aa(a){var b=typeof...', 'args': [{'element-6066-11e4-a52e-4f735466cecf': 'f.A4E91DF4DA03A9DDEE9987D163405082.d.A803D159CE5883C429FE5AF47067A1EA.e.59'}]}
2025-03-11 08:57:44 - DEBUG - http://localhost:52365 "POST /session/b08eb785cd66a5d6aca2e7441ce0331e/execute/sync HTTP/1.1" 200 14
2025-03-11 08:57:44 - DEBUG - Remote response: status=200 | data={"value":true} | headers=HTTPHeaderDict({'Content-Length': '14', 'Content-Type': 'application/json; charset=utf-8', 'cache-control': 'no-cache'})
2025-03-11 08:57:44 - DEBUG - Finished Request
2025-03-11 08:57:44 - DEBUG - GET http://localhost:52365/session/b08eb785cd66a5d6aca2e7441ce0331e/element/f.A4E91DF4DA03A9DDEE9987D163405082.d.A803D159CE5883C429FE5AF47067A1EA.e.59/enabled {}
2025-03-11 08:57:44 - DEBUG - http://localhost:52365 "GET /session/b08eb785cd66a5d6aca2e7441ce0331e/element/f.A4E91DF4DA03A9DDEE9987D163405082.d.A803D159CE5883C429FE5AF47067A1EA.e.59/enabled HTTP/1.1" 200 14
2025-03-11 08:57:45 - DEBUG - Remote response: status=200 | data={"value":true} | headers=HTTPHeaderDict({'Content-Length': '14', 'Content-Type': 'application/json; charset=utf-8', 'cache-control': 'no-cache'})
2025-03-11 08:57:45 - DEBUG - Finished Request
2025-03-11 08:57:45 - DEBUG - POST http://localhost:52365/session/b08eb785cd66a5d6aca2e7441ce0331e/element/f.A4E91DF4DA03A9DDEE9987D163405082.d.A803D159CE5883C429FE5AF47067A1EA.e.59/click {}
2025-03-11 08:57:45 - DEBUG - http://localhost:52365 "POST /session/b08eb785cd66a5d6aca2e7441ce0331e/element/f.A4E91DF4DA03A9DDEE9987D163405082.d.A803D159CE5883C429FE5AF47067A1EA.e.59/click HTTP/1.1" 200 14
2025-03-11 08:57:45 - DEBUG - Remote response: status=200 | data={"value":null} | headers=HTTPHeaderDict({'Content-Length': '14', 'Content-Type': 'application/json; charset=utf-8', 'cache-control': 'no-cache'})
2025-03-11 08:57:45 - DEBUG - Finished Request
2025-03-11 08:57:45 - INFO - Đã nhấn menu Page V2.
2025-03-11 08:57:45 - DEBUG - GET http://localhost:52365/session/b08eb785cd66a5d6aca2e7441ce0331e/url {}
2025-03-11 08:57:45 - DEBUG - http://localhost:52365 "GET /session/b08eb785cd66a5d6aca2e7441ce0331e/url HTTP/1.1" 200 63
2025-03-11 08:57:45 - DEBUG - Remote response: status=200 | data={"value":"https://mpire-cms-demo.mpire.asia/cms/admin-page-v2"} | headers=HTTPHeaderDict({'Content-Length': '63', 'Content-Type': 'application/json; charset=utf-8', 'cache-control': 'no-cache'})
2025-03-11 08:57:45 - DEBUG - Finished Request
2025-03-11 08:57:46 - DEBUG - GET http://localhost:52365/session/b08eb785cd66a5d6aca2e7441ce0331e/url {}
2025-03-11 08:57:46 - DEBUG - http://localhost:52365 "GET /session/b08eb785cd66a5d6aca2e7441ce0331e/url HTTP/1.1" 200 70
2025-03-11 08:57:46 - DEBUG - Remote response: status=200 | data={"value":"https://mpire-cms-demo.mpire.asia/cms/admin-page-v2?page=1"} | headers=HTTPHeaderDict({'Content-Length': '70', 'Content-Type': 'application/json; charset=utf-8', 'cache-control': 'no-cache'})
2025-03-11 08:57:46 - DEBUG - Finished Request
2025-03-11 08:57:46 - INFO - Chuyển hướng thành công đến trang tạo mới Page V2.
2025-03-11 08:57:46 - DEBUG - POST http://localhost:52365/session/b08eb785cd66a5d6aca2e7441ce0331e/element {'using': 'xpath', 'value': "//*[@id='app-container']/main/div/div[2]/div[2]/div/a"}
2025-03-11 08:57:46 - DEBUG - http://localhost:52365 "POST /session/b08eb785cd66a5d6aca2e7441ce0331e/element HTTP/1.1" 200 126
2025-03-11 08:57:46 - DEBUG - Remote response: status=200 | data={"value":{"element-6066-11e4-a52e-4f735466cecf":"f.A4E91DF4DA03A9DDEE9987D163405082.d.6BE05FFAFD2CC9F4D6926966609640BF.e.86"}} | headers=HTTPHeaderDict({'Content-Length': '126', 'Content-Type': 'application/json; charset=utf-8', 'cache-control': 'no-cache'})
2025-03-11 08:57:46 - DEBUG - Finished Request
2025-03-11 08:57:46 - DEBUG - POST http://localhost:52365/session/b08eb785cd66a5d6aca2e7441ce0331e/execute/sync {'script': '/* isDisplayed */return (function(){return (function(){var g=this||self;\nfunction aa(a){var b=typeof...', 'args': [{'element-6066-11e4-a52e-4f735466cecf': 'f.A4E91DF4DA03A9DDEE9987D163405082.d.6BE05FFAFD2CC9F4D6926966609640BF.e.86'}]}
2025-03-11 08:57:46 - DEBUG - http://localhost:52365 "POST /session/b08eb785cd66a5d6aca2e7441ce0331e/execute/sync HTTP/1.1" 200 14
2025-03-11 08:57:46 - DEBUG - Remote response: status=200 | data={"value":true} | headers=HTTPHeaderDict({'Content-Length': '14', 'Content-Type': 'application/json; charset=utf-8', 'cache-control': 'no-cache'})
2025-03-11 08:57:46 - DEBUG - Finished Request
2025-03-11 08:57:46 - DEBUG - GET http://localhost:52365/session/b08eb785cd66a5d6aca2e7441ce0331e/element/f.A4E91DF4DA03A9DDEE9987D163405082.d.6BE05FFAFD2CC9F4D6926966609640BF.e.86/enabled {}
2025-03-11 08:57:46 - DEBUG - http://localhost:52365 "GET /session/b08eb785cd66a5d6aca2e7441ce0331e/element/f.A4E91DF4DA03A9DDEE9987D163405082.d.6BE05FFAFD2CC9F4D6926966609640BF.e.86/enabled HTTP/1.1" 200 14
2025-03-11 08:57:46 - DEBUG - Remote response: status=200 | data={"value":true} | headers=HTTPHeaderDict({'Content-Length': '14', 'Content-Type': 'application/json; charset=utf-8', 'cache-control': 'no-cache'})
2025-03-11 08:57:46 - DEBUG - Finished Request
2025-03-11 08:57:46 - DEBUG - POST http://localhost:52365/session/b08eb785cd66a5d6aca2e7441ce0331e/execute/sync {'script': 'arguments[0].click();', 'args': [{'element-6066-11e4-a52e-4f735466cecf': 'f.A4E91DF4DA03A9DDEE9987D163405082.d.6BE05FFAFD2CC9F4D6926966609640BF.e.86'}]}
2025-03-11 08:57:47 - DEBUG - http://localhost:52365 "POST /session/b08eb785cd66a5d6aca2e7441ce0331e/execute/sync HTTP/1.1" 200 14
2025-03-11 08:57:47 - DEBUG - Remote response: status=200 | data={"value":null} | headers=HTTPHeaderDict({'Content-Length': '14', 'Content-Type': 'application/json; charset=utf-8', 'cache-control': 'no-cache'})
2025-03-11 08:57:47 - DEBUG - Finished Request
2025-03-11 08:57:47 - INFO - Đã nhấn nút Tạo mới.
2025-03-11 08:57:47 - DEBUG - GET http://localhost:52365/session/b08eb785cd66a5d6aca2e7441ce0331e/url {}
2025-03-11 08:57:48 - DEBUG - http://localhost:52365 "GET /session/b08eb785cd66a5d6aca2e7441ce0331e/url HTTP/1.1" 200 70
2025-03-11 08:57:48 - DEBUG - Remote response: status=200 | data={"value":"https://mpire-cms-demo.mpire.asia/cms/admin-page-v2/create"} | headers=HTTPHeaderDict({'Content-Length': '70', 'Content-Type': 'application/json; charset=utf-8', 'cache-control': 'no-cache'})
2025-03-11 08:57:48 - DEBUG - Finished Request
2025-03-11 08:57:48 - DEBUG - GET http://localhost:52365/session/b08eb785cd66a5d6aca2e7441ce0331e/url {}
2025-03-11 08:57:48 - DEBUG - http://localhost:52365 "GET /session/b08eb785cd66a5d6aca2e7441ce0331e/url HTTP/1.1" 200 70
2025-03-11 08:57:48 - DEBUG - Remote response: status=200 | data={"value":"https://mpire-cms-demo.mpire.asia/cms/admin-page-v2/create"} | headers=HTTPHeaderDict({'Content-Length': '70', 'Content-Type': 'application/json; charset=utf-8', 'cache-control': 'no-cache'})
2025-03-11 08:57:48 - DEBUG - Finished Request
2025-03-11 08:57:48 - INFO - Chuyển hướng thành công đến https://mpire-cms-demo.mpire.asia/cms/admin-page-v2/create
2025-03-11 08:57:48 - DEBUG - POST http://localhost:52365/session/b08eb785cd66a5d6aca2e7441ce0331e/element {'using': 'xpath', 'value': "//*[@id='app-container']/main/div/div[2]/div[2]/div/a"}
2025-03-11 08:57:48 - DEBUG - http://localhost:52365 "POST /session/b08eb785cd66a5d6aca2e7441ce0331e/element HTTP/1.1" 404 961
2025-03-11 08:57:48 - DEBUG - Remote response: status=404 | data={"value":{"error":"no such element","message":"no such element: Unable to locate element: {\"method\":\"xpath\",\"selector\":\"//*[@id='app-container']/main/div/div[2]/div[2]/div/a\"}\n  (Session info: chrome=134.0.6998.36)","stacktrace":"\tGetHandleVerifier [0x0044B5A3+24387]\n\t(No symbol) [0x003D5904]\n\t(No symbol) [0x002B0753]\n\t(No symbol) [0x002F8BA9]\n\t(No symbol) [0x002F8EFB]\n\t(No symbol) [0x003419C2]\n\t(No symbol) [0x0031D894]\n\t(No symbol) [0x0033F138]\n\t(No symbol) [0x0031D646]\n\t(No symbol) [0x002EC59F]\n\t(No symbol) [0x002ED8E4]\n\tGetHandleVerifier [0x0074D883+3179043]\n\tGetHandleVerifier [0x00766CF9+3282585]\n\tGetHandleVerifier [0x0076167C+3260444]\n\tGetHandleVerifier [0x004E4330+650448]\n\t(No symbol) [0x003DED0D]\n\t(No symbol) [0x003DBAF8]\n\t(No symbol) [0x003DBC99]\n\t(No symbol) [0x003CE530]\n\tBaseThreadInitThunk [0x75E57BA9+25]\n\tRtlInitializeExceptionChain [0x7747C28B+107]\n\tRtlClearBits [0x7747C20F+191]\n"}} | headers=HTTPHeaderDict({'Content-Length': '961', 'Content-Type': 'application/json; charset=utf-8', 'cache-control': 'no-cache'})
2025-03-11 08:57:48 - DEBUG - Finished Request
2025-03-11 08:57:48 - DEBUG - POST http://localhost:52365/session/b08eb785cd66a5d6aca2e7441ce0331e/element {'using': 'xpath', 'value': "//*[@id='app-container']/main/div/div[2]/div[2]/div/a"}
2025-03-11 08:57:48 - DEBUG - http://localhost:52365 "POST /session/b08eb785cd66a5d6aca2e7441ce0331e/element HTTP/1.1" 404 961
2025-03-11 08:57:48 - DEBUG - Remote response: status=404 | data={"value":{"error":"no such element","message":"no such element: Unable to locate element: {\"method\":\"xpath\",\"selector\":\"//*[@id='app-container']/main/div/div[2]/div[2]/div/a\"}\n  (Session info: chrome=134.0.6998.36)","stacktrace":"\tGetHandleVerifier [0x0044B5A3+24387]\n\t(No symbol) [0x003D5904]\n\t(No symbol) [0x002B0753]\n\t(No symbol) [0x002F8BA9]\n\t(No symbol) [0x002F8EFB]\n\t(No symbol) [0x003419C2]\n\t(No symbol) [0x0031D894]\n\t(No symbol) [0x0033F138]\n\t(No symbol) [0x0031D646]\n\t(No symbol) [0x002EC59F]\n\t(No symbol) [0x002ED8E4]\n\tGetHandleVerifier [0x0074D883+3179043]\n\tGetHandleVerifier [0x00766CF9+3282585]\n\tGetHandleVerifier [0x0076167C+3260444]\n\tGetHandleVerifier [0x004E4330+650448]\n\t(No symbol) [0x003DED0D]\n\t(No symbol) [0x003DBAF8]\n\t(No symbol) [0x003DBC99]\n\t(No symbol) [0x003CE530]\n\tBaseThreadInitThunk [0x75E57BA9+25]\n\tRtlInitializeExceptionChain [0x7747C28B+107]\n\tRtlClearBits [0x7747C20F+191]\n"}} | headers=HTTPHeaderDict({'Content-Length': '961', 'Content-Type': 'application/json; charset=utf-8', 'cache-control': 'no-cache'})
2025-03-11 08:57:48 - DEBUG - Finished Request
2025-03-11 08:57:49 - DEBUG - POST http://localhost:52365/session/b08eb785cd66a5d6aca2e7441ce0331e/element {'using': 'xpath', 'value': "//*[@id='app-container']/main/div/div[2]/div[2]/div/a"}
2025-03-11 08:57:49 - DEBUG - http://localhost:52365 "POST /session/b08eb785cd66a5d6aca2e7441ce0331e/element HTTP/1.1" 404 961
2025-03-11 08:57:49 - DEBUG - Remote response: status=404 | data={"value":{"error":"no such element","message":"no such element: Unable to locate element: {\"method\":\"xpath\",\"selector\":\"//*[@id='app-container']/main/div/div[2]/div[2]/div/a\"}\n  (Session info: chrome=134.0.6998.36)","stacktrace":"\tGetHandleVerifier [0x0044B5A3+24387]\n\t(No symbol) [0x003D5904]\n\t(No symbol) [0x002B0753]\n\t(No symbol) [0x002F8BA9]\n\t(No symbol) [0x002F8EFB]\n\t(No symbol) [0x003419C2]\n\t(No symbol) [0x0031D894]\n\t(No symbol) [0x0033F138]\n\t(No symbol) [0x0031D646]\n\t(No symbol) [0x002EC59F]\n\t(No symbol) [0x002ED8E4]\n\tGetHandleVerifier [0x0074D883+3179043]\n\tGetHandleVerifier [0x00766CF9+3282585]\n\tGetHandleVerifier [0x0076167C+3260444]\n\tGetHandleVerifier [0x004E4330+650448]\n\t(No symbol) [0x003DED0D]\n\t(No symbol) [0x003DBAF8]\n\t(No symbol) [0x003DBC99]\n\t(No symbol) [0x003CE530]\n\tBaseThreadInitThunk [0x75E57BA9+25]\n\tRtlInitializeExceptionChain [0x7747C28B+107]\n\tRtlClearBits [0x7747C20F+191]\n"}} | headers=HTTPHeaderDict({'Content-Length': '961', 'Content-Type': 'application/json; charset=utf-8', 'cache-control': 'no-cache'})
2025-03-11 08:57:49 - DEBUG - Finished Request
2025-03-11 08:57:49 - DEBUG - POST http://localhost:52365/session/b08eb785cd66a5d6aca2e7441ce0331e/element {'using': 'xpath', 'value': "//*[@id='app-container']/main/div/div[2]/div[2]/div/a"}
2025-03-11 08:57:49 - DEBUG - http://localhost:52365 "POST /session/b08eb785cd66a5d6aca2e7441ce0331e/element HTTP/1.1" 404 961
2025-03-11 08:57:49 - DEBUG - Remote response: status=404 | data={"value":{"error":"no such element","message":"no such element: Unable to locate element: {\"method\":\"xpath\",\"selector\":\"//*[@id='app-container']/main/div/div[2]/div[2]/div/a\"}\n  (Session info: chrome=134.0.6998.36)","stacktrace":"\tGetHandleVerifier [0x0044B5A3+24387]\n\t(No symbol) [0x003D5904]\n\t(No symbol) [0x002B0753]\n\t(No symbol) [0x002F8BA9]\n\t(No symbol) [0x002F8EFB]\n\t(No symbol) [0x003419C2]\n\t(No symbol) [0x0031D894]\n\t(No symbol) [0x0033F138]\n\t(No symbol) [0x0031D646]\n\t(No symbol) [0x002EC59F]\n\t(No symbol) [0x002ED8E4]\n\tGetHandleVerifier [0x0074D883+3179043]\n\tGetHandleVerifier [0x00766CF9+3282585]\n\tGetHandleVerifier [0x0076167C+3260444]\n\tGetHandleVerifier [0x004E4330+650448]\n\t(No symbol) [0x003DED0D]\n\t(No symbol) [0x003DBAF8]\n\t(No symbol) [0x003DBC99]\n\t(No symbol) [0x003CE530]\n\tBaseThreadInitThunk [0x75E57BA9+25]\n\tRtlInitializeExceptionChain [0x7747C28B+107]\n\tRtlClearBits [0x7747C20F+191]\n"}} | headers=HTTPHeaderDict({'Content-Length': '961', 'Content-Type': 'application/json; charset=utf-8', 'cache-control': 'no-cache'})
2025-03-11 08:57:49 - DEBUG - Finished Request
2025-03-11 08:57:50 - DEBUG - POST http://localhost:52365/session/b08eb785cd66a5d6aca2e7441ce0331e/element {'using': 'xpath', 'value': "//*[@id='app-container']/main/div/div[2]/div[2]/div/a"}
2025-03-11 08:57:50 - DEBUG - http://localhost:52365 "POST /session/b08eb785cd66a5d6aca2e7441ce0331e/element HTTP/1.1" 404 961
2025-03-11 08:57:50 - DEBUG - Remote response: status=404 | data={"value":{"error":"no such element","message":"no such element: Unable to locate element: {\"method\":\"xpath\",\"selector\":\"//*[@id='app-container']/main/div/div[2]/div[2]/div/a\"}\n  (Session info: chrome=134.0.6998.36)","stacktrace":"\tGetHandleVerifier [0x0044B5A3+24387]\n\t(No symbol) [0x003D5904]\n\t(No symbol) [0x002B0753]\n\t(No symbol) [0x002F8BA9]\n\t(No symbol) [0x002F8EFB]\n\t(No symbol) [0x003419C2]\n\t(No symbol) [0x0031D894]\n\t(No symbol) [0x0033F138]\n\t(No symbol) [0x0031D646]\n\t(No symbol) [0x002EC59F]\n\t(No symbol) [0x002ED8E4]\n\tGetHandleVerifier [0x0074D883+3179043]\n\tGetHandleVerifier [0x00766CF9+3282585]\n\tGetHandleVerifier [0x0076167C+3260444]\n\tGetHandleVerifier [0x004E4330+650448]\n\t(No symbol) [0x003DED0D]\n\t(No symbol) [0x003DBAF8]\n\t(No symbol) [0x003DBC99]\n\t(No symbol) [0x003CE530]\n\tBaseThreadInitThunk [0x75E57BA9+25]\n\tRtlInitializeExceptionChain [0x7747C28B+107]\n\tRtlClearBits [0x7747C20F+191]\n"}} | headers=HTTPHeaderDict({'Content-Length': '961', 'Content-Type': 'application/json; charset=utf-8', 'cache-control': 'no-cache'})
2025-03-11 08:57:50 - DEBUG - Finished Request
2025-03-11 08:57:50 - DEBUG - POST http://localhost:52365/session/b08eb785cd66a5d6aca2e7441ce0331e/element {'using': 'xpath', 'value': "//*[@id='app-container']/main/div/div[2]/div[2]/div/a"}
2025-03-11 08:57:50 - DEBUG - http://localhost:52365 "POST /session/b08eb785cd66a5d6aca2e7441ce0331e/element HTTP/1.1" 404 961
2025-03-11 08:57:50 - DEBUG - Remote response: status=404 | data={"value":{"error":"no such element","message":"no such element: Unable to locate element: {\"method\":\"xpath\",\"selector\":\"//*[@id='app-container']/main/div/div[2]/div[2]/div/a\"}\n  (Session info: chrome=134.0.6998.36)","stacktrace":"\tGetHandleVerifier [0x0044B5A3+24387]\n\t(No symbol) [0x003D5904]\n\t(No symbol) [0x002B0753]\n\t(No symbol) [0x002F8BA9]\n\t(No symbol) [0x002F8EFB]\n\t(No symbol) [0x003419C2]\n\t(No symbol) [0x0031D894]\n\t(No symbol) [0x0033F138]\n\t(No symbol) [0x0031D646]\n\t(No symbol) [0x002EC59F]\n\t(No symbol) [0x002ED8E4]\n\tGetHandleVerifier [0x0074D883+3179043]\n\tGetHandleVerifier [0x00766CF9+3282585]\n\tGetHandleVerifier [0x0076167C+3260444]\n\tGetHandleVerifier [0x004E4330+650448]\n\t(No symbol) [0x003DED0D]\n\t(No symbol) [0x003DBAF8]\n\t(No symbol) [0x003DBC99]\n\t(No symbol) [0x003CE530]\n\tBaseThreadInitThunk [0x75E57BA9+25]\n\tRtlInitializeExceptionChain [0x7747C28B+107]\n\tRtlClearBits [0x7747C20F+191]\n"}} | headers=HTTPHeaderDict({'Content-Length': '961', 'Content-Type': 'application/json; charset=utf-8', 'cache-control': 'no-cache'})
2025-03-11 08:57:50 - DEBUG - Finished Request
2025-03-11 08:57:51 - DEBUG - POST http://localhost:52365/session/b08eb785cd66a5d6aca2e7441ce0331e/element {'using': 'xpath', 'value': "//*[@id='app-container']/main/div/div[2]/div[2]/div/a"}
2025-03-11 08:57:51 - DEBUG - http://localhost:52365 "POST /session/b08eb785cd66a5d6aca2e7441ce0331e/element HTTP/1.1" 404 961
2025-03-11 08:57:51 - DEBUG - Remote response: status=404 | data={"value":{"error":"no such element","message":"no such element: Unable to locate element: {\"method\":\"xpath\",\"selector\":\"//*[@id='app-container']/main/div/div[2]/div[2]/div/a\"}\n  (Session info: chrome=134.0.6998.36)","stacktrace":"\tGetHandleVerifier [0x0044B5A3+24387]\n\t(No symbol) [0x003D5904]\n\t(No symbol) [0x002B0753]\n\t(No symbol) [0x002F8BA9]\n\t(No symbol) [0x002F8EFB]\n\t(No symbol) [0x003419C2]\n\t(No symbol) [0x0031D894]\n\t(No symbol) [0x0033F138]\n\t(No symbol) [0x0031D646]\n\t(No symbol) [0x002EC59F]\n\t(No symbol) [0x002ED8E4]\n\tGetHandleVerifier [0x0074D883+3179043]\n\tGetHandleVerifier [0x00766CF9+3282585]\n\tGetHandleVerifier [0x0076167C+3260444]\n\tGetHandleVerifier [0x004E4330+650448]\n\t(No symbol) [0x003DED0D]\n\t(No symbol) [0x003DBAF8]\n\t(No symbol) [0x003DBC99]\n\t(No symbol) [0x003CE530]\n\tBaseThreadInitThunk [0x75E57BA9+25]\n\tRtlInitializeExceptionChain [0x7747C28B+107]\n\tRtlClearBits [0x7747C20F+191]\n"}} | headers=HTTPHeaderDict({'Content-Length': '961', 'Content-Type': 'application/json; charset=utf-8', 'cache-control': 'no-cache'})
2025-03-11 08:57:51 - DEBUG - Finished Request
2025-03-11 08:57:51 - ERROR - Lỗi khi nhấn nút Tạo mới hoặc chuyển hướng: Message: 
Stacktrace:
	GetHandleVerifier [0x0044B5A3+24387]
	(No symbol) [0x003D5904]
	(No symbol) [0x002B0753]
	(No symbol) [0x002F8BA9]
	(No symbol) [0x002F8EFB]
	(No symbol) [0x003419C2]
	(No symbol) [0x0031D894]
	(No symbol) [0x0033F138]
	(No symbol) [0x0031D646]
	(No symbol) [0x002EC59F]
	(No symbol) [0x002ED8E4]
	GetHandleVerifier [0x0074D883+3179043]
	GetHandleVerifier [0x00766CF9+3282585]
	GetHandleVerifier [0x0076167C+3260444]
	GetHandleVerifier [0x004E4330+650448]
	(No symbol) [0x003DED0D]
	(No symbol) [0x003DBAF8]
	(No symbol) [0x003DBC99]
	(No symbol) [0x003CE530]
	BaseThreadInitThunk [0x75E57BA9+25]
	RtlInitializeExceptionChain [0x7747C28B+107]
	RtlClearBits [0x7747C20F+191]
Traceback (most recent call last):
  File "E:\basecms\pages\pagev2.py", line 54, in click_create_new_button
    create_new_button = self.wait.until(EC.element_to_be_clickable(self.create_new_button))
  File "C:\Users\Duy khanh\AppData\Local\Programs\Python\Python313\Lib\site-packages\selenium\webdriver\support\wait.py", line 146, in until
    raise TimeoutException(message, screen, stacktrace)
selenium.common.exceptions.TimeoutException: Message: 
Stacktrace:
	GetHandleVerifier [0x0044B5A3+24387]
	(No symbol) [0x003D5904]
	(No symbol) [0x002B0753]
	(No symbol) [0x002F8BA9]
	(No symbol) [0x002F8EFB]
	(No symbol) [0x003419C2]
	(No symbol) [0x0031D894]
	(No symbol) [0x0033F138]
	(No symbol) [0x0031D646]
	(No symbol) [0x002EC59F]
	(No symbol) [0x002ED8E4]
	GetHandleVerifier [0x0074D883+3179043]
	GetHandleVerifier [0x00766CF9+3282585]
	GetHandleVerifier [0x0076167C+3260444]
	GetHandleVerifier [0x004E4330+650448]
	(No symbol) [0x003DED0D]
	(No symbol) [0x003DBAF8]
	(No symbol) [0x003DBC99]
	(No symbol) [0x003CE530]
	BaseThreadInitThunk [0x75E57BA9+25]
	RtlInitializeExceptionChain [0x7747C28B+107]
	RtlClearBits [0x7747C20F+191]

2025-03-11 08:57:51 - DEBUG - POST http://localhost:52365/session/b08eb785cd66a5d6aca2e7441ce0331e/element {'using': 'css selector', 'value': '[id="root_content_title-vi"]'}
2025-03-11 08:57:51 - DEBUG - http://localhost:52365 "POST /session/b08eb785cd66a5d6aca2e7441ce0331e/element HTTP/1.1" 200 127
2025-03-11 08:57:51 - DEBUG - Remote response: status=200 | data={"value":{"element-6066-11e4-a52e-4f735466cecf":"f.A4E91DF4DA03A9DDEE9987D163405082.d.45898B48A3872010029EB5E8771774BD.e.249"}} | headers=HTTPHeaderDict({'Content-Length': '127', 'Content-Type': 'application/json; charset=utf-8', 'cache-control': 'no-cache'})
2025-03-11 08:57:51 - DEBUG - Finished Request
2025-03-11 08:57:51 - DEBUG - POST http://localhost:52365/session/b08eb785cd66a5d6aca2e7441ce0331e/execute/sync {'script': '/* isDisplayed */return (function(){return (function(){var g=this||self;\nfunction aa(a){var b=typeof...', 'args': [{'element-6066-11e4-a52e-4f735466cecf': 'f.A4E91DF4DA03A9DDEE9987D163405082.d.45898B48A3872010029EB5E8771774BD.e.249'}]}
2025-03-11 08:57:51 - DEBUG - http://localhost:52365 "POST /session/b08eb785cd66a5d6aca2e7441ce0331e/execute/sync HTTP/1.1" 200 14
2025-03-11 08:57:51 - DEBUG - Remote response: status=200 | data={"value":true} | headers=HTTPHeaderDict({'Content-Length': '14', 'Content-Type': 'application/json; charset=utf-8', 'cache-control': 'no-cache'})
2025-03-11 08:57:51 - DEBUG - Finished Request
2025-03-11 08:57:51 - DEBUG - POST http://localhost:52365/session/b08eb785cd66a5d6aca2e7441ce0331e/element/f.A4E91DF4DA03A9DDEE9987D163405082.d.45898B48A3872010029EB5E8771774BD.e.249/clear {}
2025-03-11 08:57:51 - DEBUG - http://localhost:52365 "POST /session/b08eb785cd66a5d6aca2e7441ce0331e/element/f.A4E91DF4DA03A9DDEE9987D163405082.d.45898B48A3872010029EB5E8771774BD.e.249/clear HTTP/1.1" 200 14
2025-03-11 08:57:51 - DEBUG - Remote response: status=200 | data={"value":null} | headers=HTTPHeaderDict({'Content-Length': '14', 'Content-Type': 'application/json; charset=utf-8', 'cache-control': 'no-cache'})
2025-03-11 08:57:51 - DEBUG - Finished Request
2025-03-11 08:57:51 - DEBUG - POST http://localhost:52365/session/b08eb785cd66a5d6aca2e7441ce0331e/element/f.A4E91DF4DA03A9DDEE9987D163405082.d.45898B48A3872010029EB5E8771774BD.e.249/value {'text': 'Trang kiểm thử', 'value': ['T', 'r', 'a', 'n', 'g', ' ', 'k', 'i', 'ể', 'm', ' ', 't', 'h', 'ử']}
2025-03-11 08:57:51 - DEBUG - http://localhost:52365 "POST /session/b08eb785cd66a5d6aca2e7441ce0331e/element/f.A4E91DF4DA03A9DDEE9987D163405082.d.45898B48A3872010029EB5E8771774BD.e.249/value HTTP/1.1" 200 14
2025-03-11 08:57:51 - DEBUG - Remote response: status=200 | data={"value":null} | headers=HTTPHeaderDict({'Content-Length': '14', 'Content-Type': 'application/json; charset=utf-8', 'cache-control': 'no-cache'})
2025-03-11 08:57:51 - DEBUG - Finished Request
2025-03-11 08:57:51 - INFO - Đã nhập tiêu đề trang: Trang kiểm thử
2025-03-11 08:57:51 - DEBUG - POST http://localhost:52365/session/b08eb785cd66a5d6aca2e7441ce0331e/element {'using': 'xpath', 'value': '//*[@id="app-container"]/div[12]/div/div/div[3]/button[1]'}
2025-03-11 08:57:51 - DEBUG - http://localhost:52365 "POST /session/b08eb785cd66a5d6aca2e7441ce0331e/element HTTP/1.1" 404 967
2025-03-11 08:57:51 - DEBUG - Remote response: status=404 | data={"value":{"error":"no such element","message":"no such element: Unable to locate element: {\"method\":\"xpath\",\"selector\":\"//*[@id=\"app-container\"]/div[12]/div/div/div[3]/button[1]\"}\n  (Session info: chrome=134.0.6998.36)","stacktrace":"\tGetHandleVerifier [0x0044B5A3+24387]\n\t(No symbol) [0x003D5904]\n\t(No symbol) [0x002B0753]\n\t(No symbol) [0x002F8BA9]\n\t(No symbol) [0x002F8EFB]\n\t(No symbol) [0x003419C2]\n\t(No symbol) [0x0031D894]\n\t(No symbol) [0x0033F138]\n\t(No symbol) [0x0031D646]\n\t(No symbol) [0x002EC59F]\n\t(No symbol) [0x002ED8E4]\n\tGetHandleVerifier [0x0074D883+3179043]\n\tGetHandleVerifier [0x00766CF9+3282585]\n\tGetHandleVerifier [0x0076167C+3260444]\n\tGetHandleVerifier [0x004E4330+650448]\n\t(No symbol) [0x003DED0D]\n\t(No symbol) [0x003DBAF8]\n\t(No symbol) [0x003DBC99]\n\t(No symbol) [0x003CE530]\n\tBaseThreadInitThunk [0x75E57BA9+25]\n\tRtlInitializeExceptionChain [0x7747C28B+107]\n\tRtlClearBits [0x7747C20F+191]\n"}} | headers=HTTPHeaderDict({'Content-Length': '967', 'Content-Type': 'application/json; charset=utf-8', 'cache-control': 'no-cache'})
2025-03-11 08:57:51 - DEBUG - Finished Request
2025-03-11 08:57:52 - DEBUG - POST http://localhost:52365/session/b08eb785cd66a5d6aca2e7441ce0331e/element {'using': 'xpath', 'value': '//*[@id="app-container"]/div[12]/div/div/div[3]/button[1]'}
2025-03-11 08:57:52 - DEBUG - http://localhost:52365 "POST /session/b08eb785cd66a5d6aca2e7441ce0331e/element HTTP/1.1" 404 967
2025-03-11 08:57:52 - DEBUG - Remote response: status=404 | data={"value":{"error":"no such element","message":"no such element: Unable to locate element: {\"method\":\"xpath\",\"selector\":\"//*[@id=\"app-container\"]/div[12]/div/div/div[3]/button[1]\"}\n  (Session info: chrome=134.0.6998.36)","stacktrace":"\tGetHandleVerifier [0x0044B5A3+24387]\n\t(No symbol) [0x003D5904]\n\t(No symbol) [0x002B0753]\n\t(No symbol) [0x002F8BA9]\n\t(No symbol) [0x002F8EFB]\n\t(No symbol) [0x003419C2]\n\t(No symbol) [0x0031D894]\n\t(No symbol) [0x0033F138]\n\t(No symbol) [0x0031D646]\n\t(No symbol) [0x002EC59F]\n\t(No symbol) [0x002ED8E4]\n\tGetHandleVerifier [0x0074D883+3179043]\n\tGetHandleVerifier [0x00766CF9+3282585]\n\tGetHandleVerifier [0x0076167C+3260444]\n\tGetHandleVerifier [0x004E4330+650448]\n\t(No symbol) [0x003DED0D]\n\t(No symbol) [0x003DBAF8]\n\t(No symbol) [0x003DBC99]\n\t(No symbol) [0x003CE530]\n\tBaseThreadInitThunk [0x75E57BA9+25]\n\tRtlInitializeExceptionChain [0x7747C28B+107]\n\tRtlClearBits [0x7747C20F+191]\n"}} | headers=HTTPHeaderDict({'Content-Length': '967', 'Content-Type': 'application/json; charset=utf-8', 'cache-control': 'no-cache'})
2025-03-11 08:57:52 - DEBUG - Finished Request
2025-03-11 08:57:52 - DEBUG - POST http://localhost:52365/session/b08eb785cd66a5d6aca2e7441ce0331e/element {'using': 'xpath', 'value': '//*[@id="app-container"]/div[12]/div/div/div[3]/button[1]'}
2025-03-11 08:57:52 - DEBUG - http://localhost:52365 "POST /session/b08eb785cd66a5d6aca2e7441ce0331e/element HTTP/1.1" 404 967
2025-03-11 08:57:52 - DEBUG - Remote response: status=404 | data={"value":{"error":"no such element","message":"no such element: Unable to locate element: {\"method\":\"xpath\",\"selector\":\"//*[@id=\"app-container\"]/div[12]/div/div/div[3]/button[1]\"}\n  (Session info: chrome=134.0.6998.36)","stacktrace":"\tGetHandleVerifier [0x0044B5A3+24387]\n\t(No symbol) [0x003D5904]\n\t(No symbol) [0x002B0753]\n\t(No symbol) [0x002F8BA9]\n\t(No symbol) [0x002F8EFB]\n\t(No symbol) [0x003419C2]\n\t(No symbol) [0x0031D894]\n\t(No symbol) [0x0033F138]\n\t(No symbol) [0x0031D646]\n\t(No symbol) [0x002EC59F]\n\t(No symbol) [0x002ED8E4]\n\tGetHandleVerifier [0x0074D883+3179043]\n\tGetHandleVerifier [0x00766CF9+3282585]\n\tGetHandleVerifier [0x0076167C+3260444]\n\tGetHandleVerifier [0x004E4330+650448]\n\t(No symbol) [0x003DED0D]\n\t(No symbol) [0x003DBAF8]\n\t(No symbol) [0x003DBC99]\n\t(No symbol) [0x003CE530]\n\tBaseThreadInitThunk [0x75E57BA9+25]\n\tRtlInitializeExceptionChain [0x7747C28B+107]\n\tRtlClearBits [0x7747C20F+191]\n"}} | headers=HTTPHeaderDict({'Content-Length': '967', 'Content-Type': 'application/json; charset=utf-8', 'cache-control': 'no-cache'})
2025-03-11 08:57:52 - DEBUG - Finished Request
2025-03-11 08:57:53 - DEBUG - POST http://localhost:52365/session/b08eb785cd66a5d6aca2e7441ce0331e/element {'using': 'xpath', 'value': '//*[@id="app-container"]/div[12]/div/div/div[3]/button[1]'}
2025-03-11 08:57:53 - DEBUG - http://localhost:52365 "POST /session/b08eb785cd66a5d6aca2e7441ce0331e/element HTTP/1.1" 404 967
2025-03-11 08:57:53 - DEBUG - Remote response: status=404 | data={"value":{"error":"no such element","message":"no such element: Unable to locate element: {\"method\":\"xpath\",\"selector\":\"//*[@id=\"app-container\"]/div[12]/div/div/div[3]/button[1]\"}\n  (Session info: chrome=134.0.6998.36)","stacktrace":"\tGetHandleVerifier [0x0044B5A3+24387]\n\t(No symbol) [0x003D5904]\n\t(No symbol) [0x002B0753]\n\t(No symbol) [0x002F8BA9]\n\t(No symbol) [0x002F8EFB]\n\t(No symbol) [0x003419C2]\n\t(No symbol) [0x0031D894]\n\t(No symbol) [0x0033F138]\n\t(No symbol) [0x0031D646]\n\t(No symbol) [0x002EC59F]\n\t(No symbol) [0x002ED8E4]\n\tGetHandleVerifier [0x0074D883+3179043]\n\tGetHandleVerifier [0x00766CF9+3282585]\n\tGetHandleVerifier [0x0076167C+3260444]\n\tGetHandleVerifier [0x004E4330+650448]\n\t(No symbol) [0x003DED0D]\n\t(No symbol) [0x003DBAF8]\n\t(No symbol) [0x003DBC99]\n\t(No symbol) [0x003CE530]\n\tBaseThreadInitThunk [0x75E57BA9+25]\n\tRtlInitializeExceptionChain [0x7747C28B+107]\n\tRtlClearBits [0x7747C20F+191]\n"}} | headers=HTTPHeaderDict({'Content-Length': '967', 'Content-Type': 'application/json; charset=utf-8', 'cache-control': 'no-cache'})
2025-03-11 08:57:53 - DEBUG - Finished Request
2025-03-11 08:57:53 - DEBUG - POST http://localhost:52365/session/b08eb785cd66a5d6aca2e7441ce0331e/element {'using': 'xpath', 'value': '//*[@id="app-container"]/div[12]/div/div/div[3]/button[1]'}
2025-03-11 08:57:53 - DEBUG - http://localhost:52365 "POST /session/b08eb785cd66a5d6aca2e7441ce0331e/element HTTP/1.1" 404 967
2025-03-11 08:57:53 - DEBUG - Remote response: status=404 | data={"value":{"error":"no such element","message":"no such element: Unable to locate element: {\"method\":\"xpath\",\"selector\":\"//*[@id=\"app-container\"]/div[12]/div/div/div[3]/button[1]\"}\n  (Session info: chrome=134.0.6998.36)","stacktrace":"\tGetHandleVerifier [0x0044B5A3+24387]\n\t(No symbol) [0x003D5904]\n\t(No symbol) [0x002B0753]\n\t(No symbol) [0x002F8BA9]\n\t(No symbol) [0x002F8EFB]\n\t(No symbol) [0x003419C2]\n\t(No symbol) [0x0031D894]\n\t(No symbol) [0x0033F138]\n\t(No symbol) [0x0031D646]\n\t(No symbol) [0x002EC59F]\n\t(No symbol) [0x002ED8E4]\n\tGetHandleVerifier [0x0074D883+3179043]\n\tGetHandleVerifier [0x00766CF9+3282585]\n\tGetHandleVerifier [0x0076167C+3260444]\n\tGetHandleVerifier [0x004E4330+650448]\n\t(No symbol) [0x003DED0D]\n\t(No symbol) [0x003DBAF8]\n\t(No symbol) [0x003DBC99]\n\t(No symbol) [0x003CE530]\n\tBaseThreadInitThunk [0x75E57BA9+25]\n\tRtlInitializeExceptionChain [0x7747C28B+107]\n\tRtlClearBits [0x7747C20F+191]\n"}} | headers=HTTPHeaderDict({'Content-Length': '967', 'Content-Type': 'application/json; charset=utf-8', 'cache-control': 'no-cache'})
2025-03-11 08:57:53 - DEBUG - Finished Request
2025-03-11 08:57:54 - DEBUG - POST http://localhost:52365/session/b08eb785cd66a5d6aca2e7441ce0331e/element {'using': 'xpath', 'value': '//*[@id="app-container"]/div[12]/div/div/div[3]/button[1]'}
2025-03-11 08:57:54 - DEBUG - http://localhost:52365 "POST /session/b08eb785cd66a5d6aca2e7441ce0331e/element HTTP/1.1" 404 967
2025-03-11 08:57:54 - DEBUG - Remote response: status=404 | data={"value":{"error":"no such element","message":"no such element: Unable to locate element: {\"method\":\"xpath\",\"selector\":\"//*[@id=\"app-container\"]/div[12]/div/div/div[3]/button[1]\"}\n  (Session info: chrome=134.0.6998.36)","stacktrace":"\tGetHandleVerifier [0x0044B5A3+24387]\n\t(No symbol) [0x003D5904]\n\t(No symbol) [0x002B0753]\n\t(No symbol) [0x002F8BA9]\n\t(No symbol) [0x002F8EFB]\n\t(No symbol) [0x003419C2]\n\t(No symbol) [0x0031D894]\n\t(No symbol) [0x0033F138]\n\t(No symbol) [0x0031D646]\n\t(No symbol) [0x002EC59F]\n\t(No symbol) [0x002ED8E4]\n\tGetHandleVerifier [0x0074D883+3179043]\n\tGetHandleVerifier [0x00766CF9+3282585]\n\tGetHandleVerifier [0x0076167C+3260444]\n\tGetHandleVerifier [0x004E4330+650448]\n\t(No symbol) [0x003DED0D]\n\t(No symbol) [0x003DBAF8]\n\t(No symbol) [0x003DBC99]\n\t(No symbol) [0x003CE530]\n\tBaseThreadInitThunk [0x75E57BA9+25]\n\tRtlInitializeExceptionChain [0x7747C28B+107]\n\tRtlClearBits [0x7747C20F+191]\n"}} | headers=HTTPHeaderDict({'Content-Length': '967', 'Content-Type': 'application/json; charset=utf-8', 'cache-control': 'no-cache'})
2025-03-11 08:57:54 - DEBUG - Finished Request
2025-03-11 08:57:54 - DEBUG - POST http://localhost:52365/session/b08eb785cd66a5d6aca2e7441ce0331e/element {'using': 'xpath', 'value': '//*[@id="app-container"]/div[12]/div/div/div[3]/button[1]'}
2025-03-11 08:57:54 - DEBUG - http://localhost:52365 "POST /session/b08eb785cd66a5d6aca2e7441ce0331e/element HTTP/1.1" 404 967
2025-03-11 08:57:54 - DEBUG - Remote response: status=404 | data={"value":{"error":"no such element","message":"no such element: Unable to locate element: {\"method\":\"xpath\",\"selector\":\"//*[@id=\"app-container\"]/div[12]/div/div/div[3]/button[1]\"}\n  (Session info: chrome=134.0.6998.36)","stacktrace":"\tGetHandleVerifier [0x0044B5A3+24387]\n\t(No symbol) [0x003D5904]\n\t(No symbol) [0x002B0753]\n\t(No symbol) [0x002F8BA9]\n\t(No symbol) [0x002F8EFB]\n\t(No symbol) [0x003419C2]\n\t(No symbol) [0x0031D894]\n\t(No symbol) [0x0033F138]\n\t(No symbol) [0x0031D646]\n\t(No symbol) [0x002EC59F]\n\t(No symbol) [0x002ED8E4]\n\tGetHandleVerifier [0x0074D883+3179043]\n\tGetHandleVerifier [0x00766CF9+3282585]\n\tGetHandleVerifier [0x0076167C+3260444]\n\tGetHandleVerifier [0x004E4330+650448]\n\t(No symbol) [0x003DED0D]\n\t(No symbol) [0x003DBAF8]\n\t(No symbol) [0x003DBC99]\n\t(No symbol) [0x003CE530]\n\tBaseThreadInitThunk [0x75E57BA9+25]\n\tRtlInitializeExceptionChain [0x7747C28B+107]\n\tRtlClearBits [0x7747C20F+191]\n"}} | headers=HTTPHeaderDict({'Content-Length': '967', 'Content-Type': 'application/json; charset=utf-8', 'cache-control': 'no-cache'})
2025-03-11 08:57:54 - DEBUG - Finished Request
2025-03-11 08:57:54 - ERROR - Lỗi khi nhấn nút Lưu: Message: 
Stacktrace:
	GetHandleVerifier [0x0044B5A3+24387]
	(No symbol) [0x003D5904]
	(No symbol) [0x002B0753]
	(No symbol) [0x002F8BA9]
	(No symbol) [0x002F8EFB]
	(No symbol) [0x003419C2]
	(No symbol) [0x0031D894]
	(No symbol) [0x0033F138]
	(No symbol) [0x0031D646]
	(No symbol) [0x002EC59F]
	(No symbol) [0x002ED8E4]
	GetHandleVerifier [0x0074D883+3179043]
	GetHandleVerifier [0x00766CF9+3282585]
	GetHandleVerifier [0x0076167C+3260444]
	GetHandleVerifier [0x004E4330+650448]
	(No symbol) [0x003DED0D]
	(No symbol) [0x003DBAF8]
	(No symbol) [0x003DBC99]
	(No symbol) [0x003CE530]
	BaseThreadInitThunk [0x75E57BA9+25]
	RtlInitializeExceptionChain [0x7747C28B+107]
	RtlClearBits [0x7747C20F+191]
Traceback (most recent call last):
  File "E:\basecms\pages\pagev2.py", line 147, in click_save_and_continue_button
    save_and_continue_button = self.wait.until(EC.element_to_be_clickable(self.save_and_continue_button))
  File "C:\Users\Duy khanh\AppData\Local\Programs\Python\Python313\Lib\site-packages\selenium\webdriver\support\wait.py", line 146, in until
    raise TimeoutException(message, screen, stacktrace)
selenium.common.exceptions.TimeoutException: Message: 
Stacktrace:
	GetHandleVerifier [0x0044B5A3+24387]
	(No symbol) [0x003D5904]
	(No symbol) [0x002B0753]
	(No symbol) [0x002F8BA9]
	(No symbol) [0x002F8EFB]
	(No symbol) [0x003419C2]
	(No symbol) [0x0031D894]
	(No symbol) [0x0033F138]
	(No symbol) [0x0031D646]
	(No symbol) [0x002EC59F]
	(No symbol) [0x002ED8E4]
	GetHandleVerifier [0x0074D883+3179043]
	GetHandleVerifier [0x00766CF9+3282585]
	GetHandleVerifier [0x0076167C+3260444]
	GetHandleVerifier [0x004E4330+650448]
	(No symbol) [0x003DED0D]
	(No symbol) [0x003DBAF8]
	(No symbol) [0x003DBC99]
	(No symbol) [0x003CE530]
	BaseThreadInitThunk [0x75E57BA9+25]
	RtlInitializeExceptionChain [0x7747C28B+107]
	RtlClearBits [0x7747C20F+191]

2025-03-11 08:57:54 - DEBUG - GET http://localhost:52365/session/b08eb785cd66a5d6aca2e7441ce0331e/screenshot {}
2025-03-11 08:57:54 - DEBUG - http://localhost:52365 "GET /session/b08eb785cd66a5d6aca2e7441ce0331e/screenshot HTTP/1.1" 200 97276
2025-03-11 08:57:54 - DEBUG - Remote response: status=200 | data={"value":"iVBORw0KGgoAAAANSUhEUgAAB4AAAANPCAIAAAC0MVXjAAAAAXNSR0IArs4c6QAAIABJREFUeJzs3XtYlHd+N/7P954Tx0EBASNMICRZNCsjpo9JQ+JKjBEbt30amlqS3z4Gt3GTPlfLr2mC2V/WbZ/VtpHY7MX26q4xrcS6CWt3sU8Ts2KMwmpMV3cTGEyAjUHIgGZADjIc5/j9/XEf5p5hgAFnOPl+XdutzNyH733P2O2++eR9M9ODhQQAkfG7U/855TaMsVlZCwAAAAAAAAAAQMStOXNG/aMwdysBWPw455zzKbeZreUAAAAAAAAAAADMKgTQABGHDBoAAAAAAAAAAG5NCKABZsOUo9DIoAEAAAAAAAAAYPFBAA0we5BBAwAAAAAAAADALQUBNEAEjc+UkTIDAAAAAAAAAMCtAwE0QGRNK4NGPA0AAAAAAAAAAIsJAmiAiEMGDQAAAAAAAAAAtyYE0ACzAV0cAAAAAAAAAABwC0IADRBB6pQZiTMAAAAAAAAAANxqEEADRNYkGfREkTSiagAAAAAAAAAAWBwQQANE3AwyaAAAAAAAAAAAgEUAATTAfIRgGgAAAAAAAAAAFgEE0AARpOTIGIIGAAAAAAAAAIBbEAJogMgKJYOefEcAAAAAAAAAAIAFCgE0wOxBpgwAAAAAAAAAALcUBNAAERc0d57uQDQAAAAAAAAAAMCCgwAaIILG929MK2tGMA0AAAAAAAAAAAsaAmiAyAoxREbWDAAAAAAAAAAAiw8CaIBZcpPT0AAAAAAAAAAAAAsOAmiAiEPQDAAAAAAAAAAAtyYE0AARFBA9I4kGAAAAAAAAAIBbCgJogNkwURKtfj1oPI3MGgAAAAAAAAAAFi4E0ACRhQQZAAAAAAAAAABuWQigAQAAAAAAAAAAACAiEEADzCoMRAMAAAAAAAAAwK0DATRABIlxs/rfAQAAAAAAAAAAbh0IoAHmRujPIQQAAAAAAAAAAFigtHO9gEAC59EutnzQk+Dwxjl4vIMbnVzvIT3nAueMiAvkEmhUx5xaNqxj/dHC9WihP4oNaQWnZq5XDxABnHPG2FyvAgAAAAAAAAAAYNrmRQDNiGs8LHXIu2SUJ4x5Exw8yk1aL9cS13m4zksC5wIRY8SIGOcGL2ldnLtZgoMvG6M77IJL4DeiNNejWXe0pl8vODTMi7wOAAAAAAAAAAAAYE7NcQBtcFO8w7tkhBvHeOKoN9ZJsS4e5eZMjJsZZ0SMOBFnxBiRmCoz4lovI/IyIubmAvMS0TKHN3VEsBs8Q1pmi9XYojV2HXMLyKFhjqnnl8U/Y6IZAAAAAAAAAABuEXMTQDMijZfHOClp2Jtq96YMe5eOcEYkxsWMOGOMEVcSZ1LGn4mT9AdSJ3iMKMbNY93u20aJBPpqVGON03wVo+k1aOx65mYMxbowtxA6AwAAAAAAAADALWgOAmiBk85D8Q6e2etNv+FNGOOMuJQvSwE0I+KMiVPPUnSs5NGMiDFGnMuPUGSMcYGIlA04Tx/xZIy4+w3CZaO2aYm+Xy84BeZB+gcAAAAAAAAAAAAwi+YggI51clOv587r3hgX13Jx3plIzJg5l2No7gudxSSa+TJo4lJgTcQZ+XJqpgxKM86Ilri8a/uddw+5LEsNTUZdv16Y/YsFAAAAAAAAAAAAuGXNagCt8VKq3Xt7nzd10Bvr4hovCWKlhq95QxUiSztxTqrpZjmtlrNpktJnpZdDlURriGu8tNTJ1/Y5lrg8n8frO6OFUQ1iaAAAAAAAAAAAAIDZMEsBNCPSunlGvzejny8b9sa4vIyYOKdMRIwTiemzut9ZNRwtMBKkLg5pGpq4rxXa9welxIP5kmiB8ySnRzdIRrc3waX91Kh3aBgn9HHA3EMxNAAAAAAAAAAALG6zEUALnPRunjbgveu6N3HYq+PK8LI02kxSw4Zvill6y+9FCkiWmV8xtPqYyhF8Py5xeWI9nji31ymw1ljdqIZ5kfsBAAAAAAAAAAAARFLE+ygYkd7Nkwe5+aonaURKn4nElmexvpkxJk46i4XOnDEizgVGgq/WmZM6X5Y6oLmqqUN6dqF8EGJEgriLPDKt5zzd4X6kZ9Q06o7xeJXHGwJEDuf4mgXTUbWzcGdVx2SbWN/aWVhYuO/87C0KIsZa9Wxhof/HKX6+hc9WWed0ZQAAAAAAAAAQaRGfgNa6edqA13zVE+8UqzbETJkxEssHuKAUbijzzlzKo0mqJ1AeRSgNOwsCI859ZR3EBd/sMwnyMwz9BqUZEZHWS0kuzx90j5xOjm6J041pMAUNi5W16tmdh9vHv16wu2ZX/lwsaLpMTx2sydxX+OH5XfkRW29H1c5nDgcJQBfMTVI5v69wT23wt+b6cqxv7T3cTqZvHTz4lEl57fw5KxFRu7WDyDTp7gAAAAAAAACwoEU2gNa7uanPm93jjXVy5uUCY4HPGyQSp0QFXxTMlXhaadtQPYRQTKt96bNqG/mw0imU7ZVBac6IGKdEt+eBG2NaogajwY0IGhYnU/GBmmIiKZmkBZiodlTt3FNbsHtXBE+RUXxwgd+kBaCjau8RKxXsFtPn8/sK97RtP3igOP8h0+F2K2WaMoLtJMbp/pk1AAAAAAAAACxIkQ2gl9u5qc+bOMy10oCzb4pZyYiVEg1pupmph52VGWfmy6zFYWfuNxOtHErd/hxQEk1yL4fgpRUO9+pBx5jAPo3XR/QOAMAM+dJhCEH+rpoaMayXZqHnTXqb/72aYnkdVmubNPWc/9TBmqcm2uX8hxMMcwMAAAAAAADAghOpAJpxindwU78naYTruK+sOeChgsTU0bDfUwdJ9VxB9VCzQIyI+9Jnps6px53F74DEGBezbL2XZ465nAL7KkpzQ6vxYA4abhXWqmd31j60u+DcnsPtUjeD9a2dO49IRRSq1FLc8uD2zp1StUPm9oMHin0dCr69TNt3F9TuqS1442DxJOOsNP4gvjdU5z2/r/CwSXWouRhODnKX1Bfh67ToqNr5TG3BG9utz4y/EP8rpILdu2nP3I1ZB1R0BKxT/R0gMm0P/lH6ou3v0V5p+4LdNbvyfQf3r/vwP6xy6uJ85Vj+X6qAhVqP7Cw8QgW7a3aZpLIU8SbWiiu0+l+S71DB1ul3IlVBjXzEICsBAAAAAAAAgHCIyEMIGZHBze+47l02yKPdvqRYampmREwZiObSVDJx1fME5Y0ZZ9LrXB5n5qpgWoyhOZOaPeQ/K9GzL6TmytkZk8LrOI/39jHXmiFnlO+5iAC3BOuRw/RyTU2NGBWer+rcXiN6Yzsd2al+7p/1yM4PHxTf213QfnjvW1KYaH1r584j2bul3bZb9wRrUpa3LNzTuv0NccuD27N87xx+xnds65G9kz+TcGrd739/xzPfP9Fzc0fx8btLHVUfph+skVdbu0f9BMUJL0Sqm5DurenwRB3NgT79yY5ntu945icN4boUefTY7+p27pQ+TWvVs4X+MbH18DOTPv7x3F7f9rV7dj6703dltXuUHc/vKxyfPhfsrrmZuezaPb5TWdtb/d5rP7wz4JGG6nX6vr3+9ejqIwIAAAAAAABABEQkgNZ4ebyD39njiXVKs8xys7MSE0tPCxwXEHNpA859ZRpcTp+ZMtHMlZFnkn8U/Eo8pMFq9ay0r4KDmHjqpR7vfTdGk1xuLeeRuA8A81TBdtV8a/4uZWQ1I78gk1rbVSFewW75zfzib5ms585biYjOVx2x+t6h/F1vbJ8gUxS3VMZpTcW7fEOm6mNvz7TWnp0oxA5NyqM/OPSPv3/hu2HLoNV3KaN4lxKb5j9YQFbrBDfJdyEdVYdrTdtflq83o/jg7oLQTvz15w698TcP0K9/FMYM2lR8oEYhLkT6NM9XiWlswW75lwSZRES1R6om/KUCFRysqamRP3Rre/Zu1Y/S96ej6nAtiaPW6pOqAuoJ5O+St5X29ZsYzxQD/YPFGWR66mDgJbXXnlf9GkNamHy04Nc74VcXAAAAAAAAAMIjIhUcMU66vc+r93BBXaPBOclZsCAwfbTBPeYgj1fd7CxmyoJS9Ex+cbNvtJlz+VmDJIiF0NLGXK6HJkak0WkFreAdc/h1dKhKP7Reb4KHvtE/emZpzFVDZOuw4VbGOWdsHs3Zm9ID6hX86hlMD02yJRERdVhbqWB7KEUSk21pMoU/+Uve8nf/SH/33Z8sf+O5NTd7rMBr75BaIESqLHmCC7FarZkF+UE7SUKQ++dv/A09808/eob+KgzXMlEbhmqOuOBB6WMySY8HbLd2EAW9MtND+SYiyjBlE1nlSg3lR/m4YkRvKlgvHSP/wQKqrSVqtXbQjG+LdGqR/ycSZGNxYcqZg15vRvH2gpBn0wEAAAAAAABg+sI/AW1wU9KwN33AqxGDYCVKlhNkjVaIT0tc95dP5PzPbyTcnipNPXPuezIhk//MlCNw37+4OEwd+ATCgKcUGpbEp+avNf3RI5ooPRPE9mcul3jIs9JEBu7NGXWmO12xXm/YbwXA/Gd9a2dh4R7yn35dsHpO/N13//u+fwxLYqt2fl9h4TO1BW+op20jq/Ffn/mnj+j+MKXPdH6fr7LZ/wI6Om9u8HwCgf0YYZKdqeTP5/dJ6fO4S5pUhK4XAAAAAAAAACYS/gDaOOZdbvcmjHGN79mDXImJNVohIT3l7q0PrtnxzbxvfzOr4N645Ul+jxlUipsD82VVX4cqm6bx6TMjfXxMav7aO4ofu+PPHlv+8O/rjfFMEHydHqqpag3nCW7vnaOuFKc77LcCYN6znj9nNX3r4PSfi1f7obpJwa+RQiXDlB2wZWirsqonadsm3VbR/f73d3z3v+/7xx9sSZ7u+aZy/sNaUhWJhCywESLETPbTn+wIa/qsnFp6QqDfLc1/UIxulY/Jev6c+NQ+00zHlImITOsLTERESrOKteqIOGacfVPHVXRY/S4p5Lw7I12MsOXrlatCAAAAAAAAACBCwtw7IXBKHPamDnoZVxJhaeKYGGecohMTMh/+vXWl2+JvSzampxCRx+lqPX7OPTxKnDPGBbkuQxsdpdFpxIYNxph0QLFAw+v1jDjI6yFS9XJIp2MavTbJnHPX9j9OffBer9d7T0Kc5fuDA5YW99AQI7G7g/u6pBkj4neNOjr1WqtB75lHNQkAs8BkyiJrp9S1YH1r7+F2vwqO4MTWgj37HpTqec/v21M7QVtDfvG3TDv37DS9Iaa31qp95/NVNdBBd3mwgPYcqSrOLzbJS6KsyXaQpDz6g0OPhrDdDGSYMqm23Ur5JuVqpx64zS/enrnz8N9X5R8oNhFRR9XeI1ai7BBO9/XnDr3xXFgWHqB2T+H4sDW/eHtm7eH2wDcLvjX5xzQVudrCemRn4RHVYXeH8suODFMmUbu0b8Huml0TLiXoJU3G9NT2giN7amewJwAAAAAAAADMSJgnoPVubhwj4xiJjbfSwwbl5w0S41kb7zX/ry1Lbl/OBIGITA/lmUu+aVqfxwQmps8iRpRivvv2jesyC/OztuRnFj5w+5YHbi984PbN+RmbHlien6eLi/IVdAhiMTQxTlq9Ni4j7Z6/LklelysY9NroqCVfu+POp4uMd5l8bR7+BdMC0TKnd4XTvdTtCe/dAJj/8nftLqjdU1hYWFhYuJe2h1jBkb+rxrdb4YcPTvwkN9NTBw9+iw4/I265szY9f8pYM3/X7oL2wzulJX1vNgovpmAqfnk7HdkpX22IKzIVHzi4naQLKfz7ubwS01O+JyCavhXwNERT8YGABouC3QGP/puR/F01B7+l/rRN298I8bCm4penejag+qGOmdtDfsBj4DMzC3bPSqMKAAAAAAAAwC2MmR4sDOPhbu/z5nS7bxv0yo8T9D0eUGB0z58+svqpzem/v1ofF63s4hwc6Wr43fm/PdDbdMU9PMqIa3Ta6KSEb/zT80kr72BC4Ewy93hc9pHzz//jQMsV7nb7JqCJdDFRiblfu+f/fTr59+7RGeOZRiAi4tzZb//q/bPW/3iv58PfMiaPP3NxtpoLjBHx5hhDXUJMY6whjHcDwPJulfzLGKb8Qfn38T8G/HnyF+eRjqqdz9QWvDH9kopbyvl9hXtodxiiXQgj+QmcBfhkAAAAAAAAAMJjzZkz6h/DXMGROOIxOn3Vz3Kts/gmv+33cpatylKnz0Skj49JNd+d9xdPNL5e3fPpF+7hEY1em5C5fOldty+5K8gMHOfc63AZb79tpOMr18CgL32OjUq5z5z1p3+w7P412tgoccKaiIgxfWLCUvPKvt9Yes//xvcAQ7k/mogzomUu9+0OFwJoWBwaGxvLysoidPCampqAV6xna62ZBfkZVFgYzl9oqSUnJ//0pz8N7zGPHj1aWVkZ3mOKxt8ipUk6n+jcuXMPPTRl0UlEWN/aufOI9dYOW/16YMRCFSIqePCWvSEAAAAAAAAAkRXOAFrnoYQxHu1SPxtQbm0Wo17OSZ6J9tsxLib7sYcc/XZGdL2hRRdtWGa+WxcbFfQsjDGNQZdwp+nGZ5fdA4Ni+qyNNiz7H7mZRZtXbH5QFx8TZDeBMYEFPt6QEXHpx6Ue73KXK8rLx8bNXAMsOLm5uUEz0HA5v2+n9Ul53vn8vp1HrAW7i00TBK/z1rZt27Zt2xaxw1urnq0yHZCCXutbO/fUmra/kU9Ec5U+g6Tt8M7Cw36vhFZNDQAAAAAAAAAzEM4AOs7JY9yk83ISq5aJxEcIEieBEWOst7l98FpP/IoUcXvu9RInYowJTBttWPX//IHX6XTZB93Do0vuNLnHHM6BIU20QaPXjT/Xkq9ldSUlDH95lTESNMKSnKzsp7552yMP6Ixx8sE5U01fj17tcnb3irkzqSegGTFGAlEU9yZ4vIluzzV9mKfCARafjHTa84wvw7ulB2onZDJlqR90Z9o+DypKTE8drHlqjtcw3+DbCwAAAAAAABBR4Qxbk0a8Bo8U74pPHWQkJsxSKcfg1W5H/6CyvXvU4XV7NHqtNjqKiLTRUV/bVqg16D97o7q38XeOnv6lK7OSzV9bcue4Ig7GlnwtMypxCSMSNBp9Qtyqv9ye+uC9SvpMRF6HgxjTREmVGkOftw1/2SmVbxAxxpWHECoDz7FenuV0IoAGmBJyzFDk76qp2TXXi4BApuIDNcVzvQgAAAAAAACAW4cQwjahWjLm1XqlR/wRF/+HC0SC/NL1T7+wd3Yp22ujDVfP1V/+z1rXyJj4imFJ/O2P/r75L4v7Pv3ii/+o6Wlo8Yw5g54rNmO53hjHiGJXpK7Z/b+XrVutT5Bnn92ezndPD7S0ep0uZfsxW7erp58xsfGZMyJBXcfBiDEycG+q0xPGGwIAAAAAAAAAAABwKwtnAJ0wxvVS2wZXpp6VzFdgbKx3YOR6v2toRNyeCYJreKT746bLvzjldbuJSNBqYpcvS//G733tqcc0ep0uNjo6KUE5vtfl8rqkTFmfEB+bnppyvzmz6NEVm/INy5YyrYaInDfstg/Od31w3nVjUDDoiYg4d1zvHbvW5bYPSr3PTMmdOWOMST9yPefJbncYbwgAAAAAAAAAAADArSycdRPxDq7z+kotlCcQKoPG3O0evnZ9sLM7MSdT3EUfH+vos39+9KTRtDxl7Uq9MVbQaWNvW3bnE486+gZSf+/rUUlLxC2d9iH30Ihg0IuvCDrtsv+x2nhHRtK990SnJYvbOHr6+37T2P72f3nGxphW0Bj0YtP0iPWas6ePO51i77MYuktj2VJQzhmRgfNkNyagAQAAAAAAAAAAAMIjnBPQMW6u8Up/luaL5cf9yXPQNGi19X/RoewSm5pkMMb21Lc0/svR3kuXXcOjRMQ0mqjEhHt2/knaA2sE+QmEQ19eG/i8bayrR9k3Nf9e0x9tXLLqTvFHl32o7zeNX/7sna7T56NSkvXGePF17vEOtX7pHhxkjMSFMCZVVBMjxrkSkRs4T/ZgAhoAAAAAAAAAAAAgPMIZQOs9XENeMW5mSs2F2LnMxOFjPtp7Y8TWq+yScMeKpTm3u4ZHrB989Nm/VvdYfqe8FZW0RBsTpfw48PmXvQ0tw5025RVdQpz6qYPXP/pt25HqazW/YgJLXHuPYVmi+Dr3eAY+ueTq7VcWQ1yOxTkpk9rESMt5jJeH8YYAAAAAAAAAAAAA3MrCWcGh58Q4KVPP5MudiXHOGCeiwbarfS1XfLsYY6OTl+pjot2jo1drL+piorjXe9uDa8cf3H65beB3V/TxsePf4l7ee6He+vNf9l60MOJMEGJMK7TKll4+2nHNMzQsPhhRYIykGJqkmWjG5SSeR3ME0AAAAAAAAAAAAADhEc4AWlAmi4mIuOAbghbrOIiIXEPDI919joFBgzGOGGMaTdRSozHrtv6WK84b9mu/+o0gMIGx1N9fwwSmPrj98/Ybn31hvCPD43CK5c4iz8iY/XJb2+FjfRct7sEhjV4XsyIl+rYUbXQUEXmdztGvbGNXbd7RMXk9YsQsheNy/4YcmiOABgAAAAAAAAAAAAiTcAbQYtWG4PtRyp3Ff4kbcI/H0TcwcNm6LC+HaTREZEg0Jq7MGvi8jTgbudp1rfaCIJDeGGu80ySGyCK9MU6fEKeOnonIM+Ycauuw/ux4d91/O/sHGJE2yhB/x+36JUam1RKRZ3Rs5IrVPWDnbrfApPSZEfd/OqLfIgEAZk/jsYraDkrfUFpknuulAAAAAAAAAACEXzgDaC4wxomkQWMWEOzKsS+N9Q5ct3yelHu3RqMhoqilCYkrs758V+AeLyMaudrVcfK8MfO2qGWJ6gD6tk0PGO80Ge/OVGfQLvtgf0Pzlz971zs6Kp5OGxNtzLlD0EvbeEZGhz6/wl0uefCZlBltpvxZHHxmxIl5BaTQADBrbHUfdxhzt5UUpM31SgAAAAAAAAAAIiKcAfSInsW4uIZLFRzKlDHJT/xjRAKRe2jE/uVX3OsV9zIsNS7NyWKCuAsnInK7R7t6vS6X+uAZj20Yf0b3wOBo5zXP8LCSKeuMsYn3rdXIybV7YPDGxXo+NioGy76hbKYk45xxsbGaXIzsmnA+lREAYHI5W0o3IHwGAAAAAAAAgMUrnAG0S0PczcUaZUFqVRaf+EeC2LDMiIjGevquf/wZd3vEvfTxMcasdIMxztk3wL0eRqSNiUoy5+hioqc8Y9TylCW5OQIjIi5OXmujo2LvyBD0OnEDz9jYyBUrd7mJ+T0gUSnfEINyMZt2C6xfqwnjDQGYHyzHKuo6lJ+M5m0lSuZpq6s8ajFO2v8gdkT47RVZttrKo432iLZSWKor6uyzd0XiOY9V1HX4X5St9sTRRjtRxobSx2dyqZN/NI3HKmo7MgpKH8+d/CghfAemZ6rvm50mWJWtrvKohfwuR/oyKNBVAgAAAAAAALDQhDOAHtSxWBcxr6/ggriqbVnKeblnzDna3TvWN6Ax6AWdlmk0uriY+Iy0gZFR98goI66N0ifmfk0bO3UArYmJilqWpF+a4B4cJI9HFxsTfVtq1PIUptUQkXtoeOxql9PWRR63L3dmxKRVSUsiebVeRqMCJqBhURHzO2PutlKp5MFWV3n0aEXbNMLX3MdLcy3HKuo+atwwVZQZHmkFJaUr6yqPflJnMy+C6WBLdUVdp/xDZ11FZb907xuPHW20ZxSUZl+uqKs4RjPLoImM1Ha0emlgLCtm0yFJ21BSGuQfMJmRkL5vRuNAbWVdSsA3UMqmyeh7yVJdUdeZsaG0RL42y7GKuoqK1hnm9QAAAAAAAAAwF8KZtw5ECW4NExgJTJp3Vj/ij3yptNc9PNrXfMU1MiruqDHok81f08VGM+Jagz4qeWlcRpo4xex1uV32YUffDXFi2utyuwaHnH03uMdDREwQtPExcdkmjV7PiHRL4mNMt2ljY5ggEJF7wD7WedUzMkpeLyOulFD72p9VLdWMcSejHi0CaFhE5IhTVTGctqFkm9lot5yos03jQObHS0sfSJnOHjcpbUNJ6Zac2TtfBJmLSktLS0tLt5mNROkbSuXc1ULZpaWlj+eKG2RT4wyPn5CZZexstfi/aLnckZGecfOLn55Qv29ZWen2tmb/r5OtpY0yMozqV+o+6aSMAnXWbH58m9lIHa0zvVcAAAAAAAAAMPvCOQHdG8VuH6LABw+KITcjRiTI+a93zHH948+SVmUbEuKJSBttWHbvPbazv3H09BoS4ox3pGtiosQQ2TU4PHSlY+SqbdkDa/VLjGNdPUOtXzKNZmneKm1sDBFpYqKX5OaMXvnSNTpqSFwSm5murMfVPzDW+ZVfyqx68KD4WEJ1Ej0qCO1ydwfAwmer+7iDjOYHAseW03Lu3ZCTkqp+STWlG1Do4F+nEFCAoB6znbCjw3Ksom4gd0NWe53F7tuyy3dGXwGFrbbyaGOC/GNaWppcW3FXq9wmIR5t29q+o+N3929sMJoLstpqLQkTd1C0VFccDX7V/mPL41e4LfGTo/LVTPIIQXmol4go3RwwtJva+0lFRZ3qxqovIeRTEFFSTpbxaGsjmX2XaWm1mx+4t0++OvmYBVQnf16qEgx1BYflWEUd5ZoHGi1238etvoyJ2jOm933LuSvD8nGLjdJ8VRvNbQn3bkn8+GjA2PZAr41Ide3hHNcGAAAAAAAAgNkQzgC6O0bj0LjJV7jBxahXSaIVXpfbfqXTPTom/ijodfF3ZGijDIzIkJiwJCeLye0YY909106e7Th2Mu+VsiVfv/v6h7/58mfvLsu/N/7uTDGA1sZEL8nN6T75K/eNgajlqcav+4Ymndf7Rlq/ZIz5Z9A8SPrMiBE5BHZNiwAaFo2uPjtR+tLxyWVarn8W2ln3Se620qI0KXg9emyplLdKaa9Up2CrqzxaV1mbKoahYtQrx5Fi00LfRN0I9sa6voLS0lwpzDxaYTFKZxQPWpc6eSNI7uPbeis/8h3taGtBaWmRtEJld0t1RV2n0bytdEOaLzVNmOiYdouF5G1rK48erSQ5g5YaoqWnA45fYUceeKYkAAAgAElEQVTdicRtpaXSjo1HjyUFy2Qbj1XUdshlFIH9En5LFZslqkkV7od2CknaUiNZLltI+VgbWwcyH0ijj/w366irzdhQWmqW1lZxjIIfs6OxTbl46TcQykon2zHk7xsRpSQa7W0ttg1yAm1raU/ILqD+j9W75WQZLZbGoxXts9zWDQAAAAAAAADhFM7GiRsGYUxLXCDGiLj/4/4YE6RBY86Ie53O/kuX3UNyBYdOZ8xOj0pK0Oh1UYkJCXffodQzO3tvDHz2+Zitu/nVg5+88PdXDv3H0OdtA5Zmz6hD2jcmOmH1Sm2UnhHXJ8RH3eabs3P29I5caWdyDi5n4qoiDr/0Wbiu1V7RG8J4QwDmkq1/gMiYmDr1lkbzFnnA1nxXBtFAv42IyFb7SQdlrFVmb9M2rE0ne3uLjYjI8lGj3Zi7TQ4i0zZsMRup45PaCWo60uX+6LScLKP6jGk5mUay93VNdTEt7QnZSuipHI3MD+TKu9vqPukkY+4WKapM27Al1zjh8YiIMjbIsWZawRaz0W45byGl+eHeDb7LvjeD7G0tviszmpWTFKzNkKZ0AxcsjgMrl7mhZEOG6k2/pZL58YIM6qw75muWCOUUPua7MkjVwmG5PJC1cnxgazRvk389kPv4hnTq+HiCGpb0tb6HBtZ+0qFajLRj7THL+L1C/75JXwNVC4etpc2YPS6llm+a3XK0QnIM5RsAAAAAAItC/ZtlZftOds/Oid6sn2qr7pP7QtkMAGYonBPQboGuR2uWjXmTHF5iSvqsdEArkTTnbvfIVdvo9V7PmEMTZWAawbDUGLsidSA+xtHT11V3YaD5MiNGxIevdNh/d4U7XfaWVs0VLbnd3OMZutz25Zs/1y9NICLyejwjo277kH5pQvSKVH1yorgYz9Cws/u663qPEjeTFH8TIy5VgpBSVE0DArNptWMCm/QSARYjY8DUqr2vmyiN0gpKSguIAqokxFDX1j9AlJCk7kbIyTJaLH1dfoUJyhlCzCWD6qyrqDCatylPopvgaN19djKaVcFrWlICkT3IlkGOkpaTabQ0tlrIbPaVPIy/bFFCkCnfQF19djLm5qg2TE00ktgvYWtuC1gq5WZn1Hao6iZCOYVKbnZGbZ3UwmGr+8SetSWNKPD/lfM7ZmqikTrVM8g+qhtja2m3k9GsvgzzXRl1nQP9tqCfc+jScjKNlnaphcNy3pJwVynR+Dzc/HipmVQfRUdtRUVtBh5CCAAAAAAwf9UfKqtqySku35Gneu3NsqqmgNfmlZTNu4qvlp08acvbPCv/9GX9m2VVTUREtKq4/Okgd8W3gUrwO1h/qKyqRfxj4sMvvFSYEvStwH2ltxI3Pv+S6pK7T+7bf7p33Pa2k6+8drpv3EGkRSZtfGHXZtVZg61ftU13zSv7z/QFvS3q9Qe7A5N8hXyXOm4j1V0INP6AARsHPaPvLgW9wJDIt3TcRzDpWSbceAEIZwBNRNejNQPD7iQH90uf2bg/eL2e4ZEh61eOfnvM8mXEmKDTxd+RHpW4ZMx2/asPPiR5etozMurqH2CMvGNj5OCMiAnM0dXz1bunmFarHNAzOBibZYpKS9FESSPMjq7rjq+6+ZhDWQmpJrLlJyJy5dGI17XaL3Xo34BFJG1pAlHHBIlwaFQF0OkbSovMluqKOjGQ7e6brN0ivAKKp4MY6LeRrXcg8OUUJfINJjB297EE9FM3HquoHXdwFfv4m2zrH7dD2lK/gWy75WhFwBzxJAPbQU7hx5ydXld32UK5ZltzG2VumfKXAGlJCUSTXdS0VzrN71vayixjo5iAW1o7M7KLJt9a+q2ArbbyaGNHXbXFPMVXAgAAAAAA5kjejhe6Xtlfdag+T07u6g9VNSVufN4vyMt7unyehdF5O4rryw6fzJtWjDhD9fVKtNpUX095Id6KlqqysqrJcvw+S313oW/99ZYJcteQzqX6BKdnksD3JrVUlR2ioJdfX6+cscUS+h31EywZb6kqKzsZEOsH1Xt6/z4KPYPubqiXz9RX39C9ecrjyxuffq3s9HTD7vkhzAF0bxS7YRDcI6T3yBl0QN+F70mAbPAL69j1vpjly8R9E+68PXrZ0qEv2oeGhljAADUj4lJYTF7uHRsb7fwqIFY2pC3TpyQrKxnruOr4yuY7o9z7TKpxbCJinDOBeYmu6XRteAIhLCrm7PS6DnuwWdXGY/Iz/Sbb31Jd10ETTJtOnu3OhSCJ6uQpedA7Q0SNx+o6J3nUXoirWTpuNbZ+uzq5DfMYr/mujLraVgul9rdTVrD8OSDDDpLXT2TqXwBIS5je9y0tJ8toaWu2behu7UjPfnzc4aQmbv/257SCLeb2o5aJPjsAAAAAAJgHUgo355ypOlnTnVeYQlR/qKol8eEXFsDYZt6O2QnFu2tOthBRUmJib18ftUyWQPuiRmUetqXqzfq88UPT4tF66+ttm6VbbTt5skk5ywxMcKKpSFfnNzxcf2if7x/RTSl8qbxQWmHQwWo/8h2QB6KD3q7uk++3EFFiUmJfb9+4TN/3uU4ysk31h6T02feulKT3nTl0ck2wuWNpel3+aNQ3fwr1x8/0KQsO+LXBBGdRJfu9pw/V5E2dic8z4eyAJqIbeqE7RhjQC4wxVejMxb4LRuKrUvGF/YsvR6/7/hbEZa6ISkrwPbeQczky5sTl5xkyYkwqkmaMi0UfYrt01PIUQ2qScrQx61XnV11K+7Nq2JmLT0cUVG/ZNcI1rbYLTyCExcV8VwbZLR8F1uba6j7uIMrIniJgFQNT9dispbVT/qM47npZNRhra2mz31zVRrAlhJySipm4qlZ4yozVr3ja1tJup/Rss7SXMVH1f8ktl2cQtacmGpW+bFFXn1wHkrYyy0gdrerPxVZXeZMFx7nZGdTRWtvSRlk5wf8DT6r29q3GONGWirScTKO6XVqcQa6oCNYBPe3vW1pOptHe3lJ3uSPjriAB9wRHI5p0eh0AAAAAAOaBvB3FOX1nDp20UXfNyZakjTvGhWVBqpltJ18pe+Wkrf5QmeSVmpA7on07Ba+W7q55RX770PimZ9W7E51UfYJXTk72jJ4pdddb+ogo0bxj8yqSJnanlrJ51wsbxdCrqT7IDr1ESUTUd7pGelM1Yzt9SYmJRNR08uauVJG346YndvPMORO+Z6uv7yWixLztm3NICqmnSYqwiXKKfUvN2/H8xkTyu6vBpOSZE6d3NmleO2fz9rxEEpPrUHbL21FeLN6FPkv9LPSnh1eYA2gi6jUIthgNY9yvgkPKjomRlBcT4/ZW65gqgO652Dj85TUprVZvLEXMxDhnXHVAIoFIEB94yOjGf//2xkcfe0bHxKONdVx1fmVTBq6V9FnVyMGVHy3RUa0Yf4bFJ/fxbbnGjtqKSt+zAaUy3YyCKcdv05YaSf3wPUt1nSqINT+Qa1Q9N89Wd8JiVz+xcEbEZFZ+kqF4zNB33rA2neyNJ+qUvRvtAVGyv466ailHtVQftdiN5nyz0hztC7Ibj9V1TnSESVezxWy0W07Id97v7qVtWJtOHbWV8kMAbXUnLHaj+YGbmbkmc3Y6dTRaKHOiVNluUe5NbWWd34MWJ76MgrUZ1FGnXmmj3Zj7QPAvzzS/b2krs4x2i6Vzgt+FSA889MvlLdVHLfaMDejfAAAAAACY5/J2FK/qO334lUNnaOP20MPHvtOv1eeVl5eXl5fLEfaUumteKavq3vi8uNsLG8ePRTVVHaId0rtJLVWBDxusP27bLO5c/vxGOrM/MKK2nXylrKr74RekbYpTTr8WLMYOkZKWrkmRQtVQc14l6OzuDrJ9yuZHxaOJ6asYcydufHRGQ92pm3c8nEjUd/rwtB8UmbImT1xlS9XNh/UKX0A8flpcitqT8vLS8vLETP/96S776lWxbXmV/+HT8vLE0L+re+IDSuPMlJSXF1oiIlWjrMrLk44/ecCtJl0g9V69GtoO80eYKziIqM+gscby7EF3vMfLuNykwXzlG9I4M5Hjeu9YV49raISIus/+5lrN2WHrVZJHlUn6X1wQ/7e6yoNLTxEk31vc2dXdc6pOGxu9vPh/esecTlu3e8AuVW0o+8q7M2LikojYoMA+00d16vRhvxUAcy6toKR0ZV3l0aMVSopnNG8rnTp5JCJzUSlVV9TJBcDG3G3bEk8clXp7Ka2gpDTpWEVtRUUtkVjUUHLTsWDahpKCvopaabUZBdvMHx8NOmw70YJTayuPSgs2mgvMbbVtE25tNJuprqKijsi/ECP38VI6pqyBjOZt2xJPHLWID2ac3rVsI+XOG3M3mO11yrX4LzX0movJpCYaqZOyVk60ygxzZpvyYYb6JSDz46WpdaqVTl5OMr3vW9rSBCJ7evZEV24uKjU3qr5j4o0qRfoMAAAAALAA5BVuPPna6b5VxdMq38gplssY8rZufH9/CPW49cfP9OUUl8tnSdn89ObATXwj2CmbH805XTWuouFp+Y9peXlJp+u7uol8J62vOd23qri80DcXW2wpq5px0bAvLSVKy8upammZXgvwxPLEo7XU11Pe8vr6XqKkvLzlNLOoPKVwx0bL/tNi28Oa6eyZtvml50l+wl7f6dfKTt/Mo/N6T+8vO6385Pt6+CgT5XkpRCnmnKqmlum0YRARkW2SfHliTVVlZVXyD4kh/6JFagDPMecRUZ458fSZ8bUhi1D4A+gxDeuOFq7Ea1ffcGmkkFcqXCb5z+LctXfMMfrV9RtNl1399is//b83Glvc9iGp8VnahvvPL5MgH2j8u9zpHG75vOu/SJcQb0hLcfX2kcsltXko48/ijqo2ajfjl6Ki23W6ISH8w+AA84L8ALeQ3st9vFQVL5qLAtK+ktKCCTeegPlxv2MEnjGtYNJj5gYsPeBogbv7/dh4zEIJQcsa5OvaEPy+jLuuktINNpuNKC1wtePW4yfwWs2TXfiEr098Cv91TnEniZYGP6N6lUHPNdkXKNgFhP59m+K7QaF+xwAAAAAAYL7pPnn4dF9SYmLTtB5ml7hi+TTPY+vuppzNkx8/NWWqZNDvuXn+fQrd3V2U4z9HnGfOqXq/2y+lDpVc/mvOSyFxoLWqpSnw4YEzJR2txVLf3VXfJ51lxqPaYljf0nfm0MnUaUajaZtfKt+sVDwT9Z1+7VDKxD3PIQpeFV1//LQ8UU6+FH6amX5aSgrRzBtLppOwyx3Z0ih3ypq8xDOnp6gCXxQikroO6ISmJbobBuZhqqlnIoG4IIfIYv3F4Bftne/Wtr31ju3MR64Bu69tg7gyNE3iADXjSpqsFHRIr8g1Hd6R0ZGm313915/2vl/n6r6ueuYhZwFZNhPTZ+rWas/FxF7Xhj+IB4BZZaurrFCXP1iO1XbQxNO10z1gWhpqhwEAAAAAAELSXXPodG9O8a6Xdjyc2FI1876KWdBd80pZWRUVyw0eSSHsM2NS+S/1ndkv9klXNRGF2gI8ddWD0ulxyNLny2RnLG9H8Soi6jtddXom4Wza5pfKy4vFyoiZ9DITiY8ELC9/4eFEsdNj/DdJqrOgvtOvSXdU+nl6LckrVgTt15b6UpRfGPhbVVwuXWDf6ddCLBuR5rWlhpKysjIpow+tClx8sOT4qpCFICIBtEPDrkVrmpbohnQCIxIYY4wJ4hMFGSelGJp4z68bWt881vnLOvJ4xZhYjpiZ/NxCub6Dy88eJOlHX1RNvmcMekdHhz5t6jp6bPRKu3IWgTFBnURLFdJ8QKP5bXTMZwbDIMafARa6tA0lBRn2xqMVkrqB3G031WuRtqGktLTk5lqtAQAAAAAAbjm2k4fO9IltCSmFm3Oo5WTojxOcrrSUlBmHmyQFgokPvzDxdG5KSmpgOFhvaQlhqjoIOS0dr6++YfJb5JvRDh6GivLycoiI+vp6p1FJPIm8p4snfvZfcN01rwR7kOP0Z9tVUgp3iL8YGPfLDKnOIohQn+wnnUFq0KaWKt9DLOsPSenwZFG+fItC68uWE+0ggj5b0m9fZaJcqu9YWCI1+esSWGOC7rZRd7zba/B6lccGMl+mzBmR1+kSiATGSS5+VtJkkfIoQuK+Emel00P1VEOmHm32jo4yzn3z0eQ3PU2cM2JjgtCq15+IjR1F+gywOKCuYQIT1X0AAAAAAACEW/fJw6f7VhW/JHc57yiuL6s6dHLNTFuAp5C39eGT+6teOblcPH73yTfr854Ovc4iJSWV+mxXxTqN7ppDp3sDKjjEMuuqV2pWvCRWOtQfqmpK3Pi8XwLYXfPKftvm8qcnjwXltHRVsWrL7pP79p/unaCFw78BWdz3pcmaJaQWjily6mkQP76JcvPg+s7sLzvj/9LNpuEpm7dvrH/tdB+1VL1Zn6fcPXmi3K+dQwpqp9nCIVZ7NwW55znFk3915Vsk9mVPekapATygskP65cIELRx+TdNERJP+vmT+ilT26mVk12kalhra4zQeDZOSYnGoWSzQYIwxYl4vcY8SHDMmtm0oo8rSyLPy3EL5LSLVn+XxZy6/xcnrVRqfGSPinLg8+0zEGLkZNUZFnYyN69HqPBG6BQAAAAAAAAAAt5L6N/ef7k3cWOj3kL/iVX2nX4tUEUdK4UsvPExyA8P++rTpBa95TxfnNEl1CIdoc5AKjrTNLz2/keTSjLIqKi4PSCS76y19Uw6lyuW/AeOrKXnmRCKi3tPHp7hBOcXl5VNl3HILx833b/iOuEOu0QhJypq8gAQ/8eEXynfddMN12uYdDycSETVVyRPW3Sffl+6oX26blpeXRETUd2aqO+ov7+ny8uc3+i0+aeML5SF0V8u3qO/M/km/5ROUqEhz69Ty/lQz1EkbXygvnzzjnreY6cHCyB09xsPvsTvX3nCYRt1MzoLFvmYlMialFdo/UBaUVFqp7GC+qg1fNUfANr4SD2kb8tV0SBsT8WaD4YO4uP+Ojh1lbKqLAJg5y7tVjDEi8Tcu0h+Ufx//Y8CfJ38RAAAAAAAAAOZa/aGy+rybfsgewGKy5ozfGHxkH743omFXYnQGL4/18CS3h3l96TNxriTIUvqsHlL2JcvEGGPEfbUbUmDtnz4zVcpMRKpUWqnmEIe9OSObVnc+NvaSIRrpMwAAAAAAAAAAzJytu3sBPhQOYDZFNoAmol6D8Kmg9xI93DsS7TsfFxgJjJEysEwkT4mqxpk5Dwyj1WUd4i6q3FldEi13SvviaSLyCmyYCb+Mi7sYFXNdo4n0tQMAAAAAAAAAwGKWtvmlp+d6DQDzW8QDaCIa1AqNCXqHhuX3jy53eLRiO7McEwvy1DMxuVVDbHzmvsYMea7ZL2smv2INcUSaSY8o9MXTvmYPD2OdGv0HcTEfRccOIH0GAAAAAAAAAAAAiLDZCKA9jEY0wu/idGMadq/d8bVhZ5TXK08o+zqdpQSZOGNM7m4m+Uci4oL/jLM6fWaMGDFfoYe8r1w2TaMa4VND1IfRsc0Gw4BGgwcPAgAAAAAAAAAAAETabATQRORlNKQVvojVMyKHhrJGXMvcHoGTUpThi5vVDyH0n2UmX/osRcyCX9wc0PssJdRexq5rNJeion4THdOkNwwKwuxcMgAAAAAAAAAAAMAtbpYCaJFDoMuxOruW3dAJXx92Jjk90V4uSI3PbHyVs5IpE5faOURM9QRCIs6IM2JEnPyLob2MhjTCNZ2uWW84Hx3zpV7nJjx1EAAAAAAAAAAAAGCWzGoATUQOgVmjdV0G7VcG7Tq7wzTmjPNyHRdDZK6OoYlLgTJjRFzs3+C+IWjOGTFinHExvFbPSnMi5hbIrhF+p9f/V7zxS53eyRA9AwAAAAAAAAAAAMyq2Q6gRU6BWmL1V6J1JofLPOQwDzuNbo/AGMmjzaTq4iAiQSx4FluexbcEJrVtMGkbpUiaGDkZuxRtuBAVcynK0C9oPEifAQAAAAAAAAAAAGbd3ATQnJiTkVPD2qJ0N7Sa5hjDnaPOdJd7hdOd4PYwsUyDc4GY2Lzh99RB3x/k0JkRI3IxGhI0X+m0jdFRV7W6Ho2mR6MZFASkzwAAAAAAAAAAAABzYm4CaMWoIIzqhes6zXWdZpnbk+JyJ7s8Sz2eBI83zus2eng05+IS5dJnX/rsZeQU2AjT3NBobmg11zWaPq2mS6u9otf1abSeub0wAAAAAAAAAAAAgFveHAfQIhdjVw3aqwathuuNHm+Ky7PM5U70eBI9XqPHY+BePScN44KXExEXmIeRl5hDYMMaZhc0Nq3WptN2abQDWgGPGQQAAAAAAAAAAACYJ+ZFAK3wMNav1fRrNb+L1ouvaDmP9vKlHnc05wInInIzdkMjjAnCqMAQNwMAAAAAAAAAAADMW/MrgB7Pzdighg1q9HO9EAAAAAAAAAAAAACYHmGuFwAAAAAAAAAAAAAAixMCaAAAAAAAAAAAAACICATQAAAAAAAAAAAAABARCKABAAAAAAAAAAAAICIQQAMAAAAAAAAAAABARCCABgAAAAAAAAAAAICIQAANAAAAAAAAAAAAABGBABoAAAAAAAAAAAAAIgIBNAAAAAAAAAAAAABEBAJoAAAAAAAAAAAAAIgIBNAAAAAAAAAAAAAAEBEIoAEAAAAAAAAAAAAgIhBAAwAAAAAAAAAAAEBEIIAGAAAAAAAAAAAAgIhAAA0AAAAAAAAAAAAAEYEAGgAAAAAAAAAAAAAiAgE0AAAAAAAAAAAAAEQEAmgAAAAAAAAAAAAAiAgE0AAAAAAAAAAAAAAQEQigAQAAAAAAAAAAACAiEEADAAAAAAAAAAAAQEQggAYAAAAAAAAAAACAiEAADQAAAAAAAAAAAAARgQAaAAAAAAAAAAAAACICATQAAAAAAAAAAAAARAQCaAAAAAAAAAAAAACICG3m/3lR/fPoPx+au8UALHiDO5+a6yUAAAAAAAAAAADMF5iABgAAAAAAAAAAAICIQAANAAAAAAAAAAAAABGBABoAAAAAAAAAAAAAIkI71wsAAAAAAAAAAAiDX9psv7h27VO73en1zvVa5oBeEL5uNP7Jbbf9QVraRNvc4rcIYBEI5W/6fIMAGgAAAAAAAAAWvNe++OLfrda5XsVccnq9n9y48cmNGy1DQ8/feef4DXCLABaBKf+mz0Oo4AAAAAAAAACAhe2XNhuiVcW/W62/tNkCXsQtAlhkgv5Nn58QQAMAAAAAAADAwvaLa9fmegnzy/gbglsEsPgslL/XCKABAAAAAAAAYGH71G6f6yXML+NvCG4RwOKzUP5eI4AGAAAAAAAAgIUNj9QLMP6G4BYBLD4L5e81AmgAAAAAAAAAAAAAiAgE0AAAAAAAAAAAAAAQEQigAQAAAAAAAAAAACAiEEADAAAAAAAAAAAAQEQggAYAAAAAAAAAAACAiEAADQAAAAAAAAAAAAARgQAaAGDxsZ964b6VK1c+tOusfa6XAgAAAAAAAAC3MgTQAACLjb12zw/es5Pp2df/Yb0x2Aath4vXrFx539Nvd87+4gAAAAAAAADgVqKd6wUAQER0/lvRpv1NoW279fXmV9dHekEwa+xn93z/eI9mVdlPSldpgm5x4e0fNjiIHBeqT1mfLDHN+goBAAAAAADmyuqHmtPjiIaqT5z73tytYu/6LUWxRMOdK89emrtVzBnp8l295R9crJzrxUyb9BVy/br5g5L2uV7MAoEJaACAxcRxdv/Lx3uSt/5zZckdE21z35N/vcZAlFzw5CakzwAAAAAAcEu5dG5l5xBRXNH61bN63sx1F7dsad6ypXn9alr9UFEstXaeuDXTZ+nye3sHdUnPrcua69VM1+rj6XE03Ptrl+7+O9eVzPVqFgpMQAMsTunFlef+yKl+pfPI08UHW4k2vXru+/f7bauPn+3VBdPV9PZ/HHi32v7ov7+JmdwZc5zd8/LPe5L/8PXdBUG7NyTZ26sats/isgAAAAAAbjF7128p0i/M6c7Zkbnu4sqk7s4TW+ckgL10rjz6kbKk9OOrL83WAlYfX5kUP9y50hp9cWV6M3WuPHFudk48/2RVpsaRq7f64kVa90hZUnZlZtsCmiMuWZeaTa5fWy+W0LqLK5OeW5dVebFtrhe1ACCABlikYozJMX4vjBkNRERkMCYnJ8/RoibTVLnnx6eIVj061wtZ0Azr955r3jv+9Ya/v6/4p/ai15v3omwFAAAAACDislbo53oJ81y8IZ6oe+7OX3nxg0qikswsollJD1dTw4kTW4mIaF07UWZWCdEt+8uJs1+ckBLnix9UUlZJ5lwvaFq6W1dKifPFde3iVwimhgAaAGDxS05LJ2pqbuuk9elzvRYAAAAAgIUgc93FlUnxRK3Bp3SzKh/JuV8X0OG7+viW9Gzpz0PVJ3zjzyXrHilL0gX0Di/sGtzgd0AlWE+ufB+IiAZ7W1Q3Vrp1g70t65R50ik+gsB9A++ktIAgu0t3noiGOytDmr2VLzYI9QVOcE8y111MT4pPTy9S7dYa31Z5SbXByqSAfzR5qqsOfVXTv7fj1hPCYiS+eystZPzXu62y3fc3ZYq/X2oh9mXLn3vAqYP/dQt+H4LdMVlle5v6+zNuSSF+KLccdEADACx+Do+DiO64DekzAAAAAEDEDfa2rJzTB9zNe0PVJ06Mj/Zm6lJ1r4uISGdcr5ql3bs0TjxXQ2BouXqNkpDGLgnyD5DOD9npWy7ORT/y3vVbmsel4SHJXHdxi3/6PJHVS+Tf01D20pCbuGPTmx+ZTudypAqmF8b3Z77BBDQA+HFYL1T/11vv/teF5qt2BxEZjNn3bnryf5c9uXaCTmGPo/X82wd+/PbZlk67g4jIsCR7zaaiHX/+5HqTIYQTdlY+vqm8WfmxqXzzynLxjyvLTh0rERPTs7tWfucdoj98vXnfevsnld/bfeDUFTtp1uw+WfXkCnEZ9qZT1W//vPpXn7b22ImIjKlr7ivaUbZzU3rgKs6+uPI7x4m2/rj51cw5BZUAACAASURBVAKyf/L2nvKfnP20x+4hMiav2fDcrpefXDPBtdo/ebv8X94+9XGr3UGkMSZ/ff1zZbufXGuXLuEPX2/eF0LDhbWyaHN5E60qO1ldssLe8PM9+w6cbeiyk8aYfV9R6d+WbpLum6OzpuJ7P65uuGx3EBmWrNlUumv3E2uMmqAHdfR8evytg7/4xYWGHjuRwbhm87PP/XnRfXcYDRpyNFfu+bdWSi76Zr580/+taNP+JvUdBgAAAAAAWKAqu+3PJSXFk26ZLzeVUsLB3s6A3wSUrEvNJiKXa1Cni6e4NauJph6rbSv5oE3ePcgwe4imnCOWN5AmcOONy0qobeLp+PCsSq1k3SNSgqyeFF790PGpd119XI6tVZeZVbl+2bgtsypT44ho0OWK1+nEDHfCNcsjxtLQsc64PpNCG1onIoqPQMH0VN+f8H8oiwMCaADwafjhQ8UHe/xecthbP6re89Hxd1+qrtqeHbhD1/EXt714vMt/jxutF35efuHnFWv+4s3X/3KiLHeG7LUvPvYXx6UlepwODxER9Rz/ziMvnnX4b9nVcOrHf3Wquuj1d/auD74Ie8MPS4oPNqle6Gl4Z0/xR/Wvv/dq4C6enuO7/vjF91Q3x2PvsRzf89Spd1969Rszuxh3a+X/Kir/RF63x976UeVf/cHZkn+vLlvrOLvrse+84zud40bD8f9TfLy67PjPSrIDMmh7Q8VzTx/4RHX9DnvDO+XfeUdK8kljXPXY7qrvPrnGvxYcAAAAAABgMWi//tmdSffrxHHaS+SbsXV91h0wZ5213qgjokF76/tROUWxql3mkUsNw+nZsUQ6w7j/Eh5Rq4vEgpSAnopL57ZOtacUywaG7G0lZ8fNuWcuu0dHRK7PvuhatjI9O7TfAXyvf6goNo78fscwOdegSxev091vWk3tYfx8F8T3Zz5CBQcA+NhtPaRJvm/73uoPLjQ0Nzc3N1x4Z++mZCJyNLy6p9o/aCZrZdHGF493ERmyn/yH6lPiHp82nPv53ifvMhA5Gn5cXPJvrVOdM73kWHNzc3Pzj8X/RFtVdrJZMn44d/TdPS8dT3jiR8c/FreoLjEREdHI9R4HGe7aWvb68QviWx+fe3PnKiKiruqX/7kh+MW+t+c7B7vX/8Xrxy80NDc3N1w4/qMnskmMs//2VECaffb/k9Ln7CfkmyNdKTW88lcVn0/rNoscv/rB0+VXN+3++Tnp9D8sytYQeVorv3vg+L+VfOednmz5ShvqqncXJhMRfVq+55j/bwhGzu75w+IDnzhIk6xcS3Nzw4UPqvf+WbY4Sp382KuV+55cs2QGiwQAAAAAAJj/2s7aXaSqRCiJNhARuexnA6ZflfSzu+17/UNERLGplbP1ELzs9C3NW8R/PTRpdYNc8uByTPnfqMNJbsZo7ZpuKbkUy5Krt3qqMLYkxRgvfTSXGoaJiLJTpy7WkAtVXNcHQ13TZ190thJRbPrxEEo+VB/NlmZfk/s4c/r9WdDCPwG99p4cYuwmD+L1ehtbPvd6eZgWBQChWfVs1XdLVUmlwXhX0Y9+0rnpiQOdngvvnu0peiJZfqun+vvlTR6i5K0/evfVTcouGkPy14t2v7PpG7se+847PU0/3FO99c2i1DAt78zxXxf+6L0fbBo30Gxc/w+n3v5jVdlGTPJ9f135att9L56innfebXh5zZpxBzv73tmtPzr1qnwwgzF70w/e/tHIpr96z041bx1/eVORcq2fVLz8Tg8RrXrhePW35f8kEq/0P7+x6q8f+94p+/QvpvXCbze9+tGrW43y6Qv3vu2x3/fCKbIeeHE/Jf/h62//QJrDNqSuenL/69ebig5Y6cJ7v+p5wre0hh++/HYXkWZV6X++/exdyg0wGFesKvrb42vSi7bub+p558U9hWdfLQilEQUAAAAAAGDhkVs4xHFaZUz1ekCQqko/iehGa3pcNunuScmi9nAVUt+U7PQtzao5rOkHwTdFSu1nIm5Z8Mfujef/0YhzzZMUa8SmN29R3ZHhrun0aVza2rmkOT0uO/2hvZfOhb7bJOb592c+C3MAfYdpRcX3d312+WZ/QyMwMugNf/MP/9TTfyNMSwOAqa3fXhrk1a9v2rriwIGrdOFSEz0hdxw3v3XgAhEZt/5g76Ygo7XG9S/v2vTei6c8F94+3ln07TD1DHvWPPfi+PSZyFRUagqyhk2bN9GpU2RvqL9Ka1aMe39t6a7Agxk3PbnV+N7bdrpQ30RF0rU6Th15u4eIVpZVfHvc70E1yUUvl/7i1J7gU9aTSv/Os1v9z28s/JOtu04d9xBpNn3/b/1bQDSrNhWmHzjYSb9VLW3k1KGqHiJa9dcVqvTZJ/vbFWXvbSpvth//z1N7C7YigQYAAAAAgMVJ3cKRGa2MqfpvJFVMyMG01HQxVdVy2EzZAa0yB8XBlaOOMgo1SPY3dN1F2aHsujr9fvVHc2kaGe507p7sUuevU3Pu18UVrV9dPY2DSx3c41c/t9+fBS2cAfSypKWr777rht1+8GfVRNR8+cqowxHCfsH9Xemz2x7b/C8/PRrGFQLAjBiNRqKrRKq/0K3nTnUSkXHrUxPN1Ro3PfownTpFTecu9Hw7PTn4RtN01zfum84wtSFGXpsnyLurHl0fZFU5effR26eIHL5dLvzqFBHRfcXfDJ6jp65/dCU1NAd9bxLG9fmrAl/T3LHqbjreTPTwo+vH9TVn372SqJM8qo/hwvunPER035N/NFHEn77psVXlzU105tcXaGsIT0gEAAAAAIBQtF115pCOSB9dQiRlT5nRKURE1D0aGKXJ0Z5hRSaRNMKZtUJPRETO0cUZXQ06BinO/8GAlB0lFjWMb5aQEsz4qDjfa/GGeAq9daHtrD37/iQd6aP3+o2pqsgVE/FJOc1bcnyvT/PRdpEzk4x1aiHfW+kjm0GvsfzXYao7KTdp6O5fuaV5pWo5E2W48kMIZ6qt5ItlF1cmxcemF93EUSTz/vszn4WzA/pPtzxaVLhxidG488+Kdv5ZUW7O3TdztKb/n707j4uq3v84/mFzlGUIWUQWFTATFEUx10TjhqahWdKmXY30l5b3at2S7KZtWl2xrunNsm6Gdc3SsE0SlSKlzF1RVNQcXBgEWVQGUScWf38Mwsg6yAwz4Ov56OE98z3nfM/njDDd3nz5nD8yenQL6NszsG/PQE93V+OVCaAB2ouqnRuTVv9n7txXZj52T8TQARGxNdLVLJVKRGRAn8BapxARUYT0DhIR0WiuGquybgH1PYFBq1EfSkn6IS72lbmzp0RG3DMg5Jn6HtXr36m20NZeWT1QP6NKLxMRZUCAcVL063zqS+Xb1ShDP0+/Tp2RISLi3Sew7ql8/P1FRMrSVVk3XysAAACAalRXS0RE7FzHX+8wu6CTq5OIyKXUmolZkbZIRMRuYKfrR1csBRXVhVb6BLNTV3JFbujw26X/CAeptTOGyMmsP0Vu6KjrF9fBUWrNkesQl6spEhE75Yg6+m9cTz9rsuvh4WfwjbU4Br+3p/IOl+iO9EkPq2qcHN3/ngbbKFc0RBa7gYH36PVEDk64R7+/8/Xe1jXZKcNM1En51K4PC0qMMtOt+vVjHMZcAb1s1ZqkbdvffP7v0+fW20vdMNdEAjr7PvXoeCdH+/wLF2e9HmuMGgHUR5OyZOYry3eeM+BQndpy0urSj2SIGKcHh00dV9Oq1r0ya/4Pqpv/nYuG1ZsXm5dSWUtbkppqWwYOAAAAoH76bXmLCo7231Wxujlu17nxo3wCavTtLSpQ19I54dSuzZ1GjXeo0dPWgIe2WTr9OyopiP2psm1x2rqCDjGudmLnGjNqVEzVCZc276ql2cLcMwUjAl2daqyNbUQf5IouHHZOdfTfqEg/b1hU6xd3T/eBds3URaGuryVTM/i9PRn9k2NF94kbv1BV6oaukfZrbLt7Ylztqq9uLimoOqbyIYf6C7279N8V6Opkyk7KcbtUYfd0H3hzzUWqmP/rp0Uz5gpoo9t/OH363AX/Wfll2zZtzF0L0Pppfpl937TlO8+JotOAyGfmLV28MuHXX3/dmZqenhRT1zrnK5qGM9/AIH+j16qvTBX3eOTcH1RaG2VQRHTMwqUffZ306687Uw+lp38QabzLaLWlxpvMuDQaA56B6KSs0dMDAAAAQBOkRSYmriu+YUilTqwrVZybkhiovnTDULE68KdmfcpcM4vb9VNgesEN/TNKCmLram18alf/xKM7blirWrIjvVEtKU6maK6fX2PddHT/DhXp5w1Lzq+foreSvRVqxHubFpmYGFt9yXBti/priNv1U2CiulpzFb116NeXXVeb7fqyaydXHyOsZq3dyegTBQb1canbLf31YwxG7gEdGODfVtGmb8/ApveAFpHy8nIRuXZNrl0zXpUAape6ZE5CvojPoyvXvTqgwRW1bp4+Imo5olKJ1OhkXCE9/YiIiI+7u9GL1ZP/zfzYQyI2A+b9vHJCYzpEG8pG9z8qlUqk9ig9X22m7hbunt4iRyRrf3q+BNWxQFt9JkNM0UEEAAAAaN1O7epvQOeHuSmJjXhSXNqvgS19vXOVk9E/GbBe1bC3sXFz1i1u1091Bfp17arnlMZeos76G3wTGvcuNbaqemu7ydnqkhaZWNeXeF0F1DrehK+EWr/L6nqHax+v5S5u4uunCW9jK2S5PaBFxEWp7NszsGsXXyMV2CTTHhv/+9crd327atnrL5m7FjSan6/3oL69zF2FZTuzP1UjIj6R42ukz2VZNQPWoMFhShHJWr1uZx0TahLWbxQRGTB0YMNtOprgyJ6dIiLhUeNrpM/55xr8NSEDeA8I8xYRSVifUPtC45117TA5Rb+BISIiO1d/X9ed5qdsPiIiMnxYSLOWBgAAAACwMF367xo1Kv2GvszmsSBsVPqoUQ22lrZQwUPTR43Sb5ONBhkzgF62as2CZf/NycufPnfB9LkLdh5o6s/1QoODls9/edYTE4xUYJOED+p/vrAo61xuj9sDRg+/y9zloBH69gxcGDNr0ZznYv5vsrlrsXxqdV71IdXK2NU1A9YB0dMDRUSz+oXZSRdrzqNJeXNhUpmI2/gn7zNs5W1Ff2eD2knUVnhe9cI1KQuXpd7UXNUERdzvIyKStHD+LzWK06TMfqGWt6eZdBj/9FiliBxZPCsuo5b9qhXT5u8TEZ/pT4SZoTwAAAAAAHDLs+ge0Mnbd/V/4PGZry+0sjJzJXNnTPXz9d6x/8B/v/pGRCY/OMbMBcFgfXsGzpkWbW1jvXXn3lHD7yKDrlOnPgPcREQSXpkWtzNfWyYioj23c/ULkZGLNT7eNU/wiX4nJshGJD9h5vDI+d8eUevaQZdp8w+tmz82bNoP+SJukW/EhBnYejiozwAREfXqj9epLouUaVJ/TDFkAXPQwDARkfTY6a8kqXQ1aDWqjbGP3Tct1d44zz4MmjJvvJuI5Cc8c9+0/6RUXSVlybSx0xLsIyJuN8p1boIi7OVFkW4iZUdixw6tqk20mqwj616PHP/OEREJemH5rLq6eAMAAAAAbhGndvVPTLSEzuNzUxIDExvV4NuSpP0amJio9yhCNMyYPaBbsZOZWf0feFy3vWHLb6OH39UvOGhP2hFz14UGVKbP737y+fZ9B1+eMWXU8LtEJPa/n5m7NAsUMv2NyPXPJOTnp8Q+MTS2ctjGbfx//hPwn8dia7Y59o+O+0IzbfLyVK1q9T/Hr662VxEQvXR1TFiD3aSvc4t88qH3dn6dr0maG5k0V0QkMCbpvobX7bqNjYlZnRJ7SFRfz4z8Wu/6fWPWPXEkcqYxunDYhy34bEHe5Lkp+fkpH0xL+UD/8hGLPp+V93RSkhEuc1OUYYviF8kjsxPO1ahNRMQt7IX/LJoSYKbiAAAAAADArc6YAfTsqZMeum+EiOz6dpWIPPXPN1LTjzdlwrKychEpv3bNiA8hnPbY+MkPjrG1tb185Wrsxys3bPlNN77s9Zfu7NWj2mAlP19v3U3pnMzMemTmi9WO6Rcc9Nqspz1cXWrdW9fB+oOlpaWffbP+oy/XVTu41trWLF3o5+udW3DhtSUfVkbhN3d3o4ffFfPUE/bt2laOVJu2haqWPovIm8tWiAgZdF2Udy/6adOIJa8vWbdXpdGKKJQBoeNnvTorolNe3H/qOKX3rC93jk9ZtfzT77emZ+RrykREobw9JOL+J6c/HubTuN7PirBXf/zIfWbsqp0qjYhCGRIa0NaA08QmIPqrnX2+nr9weUrqOY2IKDuEhE1/cd5DIcqU2Y2qoD7+4z/6aUDSx7GfrttZdZW/Pj3r8TAfhdrMPz3uELno54jpScuXrEzYebRiJbqyQ0DgvdExUyOD3EzaghsAAAAAAKA+xgygF33y+fc/b3nz+b8/9DfjhD4Rdw2MuGugiOw7fNQoE+qzb9d28oNjaqax1dSaFPv5ev/+9cpaw+KmsLW1nfLwA2P+Mrzp4a+Bd1cZZFcbdLRv5+HavikFmF3N9FnnVs6gfaasS5/SwDGKThExKyJiapwa/U16nc8oUPiETVkQ1tDMBrFRhv19Zdjfa9kTtjA9fWF9J4Y8uujLR2uM370oPX1RzclqHW14r8In4u9LI2opr6JvdVA3/7pL1NMpel2db2e9b3XttyMiIjaKgHtnLb13lkEFGPbFAAAAAAAA0HS3dA9oP1/vuTOm1n/M7P+brEufdx883P+Bx/s/8PgPP23RhcVj/jK8X3BQE2vQNffo/8Djry1ZfvnKVRHxcHWJjrq/idMaeHfLXn9Jlz7nFlx45pW3dJU888pb5/ILml6AGdWVPuu8uWzFT7/voB80jOZc6o4sERH/TsZpOQ0AAAAAANBqWHQAbVKFRUUiMrBP73pC5GmPjfft2EEXE8949W3d4IJln+w+eFiXFN8bNthY9WzY8lvsxyt1GXRnb68mRtuG3N3o4Xf1uD2gZsONPWlHHpn5oiGrpy1T/emzDhm0AfITXhga2HPo3F805q7E0h1ZHZcqIjJgYB9zlwIAAAAAAGBhjBlAv/7s06v+/VZn7467vl2169tVwweENnFCU/SArrTzwKHcggv1Lzd2b+9ia2srImnH/tAfP3j0eGlpqYh09HA3YkkbtvymW3rc9A4Yhtxd3x7ddX2fd+w/0NLbPev72+OP1J8+6+gy6JFhgyfeP7oZq2s5zm3+4sd8Kctf90lCvrlrsWSanfNjVqhFRDn2yUg3c1cDAAAAAABgYYzZA/rV9z784vsfW0oP6KtXtet/3jL5wTF9gu6Y9tj4Wo8xbr7cnG7i7ubOmDr2nuGVL3cfPFy56Ltlmb/sv8WXr+QWnG/wyDeXrfjpt10n1VnNUldL02HExPs+TN0o46cSq4qciXvi+f19xkdFDA3ycXFT2otoNfln0jevnh/7lUorIm6Ri14O42F/AAAAAAAA1RgzgDa65O275sQuHRgSHP2QEXoi1/TRl+vCB/X38/Ue85fhOXl5NQ/Izq1lsKVo3XdXj5OZjQiUdx5IM2UtLZpb5Du/Rr5j7iosRtGhpOWHkpbXuq9D5KI1i8KUzV4TAAAAAACAxbt1e0DrfPbN+stXrnq4uvTq3q3m3rzzF3StNoLvuF1/vFf3bra2tqWlpQePHjdiMZUtp8/lF+i3YNYlxW3sbHV7RaRfcJCDvb2IFF++XE/3jEbd3YJln+g/CxFAFe8JsSvnTb9vQIC3snKZs+I2n4DB42M+Skrdsiiyg3nrAwAAAG51baxv9XyjmppvCG8R0Pq0lO9rY1Y5c/Jjc2f8n6e72/IFc5cvmDs4tHcTJzRpD2idDVt++2nbjrr2fvTluszscyLi5+u97PWXdINzZ0y9s1cPETlfWLT3ULqxKpn22PjJD46pteW0Lim2tbUNH9RfN3Jv2GAPV5eaR1ZT/93tPZR+vrBId3drli401o0ArZCNImDAhFnvrEz4aWdqeoXU7UkJKxZEh/nQeQMAAAAwu55KfifxBjXfEN4ioPVpKd/XxmzB8VXCptNZ2VMfeeDjr9bJtWv7jxxr4oT9evVYvmCuk6N90aXLRqqxFguWfRJ8x+1+vt617v3sm/UxTz1h367tnb167Pp2VeX45StXP1i1punP7vPz9dafVtd8ecGyT/RHKptpVDs4t+DCxpTf65+/nrvbk3bkg1VrdHdXswwAAAAAAFqKKC+vfRcvmrsKCxLl5VVzhLcIaGVqfqdbJmOugM4tOJ+uyriq/XPfofR9h482fd3yyTPqj79al7jlNxFZPv/lXd+u0v3z75efN1LJFXStKmrdtWHLb8MnTN198LD+4O6Dh4dPmKrfJcMocgsuPPPKW7U++u+RmS/+8NMW/ZGTmVmRU/9uSALe2LvTTd5Cn0AIAAAAALgFjfb0nNSpk7mrsBSTOnUa7elZbZC3CGhlav1Ot0xWYT//rP/6yn8+bcp03fw6vfn83x/62+wmFyYPjR4R2rN75UMIp728oOlzAqZW9NRE/ZfbBw2ysrISESsrq8qNyj9rvqy2Xf8gAAAAAEDfhpyc+LNnD2k0f5aXm7sWM2hjbd1TqYzy8qonk7rF3yKgFTDkO93sQpKT9V8aswXHpAcj7xk8QNcDWkQ+XLXmwNH6OhQ3qBl6QBtu9PC7Yp56QkRiP15p9LXPAAAAAACgiUZ7elpyImMJeIsAND9jBtDb9qQWai5V9IAWOXM2p4kTNk8PaAAAAAAAAACAKRgzgFadUdvYWOt6QBtlwpNn1B+v+Saoq99d/foaZcKm2LDlNxY+AwAAAAAAAIDhjPkQQqO7WFS071D6iVOZ9L8FAAAAAAAAgBaHHtAAAAAAAAAAAJOw3B7QVno9oDWaS8YrEwAAAAAAAADQHCy3B3RIULc/Tp4+cPS4iOw+cMgYBQIAAAAAAAAAmo8xA2id25SO//fog02cxEWpvL1L5xmvvp1bcN5IdQEAAAAAAAAAmpWRH0KYefbc2h83N32eC4WFz7z6FukzAAAAAAAAALRcRl4BfUWr/e+ab407JwAAAAAAAACgJTLyCmgAAAAAAAAAAHQIoAEAAAAAAAAAJkEADQAAAAAAAAAwCQJoAAAAAAAAAIBJEEADAAAAAAAAAEyCABoAAAAAAAAAYBIE0AAAAAAAAAAAkyCABgAAAAAAAACYBAE0AAAAAAAAAMAkCKABAAAAAAAAACZBAA0AAAAAAAAAMAkCaAAAAAAAAACASRBAAwAAAAAAAABMggAaAAAAAAAAAGASBNAAAAAAAAAAAJMggAYAAAAAAAAAmAQBNAAAAAAAAADAJAigAQAAAAAAAAAmQQANAAAAAAAAADAJAmgAAAAAAAAAgEkQQAMAAAAAAAAATIIAGgAAAAAAAABgEgTQAAAAAAAAAACTIIAGAAAAAAAAAJiErbkLANCCXbt2zdwlAAAAAAAAWBwrKytzl2ApbE/EvGbuGoDWQ2nuAm4CITIAAAAAAIBxNSVvaWXhNSuggVsLcTMAAAAAAIAlq5netOhImgAaaP0InQEAAAAAAFou/WynxYXRBNBAq0XuDAAAAAAA0MpUBj4tJYm2NncBAEyC9BkAAAAAAKAVaynhDyuggdampXz6AAAAAAAAoCl0KZCFL4UmgAZaCaPkzoTXAAAAAAAAza8pIbKFN+UggAZavKakxiTOAAAAAAAAZlctorm5KNkyF0QTQAMtW2MTZBJnAAAAAAAAC9eUPPratWsWlUETQAMtmIFpMqEzAAAAAABAy6Wf7RgSLltUBk0ADbRUhsTKrI8GAAAAAACwfIbnxQb22bCcDJoAGmiRGkyKdQfY2NjY2tpaW1s3V10AAAAAAAAwofLy8tLS0rKysgZjaAvJoImlgJbHwPTZzs6uTZs2pM8AAAAAAACthrW1dZs2bezs7AzPiMyLZApoYer/4Lh27Zr+2udmrAsAAAAAAADNxNbW1sbGRj8LqovZM2gCaKAlMfwDhfQZAAAAAACgFdMPfyw5gyaABlqMRn2U0HkDAAAAAACgFasW/lhsBk1EBbQMFvshAgAAAAAAAEtgmfERATTQ4lX7+Giw9Q8AAAAAAABagZopkAWGQgTQQAtQz2eH5X/KAAAAAAAAwHQMT4fMEhwRQAOWjvQZAAAAAAAA9bDkDJoAGmipSJ8BAAAAAACgY7FJEQE00ApZzkcMAAAAAAAATKRFREAE0IBFq+tzpJ4farWIjx4AAAAAAAA0XT2hkIGxkqkRQAMtD+kzAAAAAAAAdG4ig25OBNCA5WrsZ4QlfKYAAAAAAACgmVlyiEQADbQwhvwgiyQaAAAAAACg1TMkFzJ7TEQADbRgtf6Ghdk/VgAAAAAAANA8ak2ELCodIoAGLFSjljaTPgMAAAAAANyaGsyFzPsL9ATQQEtVz8cEMTQAAAAAAECr1yLSIQJooMWzzOXPZZZUTMtVWFKiKSkxdxUAAAAAAMCiWWY6pGNr7gIA1KIpHxYW8kFjY2Vl7hJaA2c7O3OXAAAAAAAALNe1a9esbjaEacq5hmMFtPENubPv3g3r1nyw2NyFoLWpv5e8heTOAAAAAAAAaH71h0VmDI4sdAX0L2s/7+bfpdpgSUnJss9WL1q+wiwlRY0e+eac50Tk5X8tHhga4tvR85FnnjNLJYC+ah8fxNAAAAAAAAC3lGoLmZtnXbPhLDSAvvvhSbqNNR8s7tql08xX39y2e1/zl6ELndcn/fLC/IUPRd67PumXc3n578yL0ZaUvPwvFjjDgpg9hr4mYkEfbK0d7zYAAAAAALD86FnHQgNoC1S53tlcS7BxizMkUzbj8mfVpUtdHR3NdfVbzYlLl27n3QYAAAAAANcZEj2bK55uYQH0L2s/12108+/y2669jzzz3OzpU2ZMnmBnZyciObl5lWuldUfm5hfc1T9URC5dvvzyvxbHb9ikO13/rD0HD/l4djhx6ky1lhrvzHvxyoDOzQAAIABJREFUsfvvE5HH7r/vsfvv+/L7H7/dmLT09Zd1Rw65s69u28PNVdctRP/qldXWtQtoivofbGqWGHrpH38McnUd6+XlYNvCPlValuLS0h/Ont11/vzikBBz1wIAAAAAAMyv1li5ctAS1kS3vKiom3+XL7//sbJHx5A7+74wPzZ+wyZdIrxg9rOVu7r5d8nNL/DuF6bbNeOJiboAWpc+x2/Y/ML8hbqY2NPD/cSpM9Uu9ML8hTv2pla24NBdq9oxd/UP1RWja9YxM/qvlSlzPbuAVqbs2rXt+flJOTlvHD5s7lpuCZ5t25q7BAAAAAAAAINYm7uARsvJzft2Y1Lly3FTZuhi5W279504dUbp6FAZE+fk5i2N+59u1y/bd3l5ekSNHikio8OHnczM0mXKIjJ30Xs5uXk3V8zxjFO6eeI3bEo9lN61S6fKq9ezC6hfY5cwm/3BgzZWVpdKS81bwy0l5+pVc5cAAAAAAAAskQXGSi1vBbTmUnG1pcSVnS50oXM9R+pWMSsdHX7ZvssoxeTmF9zELsAUzB5DAwAAAAAAFBcXnzx5sry8vFFnWVtb+/n5OTg4mKyu1s8Sum3UquUF0Pp0zTROZmZ59wsTkTUfLO7apZO5iwLMSRdDE0YDAAAAAIDm9+23365YsaKsrOwmzrW1tZ02bVpkZKQJ6mq1dKGzxUbPOi07gO7Xq2fBhYtzF73X2BNDg3tUbnd0d3d05KcraHlImQEAAAAAgOUoKCj4+OOPb/r00tLSDz74ICwsTKlUGrWuOq1ateqLL74wylQTJ058/PHHjTKVsVhOKt3yekDry8zOcXR06OjurlsNPaBPrwZP0fWD7ubf5Z15L+pGZjwx0dHevtaDs/PyLl0q9u3oaezCgcbRz5rJnQEAAAAAgAXKzs5u4gzXrl07c+aMkcpBBbPHSi17BfQL8xeGBvdY8sbLS954OSc370D6MR/PDoacJSKP3X/fY/ffJyLfb/5ZWccKaF1a/dj992XtSfny+x/1H34IAAAAAAAAoFJj+z6bbpLGmjhxooFHbt++PSMjw8HBYdy4cboRY62hbsWsvEKHmrsGMxtyZ9+lr7984tSZR555zty1oMVTzn9J/+X2QYN0v+xgZWVVuVH5Z82Xuu36fxhVubdau2f9l9euXXN2djbB/dUpMDGxOS+H9FGjzF0CAAAAAAA3OHjw4Isvvigi/v7+jX2cYHFxcUZGhogsXLiwV6+GmxwYRWULjkSDY4133333p59+8vDw+Oyzz3Qjo0aNMmMLjsLCQkMSp2rRU7VJjN6pIyQ5Wf+lha6AztqTYqKZdY8r1Dc4tI+jo8Oeg4dMel2d4HvGnL9YaNJLoKVr+q9C0KMDAAAAAACY0bRp0xobIleG12ispvd6NnW3aAsNoGvGxEb0zrwXfTt66tY7R40eOXXCQ2dzchctX2Hq6wKmU201NAAAAAAAAEykpKTk4MGD5q7iBroQ2XIePKjPQgNokzqXlx81ekTlYufjGafufniSuYsCAAAAAAAAWqGSkpINGzacPn36/PnzItK+ffsuXbqMHj3a1ralJpMXLlxgvbbhWupfc1MsWr5Ct94ZAAAAAAAAgOns2bNn2bJlOTk51ca/++67v//973369DFTXWg+t2IADQAAAAAAAMDUVq9e/b///U+3HRoaGhERISIbN25MTU3Nzs7+5z//OW3atHHjxpm7zEZzcXGZM2eObpul0A2yNncBAAAAAAAAAFqbr7/+ujJ9vueee1577TUbGxsbG5v58+eHhVU8hu2jjz764YcfzFrmzbCzs+t1nblraQFYAQ0AAAAAAADAmM6fP79q1SrdtpWV1fTp05ctW7Zx40YRGTdu3FNPPZWSUvF4tpUrVw4dOtSsxcK0WAENAAAAAAAAwJiOHTv2559/6rbt7e0dHByOHz+ue3no0CFXV1d7e3vdyytXrhw9etR8ld6MkpKSg9eZu5YWgBXQAAAAAAAAAIxp0KBBQUFBR44cEZHi4uLTp09PnDjx7bfftrKymjx58smTJy9fvqw7slevXoMGDWpZSe6FCxdo/Ww4VkADAAAAAAAAMLLnn3/e1dVVt7148eLevXt/9tlnq1at6t69++LFi3Xjnp6e//jHP8xaJkyOFdAAAAAAAAAAjMzLy+v9999/7bXXjh07duzYsWnTpg0YMKC8vHznzp0XLlwQkZ49e86bN0+pVJq70kZzcXGZM2eObpul0A0igAYAAAAAAABgfLfddtvixYs3bdq0cuXKgoKCDRs26MZdXV2jo6PDw8OtrKzMXePNsLOz69Wrl7mraDEIoAEAAAAAAACYhJWV1b333jty5Mjz58+fP39elz67uLi00OgZN4EAGkDL1S5mSFi00lqdtSfiYJ7+jvF9wxd0sFNl7ok8VGDoZF367wp0lYKj/XedNEmxLc6B7xYna3o/Oim8Y8PHZv/0+VdpGueQqCfv9tQfP//7ms92a/zumTSuh+Jm60iLX7xV0zvqyXBPAw4GAAAAAFgiKysrV1fXypbQlmbVqlUGHpmRkaF7rKLhp4AAGoAl8Iu7p/tAO9EWqaf/lraj2s46ouGw4H4THC+t/qNkTNfgj84nT1NX7VLygNWGHIh/PznTJ/y5cb0rh8pzkuPiD1xSdr8valRX+0bMdWrz+qPK8Ps6703cnNxtUrh31R5tmda4ZQMAAAAALJa1dcV/jetS2kapPKVykub0xRdfNOr44uLixp5yKyOABmBBFE5eMYEnHky/0vChHsExXor9x7fNP3nliHP4gjv6R6t3xV3fGbcnOa7+01Hd5QPffHtAY+Mb3sj0ufz4+g05XR+Y1Ntbul757rONWwOjh3W8/v8WOg6d9NxQExUMAAAAALAsXl5euo2PPvro5mawsrLy9vY24EC0JATQACxGiTbfRhHoGzLr9PYllxs6ODctclOabnPd3uR1zVBeq5adHJ+cWebcOyqqd2PSZxGx7jbmmW66TYfe457p3dDxAAAAAIBWqn379tOmTfv444+vXbt2E6fb2to+9dRTLi4uJiitdo8//vjjjz/ebJe7ZRFAA7Acl+KzSqJ9b4vu3W3d9uNqA06AURQf+C7+gMaZPssAAAAAgKYZN27cX/7yl1OnTjU2g7a2tvbz83NwcDBZaTAbAmgAFkRz6GhC+77jb+s03y8z+mQ9jTjaRQb2mO7lGtDGWkTkWnnR5YL4o3tic6/vDx6a7qPYkf5T9Km6ZlBO6BX8tIfSzU5EpKj43Kdnb9gd3f+eGFftusRf51aN+cXd033gn+rAFN3K6+CEUT4eBUcnn1Mu6uqpq6ToSt6n+/csL6w6x6dj93m3+wywt1NYiZRpU7OOql17RzpcunFms8raumaLWnyHPVJ7+lyWu29Dwu+nC0tEbO079hg2JjxA//8OFB7flrTtSLZGW1ouYqtw7hgUNmpI18ojGniSYU7yivgDzsOeG2WfkrjtQJamtFxsHVy69B89JqT6T7xLz+1P2LDj5MUysbZx6BAUPmbY9avU9pTCmtct15zYlpySll2oLRMRWweX3iMnhnW+2TcNAAAAAFAHJyen4OBgc1cBC8KDugBYlLy5R3PU1+wGBgRH19kKol30nYMWdXEPsLq8I+dsQtbZFE1JGwf36D5DF3gYeJV20f37z/NWOpVrUrLOJmTlqW3dZwW4ON1Eve18Pgt0l8KchKyzKUUlTu3cZ4X0Hli51yN4eS+/MHtRnz+XkHU26WJJgG9wRLubuIzJZG39ND6tUBkc9WBwbT9lLs3d9sWavdJ18JCwYX38FJezDyR+t6uqPUr2L59/+uP+zFL3HgOHhA0bEupvfzVr//q47w4UN6aG8rzkrzYflc79hw4JGxzsLhdO/PJV/IEbmrCU5u/4fO1+6TowbNiQ0E6K4uy09d/vacRFynOS4z5fv0dd6hE0eNiQsGEDe7QvK7zUmCIBAAAAAMBNYQU0AAuTe2D+WZePvF2f7uEXt/tkLQd0CX7aTaEtVs9MSUu5Pubj1/+b7q7jbw9annuk4d4dXYKfdrW7cQblvCGDJigbXayTvWLH0W3XF2u7Lx3eL8LeNdpbdmSJiOuC7j4B1iV6B1TUqWj0dUwkO+Vbdal9UNTkqscG3uhydmHwo1Mq9obeofjikx25Rw8W9h/oLCLZWxNTNba+w56Mqgyv+4Rlbf00Pi3lp+O97+9maBVZx3LvnvxUSMUPHELv7JL4yfqjKVuP9h7V/fohxdma3lFPhuseRNH3DsXqT38/d+zAxX6DbzPoCkd/1D1fcXJVh+u+/QwtDwAAAAAANAEroAFYnJSDhxMui5NbQFyXWvbO6ujiJNqdGVXps4ioT6ZtLhZRuk43YP5oD2WNGTTzz14ouolaL+fNq2oVkre5SCti3aaNiIjYe4U4iGjO6h0g6pNpWxt8vmLzad/R00YuHduZVmdNHUP1smmH4K7uIiVa3dEnDxwvFJfe4TcunfYeFuotpaeOHTK8inYBA0L0lrtbdx7cw0VKszOz9OvoE171GGT7kK7uImVX6+nRoq887VBGma3/Xxr9fEUAAAAAANBkBNAALFDe7PRzarEb6N9vfI197nbWUnalxjrnK6qrJSIKbwO6+ga0tatlhpt5Qq8UXdHoT5PwZ4mInbujiIh4tPMQUV8+d+N1rmhv6kKmobj9wQd6K8syt3y1Pr3WDNre1f2G49u2EdFc0LXa1lzSSjt33/bVz/For5TyC7l5BlfRvqPfjQPOjg4ilwvzq0Yc2t9Yh0IhojmfKwY5d15TLu070u8ZAAAAAAAzIIAGYJFy983PuSIK92dDfUwyf3mZxiTz1lBmQQuea2HtGf7oMF+byyc2xydn1dxta9MM/5ao/RI2irZ6dTS5DJs2FtP4BAAAAACAWwkBNAALlbL/RIpW3Dy6Lm17w3heSbnYtAuqnku3C2hrJ9eupJ9ueGZNmYidfR+3G0ftbNpUP/DG9dT2ju52jbmBayIi7g6+N466Ki3tc9chOOqBYGfRHPi2cQ8PVDoq5Epe5vnq47nnNWLr7uVe+1m1KDyffePAyew8EaVrh0YUU1h4Qx3ZBXo/X2insBHJyzzeiOkAAAAAAICRWFoQAgCV1NOO5+VLu4gO9lq90SV5Gq0oBvgHh+kN+vgFj3AQbVHBagPmXa25JNJuoL9fVYht77XU+zb9JbLpJaUidj56nR/C7nANaFT5pwtUZaJw9lrkUTUW2L17WLtGzdIsvIc9MtzHtkSd/NXmEwZn0H6BAQ5y4UBy2g1nZG3dmyW2XQK6131idRrVnhNlVS+L9/x+TCuuAd0Ne8CgiNKhnUie+mT59YHy06kn9ALo23p17yClGTtqW+INAAAAAABMy9bcBQBA3dR7Pu14T4xbOzeRqicEnkhd0n5IjKvPR/fctqNAk18mSkfXAc4KxZ8FsfuPVm8NXeusaeodHt0Hunb/Zpj7jgtarY0i0NXV488rRVKVDe/ILFB5+AR49k0amJd6uUzp6DrAsVxdIo1pCKJactZrua9jZJ/wgIIC1Z+idHQd4FSivioBbQ04u3k59B4XVfD5VweOr/9K8Wi03oMH69E5fExv9VcHtn78X1XvXp2d7aQ4+8ihExe0jsGP3tetEddW2ub9+OkXgX26u9lIsXrvvtPFouz9l4E1mkvXWUfIHcqjqce/W6ENDfVxKNH8cSCtzNFdiit/bGE/4P5hmXFbD8T/N7NrUM+O9iKXc4+qSntPGtOjEWUCAAAAAICbwApoABYtbrdqx5/Vxq7E7do2/8xFtdgP9PSK9PYKc7JWF5yev31XnKH9lk9Gbz+SUKiVdq4R3l6RHkq5ePKFMzeenJ82Pf2s6k/xcekQ6e01oM2l1amnDUm39e049OvMk3mqUrtAd69Ib68+Cm1S+p7UMgPONIeO4VFjApWiSYv/Js3AZdAdwydNHhHUUbIP/L4tZeu2vSfLPILDJxuYX1dy7jPpwT6KzN0pW7el7FOLS0D445PCvRtT+d1RY3p7Olw9vXfrtpRdp9v2nzixx40dnx2CoyaNCvVWFGfsT9m6LeXXg5ml7p06NqZIAAAAAABwU6y8Qoeauwag9VDOf0n/5fZBg6ysrETEysqqcqPyz5ovDXHt2jX9jbr+dHZ2NuqdNSAwMbE5L9eStVs0bHik/aV1ib/ObcIs6aNGGbEm88lJXhF/wHnYc1HB5q4EAAAAAICWp7CwsFq+VE8AVXO7/sGbFpKcrP+SFdAAWi7XRcNGpY8cFGPuOhrB3i+gnYj2yg5zF9IaqRI/eH/x2jStAYcCAAAAAIDmQQANoAXTlpUbcJTlaBfd0yvQSvILcxLMXUprZWtnY+4SAAAAAABAFR5CCKDlKpj726amNLIwteh+4U87lqguadR/itgoAl1cAhTW2qvnPt3b2G7SMETAqGf+Zu4aAAAAAADADQigAcBU0osvFTq7BLo5hliJiGhLtOnn1J8ePc7yZwAAAAAAcIsggAYAU9mRvisi3dxFWDTP8Cl/Czd3EQAAAAAAwHToAY3WJiSoe0hQdwMP7ubfpaOHu4krAgAAAAAAAG5RLTWAjho98ljKxjUfLNYfnD19yqntP78z70UDJxlyZ9+9G9b9svbzm9gLi/W36Mc/e2/ho2Pva/DIfzwV/d0ny56a+HCz1AUAAAAAAADcciy3BceaDxbf1T+08uXxjFN3Pzyp8mX8hk1+nXwmRY2LGj0yfsMmo1/3y+9/9O3oeeLUmUeeec6Ik6MZxH74yb9eeuGlvz0lIl/98GNdh/3jqej/e+yhX3fvffejuOYtEAAAAAAAALhVWPQK6JzcvIeffta7X9isV9708vSott550fIVR46fmPHERP2RLoP+8sL8hQbOv233vtDR4/Vzbd0lHn762bsH9RcRXfqsW21t+MJqmNfxjFNz3n5HdTrzpb89Vdc66Mr0+R+vvX3p8uVmrxEAAAAAAAC4JVjuCmh98Rs2PRR5r4eba7Vxoy9P/nnbjo+/WCMioaPHG3dmNCddBl3XOmjSZwAAAAAAAKB5WPQKaH3V0udf1n6etSdF90/l2uTZ06ccS9k4e/qUauf+svZz/VbOuubOaz5YXLlRueux++/TzXlq+8+6ed6Z9+KSN152tLfX7WIddEtR1zpo0mcAAAAAAACg2bSMAPqdeS96eXosW/mF7uXs6VNOq7O8+4V59wv78vsfo0aPqBk669ubdtjL0yNq9EjdywfujXB0dPg6YWO1w3QhtW7a+A2bZ0yeMHv6lBfmL5z1ypuXLl/+8vsfvfuFGd7fA2ZXM4MmfQYAAAAAAACak0UH0J4e7ms/fC9rT8pj99+Xeii98mGDi5aveOIfL+m2d+xN1ZaUdHB3q2eeHXtTRWRgaIjuZWhwj7M5udUeXTh7+hS39i6VGfe3G5MKLlzs16unae4MzUQ/g373lRdJnwEAAAAAAIDmZNEBdOVDCL37hXm4ue7dsG7InX11u2ZPn3Jq+89Ze1J0/THqnyd+w6bUQ+mhwT10TxR0a++yIXlrtWM6uLu1v815yRsv61pwrP3wPU8Pd5PdGZpPZQYddd+9pM8AAAAAAABAc2oZDyEUkQ3JW6dOeGhwaJ9tu/f9svZzP1/vZZ+tXrR8RdTokW/OafhRhHsOHpoUNS5q9MiBoSF//vnn73v31zwmJzdv5qtvbtu9zzR3ALM5nnFqxsuv9+zebfue/aTPaB1OZmabuwQAAAAAAFCdn29Hc5dgcVpMAF0pavRIL0+P+A2bFy1fYfhZv+/d/+jY0QNDQ0KDe5w4daZmynwuL9/R0UEXcBu7ZJhfdm5edm6euatozdJHjTJ3CQAAAABgEhkZGf7+/uauAgBaKotuwaFvdPiwS5eKf9+7Pzsv79KlYt+OnrrxGU9MbLAFh4hs273vl+277h7UX1nb4wd1CfWlS8WPjh1d2eXjuxXLdM8trHZFAAAAAAAAAIAhLDqArnwIYdaeFBEJHT1+2+5923bv++qHDQP69NKNn1ZnGdhUYcfeVEdHB82l4mqPH9TZtnvfzFffFJHKK2q1f+qO1IXXd/UPzdqT8s68F01wowAAAAAAAADQCll5hQ41dw1A66Gc/5L+y+2DBllZWYmIlZVV5UblnzVfGuLatWv6G3X96ezsbNQ7AwAAAIBbFC04AFiswsLCavlSPQFUze36B29aSHKy/ksL7QGtW/JsgX769ffJz80xdxUAAAAAAAAA0AJYaADt3S/M3CUAAAAAAAAAAJrEontAAwAAAAAAAABaLgJoAAAAAAAAAIBJWGgLDgAAAAAAAABAi/O1r6/+S1ZAAwAAAAAAAABMggAaAAAAAAAAAGASBNAAAAAAAAAAAJMggAYAAAAAAAAAmAQBNAAAAAAAAADAJAigAQAAAAAAAAAmQQANAAAAAAAAADAJAmgAAAAAAAAAgEkQQAMAAAAAAAAATIIAGgAAAAAAAABgEgTQAAAAAAAAAACTIIAGAAAAAAAAAJgEATQAAAAAAAAAwCQIoAEAAAAAAAAAJkEADQAAAAAAAAAwCQJoAAAAAAAAAIBJEEADAAAAAAAAAEyCABoAAAAAAAAAYBIE0AAAAAAAS5AWv/j9T5NzKl6d3/HFkvc/+PaItoGzcpJXvL84Pq0Z6rMgF49M25g4dNfJet+cKynbNwX+sif1cvPVVV356djNiSFb0tTVxvPSHkxMDEw+oCo3U2EWYEtMkH+3IP+YFAOOzV87Kci/W5D/g3EnypqhtDppTye9O3fJphwDDr0ZKc92C/LvFvRssonmB2A2tuYuAAAAAABg8bK3fvpVWmH1UZ/w58b1NtEVtWUNRc+tVsr2xGkX69in8EoK7+1TUqapbWfR6V2PHS1QWykX3Nk/8PT2F7SeCXf1DrAzQYmnd/U/UuDcoW9S3w41d2qPbwtRaSICwpd2Kq/lL7E8L+7Q2YCu/Z/N3zN9v3tSqJcJ6jMv9Sf3j3grvc7dPWI2r5/qY/h0Jz6ZNmd34PNLRmz8x6Ln4oatn+pvnDIbTf2/mbOWpYscUW79JtrXTEUAaIkIoAEAAAAABlH49hngb6830N6EIVTHIU/OGmK66S1ZUKeApW4V2/uzVHGlynmd3d11r+1c3EXEPfjLe4OrnVWk2v7YGbuYwSP7FKY+tXdHVK/hu0JM9kvPnTuMOVqw+kJWunQIrL5Pm5KnEVGO6aSQtn7zRvjNu2Fvuepg2qdtu2643dXJu2vIb2nzz3jO61RZpyZl777Y8s4Jd/qZqvIW59CSKbF5Y5f/OCPc6a8KVcT0J+Z0S/pXmMLk183Z+cn7y9eeCVvxeWXW7N61j5ukF/UdM4z0GUCjEEADAAAAAAzStn1AaF9Pc1fR+rl5d4u4vq3IV8WVO4bd3q3BFbNOAYMSAnRbfb9sxPram9M5yu2P1bnnN+dIYLWviKsn12vEydUnom2tJ1oHhIT/qtu0D1g0IuDGvVpV4RVVu5bemMNn6vdHplZsV6yGbuyq5yo9Z209Pku3qQyP3XnciHXW68i6t9bulMAwvSHF8NdSMl5rrgIAtCL0gAYAAAAAAI0T6N3eR0oSss5WG89X5SSJ9ZgOrJEFAFRgBTQAAAAAoInS4hdv1fSOmtQjO2HDjpMXy8TaxqFDr1Hjh/jqNSAuPL4tadvBzItlIqJw7RY2ruPRFVszfYc9F1W9m4T+nE+G61bYXj7x6+aUtOxCbZmI2N7W+e4HxvS8Te9wjSp5w9bD5y6XlovtbZ3Dxo7p7Wry2zYf1ezE46qO/b4Jcb8+Up7/x77ZZwp2/FkuYh1g7zqrV98IF92as7y45D2x7bql91TEHTj6YVFJkYhTO/d3QvuGOektSispSDqQtqTgiqpcxFoR6dtj+p+HI7Mlpl94tHttJXh6R7Y5tzxfnSpeIVWjFzfnXRE796jON156UNVK5yJ12hsnziZdKdeKOLW77dmuIRN82omIOjU5IlsrIqI9Hph4XEQiu41aFFDLlVubnKRXZ85dm1qktXHqGj7rg39P6KrXYEOzd/UrC5dvScvXlIkonLr2i3r+tZkjO18/4nTcmIhFhyXwnxtX9k2eO2d50gmNKDoPmDp/6fMDnapmuZD6v7dj301M1WhF6R/xt38t6Lp6wJPf1bUuO+XZbtN/0G2mLxrWbZGIjF1+5L1w2RIT9OR3IuOWZ8SGiUjmJ+OHxaZL4OzNK/tsmTv3/eQMTZnCd8gT/1oya5CyvjvWnk5697Ula/dkaLQiCqe+o+Ytjo3U/5FFXtKCp+eu23dBK0r/kf9Y+t4E/4obTo7xn54ggbO3fl/VhFpXVeW9VBaZPkP71uyKN7bHmHmL347salNVQmbi0jlL4rdnFInCqe/4BR9OUj9576LDEvnp8djhjf4rBNAAAmgAAAAAgBGU5u/4fO359iEDwxyk+PT+vaf2x6+zf+bRPrrkqPjAd58nq0sdfXoP7uxsV1aYcTDpc5Xh/0V6dP1niRm2HoF3hrnZSHHOocN5uVdEKgPoq6r4VXnarn0Gd7MpzT++6/Dp5HWblVNH+N0qv/RbrkrdEpmtDXD2WtSpnaL0UnzmuZk7UhYMGj6+8i0qyZ29XaNx6/xmB2tt0bmF5/Km7Ur95i99Kzo4l+fF/bYn9qr1QHefWc4K0WpWq/c9IdYi9TzBsMPEDu2WZ15Yf0ZCOl0fu5i5/or4dPCt0Ri6QpFq++jjF6Wde0xXpbtod2Sq56elqMoj5nWydvfyW+pwafNpdYKt+1JvpYj4uNUxS2uSGTfx7p37lD4eLn9mXig6kbRgRIx7+pII3XfNiU/Gj4hNFxFRuvk6SWFO/oltcU/fu3XqqnX/DNVvA130/Qv3vZWudfd0Uxbna07vXBb9hPPGdVM7i4iIJuXZyOk/5ImIQuntrshPeusxdY9u9dSk8PD28b2cl3lBKzZO7p7ObUU86mk6rUl4LnLRYa0wvwo2AAAgAElEQVSbr7uTJqcoc9tHE5+o7ymFJ9ZOnzg3JU9EbJzcvZ21+ep936Wo9AJo9croATtSld7uystqjSZj02uRz7rs/3BUI9teH1sSdW/6ietv7OHvYia2UaYsCLv+xk7Qe2O1h1fPijwYWHvPGADGQAANAAAAADBI4YH4xQeqXjpXLU8WESnO1vSOejLcW0RE+t6hWP3p79lH9l7sM/g2kStpiSnqUmXwo9HDOupC4b79ApM//+qAxrArHzmaUSYd75o4omKtdOiQslL9/XnZEj55Ym/dAxL7eJR/+l266tAf4ndHk++5RchLm52tDdRbEB3R+fjsX1UL/zg9/s7OFccUa6Rb2EcB7UREpGvA3uQHc/Piz8i8TiIi6oNpsVetI7uFLao4QCL8VbN/O55Q72XdfFxDMtXrc07P61RxFfWpvFRRxPh2qP2Eq6o3TlzUOgf8PLibbnVuRICn+5Y9S04efbpTkJuHX4RHnjpTnaBwibj9Vlj5LCIie1XKf6ekR7qJaPfFjon6RC2JCZvejhhrL7J3wcTYdBG3kW+vfm+8j0JEtOq1MRPmJGZ8Mmf5/UmzelTNoj4sszanTuuqELmQ9GzErB806f+LT5/6fKCIbP/37B/yRNwjP0yIHekiItrMdTFRL6XXXdOAf/6y+Z+6tcbdpsd/X2eUXCErXZ5PSJ/mrxDRJMaEzUrQHPpy7aHo53vWdnD6kilzU/JEekxb/cWzIUobkbKife/F638Q7FMp30vZP9ZTRJv6VuSET07LpoQk7ajIxiXQ6XkBy3auj3AS0Z5YNmHEkvS8tes2/TNsrL1Izuo5seki0uP5hPhp/goRuZD67pQJyxo1P4DGuFV+HAwAAAAAaCKFb5+wYUMq/+l/h8sNuzv2qUifRUTsu3d2EdEWF4uIyHFVZqmN3+Dr6bPu8OF9Ohp6ZaVDO5FcVVVebW1jq/+fs453DKlIn0VE/Lr7KKRMe7Xxd9gypZ/JSxfHJ7vrdcqw7zrCSYqKLqorRxSe06+HyyLWge5KJynXaHWP+8tLOq+Vdl4vVh0gYh8wvb5VryIiclvnKHspunBuR8VTA8+tK9BKO/cxtbbsENGeOptQbjexc7eq3hDW7hHtFXK58Ehj77nVCJ3+RqRupbeib9T4riIi6tw8EZEta1bnicioeRXps4gofB5+aXpfETn948ZD+rP4zHhjWkXjDpeIcfeKiGSeyxMRkZTv1xSJyMi580dWfL8qfMfP+1uo8W7Be9q/plW0yFCOirzXRkTUmbm1H7svfnWmiETEfvF8iFLXEMPGqe/z0fpdL/rOmDdW94MtRcjDUf4iIuq8OuarW0TMwgjdF5qi67jIHlL1xmYmrtsnIp2ryhaXkOdjJtTbNQRAk7ACGgAAAABgkLbtA0L7eta119nthtzR2dFB5EJhvoi3ZBdoRNp37HLjCdaG/xepz+ChASc3q5JXvL/NNSD0roGh/i43nOvsfkOWrVC0FdEU5IjUWW1rkvdniUjJ7F8SZ1ffczlDpKLFbzvHGxYVt1P4iKiKC0TcRTRHtOLj4Vqt44UBC06VkR0c5568kJRZPrCzteRkJfwpAzt1rqtzRt7VEpGS5QcTlx+svkuVJ2F1xNatnK9P1X37BwaJnKh4oT5xTERk0JA+N/xFeA68u5vsO14t4XVy1mv4HNAlUOT6AufTqsNlIjLg7n7607j5+orsNdItKJV60a1/125VF69BvW9PkYgMGjawnrTXx7PqK6jr7UEiGTdTlYOy6oa9AwJEDl9/pUpPFxFl2LAe+sd39PbVOwaAcRFAAwAAAACagU3bRjZx1ecQOOqprheO7vht52HV79+rfr8t+NHJeuup+eVeG2WMn3uNx8k5Bhk8gcKmnnbPdZ/VpUPESdXqsyfndQ5IzzqvFmVMQP0LSdtFB3j1sao2aOfvVMfhtzylvVHeGmVbB2NMYyRGuqkmcbZvwucRgEYigAYAAAAAmJaNlYhcOHtGeusvgr6i1TZqFjuX7kPHdB9alvt7/JqdaYlb7tDvQH0rU9paS1m5u2+3iJt8jJq1QkR1qUAr7jc82K6svOFov23XqNtUSRdzU8ptt+aXiLJTWN01tLWzFilVOHSL8K7zGFzn4xsgki7b96RK5ICqYc3+vcdFxMfXw7Bp7HXLk3fsPShjB1aOpu/db/yKDeDu4SOSLpuSUrSRETcfAKenq0Sud6bOONzIBi5KJyeRosw9+/MksHL5ufZIKsufAdNp2T8m/mXt58dSNkaNHmnuQgAAAAAAdfLw93EQ7YldacVVY2Unkg8a3Ne1rLSkctvGY2CQu0hxsYEPMGz9QjxcnOTSp0fzbnYCr2FKkaKzcbnlVWNFRz/MLanvpArWYV6uTnJx/d5z68utJ/h0rSdVdPN2DZGSL04fL6p/yquX1fUfcGsYHhmpFNGsnv1s0vU3TKteO2/JFhEJfOzhWh/xV5P7sHtDRaTof7FL9l3QDRXte3fustOGnX48db8xv88UI8dHKkUkcf7TqzMqfv5UVrTv3bgtBk4QENhDRCRhzbqK9yRv3ZL/Hm9cEX0jxihFZO/yV9apK2rISXh2QVLjZgHQGJa7AnrNB4vv6l/VFf94xqm7H56kf8Ds6VMUijZHT2Q8FHlv/IZNtU4ye/qUGZMn2NlV/CbRpcuXX/7X4roOBgAAAADU4+p51d592foj7bv08WtvwJmdhwzucizp1NZP49S9e3s6yOWzaUcyHdw95LJhGfSR7z7YUdw1qGdHe5Gy80f3Z4t99+BuN3sfrU7n4HfOpkzL3jP0ovvT3kp3EdFe2lxwXulzz7wAA04XRUQ3n8A96iV7k1UdfUY4WGuLC5afuxLorJBCA8727TDmaMHq/AKxdo3wrXeV2209FnTMi8xWDU0umNXR1cdWpPTK/oKCdOfguGDdUlTXgHYiF8/GHlSMsbuobts/2s/At6AVUoTPe+/hHU+uzf9hxoAflG6+TlKYk68pE3EP+9fiaF8DZhAREbe/vhD9/uNxeYc+ihqwUuntLvlqjTJybFj6Dyn1nhcQ2EMSDpclPTtkwLtuMnzeztfDjXlTW16LDHzbydfNuTBfrdFGfvq8Yed3HvPXgYvm7JBNLw0IWeLjrM3LLIsYGyYN3Es1A6f/M2zdnJT8TS+NCHzbzddem5lT1GNcZNfvEk4YcDaAm2DRK6BzcvMefvpZ735hs15508vTY80Hiyt3Dbmz7wOjIr5NTPpf/Pddu3SqZxG0tqTkvU8+8+4X5t0v7GxO7kt/e2rInX2b6w4AAAAAoPXQZu5P2bpN/5+9mQaequj5wOQx/XwcilV7t25L2XbsvNvARx8MMPh38N39vBXFGftTtm5L+XX3H1rPwVGPjupiwHm3inZhA4Z86Xubz59580+oZp5QvXz2Yr6Dz4SOBpyq4x78zcCAaHvZmn1y5gnVGxdlQo9Bs+wNO9e6c5SbnYj4uPkMbCBjsA4IGZoU4N7nmib2lGrmCdXszLz9Nq7TfFwrDwjrHRTdVpKyVDNPazSWu2SueTgNX5C0dUn0oG5OCk1+Zla+xsF/UPT89QnLH/ZvzDShs5O+nDu2p5OIVpNT6BE2Oz4hdlyDPzfqHL14QURXpYi2KDPfWWnIz5kMondT2qLMLLW4hIx9bYLBMY3bw++v/meEv9JGNDnqQu/xHxpyLzUn+Sjpw+gBvgoRTX6uNuCvSzbHzwikJzRgOlZeoUPNXUPt1nywuGuXTjNffXPb7n26lx5urtUWQesMubNvR3f3Wtc1z54+ZeqEhz5Z/fWi5St0LydFjXv93++zCBomopz/kv7L7YMGWVlZiYiVlVXlRuWfNV8a4tq1a/obdf3p7Oxs1DsDAAAAjK087aslW7O7hD/3gOGPykPzUaUmR2ZLTP/waFcDjm7VMjIy/P0bFfpaOPUnD45465D0iNm8fmqNR1femlLm+U9dJxL56fHY4eauBWiUwsLCavlSPQFUze36B2/aH3/8of+yxfw80cPthn/jRY0e+eac5xzt7UWkpKRk2WerDZmkg7tbmzZVD/bV7/Lx2669jzzznC7OXvr6yydOnfFwc+3m30W3ELsyB/9l7ecikptfoDuxWk8P/Y4flT1DdBOqc875eHbw9HD/8vsfX5i/0KjvDQAAAAC0QMdO5Ym09yD/skwXd17UirVrH5Okz9qUHVumaVy/vKdfiEX/YnYrlZOy8ZCISI9ufPdV2J68WUSkZ6BBTWsANFLL+KR/Z96LXp4ey1Z+oXs5e/qUd+bFpB5K1zXWiN+w+dmpk9+Z92L9k0SNHjkm4u71Sb/o8uKo0SMVija6Gd775LMBfXrpz3BX/9C9aYd13T8cHR1mRv+1cpculfbuF/bw089eulQ844mJlVVNnfDQss9W63YpHR10abVO78A7vvphg3e/MNJnAAAAAJDynOTfT5dau9weqDR3KahFkSr9wyvi1r5DiLkrQVOlfDQnMUNbdv3lhdR3n1mwT0TcJzw8xLyVmYt67dtx2/O0119qM9fNenZ1kYgMenSMwc21ATSCRa+A9vRwX/vhe7rt33btrVxoPDp82MnMLN2CZRF5Yf7C0OAeocE9ap1EYWf37NTJz06drFvL/O3Gigebxm/YVDnh73v3Pzp2tG9Hz8qzjmec0iXF8Rs2PRR5b9cunYbc2Ve3CDonN29p3P9EZNvufb9s3zUm4u6o0SPjN2waHT4s9VC6rteH/q7svDwROZmZpdsFAAAAALeenJTPN2c6efp2dncQKb2oPnr09HmtjceAvww2Wm9ZNMHJXZFnSsKcXfs4WItoj5zLiyvSatu4fxnc2TTXU4QNHJlumqlRXalq7awla22c3D2d25YVZuYUiYjY+P/13Vl9bcxdm5lodiyaGLdI4eLjYS+F+f/P3r2HRV3n//9/4flAgHJY5TSA5CFFVNByWcCRXIXMcqO2VUIO7v5c61KsrN2aKJH6blmhXuX62W0UCd1y6WOpi7gFI7CsfmywzEoQOQzgIZUSRNMw+f3xHoZhGIYBGWbA++3ai+t9eL1f7+ewV4w8eM3zXdtwQwghXMPWr3vExdqlAf2TTQfQBr0virM/WvXyq0IIB/uRqsNH9UcWn/hGPnuWLiPWd6Op6d0du6Tw982Xnt+5eYNuV7+PhxDidFW17qoLl+o6qqqh8Wr7u4TMnOFgP3K8n88ZdeuzVxuvXTNnQgAAAADo70a5eQ09XVpeXHVKCCEGDBw5atwvHwi5V8byZ9tg7zRN1O77rnL7LSGEuGvg8Hljx6+ePM5zcOeXwtbd88gLD9e+n3+y5kytEGLoKM/J4XEv/HnJjFHWLsxqXOf8Pl61dd835bU1Pwgx8C7X8fc89OT6ZyI9eQ4hYCE2HUDry87LX77k0V8GTf9v8RfdnmRPzqfy2bOCp07RNYCWOjJLbZpvv0ij/Z1DZpr9NFcAAAAA6J+GTpT/dqLc2lWgI67jU8PHW7sIWMaYe5e/sWu5tauwJUP9F67duXCttcsA7iB9owe0vqLPjzU0XjVouBEUMNnowuSOhMyc4e/j/Z+jxT3VkdloVQAAAAAAAABwJ+szAXTU3PDGxqvS8ufsvHxfL48Pt6RJp9586XlfL4/svPxOJ1m8YJ7zKCf1V19LebGbi/Zpvqvinxjj5nqbFRaf+Ga8n4/uSYZrVySmv/3/bnNOAAAAAAAAAOi7bLoFh/5DCE9VVAVFPSJtSx2cn1y2RGq43Hjt2rPr39A9UdCA/kMI9Ue+m77z1T+tkWZQf/X1+QsXb7NaaTH17x564HcPPSDd68W/pN3mnAAAAAAAAADQd9m5B4Vauwag/3BY/2f93cOzZ9vZ2Qkh7OzsdBu6r+13zdHc3Ky/0dFXR0fHHn1lAAAAAHCHqqio8PPzs3YVAGBEfX29Qb5kIoBqv236YLeVlZXp79roCmhpYbJpj/0xafO6Fxsar8ofizVnvI1QvLFx++7/tXYVAAAAAAAAAGBxNhpAewSHmTOsofFql8YDAAAAAAAAAHqNjQbQZpI/FmvtEgAAAAAAAAAAxg2wdgEAAAAAAAAAgP6JABoAAAAAAAAAYBEE0AAAAAAAAAAAi+jbPaABAAAAALBBkw4csHYJd7qTkZHWLgEAIFgBDQAAAAAAAACwFFZAA+gBlTXnrF0CAAAAALQy/UuKr9fYXqwFAO5oBNAAegD/egMAAAD0neRfyAAACEELDgAAAAAAAACApRBAAwAAAAAAAAAsggAaAAAAAAAAAGARBNAAAAAAAAAAAIsggAYAAAAAAAAAWAQBNAAAAAAAAADAIgigAQAAAAAAAAAWQQANAAAAAAAAALAIAmgAAAAAAAAAgEUQQAMAAAAAAAAALIIAGgAAAAAAAABgEQTQAAAAAAAAAACLIIAGAAAAAAAAAFgEATQAAAAAAAAAwCIIoAEAAAAAAAAAFkEADQAAAAAAAACwCAJoAAAAAAAAAIBFEEADAAAAAAAAACyCABoAAAAAAAAAYBEE0AAAAAAAAAAAiyCABgAAAAAAAABYBAE0AAAAAAAAAMAiCKABAAAAAAAAABZBAA0AAAAAAAAAsAgCaAAAAAAAAACARfTJAPrNl54vLciJjppvlcsBAAAAAAAAAOYYZO0COvThlrRfzQrS7Z6qqJI/FmvVigAAAAAAAAAAXWDTK6DPX7j42B+TPILDVie/6j7G7cMtadauCAAAAAAAAABgLpsOoHWysg9++fVJNxdnaxcCAAAAAAAAADBX3wighRAm0ufoqPmlBTln1AVn1AVVh3PXrkjUP/vhljTp1Bl1gWp3hsG1a1ckVh3OLc7+KGTmDIvVDgAAAAAAAAB3or4RQL/50vPuY9zeTd/Z/tTaFYlvvvTcl1+f9AgO8wgOy8r+d9LyZW++9Lx0VrU7Y9qUSauTX5X6eNRfuaJ/bXTU/OVLHv2/L74Kinqk6PNjvfVqAAAAAAAAAOCOYLsPIRRCjHFz3f3XjdL2f44WZ2UfbD8mam54Zc2Z365cI+0+u/71oIDJQQGTpWzafYzbe7v+KV2YlX1QfwYfL4/fL33s7PkLumsB3I7m5mZp48rVa9euXb/RdPPWrVvWLgoAAADAnW7AgAFDBw8aMWLYXSNHSEfs7OysXRQA3EFsOoA+f+HiqpdfldYmq3ZnFGd/pNuVhMyc4WA/UnX4qP5VxSe+kc+eFTJzxi9cXRobr/63+Iv2Mw8dPFhKn+WPxfbKSwH6v3tycqxdAgAAAAB07mRkpLVLAIA7SN9owSGEyM7Lt7cf+cug6T04p4P9SFo/AwAAAAAAAICF9JkA2qiiz481NF6VGm7oBAVMbmi8WvT5se8uXuoos77R1PTm1m1CiM3rXiSDBgAAAAAAAABL6DMBdNTccKP9NLLz8n29PD7ckibtvvnS875eHtl5+UKIDVuVZ89fWL7k0eio+dIjBz9Wvqu78IfL9atefpUMGugRV65es3YJAAAAAGAWfn8BgN5k0z2g9R9CeKqiKijqkfZjNmxVCiGeXLbkjLpACNF47dqz69/QPWxQ/lisanfGppQXN6W8KIT4xyf/0r+26PNj/++dv736pzU7N294d8cuaSoA3XD12nVrlwAAAAAAZrl67brugYQAAEuzcw8KtXYNQP/hsP7P+ruHZ8+WHq9sZ2en29B/5rLBrjmam5v1Nzr66ujo2KOvrBOaM98t+OqYGQMBAAAAwMpyps6QefzC/PEVFRV+fn6WrAgAuqm+vt4gXzIRQLXfNn2w28rKyvR3bXQFtLScuTetSk79KPvfvXxToN+4deuWtUsAAAAAALPw+wsA9CYbDaA9gsOsXQIAAAAAAAAA4Lb0mYcQAgAAAAAAAAD6FhtdAQ0AAAAAAHAnKEyVJ+caHItIUSl69JldmsyEuKr4Hp4UAMxBAA0AAAAAAGA1oQqVSmHtjLg6M25ZVSIBNQALoAUHAAAAAAAAAMAiCKABAAAAAABsTWGqXCsuQyOEtERanlrYcjy1UDoiDcms1l0Vl1mtu1Z33PjM8oRMjXRgmVIjcpO10wq9mXVHAKCbCKABAAAAAABsSmGqPFmkqFQqlUqV4r/9ZV2OnJucH65SqVQpEbnJcvnL4hVpR6PM0MXEGuUyaYxKleKvXNYuPy7M180cUal8v1CIUIVqR6JMRKSoVCpFqNQM5LM56SqVSqVKT6xIJoIGcDvoAQ0AAAAAANBjLl++fOnSpZs3b+ofnDhxYhemKMzP9U1M1/ZjDn0iXvnyIU1MrBBCRKRIbZpDwyNErkiM8W7Z2a7RiFCZEELIEncodJcm+sblFypC9Vs7hyoULVvhEUJZ2XKdTnXhZ5URidukg7KY+Ai54RRtlJSUdOGlAf3XoEGDXFxcnJycrF2IzSGABgAAAAAA6DGXLl3y9PQcNmxYt2fQVJ4WlblxcmXroYhqIbz1x3h7y2Rtjxgjk/mJqnbTZybEKStbRsS3v32VRuQmy3Nbj/j6tEupW3UtWwf6r+vXr9fW1hJAt0cADQAAAAAA0GNu3rx5O+mzEELm6y8iElUKg0XHmq7PpNFUCBHe5khmQlxVvEoVKqROH8r2F8l8ZL6J67bFdJQ4AzBq2LBhBh99gIQe0AAAAAAAALYkNDwit9udl1v7QWsyXlaKxCfa5NjVVZUyH220XJifa2wC79D7hfLljG7k3QBgBCugAQAAAAAAbEqoYkdi3DK5XLsrS9yRHtNpvw3dYO98uTxZCCFERIrKYCFz6BPxyrhl0sLniIiIlsPeMYkR8mR5rohIUSlCY7alVMnj5Nu1JyNS2q3GBgCz2bkH8SME6DEO6/+sv3t49mw7OzshhJ2dnW5D97X9rjmam5v1Nzr66ujo2KOvrBOVNeeivv6yN+8IAAAAAN2TPWWar9dY88dXVFT4+fmZP76kpMR6bZELU+VKny6k1QB6Uu//519fX2+QL5kIoNpvmz7YbWVlZfq7tOAAAAAAAAAAAFgEATQAAAAAAAAAwCLoAQ0AAAAAANA/hCpUtFoFYFtYAQ0AAAAAAAAAsAgCaAAAAAAAAACARRBAAwAAAAAAAOiTiouLi4uLrV0FTCGABgAAAAAAAABYBAE0gP5k+HMh809GRn461dXgxCMz5p6MnL9/inMXJvOZdTQy8ugs3x6usScF7DerQufUX80/OT801a3zGeNn3X8yMjS1h+oDAAAAAAB3OAJoALbJd/v9kScjI7/8VcB97U92EA2HBQQvsW/cVVbn6B7wP55tTjncwT/twgLuWXjXz0dOqRUXrF0KAAAAAAC4w9zBkQyAvmDoXe7PTRpu1lC3gOfch35x6tj600dfvyjCJsyK1zu5XZ036cDBhV/XWaxSW+U24yWPoV+UFMVX/mjtUgAAAAAAwB1nkLULAICONd24NHDoJK9pqzWHN13rbPCFEwsPnpA2PyrO+6gXyusTLhybl2PtGgAAAAAAwJ2KFdAAbFlj1pnGGwOd4gPHe5oxGgAAAAAAADaFFdAAbFrD1yX7R894xMl7vW+NySYSwxdOmrzC3XnckAFCCNF868q1uqwS9Ru6rscBoSc9hx45+Vl8VUczOCyZGvBHNweXwUIIceXqd9vOtjkdP+v+55xvfHSgUNF6zHf7/RPv+6l2UoG08jpgf6SnW13Jsu8cNviPkSq58uPFbV+ot9a3XuM5duJLd3veO2LwUDshfr7x5ZmSWufAhSMb285stDZ7l8EDhBDiVtPJM9/+5uvW+ibJAvXuWJf17dGWF96dCoUQYoT7c1PGR48efpedELeays+VrfhKU9vxdx8AAABAn1GgCH5abFKnhvSt+9ZkLl18IHLPzhivni4MgIURQAOwcRcVJefvneF+37iA+O+ObjfeiGN4/MzZz7kMFU2NR843XPpZONg73+voGj891OGLQvOevDc8ftas55wH37jRUHCmsUEMHufiunqcEEJc6Wq9wz13TBp64dL5/T8JBwfXsLtcV08L/DL/+BHprFvA1qme4+yayr//7uT1n4cOc7jPK2BSs+kZXVPDZjwyckBLbcLB3tlv2NCO7+gcf8+MIxeOFXSvQiGEGDwtOMBzQEPB2R9uDBxxn5vTOI+JG3688LsyukgDAAAAPadAEfy0kX55E1bt3Rnrbo2CekBRcvDq7NbdPv1aAPQUAmgANu/C8fVnR/2Ph/MfJ/tu/7zSyACfgD+6DL1xtXZVwQld6urpO+t/Jzo/cvc9Wy982/nSXZ+APzoPbjuDw0shs5c4dLnYu0YMPdL6xD/XzXOC541wjvcQR84IIZxTJ3qOG9CkN0Bb59COJ3wkKOCRkQOu1JX85mil0Rdi5I7DnZZ6iIIz3ahQMtRT1K46pP1WeN49e7+/0zQ3mSgr6fK3AwAAAEBHwlLV6lRho2t7ixTBq8Xb6tSwrl8atUmdEiK0r2uRwqdbkwCWdPny5fLycmdnZx8fn47GVFVV1dXVjRs3zsnJqXer64foAQ2gDyj46pv918RdLuO2G3trWD121F3ixv9VnNBf81tbeeLfV4VwcF5hxvzxbg7tZmhYf/aHLi9/FkJcu/hSa6uQi/++ckOIAUOGCCGEGOE+baQQDWf1BojayhP5pp6v6Ltw1FBx4+LrHaTP7e+4q/5HIQYMGdytCrWavqhp/VbUltWd/FmIgSZmBAAAAIB2vGJWRonKqrNmDAV61cWLF4UQdXV15eXlzc2Gn0pubm4uLy+vq6uTxlipxn6FABpAn3Bx7cnvasXg+/yCH2l3znXwAPHzj+3WOf9Yfr1JiKEess5nHzdssJEZOumMYdyVHxv0p9n/U5MQg13thRBCuA13E6L22ndt7/PjDVM3sncdLG782PCR2Xc8cvNnIQa73tWtCrVuXvpOf7fp+i0hhgyPN1EmAAAAgJ5zNmNpcAuFbm1ITebS4KWZBZkt5xRFUh8P/V39kTVnM5e0nEwu6uBWRbrrW2coUAQHr/DzL98AACAASURBVM4RIufpNgUUJetGLs2sMet1VJ7u6JSx+2pvrSiq0b1GvZdv5HJFR68KMM3FxUXauHz5cllZ2a1bt3Snbt26VVZWdvnyZWnX2dnZSjX2KwTQAPqIC8fWn/9RDHVNCvK0yPy3fm6wyLzt/GxqwbNRP/3cZJlSOvLzjS7XCAAAAKBnnM1Yuigncq9arVar1XuSKp/WD2FLN24VG9RqtXpv0vic1cHBwVsn7tXttkmZSzcuXitel2bZtCB7tdEM+mzGgYl71NpBUTmrl2Se1fYG2bRAiAVvq9VqbQONouTg1WKTdujbvhsXd55Bn81Yu1EkbTDWA9r4fbVyVj8vvUb13lUTcp5unzKfzVyyOidqk7r3n6OI/mLUqFF+fn52dnZCiCtXrpw6dernn38WQty8ebO0tPTKlStCCDs7O/pv9BQCaAB9RsEXpwtuCBc3/83D2hy/2HRLDBx+j2EuPXzcsMGi+ceTms5nbvhZiMEjpru0PTp44BDDgW3XU4+wd+1SX4pmIYRwHWnQ183ZwdRP4qafmsVd9s4Lu3IfAAAAAH1W0ZbNIun1GG1q6xWzMkrkfKbLYCe0nHKPWbHAcDf7gH5Wu+BtXVPpkNS3Dc9K3GNTdY2nQ+5fIE6VGHvqjhA1mVuyF2xKacl7w1YmjS89oOqgt0b2amnx8qLNpQtWxBh9BKHJ++pelHCPXblA5Bxoswj6bOaSRRtF0t4UwmfcFv0M+urVqyUlJVevXi0tLb127ZqUPvv7+5M+9xQC6M5FR80vLcgpzv4oZOYMa9cC3OFq/79TFy+J4fN+MeKG3tFNFxtuiKH3+gXoP9nC0zfg1yPFjSt1u8yYd1dDoxDD7/PzbQ2xR7hv9nDSfzbgyaabQgz2HO2qOxI2wXlcl8rX1JX/LIY6um9waz02aeLEsOGmrsmvvyWGOq8IcDUxCAAAAEA/UVNZKUo3Lm7tT7E628RoX98On1s4YaKv/sCJE0RlpbE1y63tPp7O6fA+lSWlImd1a1GLNp7quKioloXS6r0Tt3bY/aPj+5p4UeLA84s2iqS9u4zn2kCXODk5jRs3Tsqgr1+/XlJScv36dSHEgAED7r77bgcHB2sX2H8MsnYB3bd2ReKTy5ZkZf/72fWvd3uG5UsefW/XPzdsVZqYLSv74LmLFzconvtl0PSiz4/1RO0AuqtWvW3s/c+5DHcRovUJgae/3DQ65Dlnz/+53+lIXcOln4WDvfO9jkOH/lT3xhclHT67T3/WE7VH3Cbe5zzxf8Ndj/xw48bAoZOcnd1++vGKaM2Gj9TUlbt5jhsz49P7Ln557WcHe+d77W/VNomuNAQp33TWfauX/cLpc8fV1ZX/JBzsne+9q6n2uhg3rKNLftx0/NS02RPv8ww+OqruyOUbN8RAFwcnz+uV89TGlyYAAAAA6OMWbOql5hJFiuDVOeOT9qp3ukv9l5/ueOz4bsS+7jErFmx8+kBRSkjbl9OV+7ZRKsQEabk0ATR6hKOjo7+/f3l5ua4N9MCBA/39/e3t7Tu7FF1guyugP9ySdkZdoP8/1e4Mq9Sw5bWXN697cejgwf8t/qKXCwDQ3vbPy4/8ZHDsx+1Hi9ZXX64VI+4b477Qwz3srgG1dZr1h49uN7eXcWX84W/3198Qw53nebgvdHMQlyufrW578aUTK06eLf9JeI76xUIP93uHNO76UmNOuq3vyNeFqyovlt8cPMnVfaGH+/ShNz49qf7yZ5PXXKuMV+vV5vGL6UObKup7qWE1AAAAgF7l5etr2HSiB5xVHSgdHznXYGVxwYEcsWCTObGy78QJpw7kmfXgQTOYf19DEyJf37kpKmc1jx9Ez3FwcBg/fry0DnrgwIETJ04kfe5xNr0C+vyFi6teflVadBwyc8bmdS9WHc59d8euDVuVQogNW5XSRjeodmeM9/ORtpOWL/uFq8uz6183mO3Nl553c3F+7I9JGxTPfbA3u9v3AtAtlfGfdbTCtzI+t/2pH3d9c3jXNx3Pd6Jw0gmTN7ymWftfw3bRs6ra7NZWH19YfbzNoTZFnlh4oN092t23oERdUKJ/YPgGX8OLDNUbqc28Oxp8GzuvcPvRz7YbjjDx/wUAAACAnhUSGSVWP62IbFkEfTZDkSdv7ZhsttKNixW+0iQ1mWs3l05YtcEw8PWdOEEcqKwRIV5CiCLF0zlCLGg9N14cqDorwtyFEMJrbuT4jRufz5zbkhoXJStESqfLtM9mbs0RUZsMh5m6b+dCUtSbRPDqYNFb68TR/40cOTIwMPCHH34YNWrUwIEDrV1OP2TTAbS+os+PBUU9otqd8fiiqP8Wf3GbrTDkj8UatOAwNSz1jbGudF8F+gTnDeGzFg67vP3g4TesXYq5RviOGy7EjR+PWLsQAAAAALagJWBt6YwctUkd241pJiS9PXFLcPBqaWfV3p2x7RYce8VsWHVg0eLgjUIIsWDT2wtyWlthSN0zFgVvFgveVqeGucfs2iuWLFokjZUm7OjO2auDW/pWT1i1V921+5olJGVv0ulFq4NzFrytTg0z4wKgMwMHDnRxcbF2Ff1WnwmgJdl5+cuXPCr1YjaIj/UXNf/jk3911Bj6wy1pv5oVJIRoamo6dPio7rjBbNFR8x+cJ//dQw/oFmJLw3RtQKR7/edo8ebt729e9+IYN1dp97cr11j+2wCgQzd+vmXtErpkePwU90l24lL9+f3WLgUAAACAdXjF7FTH6B8ISVGrUzobFpaqVosOd4UQvobTth/pHrtTP91uN2Gq3r57zC6j07VhvHLz72v4KkJa99u8fLOKAWAjbLcHtFGV1bVCiF+4Gv5FYu2KRE3tGY/gMI/gsH988q/oqF+vXZHY/vIPt6RNmzJpdfKrHsFhz65/Y3bw9KGDB7cfFh01/9U/rdn3qUqasKHx6uZ1L4bMnCGdHe/nU3ziG+lGv5oVtPuvG1WHj0q7906favS+AHpLneI/ByfZ8PLn+OC5R+eE/iM4cMPUwA3TZ+2fG/ac8+Ab17/bVtzVbtIAAAAAAAB9gC0G0CEzZxRnf/SrWUFj3Fx3/3XjGXXBh1vSpFPnLl5sbLza/pINW5VxT/9Z2j5S/OWNpqb2IXV01PxpUybt+1SVlX1QCJGVffC9Xf+80dTUfrZHFy44e/6Cbg11dl6+vf3IXwZNl3ZPVVRJp/bkfHr+wkX93bofLgdPndKj3wwA/crJq431A0dMcnFf6OG+cIyz54Cmk9+VK/7vWLu2ywAAAAAAAP2BLbbgkNo9f7glzd/HW/cQQslYV1d7+5FGr1q7IvHJZUsGG1vRLPH19vzpp6YjxV92WoCbi/N4P58z6taHzjYZy6klFy7VdTohAEiOnDw676S1iwAAAAAAAOgtthhAm9BRiKzaneHr5fHujl0btiqlBhq3eSO6OQMAAAAAgD6pXVNpALAiW2zB0ZGQmTMeXxT17anTUg8Nneio+e5j3LKy/y09P9CEu0aOuC9omm73F64uRntAX7hU5+/jrWv6DAAAAAAAAADohj4TQK9dkbhz84aGxqvtFyZLjaG9xo6Rdp+MW2o/YkT7GTZsVVbWnHlwnjw6ar4UWz84T270XuqvvnYe5bQq/glpNzpq/sfKd3v6BQEAAAAAAAC4LUFBQUFBQdauAqbYdAsO6SGE0nZTU5PUYaP9sKLPj32wN/vJZUukrs2fFhS5j3EzOqH8sVjV7oxNKS9uSnmx8dq1fZ+qjGbQ0l10E0q37ukXBwAAAAAAAAD9nJ17UKi1awD6D4f1f9bfPTx7tp2dnRDCzs5Ot6H72n7XHM3NzfobHX11dHTs0VfWicqac1Ffd/6ETwAAAACwuuwp03y9xpo/vqKiws/Pz/zxJSUlEydO7FZpAPq23v/Pv76+3iBfMhFAtd82fbDbysrK9HdtdAW0tPTYBI/gsJCZMzave/F0VfVvV67pdHwvmySParjSaO0qAAAAAAAAAMCabDSA9ggOs+h4AAAAAAAAAICl2WgAbY6iz48FRT1i7SoAAAAAAAAAAMYNsHYBAAAAAAAAAID+iQAaAAAAAAAAAGARBNAAAAAAAAAAAIsggAYAAAAAAOgxgwYNun79urWrANDbrl+/PmhQH37enuXwTQEAAAAAAOgxLi4utbW1N2/etHYhAHrVoEGDXFxcrF2FLSKABgAAAAAA6DFOTk5OTk7WrgIAbAUtOAAAAAAAAAAAFkEADQAAAAAAAACwCAJoAAAAAAAAAIBFEEADAAAAAAAAACyCABoAAAAAAAAAYBEE0AAAAAAAAAAAixhk7QIA9BMnIyOtXQIAAAAAdK6y5py1SwCAOwgroAEAAAAAAAAAFkEADQAAAAAAAACwCAJoAAAAAAAAAIBFEEADAAAAAAAAACyCABoAAAAAAAAAYBEE0AAAAAAAAAAAiyCABgAAAAAAAABYBAE0AAAAAAAAAMAiCKABAAAAAAAAABZBAA0AAAAAAAAAsAgCaAAAAAAAAACARRBAAwAAAAAAAAAsggAaAAAAAAAAAGARBNAAAAAAAAAAAIsggAYAAAAAAAAAWAQBNAAAAAAAAADAIgigAQAAAAAAAAAWQQANAAAAAAAAALAIAmgAAAAAAAAAgEUQQAMAAAAAAAAALMJ2A+gPt6SdURfo/ld1OHftikTdWdXujNKCnOio+e0vDJk5ozj7I92FHQ0DAAAAAAAAAFiU7QbQQojzFy4+9sckj+Awj+Awn9kRG7YqpeNrVyS6j3ETQtwXNM3gkjdfen73Xzc2NF6VrvIIDtv3qWpTyotvvvS8NV4BAAAAcFs0GXFyuTwuQyNEYWpqobXLAQAAALrGpgPojgRPnXL2/IUvvz4pnz0rZOYM3fHoqPkPzpP/52ix/LFY3cFn17/+j0/+FR31a/0F1AAAAECfUC3uT1epEqvj5PJkER5q7XIAAACArul7AXTIzBn+Pt7FJ7755/6cIUOG/DJouu7UowsXCCH+uT/H4JI9OZ/W/XA5eOqUXi8WQP9UmCqXswYNANArQmNjZEKEKlQqlUpB/gwAAIC+pu8F0IsXzLO3H3mk+Mus7IOXvv8ham647pSbi/PZ8xeysg8aXFL0+bGGxqv+Pt76y6UB9B/VmXFyQ3EZGlGdGSePy6zWjdNkJsjlCZma27pRaqEQoQpVilBmVt/2hD1owz1in7VrAIC+R5OZ0Pb9w9y/L2oyEyz4x8jCVKnnht4+f/oEAABA32TTAfQYN9fdf90oPUuwOPsjKT4OCpisS5mLT3zjPsbNnGcMXrhU1yslA7AG75h0lUqlUqlSIoRvorSdHisT3jHpqvQYb+0oTcbLVfEq1Svi5a7/Bi/135QvU2pEbnJCpkaIUMU68UpcVbxKFV8VZ2xCw+zAcvYtFXZLxcTpQmQLu3vE6d64JwD0JxEpqhbpiRXJppLe6syWn/mymG2qdG+ldq/1uAVUZ8blh6tUKSKZCBoAAAB9zyBrF2DK+QsXV738atHnx3RHoqPmu4welZH1sbR7pPjLB+fJ7wua1n7VswE3F+eGxqv6UwG448xZp/AWQsSkx2o0Qsi6cqksNl0VK0R1ZtyyqsRtMTKhjR6EEEIoVLIuT9iTHtwpmrOF3QNCCNH8rbWqAIB+QRazTSVLlSszngiNNfZzXVOl0ft5L4tNDy8sFCLU4HhPC12nkAkhFCpvTbUQ3mZcAQAAANgMm14B3d6jCxeMdnJMWr5MWha9KeVF+xEjdI8ivHCpzuiC6JCZMxzsR7IIGrjzFKa2tuDQFL7S0qgjo1qmO926SFl/sMEk2q4ebXtt6I7L4w4ZpA6azAR5cq7QbI+TS3MWpsoTMjNTdZ/tbr1W18FDkxEnTy1svVlrYa0fD08t7KDI0yfFlCViyhcsfwaA2xcaHqE5VKgx8jYhlyefTowNFXo/yJOTk+WtxwtT5XGZhbrGUHoLlnU/3xMyCzPijK6x1n7aRm7Q3EmT+Upcy4n3q71bZpPm6VrbEACAjdL79aDLPaF6giYzweT9ClPlul9DDPscAkDn+lIALT1+8D9Hiz2Cw3T/+8cn/3Ie5SQ9ilB6/KD0KEJ9ixfMcx7lpP7qaysVDsDqNJkJcZ/NSdd9vNrsf80VpsqThfaj2evEdqXGyPEU/+0vt/0XmCxmmyolQsji01W6HiCVyqrwludHFebrro2oVL6vKyY3OT9ce1ijnVO/clV4fnKu0TJTlGLPTvHadJGS3e3vEQDceQpT5XHKSpGb3PY3fZmPrLLK2G/WssQd6THe0pvA6cQdLV07fIUsfl1LxyeNcrtYpz2eq32/0X/TeEUotxtp0KTJiIs7dL/2x318lVL34766sEr3/uWbq9QF4pVKpXSfHYmyXHpzAEDfJj1pVnpPaWkMZeHnzrY83sYMhanbfVp7G7btcwgA5rDpFhwGfhk03d5+pEGOvCfnU/nsWcFTpwghsrIP3hc07XcPPfDhlrTfrlwjDfhwS9qvZgX945N/bdiqtFLhALrmf2tr3yot/f6nnwyOn4yM7OaM1YWfVUYkbpOWKcti4iPk+YWKUDP+RVeYn+ubmK4dKIt5JfGzZVXtjoc+Ea98+ZAmxuiHtXV8E5/Q3TBUoWjZCo8QykqNCJUJIUREivafmaFPJPrGVWmEEPqVi1BFSkSusR9lGd8KIYT/TvGgqRImHTjQ+UsGAIsZPWTIMxMm/MbT00Lzf//95fPnL968edPg+NSpkzq4IlShSvdJiKuK79pv+YX5ubJ43e/e0rvD+4Wx0hyyxFdaOjXFRyi3azQitDo/Vxbf8qbhHbMu/rM4w3hbU3hIExEfY+THvXeMIlZ7o9A5MmV1tbbnk2/iOul9xzsmMULZ+lZizFdfnezCywMA2zNo0KAxY1xHj3aydiF3pEIRvi3Gav0GAfQLfSmAjpob3th49b/FX+gfLPr82Omq6mlTJkVHzc/KPvjs+tePFH/56p/WnFEXWK9SALflrdLSrcHBAY6OPTajpkojcpPlequHfX00ovOwQVN5WviFt//HlqbytKjMjZPrZcER1V3pAq3JTIhTVmp3ZPEmK/f16anlBd1P8AGgJ5yor1+hVlsugD5//qKPj+eIEcNvd6KWn70dfLxYo6kQ/vpvDt4yf1FlYjrD8UZUV1XKfDoYUpgqb/38S0RnxRvTcQQPAH3DtWs/VlXV3mEBtCYzIa5qTuLp7UqNb2L6thiRERfX8hmaiBTpT6eFqXKlT8r9nyVLn9RsOaz/5uGbmDLns+TqxDZ/a205myzPFREpKoV322taPvEjfUDH6E13sAgaQBfYbgCtW8KsI38s1pyRWdkHDZ5J+OGWtN899MDvHnrgVEVVR5MAsB3f//RTT6bP0oepfRPXtfu7faeNy2S+/uKQpnVRmaZKozsekdjdT8VpMhPiquJVqpYmop18OqOyqjXbrtacFsKnW3cFAKsLcHRs/+mWHnTz5s0eSJ+FJnN7bkS8Stbh24RM5ic+019xXK05LUS4yUlP642vrm7fgsPbx1dTpdE9YFCjqdBuF6bKld7pKpVMmwLQcxPAHWnEiOHtP+ByJ8g9JLTvAUKTWX1/uipGpg2FM58IlX670Si3S2M0mQlxyanhKkWorvVTqNRqY5nG8O+XoQrVDp+4ZVUtv9JopHaAKSqVQsqhX8kM3RYjE5pC4zcFgK6x0QDaQuuXz5z/zhLTArB13qH3i7iXM0LT23bJ8PaWaQ4VamJlMiEKU5NzhSzR4EKZj6xS+X5hjCJUG0lo156Fhkcka/9113X6y9wK83OFMLECOjQ8QiQrM54IjZUJIQozlJourLMGAHRVYao8OTciRfobYUdvE6HhEcnJL2fOkRZ/aTJfUQpdhw0jZKFzZMrtLT06qjOVue0XMstkfkKp+8W+8H1lpZDNMVg9rSk8pBF+lnz1AIAecvny5UuXLhmE5hMnTuzqPK3dmYQsRqHdlM25X7Zdt0ile62fjN1L1w4wNlG2TJq/o5t2oqSkpKuvFOgfBg0a5OLi4uR0R31cwyw2GkB7BIdZuwQA/YksZltKlTxOvl27L318TBa7LvFQnNRJIyLFWHtl75j0HSJumVwuhBCyxJREWbL0IetQxY7EluNtPqSmExqbqFwWJ98uS9yRHtP2zBPxyrhl0sLniIhOPkwt3UhbufEiAQC3R69Jkyxxh0rV8vO8w7eJUIUqJVWu/UkuZPHp6SYfAyCLTU+plmtv4puYEi9LbhcESFNqmzu13kwWEx/RcqUsIoK/QQJA33Dp0iVPT89hw4b15KTmtmQyp/VTj9+0jW5E7UD/cP369draWgLo9mw0gAaA7ghVqEI72g9VqFQKwwtkMdtUremwytjyNe+YdL0hMSrjxzu50LtNYbLYdFVrNyBF68G2hRmZpzozTviH020NAHpM2zcC02f1f5QbfVcxeB/S29MfXpiqlHkb+VHedsqWS9seVXRyHwCATbh582bPp8/bfbTtOKoz45aZePaAMKP1k0VuCmDYsGF3Zr+gTg2wdgEAADNpMl9RaiLCSRkAoA8rTE3Old0/h7XMAIAu0FSeFn4ybUumQ5+ZTJRloXNkmu3vF0p7Uusni98UAExhBTQA2DJNZkKcsrJlT++51gCAPqPN55eNdG0CAMA0WWyi+S2ZzGn9JLxjtDNGpKgUxt+WunRTADDBzj2ILAPoMQ7r/6y/e3j2bDs7OyGEnZ2dbkP3tf2uOZqbm/U3Ovrq6OjYo6+sE5U153y9xvbUbJMOHDgZGdlTswEAbIdFf8J/9dXJqVMnWWhyAIB19ewP+a7+/lJRUeHn14XnwJaUlNhOH+TCVLnSu5PHFQDoKb3/n399fb1BvmQigGq/bfpgt5WVlenv0oIDAAAAAADA5lVnxsnjMtsvZzaB1k8AbAAtOAAAAAAAAGxepw9Cl9D6CYCNIYAGAAAAAADoL0IVKpXC2kUAQCtacAAAAAAAAAAALIIAGgDudH5+fl16pgoAAAAAAICZCKABAAAAAAAA9EnFxcXFxcXWrgKmEEADAAAAAAAAACyCABoAAAAAAAAAYBEE0AAAAEBfdTzrnbS0d7blnRfifJ7y4+PWrgcAAAAwQAANAFZ0KMnPz2/hezXWrgMA0DedKBPha9Y8FfR9Vlpa1nHHcYHWLggAAAAwQAANAD1E896Dfg++pzF63C8p1+g1czZW5L8gPjnY/qruOvSMn98zh0wPIfUGgB50Li8jLa3Xlh6fz1NK650lAdHRAUKIwOin1qx5ak10QC9VAQAAAJhtkLULAIDblpvk9/u97Q9P/lP+vj94WaOgztX87cHwv3yz6O/5U9LCXxMv5Mt68+ZzNlbkT1m48qBm+fJevS8A2KATWWn5bf8g5xD4eOzcsV2YYuzc2Lnfv1Ocdz5w7pger88c5/IyPjje4BgYnWClAgAAAAATCKAB9H0RGysqNgpprbH8k4dU+2wrV5Ut31exvM2R3KTw0mcqKsa9t3CleLei4raqrXlvYfgni7oWtR96Ri/11rx3O7cHgH7Aa+5T0brWFcc/TvvgneNe4aZXEx/Peqfs7tarAqOj65T/zjsXO3esEOfyt2WLyMTwroTYt+H4xx98P33NGtc8ZVbWcb0XAgAAANgGWnAAQG87JB6ueGuOEF7L92+Zb40C5rxVUbF/uY0uDgcA6wp8eM3jAY41+Vld66kxZm7irydJmxd+qLdMaUYdF+PWRAcIMWZu4lMhbufNuAIA0KcUKIKDl2Z20D6vKDk4OLnIjFnOZi4JXppxtqeLAwCzsAIaQP+Vm+T3e7Ht7yLh93vFPS/k71/uJQ4l+SW0dOtYtK1i4xz9kaopb8lf+0Y69/eKjRG6ifSuWrxtm0hIENsq3ppj8t7SJYu2VWycY7gu+9DHv09IkDbveSF/v3Zx9KFn/BLEtm0iIWGPaOkfIt5bGP7at6LDdiKa9x6UCv423O8vbcZILT4MXmbN3x4ML32mtXLd5QAAfWPDg7xO5JWdEIEBQpzISvtitF5TjuNZ7+TVCOEQ8Lh2rfH5PGXW8Qb96x0CH394rDRShD8++osPtKc95655uHWB8rn8bR+ckKJqx8Bwn8r8Kt8OemgYjGxz7kRZXn5eXr5ufm2Zxz9OyxNzHx9V3HJhm1XeAADbUZO5dPGByD07Y7T/kD+buWTRxlMTkrRHihRPVya1ngWAPokAGkD/tjche5u2QYcQNX/7eIqqYqNMaAPfhVPyWxcC7014ckp+RYWXFNT+PulhbW57KMkvofxP+RV/8GoJdoVYbPqmNe8tTNi72GhIfSjJL0H8vaIiQltD+ELRWsOehI//XlHxlhSIh/v9RSySRuYm+f1+5Xvz27UWkS3fVzHfSAuOPQkr/6R9Ke8tDE945uGO4/LJL6j2vSb3M/O7CQB3CLfRDqLy+3NCGG+j0dqg40RWWn6NV/iaxADRkhSLwF+3tpCuyT8wOnrNmjFSTp2XdSIwunWkw9ynEgKFNtRuEI5G72Vy5Lm88tGPPxU9tuWUMt+ttfVHbV72qMfXPDVWahKd9/HxwIeJoAHAxhUlL9p4asEmdWqIEEKIsxlbKldtSLXJ9PlsxtJFOZF7d8W4W7sSoBsuX75cXl7u7Ozs4+PT0Ziqqqq6urpx48Y5OTn1bnX9EC04APRvk19Y1Zq9ev1hoy7DnRO1SHz7dbn+yHe1QbDXH55ZJPZ+nCuEEDV/e2vvPS9saYl3vf6wb1vn6XP4a+KFfGOZb83f3tq7eJtubfWcVS9M/vaTg5qW07pTEc+8cI/B7jefHOzgc3fttRbstXzNIrHn40PmXgkAd5LjH6el5dcIUZP3TlraO2lpH+u6box1djBngnN5X9Q4BDyu6xY9Njwy0KG+svScboRDQKR2UfOYucGeoqZcusXxohP1XuH6LaQDO7ih6ZFj5z6sC7sD7/YUDT9caD3pEBilDaPHzp3uJWrLutZUBADQ285mLF2dQdgRGQAAIABJREFU3Zo+CyGEfMPOWAJeoOddvHhRCFFXV1deXt7c3Gxwtrm5uby8vK6uThpjpRr7FVZAA+jfxvm3XTWs15tCCLHIxEhJeek3kxdtMX/NwSdPhn8jXsjvoMNyeek3Yk+C3x79Y5Mf6mCqyRPGmX3btib42+QiCQCwMYEPrwk8kZWWL9q1pzhX1yDEqE4nuPB9g6PvBP1V0mMnyRyP/3BBt3TacbSxNdTn6+qFV7CphxyaP/JcXsYHrR1APPXOODj30mMQAQA9oUCxaLNI2qOXPtdkrjXSnUN7csHb6tQw7fbZjKWLNpdKh9vk1+0UJQevzhZCCDE+qc3i5QJF8NM52u22p/QmFxNW7d0Z665XSemi4I2GUwF9gYuLS0NDg7QUuqyszN/ff8AA7SLdW7dunT59+sqVK9Kus7OzVSvtJwigAdw5DiX5Jey954X8in1eLX2fe9o3QkyWFlZ3FAEb7+YMALAl7ZNlm3QiKy2/xiHg8TXhY1v6PgMA+iSVIniz6V7PRYrg1TlRm9S7QoQQokCh0J3JXr121V61WpsLr06OVKcYj6BLNy868LZanaKdbW3GXGl59dmMpYs2i6Q9aunuRcnBi4JLWoLsoi2nV6rVIULbrnqRwkedGuYes0s9lxYc6MtGjRrl5+dXWVnZ3Nx85cqVU6dO3X333QMHDrx582ZZWdm1a9eEEHZ2dn5+fvTf6BG04ABwx8j9eK9YtK2DtckmfLNXv/lFzelSE2MnP/Tuvm2L9yb4JRntejFuwuS2s/W60tOtdz/9NU8gBAAjjn+cV+MZ1Po8wIbvWxtbnK+rbx3oNrptww0hzp3U1DuMcjPjJjVlJ/T2Ln7f0PWRx8trhOfc1qbPAIA+qnTj5hwRtdLEkwbPZmzJGZ+0V5csh6Xqlj+L8UkbtG063GNWLBDZB4o6miVqU8tVIStXTSjNyTsrhBBFWzaXLni7NfsOSdm0QOQcKNDupepu6jU3cryorDp7ey8WsBVSBm1nZyeEuHr1aklJydWrV0tLS3Xps7+/P+lzTyGABnDH8J8yWZSf1jZcPpT0+73mXDRn1QuTv31t5d+0sW3N31a+9m1nl7xV0VEG7TX/If3ZhDiU9Mxt9mf28p8gviktN2Ok9u5v5bbc2rzvAADcUY5nvZOW1xD4uO55fQF3e4kadb6UMp/L+/dxvaR47NzpXg0nPshqCYjP5R843uAV3GkiLPWDzs9qacp8PCu/g79NmhzpNspRNNRp8+8TWXm1XX+5AABbMCHp7aQJ2auXZnSY7VaeLp2wYK7xtcb+vmauQZ7g72vkaE1lpVgQGaZ/KCQySj9oLlIES1obgAD9g5OT07hx46QM+vr16yUlJdevXxdCDBgw4O6773ZwMOuhIDAHLTgA3DFky7f86ZNwud9rQgixaNvfF+01pwWHbPk+lXhQHu73FyE10Ni2ODyhs4vmvJX/Qml4gt/eRX+v2Ojf4WxCTH5Bta/bL0h7r1UvTJYn+O0xo7mH9B34vd9eIYRYtE31Qrn8k9u8OwD0AzV577Q2r/AKX7OmTc/lwOjwsrT8D9JOCCEcA6PnemXpNboIiF4jstLy09LyhRBCOAQ+/tRccxYkBz68Rnyc1nJfr7nRgfVZVV0dOTY8MjDjgw/eOS6EEJ5z53rW0IIDAPoo35ide8TSxYuWir029dRBqQH0grfV6jBtE+oD1i4J6FmOjo7+/v7l5eW3bt2SjgwcONDf39/e3t7apfUrBNAA+hHZ8n0Vy1t3IzZWVLQ57/WHfRV/aN1tPWs4ck6b/bbTHnrGnLt7Ld+v22lblUGRulu+pX9L/cvb75q4r8E8hi/N4Dswp2K5EOK1jmYGgP4vIHpNpw8DNBjzVKCps60Co9uODHx4TWBHu+fz1B3f3/DCp3SbY+fGrpmrdyawg0vMepkAAKvyitn5dknw01KTZcOTvv4TSnPyzsZaoOGyl6+v2HigIDWk9aZFB7KF79vuQpzNyymdsGpv+3qA/sTBwWH8+PGlpaXNzc0DBw6cOHHisGHDrF1Uf0MLDgDokkMf7xGLouZYuwwAQD9yrrSqwcFn0hgzhgIA+q+w1L2rJuQ8HawoMDzjHrtywamNi5Jb2jsXKNqP6a6Qlasm5Dy9NLOlx1NR8uqc8Ukrw4QQ7r7+ovR0pXT8bMZa/RYc7j6+4lRJZU9VAVjVyJEjAwMDZTJZQEAA6bMlEEADgEma9x5sbdNc897ChL33vPBMhHVrAgD0ccc/3pZ3vmXnRNYHJ+q9ppvVuwMA0K+5x+7cFCVyng5u1w86JFW9aUH2am035qdFZM+tSnaP3bl3ldi4WDv3arFJvUu71DokpfWma8XKpPF6l4WtTBqfszo4OHhJJs8lRD8wcOBAFxeXgQMHWruQ/snOPSjU2jUA/YfD+j/r7x6ePVtqZm9nZ6fb0H1tv2uO5uZm/Y2Ovjo6OvboK+tEZc05X68e+7150oEDJyMje2q223YoyS+h9Wl997yQv3+5yUbLfY+fn58QosKgXwkAWIBFf8J/9dXJqVMnWWjyHnYuf9sHJ+p1u17ha6JpkQEApvTsD/mu/v5SUVEh/ZvZTCUlJRMnTuxWaQC6rLi4WAgRFBRk7UKEVf7zr6+vN8iXTARQ7bdNH+y2srIy/V16QAOAaXM2VlRstHYRFkX0DAC9bWx4wppwaxcBAICZihTBq8XbRppTA4A5aMEBAAAAAAAAALAIVkADAAAAAACgIyGparW1awDQh7ECGgAAAAAAAABgEbYbQH+4Je2MuuDDLWntT0VHzS8tyCnO/ihk5gxrlAYAAAAAAAAA6JztBtBCiMZr17w8xrZPme8LmmY/YoSVigIAAAAAAABgE4KCgoKCgqxdBUyx6QBaCOHu5rp4wTz9IyEzZ8hnzzpVUWW9ogAAAAAAAAAAnbPpALqx8erxk6VBAZP1D/4yaPqQIUM0tWf0D0pNOc6oC86oC/Rbc6h2Z6h2Z0jdPM6oC0oLcqKj5kunPtySptqdoZth7YrE0oKctSsSe+WVAQAAAAAAAED/Z9MBtBBi/2eHXEaP0s+Fo+aGf3vq9KUfLuuOREfNf/VPa/Z9qvIIDvMIDmtovLp53Yu6DHq8n48QwiM47LE/JjU2Xn0ybqk1XgcAAAAAAAAA3HFsPYD+tuz0pe9/CJ46RdqNjprvYD/yn/tz9Mc8unDB2fMXnl3/urSbnZdvbz/yl0HTpd3zFy5u3v6+EKLo82Oqw0fdx7jpFkEDAAAAAAAAACxnkLUL6Fx2Xn5s9MPRUfOzsg8+unBBQ+PVrOyD9wVN0w1wc3Ee7+dzRl2gO9LU1KTbbmi8WvT5sV6vGgAAAAAAAADudH0ggN6wVRk1N/y+oGnnLl708hi758Cn7cf852jxb1eusUZ1AHre6CFDTtTXBzg6WrsQAEBPOlFfP3rIEMvNP2jQoGvXfhwxYrjlbgEAsIpr134cNKgPxBcAAKP6xk/w7Lz8xZHzRgwfduPGTxu2Kg3OXrhU5+/jHTJzRldXOjvYj9Rd9QtXl6GDB/do1QC66ZkJE1ao1d//9JO1CwEA9KTRQ4Y8M2GC5eYfM8a1qqr25s2blrsFAMAqBg0aNGaMq7WrAAB0U98IoP9b/MXiyHlh987c8c897c+qv/r63ulTV8U/IUXJ0VHzYx5Z9HDik6bnlK5avGBe0efHoqPmPzhPbrHyAXTNbzw9f+Ppae0qAAB9zOjRTqNHO1m7CgAAAABt9I0AuujzY/9VfyGfPeu/xV+0PyutiX5y2RKpDXRTU9O7O3Z1OueGrcrgqVN+99ADv3vogcZr1/Z9qiKDBgAAAAAAt2nQoEHXr18fNmyYtQsB0KuuX79OvyCj7NyDQq1dA9B/OKz/s/7u4dmz7ezshBB2dna6Dd3X9rvmaG5u1t/o6Ktj7zZQrqw55+s1tjfvCAAAAADd09XfXyoqKvz8/Mwff/ny5UuXLtEVCrjTDBo0yMXFxcmpVz+TV19fb5AvmQig2m+bPthtZWVl+rs2mspLa5mt4o2/vrdJmWGtuwMAAAAAgD7NycmplxMoALBlNhpAewSHWbsEAAAAAAAAAMBtGWDtAgAAAAAAAAAA/RMBNAAAAAAAAADAIgigAQAAAAAAAAAWQQANAAAAAAAAALAIAmgAAAAAAAAAgEUQQAMAAAAAAAAALIIAGgAAAAAAAABgEQTQAAAAAAAAAACLIIAGAAAAAAAAAFgEATQAAAAAAAAAwCIIoAEAAAAAAAAAFkEADQAAAAAAAACwCAJoAAAAAAAAAIBFEEADAAAAAAAAACyCABoAAAAAAAAAYBEE0AAAAAAAAAAAiyCABgAAAAAAAABYBAE0AAAAAAAAAMAiCKABAAAAAAAAABZBAA0AAAAAAAAAsAgCaAAAAAAAAACARRBAAwAAAAAAAAAsggAaAAAAAAAAAGARBNAAAAAAAAAAAIsggAYAAAAAAAAAWAQBNAAAAAAAAADAIgigAQAAAAAAAAAWQQANAAAAAAAAALAIAmgAAAAAAAAAgEUQQAMAAAAAAAAALIIAGgAAAAAAAABgEQTQAAAAAAAAAACLIIAGAAAAAAAAAFgEAbRxb770fGlBTnTUfGsXAgAAAAAA+rnCVLlcHpdZbXDM4EhHV6YWdvvG1ZlxrZcXpkqb1ZmpGZpuTwkABmw3gP5wS9oZdcGHW9Lan4qOml9akFOc/VHIzBnWKA0AAAAAAKAnyXyFMqPrSXKoQrXDR5mQ2dXAWJMRJ5fL5cuUGpGbrL089AlvpVwuly+rCo+VdbkSAOjAIGsXYErjtWteHmNDZs4o+vyY/vH7gqbZjxjR2Hi10xnefOn5B+fJX/xLWlb2QUtU+OGWNH8f71Uvv2pQIQBYzrdnGv75f5qKi43l3zXWX2vy/4X93WMdwia4LpzuYe3SAAAAAHTXnPsjtienhqsUoV280Dsm/RVNVwNoWWy6KlaI6sy4ZVWJ22Jk+gcBoEfZ7gpoibub6+IF8/SPhMycIZ8961RFlfWKAgCrOVx2KXpzYcZ/Kv9TevHc5R+v/XTzq5rLHx2tXv1+cWZRpbWrA4C+SJOZIJd3feEYAAA9LVSREpGbbLyfhnbBslwuTy0sTJXHaVtkFKZKB5fFxUnvZYWpbd7UjDfoaLlKHqf//td6i9ZrClPlcZmFmXEGh/XnSMgszIi7nS4gAPo9mw6gGxuvHj9ZGhQwWf/gL4OmDxkyRFN7Rv+g1JTjjLrgjLpA15pDtTvjdw89YD9ixKaUF3UNnaXOHtL/DPp7qHZnSMdLC3JcRjnpn2p/VcjMGcXZH/1qVtAYN9fdf92of1PdyDdfet7C3yEAd5ZNOSUxf/3vjaafjZ59+aMTy9/7v14vCgD6OlnMtvRE8Vlhp002AQCwtA4iaE1GXNyh+9NVKpVKpQrPT85tOVGYL1KkoykRlcr3C4UIDY+obH1TK8zPlcU/0XZFdWGqPLnlqnViu7IlgtYUVmtvkR4vy92ui6Y1yu1inUqlUqUn+rbUpj/HK0K5nT/jAjDFpltwCCH2f3ZoVcITa1ckbtiqlI5EzQ3/9tTpSz9c1o2Jjpr/6p/W7PtU9ez616UIePO6F1e9/Kr8sViDFhzRUfOHDh3iERwmhFi7IvHJZUvefOl53VUO9iMf+2NS0efHpFM3mpp08xu9KijqEYMWHGtXJGpqz8gfi5W6f0RH/fq7i5d0lQPA7fjgiGbzv0+ZHqP69rs1mcfSYuiPD+BOJX2OuM1nlwtT5UqfHekx3i2/LLeeLEyVJ+dGpKR7K5Xi/nTvrt5Mk5kQVxXf7oPS1Zlxyz67f0d6TJcnBAD0E199dbL9walTJ5lzbagiJUKuzIwN1Xsf0RQe0kTEa7tkSCG1smVb0XJdeIRQVmpEaOgT8cq4jMIYRaiUP9+/o20358L8XN/EdO2blyzmlcTPllVptxXakbI598u2V1ULIRNCCFniK9KtZTHxEcrtGo0Irc7PlcW3zOEdsy7+sziTf8c1+g0B+isz/2O/o9h6AP1t2elL3/8QPHWKtBsdNd/BfuS76TvvC5qmG/PowgVnz1+QcmTx/7N373FR1nnj/z8DFzAwgyAnOQqiWXgiTx3XE65aZkpF1nbU8P7dVnub3qW1HWyzw95prYc7Xe/vipa1rRWVmlnmiqlrtXlKLdlEEeSonHFGB5iB3x8XjMNpGGBmrhl4PR88aK7r87k+13t4PBJ4877eHyF2Zuyb98C9t4we2bovc/rOXeZm0N8dOXb/zOkxEeFy4jgyPGzDh5/Il6xYn9YvNOTOKZOsX9WaZa75hyM/3TllUr/QEPt9MQD0Xoeyy1/+9KT5sF+A+s8PjrppUIgQYvOBc698fnVo+9H862MDHx0Xr1CkAOC6xr24d+/Vo9wPHkuLe2/vu9/OeX+Azf0u20hwt9L/oXf3PtTtYAEA7q0bGahxD89Nm/PHD8ZtNCeOz+eci41re1PA3A8em5PW1Iovdq5oTB8/uu/Ai+PGHdi3Z3Lq3uZ/EM09d0bET2h7sQOvTbpaXD25/Qhzc7PFoHbWaBP5OPQe/LmlTa6egJYTyo+kJKdMn5a+c9e9M26r1unTd+6yTECHhQQPjo8rOLzffKauqXi5NblcWuvnJx+eyTkvhOgXGqLT6b87cqxTV7VJLpH28vLq/BsFYCFjSfz8HVcPk9dnLx+vZDxySKsT9m2bG6PEzb8+UWg01ZsP77uxf4i/z+qv/y2E+N0tAwZH+D+47jvz6GeH8klAA0CHxv3x3dj+Qjzy7oQDB4To7H5PAAA4Suwjr6R+O+flzamDrp7LzckVojGVnJubLb9ufBZn7zjR+MiPPN5/3G8HpO078KLYt2fyhBdbLj5gkPg2N1eMi7VYuPH6TXHv7t0b2/QHV+tBnjl3dY3z52nBAcAal+4BLVuxPq20vOKm0dffOnZUTFTEzox9ref888cjUWPGmz/ibp7cZuOLj9atXL3shS92740aM3724wuLL5bYEoDtV+39ePOTjz6w9r0Po8aMf2rp67rLlzv5XgFYSFi87/SpbPmjs9nn3E13Dl7yraMiU0BOic7y8LPD+Us/Pbnmm9OfHc6/WH0lxN/HcjT7oq7VAgAAkWu5RdKB9+c82rj/Um6snH1uf58l0TT+aFqu2LO02aDFPk7nxdV16CgNAOi62If+mCo2pTVVI4+bMFlcbcp84P2mkmfLyugD+/ZYXD538p5Nc9KyUx9u/QfW2LhYuVu0EELkfrCp8bLcc2dEfKy8WO63/7CaUY4dNzE2d1PTGuc/SNtjbTYAuEEFtFwEfdftU/x81TU1ta0zyxdLywbF9b917KjWPTcs3Tp21KC4/v/88Yi5WYel4L6Bll07zE02rF9lKWX6tMjwsPSd39D0GYDdnbnQLKecX345v/zyvIkD/zBzqKHOtPjDZg9wXK415pVdjgn2c3qYAOAK9iyd1OL34NjUFlOatk4aJ7/+4wfjNsrdLXPTNol39+6NFbkfPDZn6WsTmjXbGPfi3vfiLFpw5Aoh9izdt2zv3hflJa+uAwBA98iNlTc1Ho178d3Ux+bMkUucJy9r6gE97uG5aXMebTw72bJnxrgJk5fuOTN3XBvflfo/9O57Ys6jkyYJIURs6rLU2KU5QojYR1InT2r8Fho7ebL1b2exj7y77HzT7AGpy+bGLuUvrwDa5x4J6O+OHLvr9injbxz73ieftx49fOLnG0eOWDD3YTl9nDJ92kP3zExOfVIIcaGkVAgxoH+0EOLgoaPVOn1YSLB81YK5D4eHhcrNND7/evekm2+4f+b0744ckzchvHHkCHkTQitXCSHyioqvH5YQERoqhCgqKdHp9ObM9ZNzHjS37ABgJ/kbZk19Q+6ndLUpx/6Fg+dvl8cTFu/bNjemqX3HY4N3iOT12U+evXNK5tOnl08UQgiRt+GeCaefyl4+Xm6p8fy1K97YKmauP7UqSeRtuGfCcnn1GRub5rcXxs9PrRfz529vjCS+KbCE53d/Oi+26UaNqzWu3zzahOfXz9g23xxYm2/tqnJ9bes4Jg3pJ4R4cN13P+VWtBiqvFxLAhpAbzV5WatNCFvMOGC5ddK4h1M3vXzg/EOx/dveZ8n6b+CTlzXea9wjqbGPmvdrAgCgc8a9uLdFsXLsI5ZbFMQ+tNG8w0DuB481tmBuPqdFt43Y305s55tS8+0KHtprDmHv1SVebCsuiyPL2QdeS4vtz967ANrlBi045Czwd4eP1dTUtNmmecX6tLXvfXjjyBEFh/cXHN7/1ktLzIXMK9anFRZfXDjv0V/3f50yfdrad/8WGR4mT1OrfczNNA4eOrrg5deFEB//ZVXB4f33z5y+c+/VjtLtXSVnrnU6/eplLxzZ+akQYsv2neYwcvMLaMEB2FX+hllTt935TfbpU9mnv3n+1/kLM4QQQmTsEOvlTh3rZ2aueDtDiKTl2bsXDxUzNnbYuyNzxc+3nco+3ZR9/mKG3PRj35Kzjy3Zb+1CIbbP35Es33Tr/PjBT4k1p7JPn9qYnPnGWvnC/F2nzaslbF+9KU80Zp+bol0tVq/4xfpbs3BdRJ/WMTy+6dDYpV+3zj4LIQaEaqzHDwC9WG5utsjd1NRpY9KctHPm/pcAALi63M0vp52bPMHq5gUHXlu6Z3LqQ87JCR94beme9pPdAODKFdD3PbHI8rBFB4wWhyvWp7XX+GLS7Gabmqfv3NXmtIOHjo6efk+bQ+k7d9l41cFDR+m/AdhN5ooJg1fIL2euP7Vq4O5tmTOe3hYthBAiet5TM+K/3r8qabxIWr6q8YLxycni7ex8kRRt6y0SFj/dWJicv+uLzJlPfSpvMBgz76mZg3d8u3x8+0XQYuZ6uXJ5fHKy2C6ekqueJ942Q6w+myfGx4joecvnyjNjpswYujzzrBAxGTu2Jyze13jH6HlrFm+bkimEELntvDUL14Rrj+aUt4jh6ekJkX19n91yrFzXrD56UD9/rZqtUAGgPbGx8WLy3GZl0gAAuLLczXPmbDL/sbTFsz7NHXht0tI9YkDquxsd+X1Ovkuj2NT33nVSshuAe3LRBHTB4Q5qD93I8r9sWJ22WekoADck99MwH2Zk/iJ2PDZ4h8WEhDwxPsayeYUQQ5d07WbZP2eK7fOHbLdYfViusOWv+AMHJwwV8W0MNHUCEUIIMUMIkZd9Vlw7I6b1zLPtvbWrxsaHfPRDy7ZqI/oHjogJDNb6tEhAj78utOO4AaAXGzdh8tKWDZ4BAHBdzVttWNW8kYajOOcuAHoKF01AR42x+tQ8gF5oYMLQhIR1lilpYW7HfCo7SQghvl0y5O0urh4/LCFh2JrG9s12kLEkfnXCvtPLY4QQuZvunNKUIP/17NXM8tnMxhYcbb+1Zu4aE300p/zD73IsT/7Xe4cD/byzii9ZnhwZF/TCrGF2ehsA0EONe/HduXPmyNsvCSEGpL5r4+aB/R9q3KFp8rK9L1LrBQAAAHTMRRPQANBS7JRZYuoTG6Z8Mc+yw0b2z5kJwwbKr/dv3SpE6wro2IEDxYqtGcsnJgmRu+mJ5ZkiufXq0dPuFBMWbJpmNQtsO8ti57zdO34RA5t6cax4O2PuqiQhRP6G1Tvkyuh23lpLr6aMyCnRfZdVaj6TX345v7xlr/n0Bb+xxzsAAPfU/6F397Y4dXW/pNhHrg62VUrW7j5LLSaZS74e2mhxs6u3budKAAAAoFdyj00IAUCI6Hnb1g9cPjV+8BD5Y2GGEGL800vEG1PkMzuuZpZj5z6dvOOxwUPil+wXYvyq9TO2zx8SP3hI/ALx9JKENlePmffpxmtXTGhaPL6jTQiti5n31Myt8+Wlnjg9cGhTVF+YIxn8lHhq8VBrb60N7z9+y4vJ7VY3zxwVffbPM7sTNgDAHg68NmnSnM1sawgAAAAIIYQqcjQFGoDd9Hn1D5aH3998s0qlEkKoVCrzC/Pn1oe2aGhosHzR3ueAgAC7vrMOnMsrGhAT4cw79gRym47O11xvPZKf9u3ZcyW6K7Um+UxcqOaOxKj/nn6dI8IEAAAAepjO/v6SnZ0dH9/Wvi/tOHEic8SItgtfAPRszv/fv6qqqkV+yUoCqvVr6ye7LCsry/KQFhwAoIj9C+fvGLpkQRc6fiSPjk4eHS2EyC3VV16ujQ/T+qu9HBEiAAAAAABAN5GABgCn2b9w8PztTQdDl3xjvelzh2JDNLFCY5fIAAAAAAAAHIEENAA4zfhVp0+tUjoIAAAAAADQpk8++VwIce+9d5nPHDjw3blzOfffn+Lt7a1oaG6MTQgBAAAAAAAAQOTnF+TnF1ieKS6+UFZWfuFCiXJBuT0qoAEAAAAAAAD0Xt9//68ffjhkPly58p0WE9LTPxdCDB2aMHXqZKdH5/aogAYAAAAAAADQe1lmn6345ZfMvLwCGyaiGRLQAAAAAAAALqs4I+2djRnFSofRjuNbV67cnFGkdBgAXBgtOAAAAAAAAFxA0b6NW05WmQ/7DL8/dUKEohF1LDH5/rLNWw6eTEoZrnQoQNctWvR7pUPoyUhAAwAAAAAAKOx4+jsZedFJi36f2HiiOCPth4tCuHoCWoiIpKmJaenpx4enJNowG3BJrZs+tycl5a6YmCgHh9PTkIAGAAAAAABQUlHG5oyq4fcvsqx3Dk9KTVYypk4IT0qlehRAu0hAAwAAoFfT6/V6vb6mpqa2ttZoNDY0NDg5AJVKJUmSt7e3j4+PRqPRaDRODgAAoLSTB49XxyR10G3jePo7GXlCtG7NcXzryoz8xteWQ0X7Nm7Jjbt/ZPmWffJ1AYkpjyWFt72ymHB/0LEtx6uFEEJEJy1KvlrNbNEYJCBxQty5fTkDzOucTF/ZuPjVq45vXZkhLFcoyti85VysG7QTQa93xx23CSG+/PJr+bWHh8eBAwcrK6tuumlsdHT03r37ysrKlY7RLZGABgAAQG+BMFY2AAAgAElEQVRkNBrLy8urqqpMJpOykTQ0NNTV1dXV1en1+vLyck9Pz4CAgKCgIEniZ3UA6B2On80T0UlW+1dUHU/PSvr9opTGnO9XGdfKKeCijM1bjovE+3+fFCHkVPKWlRUWyd/q41vOJi36fUpjXvibjIRHktpMA+ft+yooZdGicCGKM9LSM9JPJso9nYv2bdxysk/S7x9LbFw/o1oENF1UlHE26P7fpzTdOiNtX1jqhIjEgTEZ+7KOi8TGIIozz1UHDLiW7DNc3+DBg4QQX3559fWxY8crK6uio6NjYqJ8fX2VDtBdeSgdAAAAAOBspaWlZ86cKS8vVzz73JrJZCovLz9z5kxpaanSsQAAnKVP3zDrE2ImNHVYHn5rYp+qc78WCXPp9NWccmLKhBiRn3Xc4rqkpmR04k2JfapzMovbCWD47Y1FzeFJY6JF3ll5jeMHT1ZdvbVITElJ7HP1ooik5Ku3viZaVFdcbIowL+tk40DRrznV0aPbqrwGXM0nn3z+ySefW77Ozy8QQuzdu8/8Gl1AVQUAl2Yw1BkMtS1OBgZefTa5slLftdGGBlFV1WxUpRIBAebRhqqqy81HVQEBft0fra9vqK7uxKiHh6pPH7uM1ldXX2k+6tGnT+Pfb02m+kuXmo16enr4+ys8ajTW63TNRiXJQ6s1j5p0OkPzUU+tVu3o0bo6k17fbNTLy1OjscuoUa+vaT4qaTQ+tozW1hovX2426u0t+fk5fLSmxnjlipXRuitXmv3/6+Pj5evr7ejR1v9uqNVearWNo7UGQ11nRr3Vai9bRq9cqa2paTbq6+vt4+OE0ZqaGmN7o5cv19TWNhv18/Px9pbsPipJnj4+kpeXS/zkaTAYiouLDQaDDXMVVlpaqtPpwsPD1Wq10rEAABysusL6foMBQaFtnC0qrxbRo5uVTg+/JmbfkbJiIeSEb5+gDhLbV2/Q1t2Ly6pEzJjhVq4rytjc1LhDCBEt/yciITZgy9njYniiEEWZuVUxI9meEG7BMsVs+ZrOG93kEr8GAEB7VCqlIwAAdJvRaDLnppV16dKlwsJC53d57jKDwZCbmxsZGenv7690LAAAhwnrGyByy4qsZqBd0cn0lfvy+jTtnXh868qMppGIa+P6pGcdF4mJxZnnROJ0aylswHXQA9pBXOI3AQBoj7e3l7lSr02W9c6dGlWprI+qHDTq4aHUqIeVUU9PVxyVJOujnoqMenk5blQKDGz3+7L1UW9vyUp2z3GjPj6Sj4+VUWv//zpuVK32Mtcdd37U21zvbN9RX19vc422c0d9fH192hv18/MxV6w7brShocFkqpckz/YmO82lS5cKCtzvwcmGhoaCgoKoqChy0ADQY0VcG9fn5PGDJ5NSOpmojQjqI05adFsWQpzMyhN9rrFnv4u8rJMi0RxYSbm53FluXd321oLhSWOiV2adFGHlOSL2djdLrKP3oge0g9ADGoDL0ekMV67UytVpVEADgLtTqVSukH02GAyFhYVtDnl6evbt2zc6OnrQoEHXXXfdddddN2jQoOjo6L59+3p6Kh+5rLCw0C3ahgAAuiQ8KXVCTN6+lWn7iq6eLM5I23rc2lVN3ZYzNmc0XXY8fV9en+G32q3hhdwPel96UxzH0/flmQfD+gaI6rLGW59Mz8hvdmniwJi8sxmZuYLtB+E+6AHtIFRAA3A5RqPJaDSp1V5CkH4GANhHcXFxm503QkNDg4ODW5yUJEmr1Wq12n79+pWVlZWUlDgrzHY1NDQUFxfHxcUpHQgAwEGGpywafjz9nS0rT5pPBSSmJHV0WUTSI/eLzVu2vNOYIo6ZsCjVrv0uEpMXia0rM96R22vEJKUkVqXnNN57wu2J5ltHJyVF52VYXjn8mph9Gcejkxax/SDcwKBB8WfOZNvSAzomJsrp0bk9VeTocUrHAPQcfV79g+Xh9zffrFKp5OIv8wvz59aHtjD/8iy/aO9zQECAXd9ZB87lFQ2IsdtfteWdA6331gAAuB15e0/zlp7OVFpaWlpa2uKkj49PRESELfv7GQyGoqKimpqaDmc6WkhISEhIiNJRAIDb6+zvL9nZ2fHx8bbPP3Eic8SIhC6F5vqKM9LScwakPJbUcVr5ePo7GWLCos72FQEUkpfXcYFzh9ln5//vX1VV1SK/ZCUB1fq19ZNdlpWVZXlIBTQAAACcwWg0KXRfY5vZ55iYGEmy6YdhtVodExOTl5eneA66tLQ0MDDQxrABAL3JyfSV+0TS71Ps1nyjHUW/5lT3iUuwpaj5ZFaeiEki+wy3QWmz49ADGgAAAD1ZeXkbm5VHRER0Ko0rSVJEhEt0sGzz7QAA4CjHt27MKG46OJm+5WRVzMgkG74lFmUcs2s3agBujOoJAAAA9GTyY4mWQkNDbem80YJarQ4NDVW8H3RVVVVYWJiyMQAAXM/wlEWOqTUO6ysy0leaN0OMsaGlRtG+jVtOVonopEUTXOKPtwCURgIagMtRpD0oAKBH0uv1JlOz1h+enp6tdx20UXBwcHl5eYsFncxkMun1eo2GnRIAAE4RMeGxRRMcfgmAHo0ENGBP1S/9qdnxP7YrFoo7kyRPpUMAAPQQer2+xZk+ffp0Z8E+ffpUVFR0L6juIgENAAAAN0IPaAAAADiDVqt2/jMurbcN7Gbq1hUyv4rvhQgAAADYjgpoAAAAOIMiD7jU1ta2ONOF7s92vNwuWr8pAAAAwGVRAQ3A5eh0Bp3OoHQUAICewGg0tjgjSd2qwOjm5XbR+k0BAAAALkv5H6ABoAWjUcnNnQAAPUlDQ4PSIdhfj3xTAAAA6KmogAYAAIAzKPKAi0qlcvIdnaBHvikAAAD0VL0oAX3r2FFHdn669+PNzrnd4vmpOd/veeulZzsM6aN1K50TEgAAgIKMRpPzn3Fp3TGjm/0rXKH9hSu0AQEAAABs5KI/vO79ePPg+LgWJ+vq6ta+9+GK9WkKBQUAAAA34+3tXVdXZ3nGYDBotdouL2gwKL9Lgbe3t9IhAAAAALZy0QT0pNmPyC8+WrdyUFz/BS+/fvDQ0c4ukjJ92uvPLfpi995nXn1TCHHw0NHR0+9xQLBtW7E+jVw5AACAsnx8fPR6veUZvV7fnQR0i9UU4ePjo3QIAAAAgK16UQsOAO5Cq1VrtWqlowAA9AQajabFmerq6u4s2M3L7aL1mwIAAABclotWQFvx0bqVv7lhtPz679u+lKubW3Tt+Pu2L4UQv5t1h/z5d7Pu+Pu2Lz//eveaV144k3P+vicW3Tp21JpXXsgvvhAd3i88LFS+5IcjP73+3CKtn1+LlVvc9HR2jrlA+62Xnr1zyqQvdu9NmT7Vy8vL8sLF81PnPXDvhg8/keugLVf4549H7ntikRO/ZoCbkSRPpUMAAPQQGo3G09PTZLrae9pkMpWVlQUHB3dhtbKyMsulFOHp6UkCGgBc34kTmUqHAACuws0S0HJHjtmPLzx46Oji+alPPvqAEOKZV9/8aN3KPlqNfF7e9++ZV9+UE8rmFhy3jh3VYrXEhGvlptIfrVv5u1l3pEyfaj68c8qkH478lL5zl5zajgwPe2rp6+k7d8mZ6yM7PzV3BdH6+U26+YYHFyw+eOhoiwvNUqZP8/HxjhozXk5MP/noA2+99KxlghsAAKDHU+rploCAgPLycsszJSUlGo1Gre5cPAaDoaSkxN7RdVpAQIDSIQAAOjBiRILSIQCAC3GnFhwp06cNGTxoy/adcuZ3xfq0c3kFo4cPFUKEhQRX6/Ty+WdefdPG3O6/jp2Qy5M/2fG17vJly0MhxE2jr5fzxZHhYRs+/ETOKR88dHTL9p1areaW0SPlRerq6swhWV5oKX3nruTUJ+XX3x05VlZRGRMRbu8vDwAAgEuTJE9FnnEJCgpqfbKoqMhoNNq+iNFoLCoqsmtcXdTm2wEAAABcljsloAf0j/bX+C2c92jB4f3yh7nnxs6MfQNionK+37N4fmqX188rKm59sl9oiE6n/+7IMfOZ744c0+n0/UJD5MOaurpz5/M7XDxl+rRf939dcHj/x39ZJTf9ANAenc6g0xmUjgIA0ENIkhQSEtLiZE1NTV5ensFg07cbg8GQl5dXU1PjmAA7ISQkRJLc7BFGAAAA9HLulIAWQlzSX35q6etRY8abP+R2zCvWp8XdPDl95zcL5z3azTS0I3y0buXqZS98sXtv1Jjxsx9fWHxR+Yc3AVdmNJqMRoU7bAIAepKQkJDWDTdqampycnLKysqsX1tWVpaTk+MK2We1Wt06kw4AAAC4OHdKQJ87n+/t7dW6wYXZM6++OfvxhWUVlWNGDLPXTS+UlFo23BBC3DJ6pFaruVBSauMKt44dNSiu/z9/PELTZwAA0Jsp+4BLeHi4SqVqfb6kpCQrK+vChQs6nc7clMNoNOp0ugsXLmRlZblC32chhEqlCg+nhxsAAADcjzsloNN37iosvnjnlEkp06fJZ97985/kYuetaWvNJ82KSkp0On03uy2vWJ9WWHxx3gP3yuvfOnbU/TOnFxZflLtF2+LgoaPVOn1YSONO6wvmPkwLDgAA0Asp+4CLWq2OjIxsc8hkMlVUVOTn5585c+bf//73v//97zNnzuTn51dUVJhMrvJETmRkZGd3TQQAAABcgTsloIUQk2Y/Ulh8cfWyF+Qe0LHRUXIiOMDfXz758V9Wnck5f98Ti+TM797vf/zNDaMLDu9/66Vn7XJTeX2574ft1r77t8jwMDlmtdqHFhwAAADO5+/vHxUV1WYdtCtTqVRRUVH+/v5KBwIAAAB0hSpy9DilYwB6rF/+sV3+LVelUplfmD+3PrRFQ0OD5Yv2PgcEBDjmPbXtXF7RgJgIe61WWakXQgQGauy1IADAFbjIP+8Gg6G4uNjG7QcVp1arw8PDqX0GAPvq7O8v2dnZ8fHxjowIALqoqqqqRX7JSgKq9WvrJ7ssKyvL8tBFN9EuOLxf6RCc6uMvvlr0yp+UjgJwFVotv2YDABxFrVbHxcWVlpaWltq6pYdSQkJC2HUQAAAA7s5FE9BRY8YrHQIAxUiSp9IhAAB6uJCQkMDAwPLy8qqqKtdp9Czz9PQMCAgICgqSJBf9WR0AAACwHT/UAgAAwBlc7QEXSZLCwsLCwsL0er1er6+pqamtrTUajeZuV06jUqkkSfL29vbx8dFoNBoNTagAAADQc5CABgAAgDO47AMu5HwBAAAAx/FQOgAAaEmnM+h07rE3FAAAAAAAAKygAhqAyzEaXasXJwAAAAAAALqGCmgAAAA4Aw+4AAAAAL0QFdAAAABwBh5wAQAAAHohKqABAAAAAAAAAA5BAhoAAAAAAAAA4BC04ADgcrRatdIhAAAAAAAAwA5IQANwOZLkqXQIAAAAAAAAsAMS0AAAAHAGHnABAAAAeiES0AAAAHAGHnABAAAAeiE2IQTgcnQ6g05nUDoKAAAAAAAAdBcV0ABcjtFoUjoEAAAAAAAA2AEV0AAAAHAGHnABAAAAeiG7VkA/MUf+b79PdthzWcB9XCgpVToEAABcFA+4AAAAAL0QFdAAAAAAAAAAAIcgAQ0AAAAAAAAAcAg2IQTgcrRatdIhAAAAAAAAwA5IQANwOZLkqXQIAAAAAAAAsAMS0AAAAHAGHnABAAAAeiES0AAAAHAGHnABAAAAeiE2IQTgcnQ6g05nUDoKAAAAAAAAdBcV0ABcjtFoUjoEAAAAAAAA2AEV0AAAAHAGHnABAAAAeiEqoAEAAOAMPOACAAAA9EJUQAMAAAAAAAAAHIIENAAAAAAAAJSVv2HWkPhZm/KUjgOA3ZGABuBytFq1VqtWOgoAAAAA6Jr8DbOGxA+2+Fiyv9noEjnNun9hx/nW/QsH37Mht/Hg2yUtlnIv+RtmDVmY0d5o9Lxt3zwvMs86NyYATkACGoDLkSRPSfJUOgoAAAAA6LqZ609ln5Y/vnn+1/nxg5d82zgSPe+2zAmDh8QPXj1szdwY+VzupjuvTmjXxOWn9g1efeeG/C5H9e2SId253KG+XTL1DZEwUOkwANgdmxACAADAGXi6BQDQW0XP23Zq0JIhb29YMHFetBBCJC3PPr28a2vFzPt0Xa6LZpC7aeLyU9lKxwDAEaiABgAAgDPwgAsAoDebeNuMX77Y3dh5w9yaQ27BkbEkfsqKX8SOx1o262guY4l81YQpU5uqmOWmFk0LLtlv0f3jauOOJvkbZg15bKv4ZflUeTRvwz3xSzZtmGWe3CqwFus3W/Nqm5GFGc36hLS4Y/MFLe9ivqT55RlL6AQN9DAkoAG4HJ3OoNMZlI4CAAAAALpg/8LBU9/IFNvnN+/+PDBhaGbmWSFExg7R2J1j/czMFW9nCJG0PHv34qFixsbTp7KXj29v3W+/Fhvlnh7rZ/yyfI25X8f2+TuS5dW2zo8f/JRYcyr79KmNyZlvrG2Ry46et+3UxmQxdMk32ac/nRcrhBBi6w6x5lTjYevAmq1/amNy5hsLzInpqdvu/EbuMZL89fztbcTbbM7GO62sBqCHIwENwOUYjSaj0aR0FAAAAADQBeNXnf7m+YSmHtCtE8pJy1clNc5MThZns23tpzFx+fKJjSvMmCnOnmkqGZ65Xj4/PjlZiOSn5MzyxNtmiF/PdpzebZpvJbCm9cXEJxc35tBzd2/LnPG03E5EiInL189svXLGmjfE4nXmOfMau123sRqAns4NekCnr18dHxtjeeZiadlLb605dPykckEJIcT6P/3xhutHyK+NRuOmjz//y/t/VzYkAAAAlyU/3UInaABAL3U285cEeYe9/A2zpr6R2Xh66BKbV8jddOeUFb80HiQMazU+cHDCUBHfjRBtDuzqe2lXXvZZce2MGKtzAPQSblkBHRYS/OeXn5uRNFHBGJYufNKcfRZCSJI0d/Zdjz/8OwVDAgAAcGU84AIA6MXyN6zeMfOpuTEif8OsqT8/daqxMUWyzQvkbrpzSubTp5taZDgiwk4FZlm8nHu2dSFzTPxAm0qwAfQCbpOAvlha9p/PvTzq9rt//OmEEELj6ztqxFBlQ/rxpxOjbr971O13//XDT4xGoyRJiUOuVTYkAAAAAADgYvYvHDz1jWvXr0oSQmT/nJkwrLF4eP/WrTavYVl0nLGjrZ7L3dSZwJJmzBQ73m7cCFF8u9Zcl918TuaKJ8xzNlhp9xw/LCFz22555v6F83d0+T0AcE1u0IKjheOnfh01bIgkSZH9Qh9/+HdzZ98lSY3vQn/lypvv/HVHRmMj/qULn0yeNlnuj/Hd4WO3jBkpSdLWXXuWrVorhJiRNPHZ3/+Hxte3vQYa5gnZuXkp858SQphvZ15EdvjEz7OmJoWFBIf07evcLwYAAAAAAHBF2+cPaUoTJzy/+9SqxlbL459esnrClCFvCCHEjJnmQuPYuU8nD3ls8A6RvL7tfQiTFjy/euqEwSuEECJ5RpcroCc+ufjtKVPjlyc8v/vTac1G2gmsbeNX7V5855Sp8cuFEGLm+vUzt65uY87p9QsHN84Ryeuz210tet6axdsaV5uxcf2M7a0XA+DOVJGjx9ltsSfmyP/t94k9/1ol94A29302d17eumuPEEJOMZuZc9Dm7HMLcu64Rea6vRy0fC/zmi0OzdPM92qRmEYvdKGk1PLwl39sV6lUQgiVSmV+Yf7c+tAWDQ0Nli/a+xwQEGDXd9aBc3lFA2Ii7LWa/IC2JHnaa0EAgCuorNQLIQIDNUoHAgDo7Tr7+0t2dnZ8fHd6K/d0je1BlivZKRXoraqqqlrkl6wkoFq/tn6yy7KysiwP3aYFR1hI8P/9zytHv/pMzj5fLC37au/+ZavWyk0wzH0w5NYcYxOH3zL6esvGHdm5zR71mHzrTZIkWY622UDj+KlfjUajj5dXTFTE2MThcdFRQogLF0vbzD5n5+aRfQbsQpI8yT4DAAAA6MG+XTIkfsl+paOwi/wNC1b8kjyD7DOA9rhfCw65+fL8P/yxRRsNS/2CgzUaPyFETn7BoeMnhRB7Dv7QPypCLnkemzhcq/EzJ7XNV7VuoGHurZE45Nq8giKNxs9oNO45+IN5glydLWef5TYdAAAAaJNWq1Y6BAAAXMXE5afab0nh+vI3zJr6RmbTUXttQwBACHdKQJtbcJjPjE0c/vu5D2p8feXuGUIIc1eNmKgIHy+v9pYyp6db0Gr8xiYOt7zFoeMnc/ILwkKC46Kjbr1hlMbX92Jp2eETP8t3f/WZBWEhwW327gAAAEALPN0CAEBPET1v26l5SgcBwF24TQK6NTmPbM7/Ll34pLmnc15BUU1dnSRJcdFRck5Z7rkhj14oK9PrL8vZ5BZJ7dbkPQ81Gr+RQxMsS6pT778nLCS4dT9oAN2n0xkolAMAAAAAAOgB3DgBLZMk6T8euPc/HrjX8uSOjG9nTJl4w/UjWjTZkB06fvK7Iz8lT5tsOdpeKtnchUMutT5+6le5/FnuB63x9V22eMGyxQvkyTTiAOxC3oQQAAAAAAAA7s5tNiFsbUfGtx9+vsNoNMrp46279sivZfP/8EfzxoMXS8s+3Pql5eiyVWvlTQs7vIvchUN+fb6giFYbAAAAXaPTGeRnXAAAAAD0HqrI0ePsttgTc+T/9vtkh93WtJP1f/rjDdePoF8zHO1CSanl4S//2K5SqYQQKpXK/ML8ufWhLRoaGixftPc5ICDAru+sA+fyigbERNhrtcpKvRAiMFBjrwUBAK6Af94BAC6is7+/ZGdnx8fHOzIiAOiiqqqqFvklKwmo1q+tn+yyrKwsy0M3roC2bunCJ5cufFJ+/fjDvxs1bIgQoryySt5CEAAAAAAAAADgaG7fA9qK5GmTk6dNNh8ajcZt32RY33IQAAAAAAAAAGAvPTkBbeliadlLb60h+wy4Ba1WrXQIAAAAAAAAsIMem4BetmrtslVrlY4CQFdIkqfSIQAAAAAAAMAOemwCGgAAAC6FB1wAAACAXogENAAAAJyBB1wAAACAXshD6QAAoCWdzqDTGZSOAgAAAAAAAN1FBTQAl2M0mpQOAQAAAAAAAHZABTQAAACcobJSX1mpVzoKAAAAAE5FAhoAAAAAAAAA4BC04AAAAAAAAFCeXq/X6/WXL1+uq6szmRTrTOjp6enl5eXn56fRaDQajVJhAOgxSEADAAAAAAAoxmg0lpeXV1ZWCiHq6+uVDkeYTCaTyWQwGOSQAgMDg4KCJIkMEoAu4p8PAC5Hq1UrHQIAAAAAOENpaWlpaalKpaqvr1epVEqH00x9fX1DQ0NFRUV5eXlISEhISIjSEQFwSySgAbgcSfJUOgQAAAAAcCyDwVBYWGg0GoUQDQ0NrpZ9lqlUqoaGBiFEeXl5dXV1ZGSkWk3BEIDOIQENAAAAZwgMpIkkAACNLl26VFBQoHQUnVBfX19bW5uTkxMVFeXv7690OADciYfSAQAAAAAAAPQily5dKiwsVDqKLiosLLx06ZLSUQBwJ3atgF73rvzfC/ZcFECvo9MZ6AQNAAAAoEcyGAwd1j57enr26dNHo9Go1Wp59z+j0WgwGPR6fXV1tclkclawbWhoaCgoKIiLi6MXBwAb0YIDgMsxGpX8cQoAAAAAHKfD2ufQ0NDg4OAWJyVJ0mq1Wq22X79+ZWVlJSUljoyxY4WFhfHx8crGAMBd0IIDAAAAzlBZqa+s1CsdBQAASiotLZV3HWyTj49PXFxc6+xzC8HBwXFxcT4+Pg4I0FZGo7G0tFTBAAC4ERLQAAAAAAAADicnbevr69sc9fHxiYmJsbGvhVqtjomJUTAHXV9fbz2ZDgBmJKABAAAAAAAcrry8XKVStTcaEREht3u2kSRJERERdgqtK1QqVXl5uYIBAHAXJKABAAAAAAAcrrKysr3y59DQ0C7s6adWq0NDQ+0RWlfU19dXVlYqdXcAboQENACXo9WqtVr2UwYAAADQc+j1erlquPWQp6dnh32f2xMcHOzp6dnt6LpCfi/y+wIAK0hAA3A5kuQpScr8CAUAAAAAjqDX69srf+7Tp093Vu7m5d1RX19PAhpAh0hAAwAAwBkCAzWBgRqlowAAQBmXL19ub0ij6db3x25e3k1W3hcAyEhAAwAAAAAAOFZdXV17Q13o/mzHy7vJyvsCABkJaAAuR6cz6HQGpaMAAAAAALsxmUztDUmS1J2Vu3l5N1l5XwAgU/IfKQBok9HITzAAAAAAAAA9ARXQAAAAcIbKSn1lJfsUAQDQktFoVPByAHA0EtAAAAAAAACO5enp2d6QwdCtDoTdvLybrLwvAJCRgAYAAAAAAHAsLy+v9ob0+m49IdTNy7vJyvsCABkJaAAAAAAAAMfy8/Nrb6i6uro7K3fz8m6y8r4AQEYCGoDL0WrVWq1a6SgAAAAAwG40Go2HR9tJGJPJVFZW1rVly8rKTCbFdnH38PDQaDRK3R2AuyABDcDlSJKnJNFHDAAAAEDPISdqGxoa2hwtKSnpQitng8FQUlJij+i6Qn4vJKABdIgENAAAAJwhMFATGMjvqACA3iswMLC9ImghRFFRkdFotH01o9FYVFRkp9C6wsPDIzAwUMEAALiLHp6ATpk+7df9Xx/Z+emtY0d19tq3Xnr21/1fp0yf1nrBj9attGuY1uz9eHPX4gcAAAAAAK4jKCiovQpoIURNTU1eXp6NddAGgyEvL6+mpsauAXZOQ0NDUFCQggEAcBeunoB+66VnCw7vN390NvObvnPXY08/X1NXd8vokXaJ58k5D/70c+Z9Tyyyy2oA2qTTGXS6Tj99BgAAAACuTJKkkJAQK0XQNTU1OTk5HfaDLisry8nJUTb77OHhERISIkmSgjEAcBeum4C+deyoIzs/TZk+ddWG96LGjI8aM3724wsHxfXvbDnwa4sX+nh5fXfkWPdDWjw/1cfHe82m97u/VHvkd22ZZ580+5HR0+85eOio424KuBqj0WQ0KraNBgAAAAA4iBB2uHkAABxOSURBVC1J25KSkqysrAsXLuh0OnNTDqPRqNPpLly4kJWVpWDfZzM5ma50FADcg+v+qWrB3Ie1Ws0zry5P37lLPnPw0NEFL7++5pUXXlu8cNLsR2xcx/aZHTp3Pn/xa8vJBQMAAHRBZaVe7gStdCAAACgpMjIyJyfH+hyTyVRRUVFRUeGsoDotMjJS6RAAuA0XTUCnTJ92/bCEn37ONGefZQcPHd37/Y93TpmUMn1a+s5dH61bGRYSbE4xL56fOu+Bezd8+MmK9WlCiI/WrfzNDaPloX/+eETum3Hr2FFrXnnhTM75sJDgwfFxQojiiyULXn7dSlr5rZeevXPKpBf+Z6U5mI/WrRwU17/1VXs/3iyvKYT4+7Yvn3n1Tfm9vP7cIq2fX+t7vfXSs7+bdYf8uvhiycHDR2dOSfLy8goPCy04vF+Oee/Hmy3T6C0uMa8mv/cvdu+9c8ok+V7mtwwAUFx9fb1cw1JfX2/LfA8PD61W269fPytPaAIAAMAdqdXqqKiowsJCK/2gXZlKpYqMjFSr1UoHAsBtuOivtQP6RwshDp/4ufXQhZJSHy+vm0Zfb32FlOnTfHy85d4dqza8d+PIEW+99Kx59Dc3jD5y8peoMeOfWvq6VqtZMPdhK0v9cOQnIYT5jreOHTUorv+ZnPMtss8frVvZR6uZ/fjCqDHj/77tS3MYrz+36Ivde+VIqnX6Na+8ILcQ+WjdSnODkdmPL8wvvvDRF189uGBx8cWSf/54JGrM+NbpY8tL5NU2vv2GeZtEHy8vOVEuB3DjyBGL56da/yoBAJyjtLS0urpakiQ/20iSVF1d3WH7PwAAALgjf39/960gjoyM9Pf3VzoKAO7ERSugrTh3Pr+mrq7Daek7d5kLlr87cuz+mdNjIsLNo6ezc+Ty5PSdu+6dcduguP63jh3VXhG0PGf08KHy4S2jR3p7e3+y4+sW08JCgqt1enkReXEhxL0zbissvmg+3Jmxb94D994yemREaOj1wxLSd34jF2sfPHR01qEn5Ox2e+9Irgo3XyKEWPvu315/btFNo683v9Mvdu+VX3/+9e5JN98wZsSwDr9QAAAnqK6u9vb2HjBggO2XZGdnV1VVhYaGOjIuAAAAKMPf3z8uLq6wsNBoNNr4kJyyPDw8JEmi9hlAF7hoBbQVcnH0hZLSDmemTJ/26/6vCw7v//gvq8LDmv0Cf7G0czVlh0/8HBLUV641HjNiWGl5RYveIHJyeUBMVM73eyzrjuVGHwWH98sfC+c96uPlJb+L2to6ubbaRq0vSd+5q7D4ojmxXlNXZ8uXBXB9Wq1aq+VnGvQcV65cMZlMWq22U1dptVqTyWQwGBwWFwAAAJSkVqvj4+ODgoLkvhau2ZGjoaFBpVIJIYKCguLj48k+A+gCF62APnc+X071th7qFxpinmCF3ABabsQs933uTjxyDfVNo68vKimJiYr4/KvdreesWJ+2Yn3aWy89u3Deo08++sDa9z6US5Xb7MVMcwzACknyVDoEoHMaGhqqqqoqKipqa2vbm9PZBLRGo6moqMjNzW1z1NvbOygoKCAgoPPBAgAAwIWEhIQEBgaWl5dXVlbKe4coHdFV8n4kgYGBQUFBkuSiGSQArs9FK6DTd+766efM64clmBscy24dO2rSzTcUFl80FyD30WrMbSv6hYbI9cVym+Z//njE3Puim+TND0cPH3rL6JFyPrq9mc+8+ubsxxeWVVTK2fOLpWVyf48W086dz/f27riTtfVLUqZPiwwPyysq7tJ7AgDYTUFBwYULF2pra318fNrs6azRaHx9fTu1ppUO0T4+PrW1tcXFxQUFBQ57T4D9BQZqAgM1SkcBAIDLkSQpLCxs8ODBUVFRQUFBarXa01PJohxPT0+1Wh0UFBQVFTV48OCwsDCyzwC6w3X/BVmz6f01r7zw+nOL5Hy0eUM/nU7/4opV8pzDJ36+ceSIu26bcvDQ0ZTp0+6cMkk+f/DQ0WqdPiwkWD5cMPfh8LDQMznnuxPPD0d+mnTzDZN/c3NeQVGb3aK3pq394NPtLVpzyBEumPuwfEnK9GkP3TMzOfVJua90yvSpF0pKV6xPu3XsqCWPz1v+lw0tIrfU4hIhxJNzHtTp9J9/3UY5NgDAaUpKSvR6vUajiYiIsOOvCiqVKiYmpr1Ro9FYVFSk0+nKy8vlxzYBAADg7jQajUbDH2sB9DQuWgEtJ5FHT7/np58zVy97QW6gvHrZC1o/P8s5K9an/evYid/NuqPg8P7Xn1v0xe695v0J1777t8jwMPlCtdqn+GJJN+NJ37mrWqcf0D+69faDsgB/fznUj/+y6kzOebntxor1aWvf+/DGkSPkSN56aYk5eX3fE4v+dezEwnmPypcYDDXykNxLuuDw/o/WrWxxC8tLCg7vF0KMnn5Pe3snAu5LpzPodPS9hXtoaGioqKjw8vKKiopyZqGKJElRUVGSJFVUVDjtpgAAAAAAdJYqcvQ4pWPoBLkIWuvnV1dXZ26y7DR7P94shJg0+xFn3hRu7Zd/bJe3a1CpVOYX5s+tD21h3phCftHeZyd3hj2XVzQgJsJeq1VW6uUnte21IOA4NTU1OTk5gYGB/fr1s/2q+vr6K1euXLlypa6uzmQyeXp6enl5+fr6+vr6yo32bFRcXFxVVTVw4EAeigQAALBdZ39/yc7Ojo+Pd2REANBFVVVVLfJLVhJQrV9bP9llWVlZlocu+vuqXN7bWtSY8S16XLQ3076ixoyXGy5/sXuv025qF1/u+fb/e3ap0lEAQI8l/8nH9vxvfX19WVlZeXl5m6MqlSooKCgoKKjNNLTJZMrNzTWZTP379/fx8RFCeHl5yedJQMMt8PdFAAAAoBdy0d9Xo8aMt/vMbrp3xm3mhstOuykAwC3Y+Ldio9F4/vz5uro6Dw8Pf39/rVbr7e3t5eVVV1dXW1ur0+kuXbpUVlam0+mio6Nb55R1Ol1dXZ38J+6wsDC7/40aAAAAAAC7c9EEtEtZPD/1yUcfqKmre+F/VtJwGQDQNXV1defPnzcajUFBQcHBwZY1zt7e3t7e3lqtNiwsrLS0tKKiIi8vr3///i2aSmu1WkmS6uvrW/TYMXfmAQAAAADA1ZCA7tiK9WlObjYNAOhhTCZTfn6+0Wjs169fYGBge9M8PDzCwsIkSSopKcnPz+/fv79ljbOnp+fAgQNbX0UdNAAAAADAZXVipyMAcA6tVq3VqpWOArCnkpKS2trakJAQK9lns6CgoL59+xoMhrKyMuszLbceBQAAAADABZGABuByJMlTkjxtmAi4h5qamqqqKl9f3+DgYBsvCQsL8/b2Li8vNxqNVqa12NcYAAAAAABXQwIaAADHqqqqEkKEhIR06qqQkJCGhoZLly51OJMKaLiLwEBNYKBG6SgAAAAAOBUJaAAAHEun00mS5Ofn16mrtFqtfG2HM6mABgAAAAC4LBLQAFyOTmfQ6QxKRwHYTV1dna+vb2evUqlUvr6+NTU1jgkKAAAAAABnIAENwOUYjSaj0aR0FIB9mEwmIYSnZ1famnt5eZlMJisdNtiEEAAAAADg4khAAwDgcF3LEcu9Ncgvo8eorNRXVuqVjgIAAACAU5GABgDAgeTaZ6PR2IVrjUajh4eHh0e736zlDDU9oAEAAAAALosENAAAjuXj43PlypUuXHjlyhVvb28HRAQAAAAAgJOQgAYAwLE0Gk19fb1e37nOAzqdrr6+XqvVdjiTHh0AAAAAAJdFAhqAy9Fq1VqtWukoALsJCAgQQpSWlnbqKnl+nz59OpxJCw4AAAAAgMsiAQ3A5UiSpyR5Kh0FYDfe3t4BAQEGg6GystLGS8rKympqavr27evl5WVlmlz7TAU0AAAAAMBlSUoHAABAzxcWFqbX6y9cuODj4+Pr62t9sl6vLy0t9fLyCgkJsT6T2me4l8BAjdIhAAAAAHA2KqABAHA4Dw+PyMhIIcT58+fLysrq6+vbnGYymS5evJifn+/h4REVFeXhYdO3adLQAAAAAACXRQU0AJej0xnkTtBKBwLYk6+vb2xsbEFBQWlpaUVFRWBgYN++fT09G7vN1NXVVVRUVFVV1dfXe3l5RUVF+fj4KB0yAAAAAADdRQIagMsxGk1KhwA4hFqtHjBgQFlZWUVFRVlZWVlZWYsJHh4eISEhQUFBNhY10wMaAAAAAODiSEADANBdtqeAPTw8QkNDg4ODL1++bDAY6urqTCaTp6ent7e3Wq329fW1se2GJVpwwF1UVurpBA0AAAD0NiSgAQDoOrmHRl1dXaeu8vDw0Gq1Wq22m3eX72vu4wEAAAAAgKthE0IAALrOy8tLkqRLly61t6+g45hMpkuXLskBOPnWAAAAAADYiAQ0AADdEhYWVl9fX1hYaDI5r3250WgsLCysr6/v16+f024KAAAAAEBnUTMFwOVotWqlQwA6wd/fPzg4uKys7MyZMz4+Pk5oiGEymWpqauTct0ZDO10AAAAAgOsiAQ3A5UgSDW3hZkJCQnx8fKqrqy9fviynhh3K09PT398/MDDQz8/P0fcCAAAAAKA7SEADAGAH/v7+/v7+SkcBuLTAQAr2AQAAgF6HHtAAAAAAAAAAAIcgAQ3A5eh0Bp3OoHQUAAAAAAAA6C5J8uVZSMBujFf0SofQExiNJqVDAAAAAAAAgB1QAQ0AAABnqKzUV1byl1oAAACgdyEBDQAAAAAAAABwCBLQAAAAAAAAAACHIAENAAAAAAAAAHAISekAAKAlrVatdAgAAAAAAACwAxLQAFyOJHkqHQIAAAAAAADsgAQ0AAAAnCEwUKN0CAAAAACcjR7QAAAAAAAAAACHIAENwOXodAadzqB0FAAAAAAAAOguWnAAcDlGo0npEAAAAAAAAGAHVEADAADAGSor9ZWVeqWjAAAAAOBUJKABAAAAAAAAAA5BAhoAAAAAAAAA4BAkoAEAAAAAAAAADsEmhABcjlarVjoEAAAAAAAA2AEJaAAuR5I8lQ4BAAAAAAAAdkACGgAAAM4QGKhROgQAAAAAzkYPaAAAAAAAAACAQ5CABuBydDqDTmdQOgoAAAAAAAB0Fy04ALgco9GkdAgAAAAAAACwAyqgAQAA4AyVlfrKSr3SUQAAAABwKhLQAAAAAAAAAACHIAENAAAAAAAAAHAIEtAAAAAAAAAAAIdgE0IALkerVSsdAgAAAAAAAOyABDQAlyNJnkqHAAAAAAAAADtwXgJ6zj0z+wb0sXHyxbLyv23b6eCIAAAA4DyBgRqlQwAAAADgbE5KQIcG9X1l4ePHTv1aU1vb4WStn++wwYPSv/qHLZMBAAAAAAAAAK7JSQlolUolhHhq2Zu5BUUdTh5x3TVf/HWNU+IC4IoqK/UUygEAAAAAAPQADk9AP3Zv8ssL/lN+vX/Lxg7nv/bOX/91/KSjowIAAAAAAAAAOJrDE9AxEf1+OHZi5aa/2TL5v1MfjuwX6uiQAAAA4Hw84AIAAAD0Qg5MQM9NmRXYx3/k0AStn+/NI0dYn1xZfWlT+rbyykrHxQMAAAAAAAAAcCZHJaB9vL3/+NT8k79m6a8Yamprb7KagFb7eF+fcO2OjP0OCgYAAAAAAAAA4HyOSkCrVEII8YcV/3vy16wOJ8dFR+77e5qDIgEAAAAAAAAAKMLhPaABoLNoDwoAAAAAANAzeCgdAAAAAAAAAACgZ3JUBXRDgxBC1NfXd3mF/3r0dyaTSX5tqKn5y98+sVtwvd7yZxfeN2Oa/vKVF/+89rNde5QOp5EcVXFJ2aLXVnx39HiX10lMGCyEOJ552pbJ18T11+kvF5WUdvl2AADARjzgAgAAAPRCjq2AbhANXb72xsRhN40ccd+MaQvnPvjc/MfsGldvt+TNVWve/dDby+uJh2YrHctVclT+Gr+brW5Z2aEnH7pv05uvzL5jaoczF8598NN1b6fed1d3bgcAAAAAAACgPY5KQMubEHp6eHZ5hYf++4W1728J8NcKIerqjPYMDkK8nfb+Z7v2XBPX/8NVf1I6lkZ3T5ucOvsuIcS5/MLurLPir++dPZ//3H/OtZ6DXjj3wdTZd3139KeVGz/ozu3gCJWV+spKvdJRAAAAAAAAoLsclYCePnFcN1twzPrtxPfffn37P759YOEfvLzYLNH+lry5Knbc7Xu/P6R0II0+27VnyLS7h0y7u5tdQbJyzj//1v9az0HL2eeDR449/caf9ZevdOd2AAAAAAAAANrjkAT0pJvHvvX8fwshPDy6sr7cP3rFHxb973t/f/bN1fatgH469eEzGV/kHvgq98BX/3j//9obalEXbDlk/lj+7ELzhFtGJf7rsw9aTDiT8cXTqQ9bicFyBUv/eP//2ozQuuXPLmx90/buZZ7cR9usG6P51pZfgbunTT616zMrXxbLxdubbJ15qfa+aJ1iPQdN9hkAAEXwgAsAAADQC9k/AT3+hlHvLl/21y2fdrkCetZvJwghXnz7nbc2bBZC1Dc0OKgCOjIs9O5pk82Ho4cPse+NvLykBXMe+NdnH9wyKtH2q+6eNjkyLLTNCJ3phhHDup8Itp35i+/lJY0ePqT7C7aXgyb7DAAAAAAAADiNnRPQI4det+FPL6/a9De5r25nK6BVQvXYvcn/cf89//GHZe9v/bIxRJXK7j2g6+qM+stXNH6+N10/XD5z97TJ1ydcK5+3cuFHO3bFjrtd/ljy5qrWE7Jyzsuji157S14qPDT494/cb3tsKbf/VuPnq798pa7OaBmhk3l5SbPvmNap1HmXyV98IURFVbUQYmD/GLvct3UOmuwzAAAAAAAA4Ez2LPi9IXHYpjdfOXTil++PnbghcZgQYtjggRo/3w4vDA8NlrtYBAUG6C9feezZl3/46aR51HEV0EKICTeOuWVU4ndHj990/XA57evt5WWXleVGxq/995MaP185o/rd0eMdXnXLqMSB/WOEED9l/hoWHHRNXP9RwxLsEk+nyF+H8NDg5CmTbAm7m8xf/G8OfH/3tMnBgQE3jxxhl/vKOeg3nvmv5/5z7tjhQ2+bcCvZZwAAAAAAAMBp7JnY3fTmK1qN32/GjPzNmJHymf9Z8pTtl695+dmyisp7nnwm80y25fkGuSe0vX1/7MSEG0abc51ynvf7YyduHjnCSr77vhnT7psxTU7Rvvjntda3y/ts154nHpp9TVx/f41feGiILVHdPHJEcGBAXZ3xyMlT/UKCr4nrHxcV+XTqw2+nvW/j+5L7fiyY84CN89t0SX/5xxM/z5w8YUbSeMs/BrTH/GXpGvmLX3ixZOvuvRNuHBMeGnz7xN/Y/patM+eg775t8u5/fk/22S0EBmpsmAUAAAAAAABXZ88EtFbj9+r//r+fs8527fL/9/pLL/55bYvssxBCpVLZI7qWzhcWlVVWhYcGjx4+RG67rL985ZesszePHOGI29lIboVcXFL2/bET4aEhM5LGa/x87dITubP+vv2rhIEDronr/8RDs9d98LHjbmTueX3058zvjh4/ez4vPDRYbn5tPb9vu6yc8wteeXPo4IHfHztB9hkAAAAAAABwGnsmoI1G46kz2T8cO9G1y+vq6to874ge0EIInf6ynOsc2D9m0s1jNX6+WTnnc/ILrV/10Y5dbbZ+tgtzK+Sz5/PkBhRyAbXtHTzk9tZ/+dvH5vLhp1MffvzB2V3rYfLVt/+Me3D2NXH975g0zvpMyy/L3dMmy41HbLyLuee1XGp95OSpG0YMk5tf2ysBLYQoKiktKim112oAAKALeMAFAAAA6IXsvAmhezly8lRdnTE4MGDyzTfIFbj2Xf/p1IfjoiLl5hK25FLlVshCiFtHX5974KvcA19dE9dfCCH3CbFvbLZ4O+39H0/8LIT47a032p5Q7hRzz2uNn+/KF5/JPfDVgjkPyOlyRZpfAwAAAAAAALCjXp2A/v7YibLKKi8vybIC114sS49tTG23l3L18pIU6cIhhHhn85bikjLHrS/3vG5zSO7CYT68ZVTivz77IPfAV8ufXSjXWZ/a9dmZjC+eTn249SHcXWWlvrJSr3QUAAAAAAAA6C57tuCQJKm+rQ0DD3y0qX9kuOWZ3z78n1k5521c1lRf7+UlffT/t3d3oVXWcRzA98RmLwauZKEXSVkGCaE0IcuiFwoDC4Qgo1oXRQlCtWWyXK4XtAsbsRDxJggyCEqolVkkxYScs4u1pVjBcOuVghg8pzx1M1wXDx6Ox7d1zv/Zczrn87mQ8xy2Pz92Iey73/97tm1dfmIL+IsDXz3a+VLlAxcahwtLysWJ52kVf9rewNDIg+0bS75g0RULfvzy0+J3BoZGptPaUahCHv3hpzvb1iZv3nT9kt5NG5KekOm3cAR04Otv3tvzWdklHueUdF6X1Ia82tm+5p6VJS0chag6iekL2+JJNF/yCAAAAABUg8Cp4mk/MPDhZ7rmX9ZSeMz9+df00+fCmWue6gw040mSxuGmpsbg/RsNDQ2//zHRsaVnmqlxUoVcsi5diMjntcxdfdftMx9AJ0UcrdctXtG6NPjJhc7riTg3WFQdfnDkcPLpi7fesKwQuw8OH7p/1cp5LXOTn0/yNbOamoYOf3vqIwBQhZLbLZqgAQCgrkQLbr471FlH+3e3rd9Udkg69OE73b07Ptm3v+T9Fa1L3+rZfPUd94aYEdI1+c9JxRFHPv8o+QtKFEWFF8V/qil5nI6pE/cMkhdn+nfOnNN3m6Rk/Offrrx8fqjTJBQANcl/7wBUif/6+8vY2NjChQvTnAigTLlcriRfOksAderrs79ZttHR0eLHuu6ABgAAAAAgPSED6DN1QFfowgvOPz51PPixAAAAAACkaiY6oCux5NprXutav/ODj8MeC1Qzt7MBAAAAakPIDejJycmw8fNty5ft2t7z5q6+LdvfCHowAAAAAACpC7wBHVDb6lUvd6x7sXfH2317sp4FAIBKueACAAB1qEoD6K51jz2+5r6OV3r69vZnPQsAAAAAAOWougB6VlPT690bVt5y49rnN+/dP5j1OEAG4jhvUQ4AAACgBlRRAD3V0HDx7Ive3bZ18aKrHnm2e2BoJOuJAAAAAAAoXxUF0C2XXtLzXMex/N8PPN05fOT7rMcBACAkF1wAAKAOhQygGxsbX3jyidyxfNknTMS5h9o3fnd0POBUAAAAAABkImQA3d27Y27znLK//eDwob69/eO//BpwJAAAAAAAshIygN75/u6ApwEAAAAA8L9WRR3QAAn1oAAAAAC14bysBwAAAAAAoDbZgAYAYCa44AIAAHXIBjQAAAAAAKkQQANVJ47zcZzPegoAAAAAKiWABgAAAAAgFQJoSF0URVmPAADZc8EFAADqkAAaAAAAAIBUCKABAAAAAEiFABoAAAAAgFQ0Zj0AQKnm5tlZjwAAAABAADagAQAAAABIhQ1oAABmggsuAABQh2xAQ4qiKMp6BAAAAADIjAAaqDpxnI/jfNZTAAAAAFApATRkxn40AAAAALVNAA0AwExwwQUAAOqQABoAAAAAgFQIoAEAAAAASIUAGmaCumcAAAAA6lBj1gNAjSuOnpPXwuhzam6enfUIAAAAAARgAxoAAAAAgFTYgIZqF0XR1NRU1lMAQKVccAEAgDpkAxqyUSjiOLWjAwAAAABqgwAaUlRc+ixcnr44zsdxPuspAAAAAKjUv626mx9ueatAAAAAAElFTkSuQmCC"} | headers=HTTPHeaderDict({'Content-Length': '97276', 'Content-Type': 'application/json; charset=utf-8', 'cache-control': 'no-cache'})
2025-03-11 08:57:54 - DEBUG - Finished Request
2025-03-11 08:57:54 - INFO - Screenshot captured for test test_save_and_continue_and_check_in_list - FAILED
2025-03-11 08:57:54 - DEBUG - DELETE http://localhost:52365/session/b08eb785cd66a5d6aca2e7441ce0331e {}
2025-03-11 08:57:55 - DEBUG - http://localhost:52365 "DELETE /session/b08eb785cd66a5d6aca2e7441ce0331e HTTP/1.1" 200 14
2025-03-11 08:57:55 - DEBUG - Remote response: status=200 | data={"value":null} | headers=HTTPHeaderDict({'Content-Length': '14', 'Content-Type': 'application/json; charset=utf-8', 'cache-control': 'no-cache'})
2025-03-11 08:57:55 - DEBUG - Finished Request
